c[?7l[2J[0mSeaBIOS (version rel-1.17.0-0-gb52ca86e094d-prebuilt.qemu.org)
Booting from ROM...
c[?7l[2J[    0.000000] Linux version 5.10.107+ (jack@bd5f2b454abc) (gcc (Ubuntu 10.5.0-1ubuntu1~20.04) 10.5.0, GNU ld (GNU Binutils for Ubuntu) 2.34) #1 SMP PREEMPT Tue May 26 07:46:52 UTC 2026
[    0.000000] Command line: console=ttyS0 rdinit=/init testvm_autorun=/run_badnode.sh nokaslr panic=-1
[    0.000000] x86/fpu: x87 FPU will use FXSAVE
[    0.000000] BIOS-provided physical RAM map:
[    0.000000] BIOS-e820: [mem 0x0000000000000000-0x000000000009fbff] usable
[    0.000000] BIOS-e820: [mem 0x000000000009fc00-0x000000000009ffff] reserved
[    0.000000] BIOS-e820: [mem 0x00000000000f0000-0x00000000000fffff] reserved
[    0.000000] BIOS-e820: [mem 0x0000000000100000-0x000000003ffdffff] usable
[    0.000000] BIOS-e820: [mem 0x000000003ffe0000-0x000000003fffffff] reserved
[    0.000000] BIOS-e820: [mem 0x00000000fffc0000-0x00000000ffffffff] reserved
[    0.000000] BIOS-e820: [mem 0x000000fd00000000-0x000000ffffffffff] reserved
[    0.000000] NX (Execute Disable) protection: active
[    0.000000] SMBIOS 2.8 present.
[    0.000000] DMI: QEMU Standard PC (i440FX + PIIX, 1996), BIOS rel-1.17.0-0-gb52ca86e094d-prebuilt.qemu.org 04/01/2014
[    0.000000] AGP: No AGP bridge found
[    0.000000] last_pfn = 0x3ffe0 max_arch_pfn = 0x400000000
[    0.000000] x86/PAT: Configuration [0-7]: WB  WC  UC- UC  WB  WP  UC- WT  
[    0.000000] found SMP MP-table at [mem 0x000f54c0-0x000f54cf]
[    0.000000] check: Scanning 1 areas for low memory corruption
[    0.000000] RAMDISK: [mem 0x3fe39000-0x3ffdffff]
[    0.000000] ACPI: Early table checksum verification disabled
[    0.000000] ACPI: RSDP 0x00000000000F52E0 000014 (v00 BOCHS )
[    0.000000] ACPI: RSDT 0x000000003FFE238A 000034 (v01 BOCHS  BXPC     00000001 BXPC 00000001)
[    0.000000] ACPI: FACP 0x000000003FFE2236 000074 (v01 BOCHS  BXPC     00000001 BXPC 00000001)
[    0.000000] ACPI: DSDT 0x000000003FFE0040 0021F6 (v01 BOCHS  BXPC     00000001 BXPC 00000001)
[    0.000000] ACPI: FACS 0x000000003FFE0000 000040
[    0.000000] ACPI: APIC 0x000000003FFE22AA 000080 (v03 BOCHS  BXPC     00000001 BXPC 00000001)
[    0.000000] ACPI: HPET 0x000000003FFE232A 000038 (v01 BOCHS  BXPC     00000001 BXPC 00000001)
[    0.000000] ACPI: WAET 0x000000003FFE2362 000028 (v01 BOCHS  BXPC     00000001 BXPC 00000001)
[    0.000000] ACPI: Reserving FACP table memory at [mem 0x3ffe2236-0x3ffe22a9]
[    0.000000] ACPI: Reserving DSDT table memory at [mem 0x3ffe0040-0x3ffe2235]
[    0.000000] ACPI: Reserving FACS table memory at [mem 0x3ffe0000-0x3ffe003f]
[    0.000000] ACPI: Reserving APIC table memory at [mem 0x3ffe22aa-0x3ffe2329]
[    0.000000] ACPI: Reserving HPET table memory at [mem 0x3ffe232a-0x3ffe2361]
[    0.000000] ACPI: Reserving WAET table memory at [mem 0x3ffe2362-0x3ffe2389]
[    0.000000] No NUMA configuration found
[    0.000000] Faking a node at [mem 0x0000000000000000-0x000000003ffdffff]
[    0.000000] NODE_DATA(0) allocated [mem 0x3fe34000-0x3fe38fff]
[    0.000000] Zone ranges:
[    0.000000]   DMA      [mem 0x0000000000001000-0x0000000000ffffff]
[    0.000000]   DMA32    [mem 0x0000000001000000-0x000000003ffdffff]
[    0.000000]   Normal   empty
[    0.000000]   Device   empty
[    0.000000] Movable zone start for each node
[    0.000000] Early memory node ranges
[    0.000000]   node   0: [mem 0x0000000000001000-0x000000000009efff]
[    0.000000]   node   0: [mem 0x0000000000100000-0x000000003ffdffff]
[    0.000000] Initmem setup node 0 [mem 0x0000000000001000-0x000000003ffdffff]
[    0.000000] On node 0, zone DMA: 1 pages in unavailable ranges
[    0.000000] On node 0, zone DMA: 97 pages in unavailable ranges
[    0.000000] On node 0, zone DMA32: 32 pages in unavailable ranges
[    0.000000] ACPI: LAPIC_NMI (acpi_id[0xff] dfl dfl lint[0x1])
[    0.000000] IOAPIC[0]: apic_id 0, version 32, address 0xfec00000, GSI 0-23
[    0.000000] ACPI: INT_SRC_OVR (bus 0 bus_irq 0 global_irq 2 dfl dfl)
[    0.000000] ACPI: INT_SRC_OVR (bus 0 bus_irq 5 global_irq 5 high level)
[    0.000000] ACPI: INT_SRC_OVR (bus 0 bus_irq 9 global_irq 9 high level)
[    0.000000] ACPI: INT_SRC_OVR (bus 0 bus_irq 10 global_irq 10 high level)
[    0.000000] ACPI: INT_SRC_OVR (bus 0 bus_irq 11 global_irq 11 high level)
[    0.000000] Using ACPI (MADT) for SMP configuration information
[    0.000000] ACPI: HPET id: 0x8086a201 base: 0xfed00000
[    0.000000] smpboot: Allowing 2 CPUs, 0 hotplug CPUs
[    0.000000] [mem 0x40000000-0xfffbffff] available for PCI devices
[    0.000000] Booting paravirtualized kernel on bare hardware
[    0.000000] clocksource: refined-jiffies: mask: 0xffffffff max_cycles: 0xffffffff, max_idle_ns: 1910969940391419 ns
[    0.000000] setup_percpu: NR_CPUS:512 nr_cpumask_bits:512 nr_cpu_ids:2 nr_node_ids:1
[    0.000000] percpu: Embedded 63 pages/cpu s221184 r8192 d28672 u1048576
[    0.000000] Built 1 zonelists, mobility grouping on.  Total pages: 257897
[    0.000000] Policy zone: DMA32
[    0.000000] Kernel command line: console=ttyS0 rdinit=/init testvm_autorun=/run_badnode.sh nokaslr panic=-1
[    0.000000] Dentry cache hash table entries: 131072 (order: 8, 1048576 bytes, linear)
[    0.000000] Inode-cache hash table entries: 65536 (order: 7, 524288 bytes, linear)
[    0.000000] mem auto-init: stack:off, heap alloc:off, heap free:off
[    0.000000] AGP: Checking aperture...
[    0.000000] AGP: No AGP bridge found
[    0.000000] bad_dst_dbg page_alloc pcp_alloc page=ffffea0000120000 pfn=4800 mt=0 pcp_count=0 zone=DMA32 cpu=0
[    0.000000] bad_dst_dbg page_alloc pcp_alloc page=ffffea0000120040 pfn=4801 mt=0 pcp_count=0 zone=DMA32 cpu=0
[    0.000000] bad_dst_dbg page_alloc pcp_alloc page=ffffea0000120080 pfn=4802 mt=0 pcp_count=0 zone=DMA32 cpu=0
[    0.000000] bad_dst_dbg page_alloc pcp_alloc page=ffffea00001200c0 pfn=4803 mt=0 pcp_count=0 zone=DMA32 cpu=0
[    0.000000] bad_dst_dbg page_alloc pcp_alloc page=ffffea0000120100 pfn=4804 mt=0 pcp_count=0 zone=DMA32 cpu=0
[    0.000000] bad_dst_dbg page_alloc pcp_alloc page=ffffea0000120140 pfn=4805 mt=0 pcp_count=0 zone=DMA32 cpu=0
[    0.000000] bad_dst_dbg page_alloc pcp_alloc page=ffffea0000120180 pfn=4806 mt=0 pcp_count=0 zone=DMA32 cpu=0
[    0.000000] bad_dst_dbg page_alloc pcp_alloc page=ffffea00001201c0 pfn=4807 mt=0 pcp_count=0 zone=DMA32 cpu=0
[    0.000000] bad_dst_dbg page_alloc pcp_alloc page=ffffea0000120200 pfn=4808 mt=0 pcp_count=0 zone=DMA32 cpu=0
[    0.000000] bad_dst_dbg page_alloc pcp_alloc page=ffffea0000120240 pfn=4809 mt=0 pcp_count=0 zone=DMA32 cpu=0
[    0.000000] Memory: 208112K/1048056K available (18452K kernel code, 3390K rwdata, 15468K rodata, 1904K init, 4920K bss, 73568K reserved, 0K cma-reserved)
[    0.000000] random: get_random_u64 called from __kmem_cache_create+0x2a/0x4d0 with crng_init=0
[    0.000000] SLUB: HWalign=64, Order=0-3, MinObjects=0, CPUs=2, Nodes=1
[    0.000000] ftrace: allocating 57808 entries in 226 pages
[    0.000000] ftrace: allocated 226 pages with 4 groups
[    0.000000] rcu: Preemptible hierarchical RCU implementation.
[    0.000000] rcu: 	RCU restricting CPUs from NR_CPUS=512 to nr_cpu_ids=2.
[    0.000000] 	Trampoline variant of Tasks RCU enabled.
[    0.000000] 	Rude variant of Tasks RCU enabled.
[    0.000000] 	Tracing variant of Tasks RCU enabled.
[    0.000000] rcu: RCU calculated value of scheduler-enlistment delay is 100 jiffies.
[    0.000000] rcu: Adjusting geometry for rcu_fanout_leaf=16, nr_cpu_ids=2
[    0.000000] NR_IRQS: 33024, nr_irqs: 440, preallocated irqs: 16
[    0.000000] Console: colour VGA+ 80x25
[    0.000000] printk: console [ttyS0] enabled
[    0.000000] ACPI: Core revision 20200925
[    0.000000] clocksource: hpet: mask: 0xffffffff max_cycles: 0xffffffff, max_idle_ns: 19112604467 ns
[    0.003000] APIC: Switch to symmetric I/O mode setup
[    0.012000] ..TIMER: vector=0x30 apic1=0 pin1=2 apic2=-1 pin2=-1
[    0.020000] tsc: Unable to calibrate against PIT
[    0.021000] tsc: using HPET reference calibration
[    0.021000] tsc: Detected 2303.912 MHz processor
[    0.001086] tsc: Marking TSC unstable due to TSCs unsynchronized
[    0.002970] Calibrating delay loop (skipped), value calculated using timer frequency.. 4607.82 BogoMIPS (lpj=2303912)
[    0.003780] pid_max: default: 32768 minimum: 301
[    0.006308] LSM: Security Framework initializing
[    0.008942] Yama: becoming mindful.
[    0.011248] LoadPin: ready to pin (currently enforcing)
[    0.016704] AppArmor: AppArmor initialized
[    0.016978] LSM support for eBPF active
[    0.018246] Mount-cache hash table entries: 2048 (order: 2, 16384 bytes, linear)
[    0.018658] Mountpoint-cache hash table entries: 2048 (order: 2, 16384 bytes, linear)
[    0.076629] process: using AMD E400 aware idle routine
[    0.077414] Last level iTLB entries: 4KB 512, 2MB 255, 4MB 127
[    0.077632] Last level dTLB entries: 4KB 512, 2MB 255, 4MB 127, 1GB 0
[    0.078264] Spectre V1 : Mitigation: usercopy/swapgs barriers and __user pointer sanitization
[    0.078914] Spectre V2 : Mitigation: Retpolines
[    0.079118] Spectre V2 : Spectre v2 / SpectreRSB mitigation: Filling RSB on context switch
[    0.087394] bad_dst_dbg page_alloc pcp_free page=ffffea00000fc8c0 pfn=3f23 mt=1 pcp_count=20 pcp_high=90 zone=DMA32 cpu=0
[    0.087710] bad_dst_dbg page_alloc pcp_free page=ffffea00000fc900 pfn=3f24 mt=1 pcp_count=21 pcp_high=90 zone=DMA32 cpu=0
[    0.088034] bad_dst_dbg page_alloc pcp_free page=ffffea00000fc940 pfn=3f25 mt=1 pcp_count=22 pcp_high=90 zone=DMA32 cpu=0
[    0.088599] bad_dst_dbg page_alloc pcp_free page=ffffea00000fc980 pfn=3f26 mt=1 pcp_count=23 pcp_high=90 zone=DMA32 cpu=0
[    0.088910] bad_dst_dbg page_alloc pcp_free page=ffffea00000fc9c0 pfn=3f27 mt=1 pcp_count=24 pcp_high=90 zone=DMA32 cpu=0
[    0.089214] bad_dst_dbg page_alloc pcp_free page=ffffea00000fca00 pfn=3f28 mt=1 pcp_count=25 pcp_high=90 zone=DMA32 cpu=0
[    0.089597] bad_dst_dbg page_alloc pcp_free page=ffffea00000fca40 pfn=3f29 mt=1 pcp_count=26 pcp_high=90 zone=DMA32 cpu=0
[    0.089901] bad_dst_dbg page_alloc pcp_free page=ffffea00000fca80 pfn=3f2a mt=1 pcp_count=27 pcp_high=90 zone=DMA32 cpu=0
[    0.090226] bad_dst_dbg page_alloc pcp_free page=ffffea00000fcac0 pfn=3f2b mt=1 pcp_count=28 pcp_high=90 zone=DMA32 cpu=0
[    0.090596] bad_dst_dbg page_alloc pcp_free page=ffffea00000fcb00 pfn=3f2c mt=1 pcp_count=29 pcp_high=90 zone=DMA32 cpu=0
[    0.090992] Freeing SMP alternatives memory: 60K
[    0.234969] random: fast init done
[    0.351563] smpboot: CPU0: AMD QEMU Virtual CPU version 2.5+ (family: 0xf, model: 0x6b, stepping: 0x1)
[    0.368368] Performance Events: PMU not available due to virtualization, using software events only.
[    0.374717] rcu: Hierarchical SRCU implementation.
[    0.394228] NMI watchdog: Perf NMI watchdog permanently disabled
[    0.404273] smp: Bringing up secondary CPUs ...
[    0.414123] x86: Booting SMP configuration:
[    0.414458] .... node  #0, CPUs:      #1
[    0.498171] smp: Brought up 1 node, 2 CPUs
[    0.498865] smpboot: Max logical packages: 1
[    0.499168] smpboot: Total of 2 processors activated (9143.66 BogoMIPS)
[    0.547950] node 0 deferred pages initialised in 28ms
[    0.572681] devtmpfs: initialized
[    0.582091] x86/mm: Memory block size: 128MB
[    0.600385] clocksource: jiffies: mask: 0xffffffff max_cycles: 0xffffffff, max_idle_ns: 1911260446275000 ns
[    0.601024] futex hash table entries: 512 (order: 3, 32768 bytes, linear)
[    0.614420] PM: RTC time: 08:54:31, date: 2026-05-26
[    0.635125] NET: Registered protocol family 16
[    0.645218] DMA: preallocated 128 KiB GFP_KERNEL pool for atomic allocations
[    0.646006] DMA: preallocated 128 KiB GFP_KERNEL|GFP_DMA pool for atomic allocations
[    0.646391] DMA: preallocated 128 KiB GFP_KERNEL|GFP_DMA32 pool for atomic allocations
[    0.647978] audit: initializing netlink subsys (disabled)
[    0.654272] audit: type=2000 audit(1779785670.673:1): state=initialized audit_enabled=0 res=1
[    0.660815] thermal_sys: Registered thermal governor 'step_wise'
[    0.660931] thermal_sys: Registered thermal governor 'user_space'
[    0.662440] cpuidle: using governor ladder
[    0.663113] cpuidle: using governor menu
[    0.666174] ACPI: bus type PCI registered
[    0.666618] acpiphp: ACPI Hot Plug PCI Controller Driver version: 0.5
[    0.672230] PCI: Using configuration type 1 for base access
[    0.678302] mtrr: your CPUs had inconsistent fixed MTRR settings
[    0.678619] mtrr: your CPUs had inconsistent variable MTRR settings
[    0.678904] mtrr: your CPUs had inconsistent MTRRdefType settings
[    0.679101] mtrr: probably your BIOS does not setup all CPUs.
[    0.679283] mtrr: corrected configuration.
[    0.735665] Kprobes globally optimized
[    0.745255] HugeTLB registered 2.00 MiB page size, pre-allocated 0 pages
[    0.771183] cryptd: max_cpu_qlen set to 1000
[    0.827715] raid6: sse2x4   gen()   684 MB/s
[    0.844689] raid6: sse2x4   xor()   437 MB/s
[    0.861596] raid6: sse2x2   gen()   729 MB/s
[    0.878596] raid6: sse2x2   xor()   380 MB/s
[    0.895642] raid6: sse2x1   gen()   622 MB/s
[    0.912634] raid6: sse2x1   xor()   319 MB/s
[    0.912864] raid6: using algorithm sse2x2 gen() 729 MB/s
[    0.913093] raid6: .... xor() 380 MB/s, rmw enabled
[    0.913700] raid6: using intx1 recovery algorithm
[    0.915765] ACPI: Added _OSI(Module Device)
[    0.916018] ACPI: Added _OSI(Processor Device)
[    0.916175] ACPI: Added _OSI(3.0 _SCP Extensions)
[    0.916332] ACPI: Added _OSI(Processor Aggregator Device)
[    0.916788] ACPI: Added _OSI(Linux-Dell-Video)
[    0.916987] ACPI: Added _OSI(Linux-Lenovo-NV-HDMI-Audio)
[    0.917167] ACPI: Added _OSI(Linux-HPI-Hybrid-Graphics)
[    0.957718] ACPI: 1 ACPI AML tables successfully acquired and loaded
[    0.997824] ACPI: Interpreter enabled
[    1.000774] ACPI: (supports S0 S3 S5)
[    1.001079] ACPI: Using IOAPIC for interrupt routing
[    1.002319] PCI: Using host bridge windows from ACPI; if necessary, use "pci=nocrs" and report a bug
[    1.005563] ACPI: Enabled 2 GPEs in block 00 to 0F
[    1.086480] ACPI: PCI Root Bridge [PCI0] (domain 0000 [bus 00-ff])
[    1.088170] acpi PNP0A03:00: _OSC: OS supports [ASPM ClockPM Segments MSI HPX-Type3]
[    1.090288] acpi PNP0A03:00: fail to add MMCONFIG information, can't access extended PCI configuration space under this bridge.
[    1.100045] acpiphp: Slot [3] registered
[    1.100755] acpiphp: Slot [4] registered
[    1.101152] acpiphp: Slot [5] registered
[    1.101734] acpiphp: Slot [6] registered
[    1.102193] acpiphp: Slot [7] registered
[    1.102641] acpiphp: Slot [8] registered
[    1.103043] acpiphp: Slot [9] registered
[    1.103366] acpiphp: Slot [10] registered
[    1.103805] acpiphp: Slot [11] registered
[    1.104221] acpiphp: Slot [12] registered
[    1.104695] acpiphp: Slot [13] registered
[    1.105111] acpiphp: Slot [14] registered
[    1.105433] acpiphp: Slot [15] registered
[    1.105906] acpiphp: Slot [16] registered
[    1.106319] acpiphp: Slot [17] registered
[    1.106840] acpiphp: Slot [18] registered
[    1.107210] acpiphp: Slot [19] registered
[    1.107750] acpiphp: Slot [20] registered
[    1.108227] acpiphp: Slot [21] registered
[    1.108739] acpiphp: Slot [22] registered
[    1.109228] acpiphp: Slot [23] registered
[    1.109763] acpiphp: Slot [24] registered
[    1.110179] acpiphp: Slot [25] registered
[    1.110650] acpiphp: Slot [26] registered
[    1.111166] acpiphp: Slot [27] registered
[    1.111637] acpiphp: Slot [28] registered
[    1.112075] acpiphp: Slot [29] registered
[    1.112463] acpiphp: Slot [30] registered
[    1.112852] acpiphp: Slot [31] registered
[    1.113865] PCI host bridge to bus 0000:00
[    1.114563] pci_bus 0000:00: root bus resource [io  0x0000-0x0cf7 window]
[    1.114913] pci_bus 0000:00: root bus resource [io  0x0d00-0xffff window]
[    1.115241] pci_bus 0000:00: root bus resource [mem 0x000a0000-0x000bffff window]
[    1.115606] pci_bus 0000:00: root bus resource [mem 0x40000000-0xfebfffff window]
[    1.115985] pci_bus 0000:00: root bus resource [mem 0x100000000-0x17fffffff window]
[    1.116739] pci_bus 0000:00: root bus resource [bus 00-ff]
[    1.119659] pci 0000:00:00.0: [8086:1237] type 00 class 0x060000
[    1.130237] pci 0000:00:01.0: [8086:7000] type 00 class 0x060100
[    1.132540] pci 0000:00:01.1: [8086:7010] type 00 class 0x010180
[    1.135512] pci 0000:00:01.1: reg 0x20: [io  0xc000-0xc00f]
[    1.136563] pci 0000:00:01.1: legacy IDE quirk: reg 0x10: [io  0x01f0-0x01f7]
[    1.136945] pci 0000:00:01.1: legacy IDE quirk: reg 0x14: [io  0x03f6]
[    1.137242] pci 0000:00:01.1: legacy IDE quirk: reg 0x18: [io  0x0170-0x0177]
[    1.137647] pci 0000:00:01.1: legacy IDE quirk: reg 0x1c: [io  0x0376]
[    1.140229] pci 0000:00:01.3: [8086:7113] type 00 class 0x068000
[    1.142766] pci 0000:00:01.3: quirk: [io  0x0600-0x063f] claimed by PIIX4 ACPI
[    1.143165] pci 0000:00:01.3: quirk: [io  0x0700-0x070f] claimed by PIIX4 SMB
[    1.145524] pci 0000:00:02.0: [1234:1111] type 00 class 0x030000
[    1.146563] pci 0000:00:02.0: reg 0x10: [mem 0xfd000000-0xfdffffff pref]
[    1.148563] pci 0000:00:02.0: reg 0x18: [mem 0xfebf0000-0xfebf0fff]
[    1.149563] pci 0000:00:02.0: reg 0x30: [mem 0xfebe0000-0xfebeffff pref]
[    1.164889] ACPI: PCI Interrupt Link [LNKA] (IRQs 5 *10 11)
[    1.167154] ACPI: PCI Interrupt Link [LNKB] (IRQs 5 *10 11)
[    1.168678] ACPI: PCI Interrupt Link [LNKC] (IRQs 5 10 *11)
[    1.170074] ACPI: PCI Interrupt Link [LNKD] (IRQs 5 10 *11)
[    1.170866] ACPI: PCI Interrupt Link [LNKS] (IRQs *9)
[    1.184025] iommu: Default domain type: Translated 
[    1.188359] SCSI subsystem initialized
[    1.194867] pps_core: LinuxPPS API ver. 1 registered
[    1.195090] pps_core: Software ver. 5.3.6 - Copyright 2005-2007 Rodolfo Giometti <giometti@linux.it>
[    1.195747] PTP clock support registered
[    1.220350] PCI: Using ACPI for IRQ routing
[    1.225668] hpet: 3 channels of 0 reserved for per-cpu timers
[    1.226742] hpet0: at MMIO 0xfed00000, IRQs 2, 8, 0
[    1.227098] hpet0: 3 comparators, 64-bit 100.000000 MHz counter
[    1.232270] clocksource: Switched to clocksource hpet
[    3.027315] VFS: Disk quotas dquot_6.6.0
[    3.028115] VFS: Dquot-cache hash table entries: 512 (order 0, 4096 bytes)
[    3.035478] FS-Cache: Loaded
[    3.046425] CacheFiles: Loaded
[    3.052130] AppArmor: AppArmor Filesystem Enabled
[    3.054987] pnp: PnP ACPI init
[    3.070188] pnp: PnP ACPI: found 6 devices
[    3.167223] NET: Registered protocol family 2
[    3.170613] IP idents hash table entries: 16384 (order: 5, 131072 bytes, linear)
[    3.201811] tcp_listen_portaddr_hash hash table entries: 512 (order: 1, 8192 bytes, linear)
[    3.202360] TCP established hash table entries: 8192 (order: 4, 65536 bytes, linear)
[    3.203263] TCP bind hash table entries: 8192 (order: 5, 131072 bytes, linear)
[    3.204132] TCP: Hash tables configured (established 8192 bind 8192)
[    3.207917] UDP hash table entries: 512 (order: 2, 16384 bytes, linear)
[    3.208817] UDP-Lite hash table entries: 512 (order: 2, 16384 bytes, linear)
[    3.213107] NET: Registered protocol family 1
[    3.222266] RPC: Registered named UNIX socket transport module.
[    3.222753] RPC: Registered udp transport module.
[    3.223043] RPC: Registered tcp transport module.
[    3.223208] RPC: Registered tcp NFSv4.1 backchannel transport module.
[    3.223531] NET: Registered protocol family 44
[    3.227422] pci_bus 0000:00: resource 4 [io  0x0000-0x0cf7 window]
[    3.227917] pci_bus 0000:00: resource 5 [io  0x0d00-0xffff window]
[    3.228112] pci_bus 0000:00: resource 6 [mem 0x000a0000-0x000bffff window]
[    3.228308] pci_bus 0000:00: resource 7 [mem 0x40000000-0xfebfffff window]
[    3.228504] pci_bus 0000:00: resource 8 [mem 0x100000000-0x17fffffff window]
[    3.230234] pci 0000:00:01.0: PIIX3: Enabling Passive Release
[    3.230845] pci 0000:00:00.0: Limiting direct PCI/PCI transfers
[    3.231253] pci 0000:00:01.0: Activating ISA DMA hang workarounds
[    3.232145] pci 0000:00:02.0: Video device with shadowed ROM at [mem 0x000c0000-0x000dffff]
[    3.232506] PCI: CLS 0 bytes, default 64
[    3.243990] Trying to unpack rootfs image as initramfs...
[    3.518264] Freeing initrd memory: 1692K
[    3.521052] kvm: no hardware support
[    3.526880] kvm: Nested Virtualization enabled
[    3.527451] SVM: kvm: Nested Paging disabled
[    3.543346] check: Scanning for low memory corruption every 60 seconds
[    3.554383] Initialise system trusted keyrings
[    3.560134] Key type blacklist registered
[    3.562421] workingset: timestamp_bits=40 max_order=18 bucket_order=0
[    3.603795] squashfs: version 4.0 (2009/01/31) Phillip Lougher
[    3.608075] FS-Cache: Netfs 'nfs' registered for caching
[    3.614045] NFS: Registering the id_resolver key type
[    3.614921] Key type id_resolver registered
[    3.615121] Key type id_legacy registered
[    3.616395] nfs4filelayout_init: NFSv4 File Layout Driver Registering...
[    3.617814] nfs4flexfilelayout_init: NFSv4 Flexfile Layout Driver Registering...
[    3.618077] Installing knfsd (copyright (C) 1996 okir@monad.swb.de).
[    3.638027] Key type cifs.spnego registered
[    3.638527] Key type cifs.idmap registered
[    3.639061] ntfs: driver 2.1.32 [Flags: R/O].
[    3.645315] fuse: init (API version 7.32)
[    3.650180] SGI XFS with ACLs, security attributes, quota, no debug enabled
[    3.664509] 9p: Installing v9fs 9p2000 file system support
[    3.670397] integrity: Platform Keyring initialized
[    3.717269] NET: Registered protocol family 38
[    3.718108] xor: measuring software checksum speed
[    3.740574]    prefetch64-sse  :   492 MB/sec
[    3.764292]    generic_sse     :   442 MB/sec
[    3.764614] xor: using function: prefetch64-sse (492 MB/sec)
[    3.765145] Key type asymmetric registered
[    3.765517] Asymmetric key parser 'x509' registered
[    3.766373] Block layer SCSI generic (bsg) driver version 0.4 loaded (major 248)
[    3.768431] io scheduler mq-deadline registered
[    3.769020] io scheduler kyber registered
[    3.771016] io scheduler bfq registered
[    3.784627] input: Power Button as /devices/LNXSYSTM:00/LNXPWRBN:00/input/input0
[    3.795630] bad_dst_dbg slub __slab_free_state cache=kmalloc-256 page=ffffea0000189800 pfn=6260 head=ffff888006260800 cnt=1 prior=0000000000000000 old_inuse=16 new_inuse=15 was_frozen=1 new_frozen=1 objects=16 cpu=0
[    3.796899] bad_dst_dbg slub __slab_free_state cache=kmalloc-256 page=ffffea0000189800 pfn=6260 head=ffff888006260600 cnt=1 prior=ffff888006260800 old_inuse=15 new_inuse=14 was_frozen=1 new_frozen=1 objects=16 cpu=0
[    3.797466] ACPI: Power Button [PWRF]
[    3.809786] Serial: 8250/16550 driver, 4 ports, IRQ sharing disabled
[    3.815399] 00:04: ttyS0 at I/O 0x3f8 (irq = 4, base_baud = 115200) is a 16550A
[    3.830942] Non-volatile memory driver v1.3
[    3.833486] AMD-Vi: AMD IOMMUv2 functionality not available on this system - This is not a bug.
[    3.935235] brd: module loaded
[    4.039176] loop: module loaded
[    4.044563] zram: Added device: zram0
[    4.045901] Guest personality initialized and is inactive
[    4.047967] VMCI host device registered (name=vmci, major=10, minor=62)
[    4.048262] Initialized host personality
[    4.050135] Loading iSCSI transport class v2.0-870.
[    4.056258] iscsi: registered transport (tcp)
[    4.057801] VMware PVSCSI driver - version 1.0.7.0-k
[    4.058442] hv_vmbus: registering driver hv_storvsc
[    4.092848] scsi host0: ata_piix
[    4.101133] scsi host1: ata_piix
[    4.102576] ata1: PATA max MWDMA2 cmd 0x1f0 ctl 0x3f6 bmdma 0xc000 irq 14
[    4.103090] ata2: PATA max MWDMA2 cmd 0x170 ctl 0x376 bmdma 0xc008 irq 15
[    4.122286] Rounding down aligned max_sectors from 4294967295 to 4294967288
[    4.126093] db_root: cannot open: /etc/target
[    4.175229] wireguard: WireGuard 1.0.0 loaded. See www.wireguard.com for information.
[    4.175550] wireguard: Copyright (C) 2015-2019 Jason A. Donenfeld <Jason@zx2c4.com>. All Rights Reserved.
[    4.187063] tun: Universal TUN/TAP device driver, 1.6
[    4.192082] ixgbevf: Intel(R) 10 Gigabit PCI Express Virtual Function Network Driver
[    4.192380] ixgbevf: Copyright (c) 2009 - 2018 Intel Corporation.
[    4.194103] PPP generic driver version 2.4.2
[    4.196359] VMware vmxnet3 virtual NIC driver - version 1.5.0.0-k-NAPI
[    4.197125] hv_vmbus: registering driver hv_netvsc
[    4.199501] VFIO - User Level meta-driver version: 0.3
[    4.206217] i8042: PNP: PS/2 Controller [PNP0303:KBD,PNP0f13:MOU] at 0x60,0x64 irq 1,12
[    4.214907] serio: i8042 KBD port at 0x60,0x64 irq 1
[    4.217063] serio: i8042 AUX port at 0x60,0x64 irq 12
[    4.218875] hv_vmbus: registering driver hyperv_keyboard
[    4.227433] rtc_cmos 00:05: RTC can wake from S4
[    4.229947] input: AT Translated Set 2 keyboard as /devices/platform/i8042/serio0/input/input1
[    4.238148] rtc_cmos 00:05: registered as rtc0
[    4.240176] rtc_cmos 00:05: alarms up to one day, y3k, 242 bytes nvram, hpet irqs
[    4.241341] iTCO_wdt: Intel TCO WatchDog Timer Driver v1.11
[    4.241972] iTCO_vendor_support: vendor-support=0
[    4.251951] device-mapper: ioctl: 4.43.0-ioctl (2020-10-01) initialised: dm-devel@redhat.com
[    4.258017] device-mapper: multipath round-robin: version 1.2.0 loaded
[    4.258393] device-mapper: multipath queue-length: version 0.2.0 loaded
[    4.258817] device-mapper: multipath service-time: version 0.3.0 loaded
[    4.259070] device-mapper: multipath historical-service-time: version 0.1.1 loaded
[    4.263044] device-mapper: raid: Loading target version 1.15.1
[    4.280881] hv_utils: Registering HyperV Utility Driver
[    4.281163] hv_vmbus: registering driver hv_utils
[    4.281361] hv_vmbus: registering driver hv_balloon
[    4.287017] GACT probability NOT on
[    4.287118] ata2.00: ATAPI: QEMU DVD-ROM, 2.5+, max UDMA/100
[    4.288096] Mirror/redirect action on
[    4.292260] netem: version 1.3
[    4.293291] u32 classifier
[    4.293436]     input device check on
[    4.294817]     Actions configured
[    4.299845] bad_dst_dbg slub __slab_free_state cache=kmalloc-256 page=ffffea0000197640 pfn=65d9 head=ffff8880065d9c00 cnt=1 prior=0000000000000000 old_inuse=16 new_inuse=15 was_frozen=0 new_frozen=1 objects=16 cpu=0
[    4.300640] bad_dst_dbg slub put_cpu_partial cache=kmalloc-256 page=ffffea0000197640 pfn=65d9 drain=1 pages=1 pobjects=1 inuse=15 objects=16 cpu=0
[    4.312019] bad_dst_dbg slub __slab_free_state cache=kmalloc-256 page=ffffea0000198ac0 pfn=662b head=ffff88800662b400 cnt=4 prior=0000000000000000 old_inuse=16 new_inuse=12 was_frozen=0 new_frozen=1 objects=16 cpu=1
[    4.312834] bad_dst_dbg slub put_cpu_partial cache=kmalloc-256 page=ffffea0000198ac0 pfn=662b drain=1 pages=1 pobjects=4 inuse=12 objects=16 cpu=1
[    4.313257] bad_dst_dbg slub __slab_free_state cache=kmalloc-256 page=ffffea0000198300 pfn=660c head=ffff88800660c000 cnt=2 prior=0000000000000000 old_inuse=16 new_inuse=14 was_frozen=0 new_frozen=1 objects=16 cpu=1
[    4.314041] bad_dst_dbg slub put_cpu_partial cache=kmalloc-256 page=ffffea0000198300 pfn=660c drain=1 pages=2 pobjects=6 inuse=14 objects=16 cpu=1
[    4.314436] bad_dst_dbg slub __slab_free_state cache=kmalloc-256 page=ffffea0000199d80 pfn=6676 head=ffff888006676600 cnt=1 prior=0000000000000000 old_inuse=16 new_inuse=15 was_frozen=1 new_frozen=1 objects=16 cpu=1
[    4.326765] bad_dst_dbg slub __slab_free_state cache=kmalloc-256 page=ffffea0000199d80 pfn=6676 head=ffff888006676000 cnt=1 prior=ffff888006676600 old_inuse=15 new_inuse=14 was_frozen=1 new_frozen=1 objects=16 cpu=1
[    4.330351] xt_time: kernel timezone is -0000
[    4.331980] scsi 1:0:0:0: CD-ROM            QEMU     QEMU DVD-ROM     2.5+ PQ: 0 ANSI: 5
[    4.332458] IPVS: Registered protocols (TCP, UDP, SCTP, AH, ESP)
[    4.333205] bad_dst_dbg slub __slab_free_state cache=kmalloc-256 page=ffffea0000198ac0 pfn=662b head=ffff88800662b700 cnt=3 prior=ffff88800662b400 old_inuse=12 new_inuse=9 was_frozen=1 new_frozen=1 objects=16 cpu=1
[    4.334891] IPVS: Connection hash table configured (size=4096, memory=64Kbytes)
[    4.337383] bad_dst_dbg slub __slab_free_state cache=kmalloc-256 page=ffffea0000199d80 pfn=6676 head=ffff888006676700 cnt=1 prior=ffff888006676000 old_inuse=14 new_inuse=13 was_frozen=1 new_frozen=1 objects=16 cpu=1
[    4.339209] bad_dst_dbg slub __slab_free_state cache=kmalloc-256 page=ffffea0000199d80 pfn=6676 head=ffff888006676d00 cnt=1 prior=ffff888006676700 old_inuse=13 new_inuse=12 was_frozen=1 new_frozen=1 objects=16 cpu=1
[    4.342809] IPVS: ipvs loaded.
[    4.343247] IPVS: [rr] scheduler registered.
[    4.343528] IPVS: [wrr] scheduler registered.
[    4.343868] IPVS: [lc] scheduler registered.
[    4.344022] IPVS: [wlc] scheduler registered.
[    4.344173] IPVS: [fo] scheduler registered.
[    4.344323] IPVS: [ovf] scheduler registered.
[    4.347162] IPVS: [lblc] scheduler registered.
[    4.347545] IPVS: [lblcr] scheduler registered.
[    4.347923] IPVS: [dh] scheduler registered.
[    4.348081] IPVS: [sh] scheduler registered.
[    4.348228] IPVS: [sed] scheduler registered.
[    4.348396] IPVS: [nq] scheduler registered.
[    4.349812] IPVS: ftp: loaded support on port[0] = 21
[    4.350212] IPVS: [sip] pe registered.
[    4.351280] ipip: IPv4 and MPLS over IPv4 tunneling driver
[    4.358475] gre: GRE over IPv4 demultiplexor driver
[    4.359006] ip_gre: GRE over IPv4 tunneling driver
[    4.368147] sr 1:0:0:0: [sr0] scsi3-mmc drive: 4x/4x cd/rw xa/form2 tray
[    4.369024] cdrom: Uniform CD-ROM driver Revision: 3.20
[    4.381994] ipt_CLUSTERIP: ClusterIP Version 0.8 loaded successfully
[    4.388141] Initializing XFRM netlink socket
[    4.389223] IPsec XFRM device driver
[    4.394089] NET: Registered protocol family 10
[    4.398320] bad_dst_dbg slub put_cpu_partial cache=kmalloc-256 page=ffffea0000199d80 pfn=6676 drain=1 pages=1 pobjects=1 inuse=15 objects=16 cpu=0
[    4.422051] Segment Routing with IPv6
[    4.437404] ip6_gre: GRE over IPv6 tunneling driver
[    4.444310] NET: Registered protocol family 17
[    4.445363] NET: Registered protocol family 15
[    4.447961] Bridge firewalling registered
[    4.453876] RPC: Registered rdma transport module.
[    4.454103] RPC: Registered rdma backchannel transport module.
[    4.456203] 8021q: 802.1Q VLAN Support v1.8
[    4.461155] 9pnet: Installing 9P2000 support
[    4.462144] Key type dns_resolver registered
[    4.464200] NET: Registered protocol family 40
[    4.472015] IPI shorthand broadcast: enabled
[    4.474930] registered taskstats version 1
[    4.475299] Loading compiled-in X.509 certificates
[    4.526145] Loaded X.509 cert 'Build time autogenerated kernel key: 4504323df522a808911f4e0c6cd5fa52b82306a3'
[    4.530204] AppArmor: AppArmor sha1 policy hashing enabled
[    4.531924] ima: No TPM chip found, activating TPM-bypass!
[    4.532379] ima: Allocated hash algorithm: sha256
[    4.538058] ima: No architecture policies found
[    4.546794] PM:   Magic number: 10:685:928
[    4.550415] Unstable clock detected, switching default tracing clock to "global"
[    4.550415] If you want to keep using the local clock, then add:
[    4.550415]   "trace_clock=local"
[    4.550415] on the kernel command line
[    4.564059] integrity: Unable to open file: /etc/ima/pubkey.x509 (-2)
[    4.590282] Freeing unused decrypted memory: 2036K
[    4.764245] Freeing unused kernel image (initmem) memory: 1904K
[    4.765221] Write protecting the kernel read-only data: 36864k
[    4.775854] Freeing unused kernel image (text/rodata gap) memory: 2024K
[    4.779997] Freeing unused kernel image (rodata/data gap) memory: 916K
[    4.781006] Run /init as init process
[    4.980015] rmqueue_pcplist: 4422 callbacks suppressed
[    4.980117] bad_dst_dbg page_alloc pcp_alloc page=ffffea0000fff780 pfn=3ffde mt=1 pcp_count=317 zone=DMA32 cpu=1
[    4.981796] bad_dst_dbg page_alloc pcp_alloc page=ffffea0000fff6c0 pfn=3ffdb mt=1 pcp_count=316 zone=DMA32 cpu=1
[    4.990457] bad_dst_dbg page_alloc pcp_alloc page=ffffea0000fff7c0 pfn=3ffdf mt=1 pcp_count=315 zone=DMA32 cpu=1
[    4.991198] bad_dst_dbg page_alloc pcp_alloc page=ffffea00000cfd00 pfn=33f4 mt=1 pcp_count=314 zone=DMA32 cpu=1
[    4.991907] bad_dst_dbg page_alloc pcp_alloc page=ffffea00000cfc80 pfn=33f2 mt=1 pcp_count=313 zone=DMA32 cpu=1
[    4.992824] bad_dst_dbg page_alloc pcp_alloc page=ffffea00000cffc0 pfn=33ff mt=1 pcp_count=312 zone=DMA32 cpu=1
[    4.993489] bad_dst_dbg page_alloc pcp_alloc page=ffffea00001a20c0 pfn=6883 mt=0 pcp_count=311 zone=DMA32 cpu=1
[    4.994091] bad_dst_dbg page_alloc pcp_alloc page=ffffea0000fff640 pfn=3ffd9 mt=1 pcp_count=310 zone=DMA32 cpu=1
[    4.994804] bad_dst_dbg page_alloc pcp_alloc page=ffffea0000fff600 pfn=3ffd8 mt=1 pcp_count=309 zone=DMA32 cpu=1
[    4.995340] bad_dst_dbg page_alloc pcp_alloc page=ffffea0000fff5c0 pfn=3ffd7 mt=1 pcp_count=308 zone=DMA32 cpu=1
[    5.092092] free_unref_page_commit: 2539 callbacks suppressed
[    5.092140] bad_dst_dbg page_alloc pcp_free page=ffffea00001a1e80 pfn=687a mt=0 pcp_count=336 pcp_high=378 zone=DMA32 cpu=1
[    5.092725] bad_dst_dbg page_alloc pcp_free page=ffffea00001a1ec0 pfn=687b mt=0 pcp_count=337 pcp_high=378 zone=DMA32 cpu=1
[    5.092725] bad_dst_dbg page_alloc pcp_free page=ffffea00001a1f00 pfn=687c mt=0 pcp_count=338 pcp_high=378 zone=DMA32 cpu=1
[    5.092725] bad_dst_dbg page_alloc pcp_free page=ffffea00001a1d80 pfn=6876 mt=0 pcp_count=339 pcp_high=378 zone=DMA32 cpu=1
[    5.092725] bad_dst_dbg page_alloc pcp_free page=ffffea00001a1dc0 pfn=6877 mt=0 pcp_count=340 pcp_high=378 zone=DMA32 cpu=1
[    5.092725] bad_dst_dbg page_alloc pcp_free page=ffffea00001a1e40 pfn=6879 mt=0 pcp_count=341 pcp_high=378 zone=DMA32 cpu=1
[    5.092725] bad_dst_dbg page_alloc pcp_free page=ffffea00001a1e00 pfn=6878 mt=0 pcp_count=342 pcp_high=378 zone=DMA32 cpu=1
[    5.092725] bad_dst_dbg page_alloc pcp_free page=ffffea00001a1640 pfn=6859 mt=0 pcp_count=343 pcp_high=378 zone=DMA32 cpu=1
[    5.092725] bad_dst_dbg page_alloc pcp_free page=ffffea00000cfc80 pfn=33f2 mt=1 pcp_count=344 pcp_high=378 zone=DMA32 cpu=1
[    5.092725] bad_dst_dbg page_alloc pcp_free page=ffffea00000cfd00 pfn=33f4 mt=1 pcp_count=345 pcp_high=378 zone=DMA32 cpu=1
testvm busybox initrd ready
+ mkdir -p /dev/binderfs
+ mount -t binder binder /dev/binderfs
[    5.422058] bad_dst_dbg slub put_cpu_partial cache=kmalloc-256 page=ffffea000019d3c0 pfn=674f drain=1 pages=1 pobjects=1 inuse=15 objects=16 cpu=1
+ ln -sf /dev/binderfs/binder /dev/binder
+ ln -sf /dev/binderfs/hwbinder /dev/hwbinder
+ ln -sf /dev/binderfs/vndbinder /dev/vndbinder
+ exec /badnode
Starting static exploit...
root payload: local shell
[    5.647511] bad_dst_dbg slub put_cpu_partial cache=kmalloc-256 page=ffffea00001a4840 pfn=6921 drain=1 pages=1 pobjects=1 inuse=15 objects=16 cpu=0
Opened file descriptors...
[    9.998042] rmqueue_pcplist: 1538 callbacks suppressed
[    9.998093] bad_dst_dbg page_alloc pcp_alloc page=ffffea00001aa0c0 pfn=6a83 mt=0 pcp_count=274 zone=DMA32 cpu=0
[   10.018563] bad_dst_dbg page_alloc pcp_alloc page=ffffea00001aa100 pfn=6a84 mt=0 pcp_count=273 zone=DMA32 cpu=0
[   10.038638] bad_dst_dbg page_alloc pcp_alloc page=ffffea00001aa140 pfn=6a85 mt=0 pcp_count=272 zone=DMA32 cpu=0
[   10.057653] bad_dst_dbg page_alloc pcp_alloc page=ffffea00001aa180 pfn=6a86 mt=0 pcp_count=271 zone=DMA32 cpu=0
[   10.076313] bad_dst_dbg page_alloc pcp_alloc page=ffffea00001aa1c0 pfn=6a87 mt=0 pcp_count=270 zone=DMA32 cpu=0
[   10.094959] bad_dst_dbg page_alloc pcp_alloc page=ffffea00001aa200 pfn=6a88 mt=0 pcp_count=269 zone=DMA32 cpu=0
[   10.112984] bad_dst_dbg page_alloc pcp_alloc page=ffffea00001aa240 pfn=6a89 mt=0 pcp_count=268 zone=DMA32 cpu=0
[   10.130566] bad_dst_dbg page_alloc pcp_alloc page=ffffea00001aa280 pfn=6a8a mt=0 pcp_count=267 zone=DMA32 cpu=0
[   10.148334] bad_dst_dbg page_alloc pcp_alloc page=ffffea00001aa2c0 pfn=6a8b mt=0 pcp_count=266 zone=DMA32 cpu=0
[   10.165968] bad_dst_dbg page_alloc pcp_alloc page=ffffea00001aa300 pfn=6a8c mt=0 pcp_count=265 zone=DMA32 cpu=0
[   14.999651] rmqueue_pcplist: 278 callbacks suppressed
[   14.999682] bad_dst_dbg page_alloc pcp_alloc page=ffffea00001ae8c0 pfn=6ba3 mt=0 pcp_count=301 zone=DMA32 cpu=0
[   15.018443] bad_dst_dbg page_alloc pcp_alloc page=ffffea00001ae900 pfn=6ba4 mt=0 pcp_count=300 zone=DMA32 cpu=0
[   15.038266] bad_dst_dbg page_alloc pcp_alloc page=ffffea00001ae940 pfn=6ba5 mt=0 pcp_count=299 zone=DMA32 cpu=0
[   15.059050] bad_dst_dbg page_alloc pcp_alloc page=ffffea00001ae980 pfn=6ba6 mt=0 pcp_count=298 zone=DMA32 cpu=0
[   15.079486] bad_dst_dbg page_alloc pcp_alloc page=ffffea00001ae9c0 pfn=6ba7 mt=0 pcp_count=297 zone=DMA32 cpu=0
[   15.098965] bad_dst_dbg page_alloc pcp_alloc page=ffffea00001aea00 pfn=6ba8 mt=0 pcp_count=296 zone=DMA32 cpu=0
[   15.117891] bad_dst_dbg page_alloc pcp_alloc page=ffffea00001aea40 pfn=6ba9 mt=0 pcp_count=295 zone=DMA32 cpu=0
[   15.136957] bad_dst_dbg page_alloc pcp_alloc page=ffffea00001aea80 pfn=6baa mt=0 pcp_count=294 zone=DMA32 cpu=0
[   15.155282] bad_dst_dbg page_alloc pcp_alloc page=ffffea00001aeac0 pfn=6bab mt=0 pcp_count=293 zone=DMA32 cpu=0
[   15.160174] bad_dst_dbg page_alloc pcp_alloc page=ffffea00001aeb00 pfn=6bac mt=0 pcp_count=292 zone=DMA32 cpu=0
Allocated from binder allocator...
Created gaps in binder allocator...
[   17.276125] __slab_free: 14 callbacks suppressed
[   17.276177] bad_dst_dbg slub __slab_free_state cache=kmalloc-256 page=ffffea00001a66c0 pfn=699b head=ffff88800699b200 cnt=1 prior=0000000000000000 old_inuse=16 new_inuse=15 was_frozen=1 new_frozen=1 objects=16 cpu=1
[   17.276338] bad_dst_dbg slub __slab_free_state cache=kmalloc-256 page=ffffea00001a3180 pfn=68c6 head=ffff8880068c6100 cnt=1 prior=ffff8880068c6300 old_inuse=12 new_inuse=11 was_frozen=1 new_frozen=1 objects=16 cpu=0
[   18.182205] free_unref_page_commit: 831 callbacks suppressed
[   18.182250] bad_dst_dbg page_alloc pcp_free page=ffffea00000ce240 pfn=3389 mt=1 pcp_count=208 pcp_high=378 zone=DMA32 cpu=0
[   18.182684] bad_dst_dbg page_alloc pcp_free page=ffffea00000ce280 pfn=338a mt=1 pcp_count=209 pcp_high=378 zone=DMA32 cpu=0
[   18.182684] bad_dst_dbg page_alloc pcp_free page=ffffea00000ce2c0 pfn=338b mt=1 pcp_count=210 pcp_high=378 zone=DMA32 cpu=0
[   18.182684] bad_dst_dbg page_alloc pcp_free page=ffffea00000ce300 pfn=338c mt=1 pcp_count=211 pcp_high=378 zone=DMA32 cpu=0
[   18.182684] bad_dst_dbg page_alloc pcp_free page=ffffea00000ce340 pfn=338d mt=1 pcp_count=212 pcp_high=378 zone=DMA32 cpu=0
[   18.182684] bad_dst_dbg page_alloc pcp_free page=ffffea00000ce380 pfn=338e mt=1 pcp_count=213 pcp_high=378 zone=DMA32 cpu=0
[   18.182684] bad_dst_dbg page_alloc pcp_free page=ffffea00000ce3c0 pfn=338f mt=1 pcp_count=214 pcp_high=378 zone=DMA32 cpu=0
[   18.182684] bad_dst_dbg page_alloc pcp_free page=ffffea00000ce400 pfn=3390 mt=1 pcp_count=215 pcp_high=378 zone=DMA32 cpu=0
[   18.185261] bad_dst_dbg page_alloc pcp_free page=ffffea00000cde00 pfn=3378 mt=1 pcp_count=216 pcp_high=378 zone=DMA32 cpu=0
[   18.185652] bad_dst_dbg page_alloc pcp_free page=ffffea00000cde40 pfn=3379 mt=1 pcp_count=217 pcp_high=378 zone=DMA32 cpu=0
[   18.700270] binder: 155:155 got transaction with invalid offset (56, min 24 max 48) or object.
[   18.701901] binder: 155:155 transaction failed 29201/-22, size 48-16 line 3242
[   18.702907] binder: 155:155 got transaction with invalid offset (56, min 24 max 48) or object.
[   18.703333] binder: 155:155 transaction failed 29201/-22, size 48-16 line 3242
[   18.703985] binder: 155:155 got transaction with invalid offset (56, min 24 max 48) or object.
[   18.704404] binder: 155:155 transaction failed 29201/-22, size 48-16 line 3242
[   18.704968] binder: 155:155 got transaction with invalid offset (56, min 24 max 48) or object.
[   18.705392] binder: 155:155 transaction failed 29201/-22, size 48-16 line 3242
[   18.705956] binder: 155:155 got transaction with invalid offset (56, min 24 max 48) or object.
[   18.706353] binder: 155:155 transaction failed 29201/-22, size 48-16 line 3242
[   18.706876] binder: 155:155 got transaction with invalid offset (56, min 24 max 48) or object.
[   18.707396] binder: 155:155 transaction failed 29201/-22, size 48-16 line 3242
[   18.707898] binder: 155:155 got transaction with invalid offset (56, min 24 max 48) or object.
[   18.708283] binder: 155:155 transaction failed 29201/-22, size 48-16 line 3242
[   18.708754] binder: 155:155 got transaction with invalid offset (56, min 24 max 48) or object.
[   18.709056] binder: 155:155 transaction failed 29201/-22, size 48-16 line 3242
[   18.709377] binder: 155:155 got transaction with invalid offset (56, min 24 max 48) or object.
[   18.709772] binder: 155:155 transaction failed 29201/-22, size 48-16 line 3242
[   18.710087] binder: 155:155 got transaction with invalid offset (56, min 24 max 48) or object.
[   18.710390] binder: 155:155 transaction failed 29201/-22, size 48-16 line 3242
[   19.138990] bad_dst_dbg slub __slab_free_state cache=kmalloc-256 page=ffffea00001a66c0 pfn=699b head=ffff88800699b200 cnt=1 prior=0000000000000000 old_inuse=16 new_inuse=15 was_frozen=0 new_frozen=1 objects=16 cpu=0
[   19.139867] bad_dst_dbg slub put_cpu_partial cache=kmalloc-256 page=ffffea00001a66c0 pfn=699b drain=1 pages=1 pobjects=1 inuse=15 objects=16 cpu=0
UAF nodes done...
Reclaimed with ep_item...
[   19.162074] bad_dst_dbg slub __slab_free_state cache=kmalloc-256 page=ffffea00001a66c0 pfn=699b head=ffff88800699b600 cnt=1 prior=ffff88800699b200 old_inuse=15 new_inuse=14 was_frozen=1 new_frozen=1 objects=16 cpu=0
[   19.162981] bad_dst_dbg slub __slab_free_state cache=kmalloc-256 page=ffffea00001b5380 pfn=6d4e head=ffff888006d4ec00 cnt=1 prior=0000000000000000 old_inuse=16 new_inuse=15 was_frozen=0 new_frozen=1 objects=16 cpu=0
[   19.163496] bad_dst_dbg slub put_cpu_partial cache=kmalloc-256 page=ffffea00001b5380 pfn=6d4e drain=1 pages=2 pobjects=2 inuse=15 objects=16 cpu=0
[   19.164043] bad_dst_dbg slub __slab_free_state cache=kmalloc-256 page=ffffea00001b5380 pfn=6d4e head=ffff888006d4eb00 cnt=1 prior=ffff888006d4ec00 old_inuse=15 new_inuse=14 was_frozen=1 new_frozen=1 objects=16 cpu=0
[   19.164606] bad_dst_dbg slub __slab_free_state cache=kmalloc-256 page=ffffea00001b5380 pfn=6d4e head=ffff888006d4ee00 cnt=1 prior=ffff888006d4eb00 old_inuse=14 new_inuse=13 was_frozen=1 new_frozen=1 objects=16 cpu=0
[   19.165245] bad_dst_dbg slub __slab_free_state cache=kmalloc-256 page=ffffea00001b5380 pfn=6d4e head=ffff888006d4ea00 cnt=1 prior=ffff888006d4ee00 old_inuse=13 new_inuse=12 was_frozen=1 new_frozen=1 objects=16 cpu=0
[   19.165876] bad_dst_dbg slub __slab_free_state cache=kmalloc-256 page=ffffea00001b5380 pfn=6d4e head=ffff888006d4e200 cnt=1 prior=ffff888006d4ea00 old_inuse=12 new_inuse=11 was_frozen=1 new_frozen=1 objects=16 cpu=0
[   19.166406] bad_dst_dbg slub __slab_free_state cache=kmalloc-256 page=ffffea00001b5380 pfn=6d4e head=ffff888006d4e600 cnt=1 prior=ffff888006d4e200 old_inuse=11 new_inuse=10 was_frozen=1 new_frozen=1 objects=16 cpu=0
[   19.167196] bad_dst_dbg slub put_cpu_partial cache=kmalloc-256 page=ffffea00001b5400 pfn=6d50 drain=1 pages=3 pobjects=3 inuse=15 objects=16 cpu=0
[   19.167918] bad_dst_dbg slub put_cpu_partial cache=kmalloc-256 page=ffffea00001b5440 pfn=6d51 drain=1 pages=4 pobjects=4 inuse=15 objects=16 cpu=0
[   19.168536] bad_dst_dbg slub put_cpu_partial cache=kmalloc-256 page=ffffea00001b5480 pfn=6d52 drain=1 pages=5 pobjects=5 inuse=15 objects=16 cpu=0
[   19.169269] bad_dst_dbg slub put_cpu_partial cache=kmalloc-256 page=ffffea00001b54c0 pfn=6d53 drain=1 pages=6 pobjects=6 inuse=15 objects=16 cpu=0
[   19.169995] bad_dst_dbg slub put_cpu_partial cache=kmalloc-256 page=ffffea00001b5500 pfn=6d54 drain=1 pages=7 pobjects=7 inuse=15 objects=16 cpu=0
[   19.170832] bad_dst_dbg slub put_cpu_partial cache=kmalloc-256 page=ffffea00001b5540 pfn=6d55 drain=1 pages=8 pobjects=8 inuse=15 objects=16 cpu=0
[   19.171466] bad_dst_dbg slub put_cpu_partial cache=kmalloc-256 page=ffffea00001b5580 pfn=6d56 drain=1 pages=9 pobjects=9 inuse=15 objects=16 cpu=0
[   19.172230] bad_dst_dbg slub put_cpu_partial cache=kmalloc-256 page=ffffea00001b55c0 pfn=6d57 drain=1 pages=10 pobjects=10 inuse=15 objects=16 cpu=0
[   19.174466] bad_dst_dbg slub unfreeze_empty_retained cache=kmalloc-256 page=ffffea00001b56c0 pfn=6d5b nr_partial=0 min_partial=5 objects=16 cpu=0
[   19.174643] bad_dst_dbg slub unfreeze_empty_retained cache=kmalloc-256 page=ffffea00001b5680 pfn=6d5a nr_partial=1 min_partial=5 objects=16 cpu=0
[   19.174643] bad_dst_dbg slub unfreeze_empty_retained cache=kmalloc-256 page=ffffea00001b5640 pfn=6d59 nr_partial=2 min_partial=5 objects=16 cpu=0
[   19.174643] bad_dst_dbg slub unfreeze_empty_retained cache=kmalloc-256 page=ffffea00001b5600 pfn=6d58 nr_partial=3 min_partial=5 objects=16 cpu=0
[   19.174643] bad_dst_dbg slub unfreeze_empty_retained cache=kmalloc-256 page=ffffea00001b55c0 pfn=6d57 nr_partial=4 min_partial=5 objects=16 cpu=0
[   19.174643] bad_dst_dbg slub unfreeze_empty_discard cache=kmalloc-256 size=256 page=ffffea00001b5580 pfn=6d56 inuse=0 objects=16 frozen=0 freelist=ffff888006d56d00 cpu=0
[   19.174643] bad_dst_dbg slub unfreeze_empty_discard cache=kmalloc-256 size=256 page=ffffea00001b5540 pfn=6d55 inuse=0 objects=16 frozen=0 freelist=ffff888006d55b00 cpu=0
[   19.174643] bad_dst_dbg slub unfreeze_empty_discard cache=kmalloc-256 size=256 page=ffffea00001b5500 pfn=6d54 inuse=0 objects=16 frozen=0 freelist=ffff888006d54a00 cpu=0
[   19.174643] bad_dst_dbg slub unfreeze_empty_discard cache=kmalloc-256 size=256 page=ffffea00001b54c0 pfn=6d53 inuse=0 objects=16 frozen=0 freelist=ffff888006d53500 cpu=0
[   19.174643] bad_dst_dbg slub unfreeze_empty_discard cache=kmalloc-256 size=256 page=ffffea00001b5480 pfn=6d52 inuse=0 objects=16 frozen=0 freelist=ffff888006d52400 cpu=0
[   19.174643] bad_dst_dbg slub unfreeze_empty_discard cache=kmalloc-256 size=256 page=ffffea00001b5440 pfn=6d51 inuse=0 objects=16 frozen=0 freelist=ffff888006d51400 cpu=0
[   19.174643] bad_dst_dbg slub unfreeze_empty_discard cache=kmalloc-256 size=256 page=ffffea00001b5400 pfn=6d50 inuse=0 objects=16 frozen=0 freelist=ffff888006d50000 cpu=0
[   19.174643] bad_dst_dbg slub unfreeze_empty_discard cache=kmalloc-256 size=256 page=ffffea00001b5380 pfn=6d4e inuse=0 objects=16 frozen=0 freelist=ffff888006d4ed00 cpu=0
[   19.184115] bad_dst_dbg slub unfreeze_empty_discard cache=kmalloc-256 size=256 page=ffffea00001b5a40 pfn=6d69 inuse=0 objects=16 frozen=0 freelist=ffff888006d69500 cpu=0
[   19.184556] bad_dst_dbg slub unfreeze_empty_discard cache=kmalloc-256 size=256 page=ffffea00001b5a00 pfn=6d68 inuse=0 objects=16 frozen=0 freelist=ffff888006d68700 cpu=0
Could not succeed with cross cache attack
[   20.254016] rmqueue_pcplist: 5025 callbacks suppressed
[   20.254068] bad_dst_dbg page_alloc pcp_alloc page=ffffea00001b9400 pfn=6e50 mt=0 pcp_count=299 zone=DMA32 cpu=0
qemu-system-x86_64: terminating on signal 15 from pid 278617 (timeout)
