c[?7l[2J[0mSeaBIOS (version rel-1.17.0-0-gb52ca86e094d-prebuilt.qemu.org)
Booting from ROM..c[?7l[2J[0m.[    0.000000] Linux version 5.10.107+ (jack@bd5f2b454abc) (gcc (Ubuntu 10.5.0-1ubuntu1~20.04) 10.5.0, GNU ld (GNU Binutils for Ubuntu) 2.34) #1 SMP PREEMPT Tue May 26 07:46:52 UTC 2026
[    0.000000] Command line: console=ttyS0 rdinit=/init testvm_autorun=/run_badnode.sh nokaslr panic=-1
[    0.000000] x86/fpu: x87 FPU will use FXSAVE
[    0.000000] BIOS-provided physical RAM map:
[    0.000000] BIOS-e820: [mem 0x0000000000000000-0x000000000009fbff] usable
[    0.000000] BIOS-e820: [mem 0x000000000009fc00-0x000000000009ffff] reserved
[    0.000000] BIOS-e820: [mem 0x00000000000f0000-0x00000000000fffff] reserved
[    0.000000] BIOS-e820: [mem 0x0000000000100000-0x000000003ffdffff] usable
[    0.000000] BIOS-e820: [mem 0x000000003ffe0000-0x000000003fffffff] reserved
[    0.000000] BIOS-e820: [mem 0x00000000fffc0000-0x00000000ffffffff] reserved
[    0.000000] BIOS-e820: [mem 0x000000fd00000000-0x000000ffffffffff] reserved
[    0.000000] NX (Execute Disable) protection: active
[    0.000000] SMBIOS 2.8 present.
[    0.000000] DMI: QEMU Standard PC (i440FX + PIIX, 1996), BIOS rel-1.17.0-0-gb52ca86e094d-prebuilt.qemu.org 04/01/2014
[    0.000000] tsc: Fast TSC calibration using PIT
[    0.000000] tsc: Detected 2304.037 MHz processor
[    0.026057] AGP: No AGP bridge found
[    0.026751] last_pfn = 0x3ffe0 max_arch_pfn = 0x400000000
[    0.030078] x86/PAT: Configuration [0-7]: WB  WC  UC- UC  WB  WP  UC- WT  
[    0.081676] found SMP MP-table at [mem 0x000f54c0-0x000f54cf]
[    0.085806] check: Scanning 1 areas for low memory corruption
[    0.098279] RAMDISK: [mem 0x3fe39000-0x3ffdffff]
[    0.098990] ACPI: Early table checksum verification disabled
[    0.100034] ACPI: RSDP 0x00000000000F52E0 000014 (v00 BOCHS )
[    0.100657] ACPI: RSDT 0x000000003FFE238A 000034 (v01 BOCHS  BXPC     00000001 BXPC 00000001)
[    0.102293] ACPI: FACP 0x000000003FFE2236 000074 (v01 BOCHS  BXPC     00000001 BXPC 00000001)
[    0.103765] ACPI: DSDT 0x000000003FFE0040 0021F6 (v01 BOCHS  BXPC     00000001 BXPC 00000001)
[    0.104018] ACPI: FACS 0x000000003FFE0000 000040
[    0.104186] ACPI: APIC 0x000000003FFE22AA 000080 (v03 BOCHS  BXPC     00000001 BXPC 00000001)
[    0.104286] ACPI: HPET 0x000000003FFE232A 000038 (v01 BOCHS  BXPC     00000001 BXPC 00000001)
[    0.104374] ACPI: WAET 0x000000003FFE2362 000028 (v01 BOCHS  BXPC     00000001 BXPC 00000001)
[    0.104601] ACPI: Reserving FACP table memory at [mem 0x3ffe2236-0x3ffe22a9]
[    0.104694] ACPI: Reserving DSDT table memory at [mem 0x3ffe0040-0x3ffe2235]
[    0.104735] ACPI: Reserving FACS table memory at [mem 0x3ffe0000-0x3ffe003f]
[    0.104767] ACPI: Reserving APIC table memory at [mem 0x3ffe22aa-0x3ffe2329]
[    0.104796] ACPI: Reserving HPET table memory at [mem 0x3ffe232a-0x3ffe2361]
[    0.104823] ACPI: Reserving WAET table memory at [mem 0x3ffe2362-0x3ffe2389]
[    0.109995] No NUMA configuration found
[    0.110084] Faking a node at [mem 0x0000000000000000-0x000000003ffdffff]
[    0.112120] NODE_DATA(0) allocated [mem 0x3fe34000-0x3fe38fff]
[    0.118073] Zone ranges:
[    0.118254]   DMA      [mem 0x0000000000001000-0x0000000000ffffff]
[    0.118403]   DMA32    [mem 0x0000000001000000-0x000000003ffdffff]
[    0.118455]   Normal   empty
[    0.118520]   Device   empty
[    0.118570] Movable zone start for each node
[    0.118703] Early memory node ranges
[    0.118820]   node   0: [mem 0x0000000000001000-0x000000000009efff]
[    0.119199]   node   0: [mem 0x0000000000100000-0x000000003ffdffff]
[    0.119811] Initmem setup node 0 [mem 0x0000000000001000-0x000000003ffdffff]
[    0.122320] On node 0, zone DMA: 1 pages in unavailable ranges
[    0.123014] On node 0, zone DMA: 97 pages in unavailable ranges
[    0.156054] On node 0, zone DMA32: 32 pages in unavailable ranges
[    0.158596] ACPI: LAPIC_NMI (acpi_id[0xff] dfl dfl lint[0x1])
[    0.159753] IOAPIC[0]: apic_id 0, version 32, address 0xfec00000, GSI 0-23
[    0.160083] ACPI: INT_SRC_OVR (bus 0 bus_irq 0 global_irq 2 dfl dfl)
[    0.160769] ACPI: INT_SRC_OVR (bus 0 bus_irq 5 global_irq 5 high level)
[    0.160867] ACPI: INT_SRC_OVR (bus 0 bus_irq 9 global_irq 9 high level)
[    0.161148] ACPI: INT_SRC_OVR (bus 0 bus_irq 10 global_irq 10 high level)
[    0.161190] ACPI: INT_SRC_OVR (bus 0 bus_irq 11 global_irq 11 high level)
[    0.161756] Using ACPI (MADT) for SMP configuration information
[    0.161912] ACPI: HPET id: 0x8086a201 base: 0xfed00000
[    0.162698] smpboot: Allowing 2 CPUs, 0 hotplug CPUs
[    0.164714] [mem 0x40000000-0xfffbffff] available for PCI devices
[    0.164825] Booting paravirtualized kernel on bare hardware
[    0.165895] clocksource: refined-jiffies: mask: 0xffffffff max_cycles: 0xffffffff, max_idle_ns: 1910969940391419 ns
[    0.194427] setup_percpu: NR_CPUS:512 nr_cpumask_bits:512 nr_cpu_ids:2 nr_node_ids:1
[    0.213899] percpu: Embedded 63 pages/cpu s221184 r8192 d28672 u1048576
[    0.219375] Built 1 zonelists, mobility grouping on.  Total pages: 257897
[    0.219452] Policy zone: DMA32
[    0.220109] Kernel command line: console=ttyS0 rdinit=/init testvm_autorun=/run_badnode.sh nokaslr panic=-1
[    0.228698] Dentry cache hash table entries: 131072 (order: 8, 1048576 bytes, linear)
[    0.230950] Inode-cache hash table entries: 65536 (order: 7, 524288 bytes, linear)
[    0.235647] mem auto-init: stack:off, heap alloc:off, heap free:off
[    0.236727] AGP: Checking aperture...
[    0.240410] AGP: No AGP bridge found
[    0.270914] bad_dst_dbg page_alloc pcp_alloc page=ffffea0000120000 pfn=4800 mt=0 pcp_count=0 zone=DMA32 cpu=0
[    0.271855] bad_dst_dbg page_alloc pcp_alloc page=ffffea0000120040 pfn=4801 mt=0 pcp_count=0 zone=DMA32 cpu=0
[    0.271931] bad_dst_dbg page_alloc pcp_alloc page=ffffea0000120080 pfn=4802 mt=0 pcp_count=0 zone=DMA32 cpu=0
[    0.271997] bad_dst_dbg page_alloc pcp_alloc page=ffffea00001200c0 pfn=4803 mt=0 pcp_count=0 zone=DMA32 cpu=0
[    0.272047] bad_dst_dbg page_alloc pcp_alloc page=ffffea0000120100 pfn=4804 mt=0 pcp_count=0 zone=DMA32 cpu=0
[    0.272094] bad_dst_dbg page_alloc pcp_alloc page=ffffea0000120140 pfn=4805 mt=0 pcp_count=0 zone=DMA32 cpu=0
[    0.272139] bad_dst_dbg page_alloc pcp_alloc page=ffffea0000120180 pfn=4806 mt=0 pcp_count=0 zone=DMA32 cpu=0
[    0.272184] bad_dst_dbg page_alloc pcp_alloc page=ffffea00001201c0 pfn=4807 mt=0 pcp_count=0 zone=DMA32 cpu=0
[    0.272230] bad_dst_dbg page_alloc pcp_alloc page=ffffea0000120200 pfn=4808 mt=0 pcp_count=0 zone=DMA32 cpu=0
[    0.272275] bad_dst_dbg page_alloc pcp_alloc page=ffffea0000120240 pfn=4809 mt=0 pcp_count=0 zone=DMA32 cpu=0
[    0.273264] Memory: 208112K/1048056K available (18452K kernel code, 3390K rwdata, 15468K rodata, 1904K init, 4920K bss, 73568K reserved, 0K cma-reserved)
[    0.275252] random: get_random_u64 called from __kmem_cache_create+0x2a/0x4d0 with crng_init=0
[    0.289866] SLUB: HWalign=64, Order=0-3, MinObjects=0, CPUs=2, Nodes=1
[    0.293390] ftrace: allocating 57808 entries in 226 pages
[    0.536010] ftrace: allocated 226 pages with 4 groups
[    0.559035] rcu: Preemptible hierarchical RCU implementation.
[    0.559149] rcu: 	RCU restricting CPUs from NR_CPUS=512 to nr_cpu_ids=2.
[    0.559405] 	Trampoline variant of Tasks RCU enabled.
[    0.559439] 	Rude variant of Tasks RCU enabled.
[    0.559469] 	Tracing variant of Tasks RCU enabled.
[    0.559782] rcu: RCU calculated value of scheduler-enlistment delay is 100 jiffies.
[    0.559887] rcu: Adjusting geometry for rcu_fanout_leaf=16, nr_cpu_ids=2
[    0.627535] NR_IRQS: 33024, nr_irqs: 440, preallocated irqs: 16
[    0.665296] Console: colour VGA+ 80x25
[    0.688278] printk: console [ttyS0] enabled
[    0.690603] ACPI: Core revision 20200925
[    0.704373] clocksource: hpet: mask: 0xffffffff max_cycles: 0xffffffff, max_idle_ns: 19112604467 ns
[    0.715793] APIC: Switch to symmetric I/O mode setup
[    0.728324] ..TIMER: vector=0x30 apic1=0 pin1=2 apic2=-1 pin2=-1
[    0.735290] tsc: Marking TSC unstable due to TSCs unsynchronized
[    0.736252] Calibrating delay loop (skipped), value calculated using timer frequency.. 4608.07 BogoMIPS (lpj=2304037)
[    0.737618] pid_max: default: 32768 minimum: 301
[    0.740108] LSM: Security Framework initializing
[    0.742500] Yama: becoming mindful.
[    0.744676] LoadPin: ready to pin (currently enforcing)
[    0.749644] AppArmor: AppArmor initialized
[    0.749955] LSM support for eBPF active
[    0.751304] Mount-cache hash table entries: 2048 (order: 2, 16384 bytes, linear)
[    0.751628] Mountpoint-cache hash table entries: 2048 (order: 2, 16384 bytes, linear)
[    0.809745] process: using AMD E400 aware idle routine
[    0.810536] Last level iTLB entries: 4KB 512, 2MB 255, 4MB 127
[    0.810919] Last level dTLB entries: 4KB 512, 2MB 255, 4MB 127, 1GB 0
[    0.811598] Spectre V1 : Mitigation: usercopy/swapgs barriers and __user pointer sanitization
[    0.812183] Spectre V2 : Mitigation: Retpolines
[    0.812376] Spectre V2 : Spectre v2 / SpectreRSB mitigation: Filling RSB on context switch
[    0.820760] bad_dst_dbg page_alloc pcp_free page=ffffea00000fc8c0 pfn=3f23 mt=1 pcp_count=20 pcp_high=90 zone=DMA32 cpu=0
[    0.820988] bad_dst_dbg page_alloc pcp_free page=ffffea00000fc900 pfn=3f24 mt=1 pcp_count=21 pcp_high=90 zone=DMA32 cpu=0
[    0.821889] bad_dst_dbg page_alloc pcp_free page=ffffea00000fc940 pfn=3f25 mt=1 pcp_count=22 pcp_high=90 zone=DMA32 cpu=0
[    0.822234] bad_dst_dbg page_alloc pcp_free page=ffffea00000fc980 pfn=3f26 mt=1 pcp_count=23 pcp_high=90 zone=DMA32 cpu=0
[    0.822556] bad_dst_dbg page_alloc pcp_free page=ffffea00000fc9c0 pfn=3f27 mt=1 pcp_count=24 pcp_high=90 zone=DMA32 cpu=0
[    0.822885] bad_dst_dbg page_alloc pcp_free page=ffffea00000fca00 pfn=3f28 mt=1 pcp_count=25 pcp_high=90 zone=DMA32 cpu=0
[    0.823222] bad_dst_dbg page_alloc pcp_free page=ffffea00000fca40 pfn=3f29 mt=1 pcp_count=26 pcp_high=90 zone=DMA32 cpu=0
[    0.823542] bad_dst_dbg page_alloc pcp_free page=ffffea00000fca80 pfn=3f2a mt=1 pcp_count=27 pcp_high=90 zone=DMA32 cpu=0
[    0.823884] bad_dst_dbg page_alloc pcp_free page=ffffea00000fcac0 pfn=3f2b mt=1 pcp_count=28 pcp_high=90 zone=DMA32 cpu=0
[    0.824218] bad_dst_dbg page_alloc pcp_free page=ffffea00000fcb00 pfn=3f2c mt=1 pcp_count=29 pcp_high=90 zone=DMA32 cpu=0
[    0.824597] Freeing SMP alternatives memory: 60K
[    0.974317] random: fast init done
[    1.092850] smpboot: CPU0: AMD QEMU Virtual CPU version 2.5+ (family: 0xf, model: 0x6b, stepping: 0x1)
[    1.108395] Performance Events: PMU not available due to virtualization, using software events only.
[    1.114019] rcu: Hierarchical SRCU implementation.
[    1.131738] NMI watchdog: Perf NMI watchdog permanently disabled
[    1.141405] smp: Bringing up secondary CPUs ...
[    1.152347] x86: Booting SMP configuration:
[    1.152610] .... node  #0, CPUs:      #1
[    1.235339] smp: Brought up 1 node, 2 CPUs
[    1.235751] smpboot: Max logical packages: 1
[    1.236080] smpboot: Total of 2 processors activated (9224.60 BogoMIPS)
[    1.289337] node 0 deferred pages initialised in 31ms
[    1.313987] devtmpfs: initialized
[    1.324156] x86/mm: Memory block size: 128MB
[    1.345087] clocksource: jiffies: mask: 0xffffffff max_cycles: 0xffffffff, max_idle_ns: 1911260446275000 ns
[    1.346023] futex hash table entries: 512 (order: 3, 32768 bytes, linear)
[    1.366850] PM: RTC time: 08:58:21, date: 2026-05-26
[    1.400768] NET: Registered protocol family 16
[    1.414427] DMA: preallocated 128 KiB GFP_KERNEL pool for atomic allocations
[    1.415508] DMA: preallocated 128 KiB GFP_KERNEL|GFP_DMA pool for atomic allocations
[    1.416050] DMA: preallocated 128 KiB GFP_KERNEL|GFP_DMA32 pool for atomic allocations
[    1.418439] audit: initializing netlink subsys (disabled)
[    1.427449] audit: type=2000 audit(1779785900.707:1): state=initialized audit_enabled=0 res=1
[    1.435700] thermal_sys: Registered thermal governor 'step_wise'
[    1.435918] thermal_sys: Registered thermal governor 'user_space'
[    1.437543] cpuidle: using governor ladder
[    1.438999] cpuidle: using governor menu
[    1.442738] ACPI: bus type PCI registered
[    1.443217] acpiphp: ACPI Hot Plug PCI Controller Driver version: 0.5
[    1.451467] PCI: Using configuration type 1 for base access
[    1.458129] mtrr: your CPUs had inconsistent fixed MTRR settings
[    1.458421] mtrr: your CPUs had inconsistent variable MTRR settings
[    1.458648] mtrr: your CPUs had inconsistent MTRRdefType settings
[    1.458917] mtrr: probably your BIOS does not setup all CPUs.
[    1.459244] mtrr: corrected configuration.
[    1.523092] Kprobes globally optimized
[    1.533314] HugeTLB registered 2.00 MiB page size, pre-allocated 0 pages
[    1.564465] cryptd: max_cpu_qlen set to 1000
[    1.625073] raid6: sse2x4   gen()   590 MB/s
[    1.642021] raid6: sse2x4   xor()   358 MB/s
[    1.658982] raid6: sse2x2   gen()   624 MB/s
[    1.675906] raid6: sse2x2   xor()   354 MB/s
[    1.692997] raid6: sse2x1   gen()   606 MB/s
[    1.709903] raid6: sse2x1   xor()   328 MB/s
[    1.710313] raid6: using algorithm sse2x2 gen() 624 MB/s
[    1.710544] raid6: .... xor() 354 MB/s, rmw enabled
[    1.711126] raid6: using intx1 recovery algorithm
[    1.713032] ACPI: Added _OSI(Module Device)
[    1.713315] ACPI: Added _OSI(Processor Device)
[    1.713464] ACPI: Added _OSI(3.0 _SCP Extensions)
[    1.713612] ACPI: Added _OSI(Processor Aggregator Device)
[    1.714015] ACPI: Added _OSI(Linux-Dell-Video)
[    1.714255] ACPI: Added _OSI(Linux-Lenovo-NV-HDMI-Audio)
[    1.714428] ACPI: Added _OSI(Linux-HPI-Hybrid-Graphics)
[    1.756681] ACPI: 1 ACPI AML tables successfully acquired and loaded
[    1.799511] ACPI: Interpreter enabled
[    1.802250] ACPI: (supports S0 S3 S5)
[    1.802536] ACPI: Using IOAPIC for interrupt routing
[    1.803795] PCI: Using host bridge windows from ACPI; if necessary, use "pci=nocrs" and report a bug
[    1.807727] ACPI: Enabled 2 GPEs in block 00 to 0F
[    1.891639] ACPI: PCI Root Bridge [PCI0] (domain 0000 [bus 00-ff])
[    1.893529] acpi PNP0A03:00: _OSC: OS supports [ASPM ClockPM Segments MSI HPX-Type3]
[    1.895807] acpi PNP0A03:00: fail to add MMCONFIG information, can't access extended PCI configuration space under this bridge.
[    1.907459] acpiphp: Slot [3] registered
[    1.908111] acpiphp: Slot [4] registered
[    1.908571] acpiphp: Slot [5] registered
[    1.909049] acpiphp: Slot [6] registered
[    1.909390] acpiphp: Slot [7] registered
[    1.909713] acpiphp: Slot [8] registered
[    1.910142] acpiphp: Slot [9] registered
[    1.910512] acpiphp: Slot [10] registered
[    1.911008] acpiphp: Slot [11] registered
[    1.911467] acpiphp: Slot [12] registered
[    1.911903] acpiphp: Slot [13] registered
[    1.912301] acpiphp: Slot [14] registered
[    1.912643] acpiphp: Slot [15] registered
[    1.913140] acpiphp: Slot [16] registered
[    1.913541] acpiphp: Slot [17] registered
[    1.913942] acpiphp: Slot [18] registered
[    1.914309] acpiphp: Slot [19] registered
[    1.914711] acpiphp: Slot [20] registered
[    1.915120] acpiphp: Slot [21] registered
[    1.915586] acpiphp: Slot [22] registered
[    1.916115] acpiphp: Slot [23] registered
[    1.916522] acpiphp: Slot [24] registered
[    1.917001] acpiphp: Slot [25] registered
[    1.917424] acpiphp: Slot [26] registered
[    1.917913] acpiphp: Slot [27] registered
[    1.918326] acpiphp: Slot [28] registered
[    1.918688] acpiphp: Slot [29] registered
[    1.919189] acpiphp: Slot [30] registered
[    1.919580] acpiphp: Slot [31] registered
[    1.920580] PCI host bridge to bus 0000:00
[    1.921440] pci_bus 0000:00: root bus resource [io  0x0000-0x0cf7 window]
[    1.921704] pci_bus 0000:00: root bus resource [io  0x0d00-0xffff window]
[    1.922025] pci_bus 0000:00: root bus resource [mem 0x000a0000-0x000bffff window]
[    1.922289] pci_bus 0000:00: root bus resource [mem 0x40000000-0xfebfffff window]
[    1.922523] pci_bus 0000:00: root bus resource [mem 0x100000000-0x17fffffff window]
[    1.923401] pci_bus 0000:00: root bus resource [bus 00-ff]
[    1.926554] pci 0000:00:00.0: [8086:1237] type 00 class 0x060000
[    1.937948] pci 0000:00:01.0: [8086:7000] type 00 class 0x060100
[    1.940629] pci 0000:00:01.1: [8086:7010] type 00 class 0x010180
[    1.944382] pci 0000:00:01.1: reg 0x20: [io  0xc000-0xc00f]
[    1.946937] pci 0000:00:01.1: legacy IDE quirk: reg 0x10: [io  0x01f0-0x01f7]
[    1.947314] pci 0000:00:01.1: legacy IDE quirk: reg 0x14: [io  0x03f6]
[    1.947600] pci 0000:00:01.1: legacy IDE quirk: reg 0x18: [io  0x0170-0x0177]
[    1.947976] pci 0000:00:01.1: legacy IDE quirk: reg 0x1c: [io  0x0376]
[    1.951710] pci 0000:00:01.3: [8086:7113] type 00 class 0x068000
[    1.953227] pci 0000:00:01.3: quirk: [io  0x0600-0x063f] claimed by PIIX4 ACPI
[    1.953602] pci 0000:00:01.3: quirk: [io  0x0700-0x070f] claimed by PIIX4 SMB
[    1.956015] pci 0000:00:02.0: [1234:1111] type 00 class 0x030000
[    1.956850] pci 0000:00:02.0: reg 0x10: [mem 0xfd000000-0xfdffffff pref]
[    1.960991] pci 0000:00:02.0: reg 0x18: [mem 0xfebf0000-0xfebf0fff]
[    1.964850] pci 0000:00:02.0: reg 0x30: [mem 0xfebe0000-0xfebeffff pref]
[    1.978477] ACPI: PCI Interrupt Link [LNKA] (IRQs 5 *10 11)
[    1.981002] ACPI: PCI Interrupt Link [LNKB] (IRQs 5 *10 11)
[    1.982506] ACPI: PCI Interrupt Link [LNKC] (IRQs 5 10 *11)
[    1.984128] ACPI: PCI Interrupt Link [LNKD] (IRQs 5 10 *11)
[    1.984957] ACPI: PCI Interrupt Link [LNKS] (IRQs *9)
[    1.998539] iommu: Default domain type: Translated 
[    2.003096] SCSI subsystem initialized
[    2.009675] pps_core: LinuxPPS API ver. 1 registered
[    2.009920] pps_core: Software ver. 5.3.6 - Copyright 2005-2007 Rodolfo Giometti <giometti@linux.it>
[    2.010489] PTP clock support registered
[    2.037357] PCI: Using ACPI for IRQ routing
[    2.043534] hpet: 3 channels of 0 reserved for per-cpu timers
[    2.044582] hpet0: at MMIO 0xfed00000, IRQs 2, 8, 0
[    2.044947] hpet0: 3 comparators, 64-bit 100.000000 MHz counter
[    2.050482] clocksource: Switched to clocksource hpet
[    3.888736] VFS: Disk quotas dquot_6.6.0
[    3.889489] VFS: Dquot-cache hash table entries: 512 (order 0, 4096 bytes)
[    3.893343] FS-Cache: Loaded
[    3.904659] CacheFiles: Loaded
[    3.910130] AppArmor: AppArmor Filesystem Enabled
[    3.912768] pnp: PnP ACPI init
[    3.931833] pnp: PnP ACPI: found 6 devices
[    4.037120] NET: Registered protocol family 2
[    4.040596] IP idents hash table entries: 16384 (order: 5, 131072 bytes, linear)
[    4.089484] tcp_listen_portaddr_hash hash table entries: 512 (order: 1, 8192 bytes, linear)
[    4.090571] TCP established hash table entries: 8192 (order: 4, 65536 bytes, linear)
[    4.091598] TCP bind hash table entries: 8192 (order: 5, 131072 bytes, linear)
[    4.092582] TCP: Hash tables configured (established 8192 bind 8192)
[    4.097352] UDP hash table entries: 512 (order: 2, 16384 bytes, linear)
[    4.098568] UDP-Lite hash table entries: 512 (order: 2, 16384 bytes, linear)
[    4.104460] NET: Registered protocol family 1
[    4.116712] RPC: Registered named UNIX socket transport module.
[    4.117265] RPC: Registered udp transport module.
[    4.117457] RPC: Registered tcp transport module.
[    4.117633] RPC: Registered tcp NFSv4.1 backchannel transport module.
[    4.118110] NET: Registered protocol family 44
[    4.120516] pci_bus 0000:00: resource 4 [io  0x0000-0x0cf7 window]
[    4.120785] pci_bus 0000:00: resource 5 [io  0x0d00-0xffff window]
[    4.121121] pci_bus 0000:00: resource 6 [mem 0x000a0000-0x000bffff window]
[    4.121369] pci_bus 0000:00: resource 7 [mem 0x40000000-0xfebfffff window]
[    4.121593] pci_bus 0000:00: resource 8 [mem 0x100000000-0x17fffffff window]
[    4.123321] pci 0000:00:01.0: PIIX3: Enabling Passive Release
[    4.123788] pci 0000:00:00.0: Limiting direct PCI/PCI transfers
[    4.124857] pci 0000:00:01.0: Activating ISA DMA hang workarounds
[    4.126619] pci 0000:00:02.0: Video device with shadowed ROM at [mem 0x000c0000-0x000dffff]
[    4.127628] PCI: CLS 0 bytes, default 64
[    4.145237] Trying to unpack rootfs image as initramfs...
[    4.443025] Freeing initrd memory: 1692K
[    4.446011] kvm: no hardware support
[    4.452145] kvm: Nested Virtualization enabled
[    4.453035] SVM: kvm: Nested Paging disabled
[    4.470076] check: Scanning for low memory corruption every 60 seconds
[    4.482191] Initialise system trusted keyrings
[    4.488403] Key type blacklist registered
[    4.490740] workingset: timestamp_bits=40 max_order=18 bucket_order=0
[    4.535074] squashfs: version 4.0 (2009/01/31) Phillip Lougher
[    4.539561] FS-Cache: Netfs 'nfs' registered for caching
[    4.550730] NFS: Registering the id_resolver key type
[    4.551730] Key type id_resolver registered
[    4.552084] Key type id_legacy registered
[    4.553478] nfs4filelayout_init: NFSv4 File Layout Driver Registering...
[    4.554725] nfs4flexfilelayout_init: NFSv4 Flexfile Layout Driver Registering...
[    4.555151] Installing knfsd (copyright (C) 1996 okir@monad.swb.de).
[    4.573157] Key type cifs.spnego registered
[    4.573775] Key type cifs.idmap registered
[    4.574254] ntfs: driver 2.1.32 [Flags: R/O].
[    4.578444] fuse: init (API version 7.32)
[    4.585499] SGI XFS with ACLs, security attributes, quota, no debug enabled
[    4.600067] 9p: Installing v9fs 9p2000 file system support
[    4.605482] integrity: Platform Keyring initialized
[    4.656870] NET: Registered protocol family 38
[    4.657769] xor: measuring software checksum speed
[    4.682642]    prefetch64-sse  :   459 MB/sec
[    4.709265]    generic_sse     :   402 MB/sec
[    4.709603] xor: using function: prefetch64-sse (459 MB/sec)
[    4.710226] Key type asymmetric registered
[    4.710719] Asymmetric key parser 'x509' registered
[    4.711607] Block layer SCSI generic (bsg) driver version 0.4 loaded (major 248)
[    4.713725] io scheduler mq-deadline registered
[    4.714290] io scheduler kyber registered
[    4.715794] io scheduler bfq registered
[    4.728706] input: Power Button as /devices/LNXSYSTM:00/LNXPWRBN:00/input/input0
[    4.740275] bad_dst_dbg slub __slab_free_state cache=kmalloc-256 page=ffffea0000189480 pfn=6252 head=ffff888006252600 cnt=1 prior=0000000000000000 old_inuse=16 new_inuse=15 was_frozen=1 new_frozen=1 objects=16 cpu=0
[    4.741850] bad_dst_dbg slub __slab_free_state cache=kmalloc-256 page=ffffea0000189480 pfn=6252 head=ffff888006252200 cnt=1 prior=ffff888006252600 old_inuse=15 new_inuse=14 was_frozen=1 new_frozen=1 objects=16 cpu=0
[    4.742634] ACPI: Power Button [PWRF]
[    4.755420] Serial: 8250/16550 driver, 4 ports, IRQ sharing disabled
[    4.761489] 00:04: ttyS0 at I/O 0x3f8 (irq = 4, base_baud = 115200) is a 16550A
[    4.775303] Non-volatile memory driver v1.3
[    4.777696] AMD-Vi: AMD IOMMUv2 functionality not available on this system - This is not a bug.
[    4.877257] brd: module loaded
[    4.986352] loop: module loaded
[    4.991324] zram: Added device: zram0
[    4.992490] Guest personality initialized and is inactive
[    4.995093] VMCI host device registered (name=vmci, major=10, minor=62)
[    4.995414] Initialized host personality
[    4.997179] Loading iSCSI transport class v2.0-870.
[    5.003113] iscsi: registered transport (tcp)
[    5.004210] VMware PVSCSI driver - version 1.0.7.0-k
[    5.004778] hv_vmbus: registering driver hv_storvsc
[    5.041691] scsi host0: ata_piix
[    5.050521] scsi host1: ata_piix
[    5.052341] ata1: PATA max MWDMA2 cmd 0x1f0 ctl 0x3f6 bmdma 0xc000 irq 14
[    5.052723] ata2: PATA max MWDMA2 cmd 0x170 ctl 0x376 bmdma 0xc008 irq 15
[    5.070021] Rounding down aligned max_sectors from 4294967295 to 4294967288
[    5.073681] db_root: cannot open: /etc/target
[    5.123455] wireguard: WireGuard 1.0.0 loaded. See www.wireguard.com for information.
[    5.123825] wireguard: Copyright (C) 2015-2019 Jason A. Donenfeld <Jason@zx2c4.com>. All Rights Reserved.
[    5.135501] tun: Universal TUN/TAP device driver, 1.6
[    5.141597] ixgbevf: Intel(R) 10 Gigabit PCI Express Virtual Function Network Driver
[    5.142169] ixgbevf: Copyright (c) 2009 - 2018 Intel Corporation.
[    5.144576] PPP generic driver version 2.4.2
[    5.146650] VMware vmxnet3 virtual NIC driver - version 1.5.0.0-k-NAPI
[    5.147488] hv_vmbus: registering driver hv_netvsc
[    5.149818] VFIO - User Level meta-driver version: 0.3
[    5.162368] i8042: PNP: PS/2 Controller [PNP0303:KBD,PNP0f13:MOU] at 0x60,0x64 irq 1,12
[    5.171462] serio: i8042 KBD port at 0x60,0x64 irq 1
[    5.173506] serio: i8042 AUX port at 0x60,0x64 irq 12
[    5.175106] hv_vmbus: registering driver hyperv_keyboard
[    5.181221] rtc_cmos 00:05: RTC can wake from S4
[    5.191573] input: AT Translated Set 2 keyboard as /devices/platform/i8042/serio0/input/input2
[    5.192700] rtc_cmos 00:05: registered as rtc0
[    5.195057] rtc_cmos 00:05: alarms up to one day, y3k, 242 bytes nvram, hpet irqs
[    5.196294] iTCO_wdt: Intel TCO WatchDog Timer Driver v1.11
[    5.196711] iTCO_vendor_support: vendor-support=0
[    5.208779] device-mapper: ioctl: 4.43.0-ioctl (2020-10-01) initialised: dm-devel@redhat.com
[    5.216283] device-mapper: multipath round-robin: version 1.2.0 loaded
[    5.216741] device-mapper: multipath queue-length: version 0.2.0 loaded
[    5.217259] device-mapper: multipath service-time: version 0.3.0 loaded
[    5.217616] device-mapper: multipath historical-service-time: version 0.1.1 loaded
[    5.219880] device-mapper: raid: Loading target version 1.15.1
[    5.241246] hv_utils: Registering HyperV Utility Driver
[    5.241570] ata2.00: ATAPI: QEMU DVD-ROM, 2.5+, max UDMA/100
[    5.241582] hv_vmbus: registering driver hv_utils
[    5.242463] hv_vmbus: registering driver hv_balloon
[    5.245785] GACT probability NOT on
[    5.247235] Mirror/redirect action on
[    5.255214] netem: version 1.3
[    5.256263] u32 classifier
[    5.256440]     input device check on
[    5.256617]     Actions configured
[    5.259147] bad_dst_dbg slub __slab_free_state cache=kmalloc-256 page=ffffea0000198600 pfn=6618 head=ffff888006618600 cnt=1 prior=0000000000000000 old_inuse=16 new_inuse=15 was_frozen=0 new_frozen=1 objects=16 cpu=0
[    5.260385] bad_dst_dbg slub put_cpu_partial cache=kmalloc-256 page=ffffea0000198600 pfn=6618 drain=1 pages=1 pobjects=1 inuse=15 objects=16 cpu=0
[    5.276372] bad_dst_dbg slub __slab_free_state cache=kmalloc-256 page=ffffea0000198ac0 pfn=662b head=ffff88800662b900 cnt=2 prior=0000000000000000 old_inuse=16 new_inuse=14 was_frozen=0 new_frozen=1 objects=16 cpu=1
[    5.277466] bad_dst_dbg slub put_cpu_partial cache=kmalloc-256 page=ffffea0000198ac0 pfn=662b drain=1 pages=1 pobjects=2 inuse=14 objects=16 cpu=1
[    5.278238] bad_dst_dbg slub __slab_free_state cache=kmalloc-256 page=ffffea0000197a80 pfn=65ea head=ffff8880065ea100 cnt=1 prior=0000000000000000 old_inuse=16 new_inuse=15 was_frozen=0 new_frozen=1 objects=16 cpu=1
[    5.279272] bad_dst_dbg slub put_cpu_partial cache=kmalloc-256 page=ffffea0000197a80 pfn=65ea drain=1 pages=2 pobjects=3 inuse=15 objects=16 cpu=1
[    5.280302] scsi 1:0:0:0: CD-ROM            QEMU     QEMU DVD-ROM     2.5+ PQ: 0 ANSI: 5
[    5.284531] xt_time: kernel timezone is -0000
[    5.286165] bad_dst_dbg slub __slab_free_state cache=kmalloc-256 page=ffffea000019afc0 pfn=66bf head=ffff8880066bf200 cnt=4 prior=0000000000000000 old_inuse=16 new_inuse=12 was_frozen=0 new_frozen=1 objects=16 cpu=0
[    5.287270] bad_dst_dbg slub put_cpu_partial cache=kmalloc-256 page=ffffea000019afc0 pfn=66bf drain=1 pages=1 pobjects=4 inuse=12 objects=16 cpu=0
[    5.288146] bad_dst_dbg slub __slab_free_state cache=kmalloc-256 page=ffffea000019a040 pfn=6681 head=ffff888006681000 cnt=1 prior=0000000000000000 old_inuse=16 new_inuse=15 was_frozen=1 new_frozen=1 objects=16 cpu=0
[    5.290010] IPVS: Registered protocols (TCP, UDP, SCTP, AH, ESP)
[    5.291247] IPVS: Connection hash table configured (size=4096, memory=64Kbytes)
[    5.295672] IPVS: ipvs loaded.
[    5.296381] IPVS: [rr] scheduler registered.
[    5.296690] IPVS: [wrr] scheduler registered.
[    5.297009] IPVS: [lc] scheduler registered.
[    5.297235] IPVS: [wlc] scheduler registered.
[    5.297409] IPVS: [fo] scheduler registered.
[    5.297551] IPVS: [ovf] scheduler registered.
[    5.298100] IPVS: [lblc] scheduler registered.
[    5.298541] IPVS: [lblcr] scheduler registered.
[    5.298739] IPVS: [dh] scheduler registered.
[    5.299024] IPVS: [sh] scheduler registered.
[    5.299206] IPVS: [sed] scheduler registered.
[    5.299364] IPVS: [nq] scheduler registered.
[    5.300668] IPVS: ftp: loaded support on port[0] = 21
[    5.301428] IPVS: [sip] pe registered.
[    5.302570] ipip: IPv4 and MPLS over IPv4 tunneling driver
[    5.305126] bad_dst_dbg slub __slab_free_state cache=kmalloc-256 page=ffffea0000198600 pfn=6618 head=ffff888006618600 cnt=1 prior=0000000000000000 old_inuse=16 new_inuse=15 was_frozen=0 new_frozen=1 objects=16 cpu=0
[    5.305730] bad_dst_dbg slub put_cpu_partial cache=kmalloc-256 page=ffffea0000198600 pfn=6618 drain=1 pages=2 pobjects=5 inuse=15 objects=16 cpu=0
[    5.306405] bad_dst_dbg slub __slab_free_state cache=kmalloc-256 page=ffffea000019afc0 pfn=66bf head=ffff8880066bf000 cnt=4 prior=ffff8880066bf200 old_inuse=12 new_inuse=8 was_frozen=1 new_frozen=1 objects=16 cpu=0
[    5.312060] gre: GRE over IPv4 demultiplexor driver
[    5.312395] ip_gre: GRE over IPv4 tunneling driver
[    5.314769] sr 1:0:0:0: [sr0] scsi3-mmc drive: 4x/4x cd/rw xa/form2 tray
[    5.315741] cdrom: Uniform CD-ROM driver Revision: 3.20
[    5.335809] ipt_CLUSTERIP: ClusterIP Version 0.8 loaded successfully
[    5.341375] Initializing XFRM netlink socket
[    5.342400] IPsec XFRM device driver
[    5.346672] bad_dst_dbg slub __slab_free_state cache=kmalloc-256 page=ffffea000019a040 pfn=6681 head=ffff888006681d00 cnt=1 prior=0000000000000000 old_inuse=16 new_inuse=15 was_frozen=0 new_frozen=1 objects=16 cpu=1
[    5.347120] NET: Registered protocol family 10
[    5.347678] bad_dst_dbg slub put_cpu_partial cache=kmalloc-256 page=ffffea000019a040 pfn=6681 drain=1 pages=1 pobjects=1 inuse=15 objects=16 cpu=1
[    5.378658] Segment Routing with IPv6
[    5.394657] ip6_gre: GRE over IPv6 tunneling driver
[    5.399822] NET: Registered protocol family 17
[    5.401031] NET: Registered protocol family 15
[    5.403399] Bridge firewalling registered
[    5.410197] RPC: Registered rdma transport module.
[    5.410454] RPC: Registered rdma backchannel transport module.
[    5.412611] 8021q: 802.1Q VLAN Support v1.8
[    5.423834] 9pnet: Installing 9P2000 support
[    5.425322] Key type dns_resolver registered
[    5.427584] NET: Registered protocol family 40
[    5.440532] IPI shorthand broadcast: enabled
[    5.444032] registered taskstats version 1
[    5.444573] Loading compiled-in X.509 certificates
[    5.500666] Loaded X.509 cert 'Build time autogenerated kernel key: 4504323df522a808911f4e0c6cd5fa52b82306a3'
[    5.504855] AppArmor: AppArmor sha1 policy hashing enabled
[    5.507172] ima: No TPM chip found, activating TPM-bypass!
[    5.507650] ima: Allocated hash algorithm: sha256
[    5.514745] ima: No architecture policies found
[    5.524079] PM:   Magic number: 10:238:979
[    5.528448] Unstable clock detected, switching default tracing clock to "global"
[    5.528448] If you want to keep using the local clock, then add:
[    5.528448]   "trace_clock=local"
[    5.528448] on the kernel command line
[    5.542817] integrity: Unable to open file: /etc/ima/pubkey.x509 (-2)
[    5.574855] Freeing unused decrypted memory: 2036K
[    5.770367] Freeing unused kernel image (initmem) memory: 1904K
[    5.771385] Write protecting the kernel read-only data: 36864k
[    5.772693] rmqueue_pcplist: 4366 callbacks suppressed
[    5.772802] bad_dst_dbg page_alloc pcp_alloc page=ffffea000019fe40 pfn=67f9 mt=0 pcp_count=429 zone=DMA32 cpu=0
[    5.777560] bad_dst_dbg page_alloc pcp_alloc page=ffffea00001a1740 pfn=685d mt=0 pcp_count=428 zone=DMA32 cpu=0
[    5.783572] Freeing unused kernel image (text/rodata gap) memory: 2024K
[    5.784123] bad_dst_dbg page_alloc pcp_alloc page=ffffea00001a1e40 pfn=6879 mt=0 pcp_count=429 zone=DMA32 cpu=0
[    5.784722] bad_dst_dbg page_alloc pcp_alloc page=ffffea00001a0700 pfn=681c mt=0 pcp_count=428 zone=DMA32 cpu=0
[    5.787957] Freeing unused kernel image (rodata/data gap) memory: 916K
[    5.788816] Run /init as init process
[    5.789883] bad_dst_dbg page_alloc pcp_alloc page=ffffea00001a0740 pfn=681d mt=0 pcp_count=404 zone=DMA32 cpu=0
[    5.794215] bad_dst_dbg page_alloc pcp_alloc page=ffffea0000121280 pfn=484a mt=0 pcp_count=403 zone=DMA32 cpu=0
[    5.795061] bad_dst_dbg page_alloc pcp_alloc page=ffffea00001212c0 pfn=484b mt=0 pcp_count=402 zone=DMA32 cpu=0
[    5.795900] bad_dst_dbg page_alloc pcp_alloc page=ffffea000019fe80 pfn=67fa mt=0 pcp_count=401 zone=DMA32 cpu=0
[    5.796630] bad_dst_dbg page_alloc pcp_alloc page=ffffea000019fec0 pfn=67fb mt=0 pcp_count=400 zone=DMA32 cpu=0
[    5.797400] bad_dst_dbg page_alloc pcp_alloc page=ffffea00001a1e80 pfn=687a mt=0 pcp_count=399 zone=DMA32 cpu=0
[    5.832409] free_unref_page_commit: 2404 callbacks suppressed
[    5.832459] bad_dst_dbg page_alloc pcp_free page=ffffea00001212c0 pfn=484b mt=0 pcp_count=397 pcp_high=378 zone=DMA32 cpu=0
[    5.832985] bad_dst_dbg page_alloc pcp_free page=ffffea000019fe80 pfn=67fa mt=0 pcp_count=335 pcp_high=378 zone=DMA32 cpu=0
[    5.998709] bad_dst_dbg page_alloc pcp_free page=ffffea00001a04c0 pfn=6813 mt=0 pcp_count=295 pcp_high=378 zone=DMA32 cpu=1
[    5.998904] bad_dst_dbg page_alloc pcp_free page=ffffea00001a1900 pfn=6864 mt=0 pcp_count=296 pcp_high=378 zone=DMA32 cpu=1
[    5.998904] bad_dst_dbg page_alloc pcp_free page=ffffea00001a1940 pfn=6865 mt=0 pcp_count=297 pcp_high=378 zone=DMA32 cpu=1
[    5.998904] bad_dst_dbg page_alloc pcp_free page=ffffea000019ffc0 pfn=67ff mt=0 pcp_count=298 pcp_high=378 zone=DMA32 cpu=1
[    5.998904] bad_dst_dbg page_alloc pcp_free page=ffffea00001a0400 pfn=6810 mt=0 pcp_count=299 pcp_high=378 zone=DMA32 cpu=1
[    5.998904] bad_dst_dbg page_alloc pcp_free page=ffffea00001a0480 pfn=6812 mt=0 pcp_count=300 pcp_high=378 zone=DMA32 cpu=1
[    5.998904] bad_dst_dbg page_alloc pcp_free page=ffffea00001a0440 pfn=6811 mt=0 pcp_count=301 pcp_high=378 zone=DMA32 cpu=1
[    5.998904] bad_dst_dbg page_alloc pcp_free page=ffffea00001a1200 pfn=6848 mt=0 pcp_count=302 pcp_high=378 zone=DMA32 cpu=1
testvm busybox initrd ready
+ mkdir -p /dev/binderfs
+ mount -t binder binder /dev/binderfs
+ ln -sf /dev/binderfs/binder /dev/binder
+ ln -sf /dev/binderfs/hwbinder /dev/hwbinder
+ ln -sf /dev/binderfs/vndbinder /dev/vndbinder
+ exec /badnode
Starting static exploit...
root payload: local shell
[    6.667091] bad_dst_dbg slub put_cpu_partial cache=kmalloc-256 page=ffffea00001a56c0 pfn=695b drain=1 pages=1 pobjects=1 inuse=15 objects=16 cpu=0
Opened file descriptors...
[   10.790244] rmqueue_pcplist: 1580 callbacks suppressed
[   10.790297] bad_dst_dbg page_alloc pcp_alloc page=ffffea00001aa840 pfn=6aa1 mt=0 pcp_count=293 zone=DMA32 cpu=0
[   10.814300] bad_dst_dbg page_alloc pcp_alloc page=ffffea00001aa880 pfn=6aa2 mt=0 pcp_count=292 zone=DMA32 cpu=0
[   10.836477] bad_dst_dbg page_alloc pcp_alloc page=ffffea00001aa8c0 pfn=6aa3 mt=0 pcp_count=291 zone=DMA32 cpu=0
[   10.859655] bad_dst_dbg page_alloc pcp_alloc page=ffffea00001aa900 pfn=6aa4 mt=0 pcp_count=290 zone=DMA32 cpu=0
[   10.882822] bad_dst_dbg page_alloc pcp_alloc page=ffffea00001aa940 pfn=6aa5 mt=0 pcp_count=289 zone=DMA32 cpu=0
[   10.905661] bad_dst_dbg page_alloc pcp_alloc page=ffffea00001aa980 pfn=6aa6 mt=0 pcp_count=288 zone=DMA32 cpu=0
[   10.928537] bad_dst_dbg page_alloc pcp_alloc page=ffffea00001aa9c0 pfn=6aa7 mt=0 pcp_count=287 zone=DMA32 cpu=0
[   10.950164] bad_dst_dbg page_alloc pcp_alloc page=ffffea00001aaa00 pfn=6aa8 mt=0 pcp_count=286 zone=DMA32 cpu=0
[   10.971371] bad_dst_dbg page_alloc pcp_alloc page=ffffea00001aaa40 pfn=6aa9 mt=0 pcp_count=285 zone=DMA32 cpu=0
[   10.991797] bad_dst_dbg page_alloc pcp_alloc page=ffffea00001aaa80 pfn=6aaa mt=0 pcp_count=284 zone=DMA32 cpu=0
[   15.793229] rmqueue_pcplist: 274 callbacks suppressed
[   15.793288] bad_dst_dbg page_alloc pcp_alloc page=ffffea00001aef40 pfn=6bbd mt=0 pcp_count=261 zone=DMA32 cpu=0
[   15.812198] bad_dst_dbg page_alloc pcp_alloc page=ffffea00001aef80 pfn=6bbe mt=0 pcp_count=260 zone=DMA32 cpu=0
[   15.830548] bad_dst_dbg page_alloc pcp_alloc page=ffffea00001aefc0 pfn=6bbf mt=0 pcp_count=259 zone=DMA32 cpu=0
[   15.848721] bad_dst_dbg page_alloc pcp_alloc page=ffffea00001af000 pfn=6bc0 mt=0 pcp_count=258 zone=DMA32 cpu=0
[   15.869128] bad_dst_dbg page_alloc pcp_alloc page=ffffea00001af040 pfn=6bc1 mt=0 pcp_count=257 zone=DMA32 cpu=0
[   15.887914] bad_dst_dbg page_alloc pcp_alloc page=ffffea00001af080 pfn=6bc2 mt=0 pcp_count=256 zone=DMA32 cpu=0
[   15.909323] bad_dst_dbg page_alloc pcp_alloc page=ffffea00001af0c0 pfn=6bc3 mt=0 pcp_count=255 zone=DMA32 cpu=0
[   15.928716] bad_dst_dbg page_alloc pcp_alloc page=ffffea00001af100 pfn=6bc4 mt=0 pcp_count=254 zone=DMA32 cpu=0
[   15.931167] bad_dst_dbg page_alloc pcp_alloc page=ffffea00001af140 pfn=6bc5 mt=0 pcp_count=253 zone=DMA32 cpu=0
[   15.937580] bad_dst_dbg page_alloc pcp_alloc page=ffffea00001af180 pfn=6bc6 mt=0 pcp_count=252 zone=DMA32 cpu=0
Allocated from binder allocator...
Created gaps in binder allocator...
[   18.722507] __slab_free: 11 callbacks suppressed
[   18.722583] bad_dst_dbg slub __slab_free_state cache=kmalloc-256 page=ffffea00001a7500 pfn=69d4 head=ffff8880069d4e00 cnt=1 prior=0000000000000000 old_inuse=16 new_inuse=15 was_frozen=1 new_frozen=1 objects=16 cpu=1
[   18.722757] bad_dst_dbg slub __slab_free_state cache=kmalloc-256 page=ffffea00001a3b40 pfn=68ed head=ffff8880068ede00 cnt=1 prior=ffff8880068edb00 old_inuse=13 new_inuse=12 was_frozen=1 new_frozen=1 objects=16 cpu=0
[   19.639927] free_unref_page_commit: 970 callbacks suppressed
[   19.639927] bad_dst_dbg page_alloc pcp_free page=ffffea00000ce080 pfn=3382 mt=1 pcp_count=199 pcp_high=378 zone=DMA32 cpu=0
[   19.639927] bad_dst_dbg page_alloc pcp_free page=ffffea00000ce0c0 pfn=3383 mt=1 pcp_count=200 pcp_high=378 zone=DMA32 cpu=0
[   19.639927] bad_dst_dbg page_alloc pcp_free page=ffffea00000ce100 pfn=3384 mt=1 pcp_count=201 pcp_high=378 zone=DMA32 cpu=0
[   19.639927] bad_dst_dbg page_alloc pcp_free page=ffffea00000ce140 pfn=3385 mt=1 pcp_count=202 pcp_high=378 zone=DMA32 cpu=0
[   19.639927] bad_dst_dbg page_alloc pcp_free page=ffffea00000ce180 pfn=3386 mt=1 pcp_count=203 pcp_high=378 zone=DMA32 cpu=0
[   19.639927] bad_dst_dbg page_alloc pcp_free page=ffffea00000ce1c0 pfn=3387 mt=1 pcp_count=204 pcp_high=378 zone=DMA32 cpu=0
[   19.639927] bad_dst_dbg page_alloc pcp_free page=ffffea00000ce200 pfn=3388 mt=1 pcp_count=205 pcp_high=378 zone=DMA32 cpu=0
[   19.639927] bad_dst_dbg page_alloc pcp_free page=ffffea00000ce240 pfn=3389 mt=1 pcp_count=206 pcp_high=378 zone=DMA32 cpu=0
[   19.650252] bad_dst_dbg page_alloc pcp_free page=ffffea00000cdc40 pfn=3371 mt=1 pcp_count=207 pcp_high=378 zone=DMA32 cpu=0
[   19.650707] bad_dst_dbg page_alloc pcp_free page=ffffea00000cdc80 pfn=3372 mt=1 pcp_count=208 pcp_high=378 zone=DMA32 cpu=0
[   20.163787] binder: 156:156 got transaction with invalid offset (56, min 24 max 48) or object.
[   20.165496] binder: 156:156 transaction failed 29201/-22, size 48-16 line 3242
[   20.166378] binder: 156:156 got transaction with invalid offset (56, min 24 max 48) or object.
[   20.166701] binder: 156:156 transaction failed 29201/-22, size 48-16 line 3242
[   20.167237] binder: 156:156 got transaction with invalid offset (56, min 24 max 48) or object.
[   20.167541] binder: 156:156 transaction failed 29201/-22, size 48-16 line 3242
[   20.167849] binder: 156:156 got transaction with invalid offset (56, min 24 max 48) or object.
[   20.168244] binder: 156:156 transaction failed 29201/-22, size 48-16 line 3242
[   20.168562] binder: 156:156 got transaction with invalid offset (56, min 24 max 48) or object.
[   20.168973] binder: 156:156 transaction failed 29201/-22, size 48-16 line 3242
[   20.169325] binder: 156:156 got transaction with invalid offset (56, min 24 max 48) or object.
[   20.169636] binder: 156:156 transaction failed 29201/-22, size 48-16 line 3242
[   20.170094] binder: 156:156 got transaction with invalid offset (56, min 24 max 48) or object.
[   20.170382] binder: 156:156 transaction failed 29201/-22, size 48-16 line 3242
[   20.170672] binder: 156:156 got transaction with invalid offset (56, min 24 max 48) or object.
[   20.171091] binder: 156:156 transaction failed 29201/-22, size 48-16 line 3242
[   20.171430] binder: 156:156 got transaction with invalid offset (56, min 24 max 48) or object.
[   20.171696] binder: 156:156 transaction failed 29201/-22, size 48-16 line 3242
[   20.172099] binder: 156:156 got transaction with invalid offset (56, min 24 max 48) or object.
[   20.172382] binder: 156:156 transaction failed 29201/-22, size 48-16 line 3242
[   20.549379] bad_dst_dbg slub __slab_free_state cache=kmalloc-256 page=ffffea00001a7500 pfn=69d4 head=ffff8880069d4a00 cnt=1 prior=0000000000000000 old_inuse=16 new_inuse=15 was_frozen=0 new_frozen=1 objects=16 cpu=0
[   20.550156] bad_dst_dbg slub put_cpu_partial cache=kmalloc-256 page=ffffea00001a7500 pfn=69d4 drain=1 pages=1 pobjects=1 inuse=15 objects=16 cpu=0
UAF nodes done...
Reclaimed with ep_item...
[   20.570731] bad_dst_dbg slub __slab_free_state cache=kmalloc-256 page=ffffea00001a7500 pfn=69d4 head=ffff8880069d4b00 cnt=1 prior=ffff8880069d4a00 old_inuse=15 new_inuse=14 was_frozen=1 new_frozen=1 objects=16 cpu=0
[   20.571716] bad_dst_dbg slub __slab_free_state cache=kmalloc-256 page=ffffea00001a7500 pfn=69d4 head=ffff8880069d4200 cnt=1 prior=ffff8880069d4b00 old_inuse=14 new_inuse=13 was_frozen=1 new_frozen=1 objects=16 cpu=0
[   20.572448] bad_dst_dbg slub __slab_free_state cache=kmalloc-256 page=ffffea00001a7500 pfn=69d4 head=ffff8880069d4600 cnt=1 prior=ffff8880069d4200 old_inuse=13 new_inuse=12 was_frozen=1 new_frozen=1 objects=16 cpu=0
[   20.573147] bad_dst_dbg slub __slab_free_state cache=kmalloc-256 page=ffffea00001a7500 pfn=69d4 head=ffff8880069d4800 cnt=1 prior=ffff8880069d4600 old_inuse=12 new_inuse=11 was_frozen=1 new_frozen=1 objects=16 cpu=0
[   20.573753] bad_dst_dbg slub __slab_free_state cache=kmalloc-256 page=ffffea00001a7500 pfn=69d4 head=ffff8880069d4e00 cnt=1 prior=ffff8880069d4800 old_inuse=11 new_inuse=10 was_frozen=1 new_frozen=1 objects=16 cpu=0
[   20.574456] bad_dst_dbg slub __slab_free_state cache=kmalloc-256 page=ffffea00001b61c0 pfn=6d87 head=ffff888006d87c00 cnt=1 prior=0000000000000000 old_inuse=16 new_inuse=15 was_frozen=0 new_frozen=1 objects=16 cpu=0
[   20.575154] bad_dst_dbg slub put_cpu_partial cache=kmalloc-256 page=ffffea00001b61c0 pfn=6d87 drain=1 pages=2 pobjects=2 inuse=15 objects=16 cpu=0
[   20.575601] bad_dst_dbg slub __slab_free_state cache=kmalloc-256 page=ffffea00001b61c0 pfn=6d87 head=ffff888006d87b00 cnt=1 prior=ffff888006d87c00 old_inuse=15 new_inuse=14 was_frozen=1 new_frozen=1 objects=16 cpu=0
[   20.576539] bad_dst_dbg slub put_cpu_partial cache=kmalloc-256 page=ffffea00001b6200 pfn=6d88 drain=1 pages=3 pobjects=3 inuse=15 objects=16 cpu=0
[   20.577328] bad_dst_dbg slub put_cpu_partial cache=kmalloc-256 page=ffffea00001b6240 pfn=6d89 drain=1 pages=4 pobjects=4 inuse=15 objects=16 cpu=0
[   20.578053] bad_dst_dbg slub put_cpu_partial cache=kmalloc-256 page=ffffea00001b6280 pfn=6d8a drain=1 pages=5 pobjects=5 inuse=15 objects=16 cpu=0
[   20.578666] bad_dst_dbg slub put_cpu_partial cache=kmalloc-256 page=ffffea00001b62c0 pfn=6d8b drain=1 pages=6 pobjects=6 inuse=15 objects=16 cpu=0
[   20.579422] bad_dst_dbg slub put_cpu_partial cache=kmalloc-256 page=ffffea00001b6300 pfn=6d8c drain=1 pages=7 pobjects=7 inuse=15 objects=16 cpu=0
[   20.580202] bad_dst_dbg slub put_cpu_partial cache=kmalloc-256 page=ffffea00001b6340 pfn=6d8d drain=1 pages=8 pobjects=8 inuse=15 objects=16 cpu=0
[   20.580815] bad_dst_dbg slub put_cpu_partial cache=kmalloc-256 page=ffffea00001b6380 pfn=6d8e drain=1 pages=9 pobjects=9 inuse=15 objects=16 cpu=0
[   20.581513] bad_dst_dbg slub put_cpu_partial cache=kmalloc-256 page=ffffea00001b63c0 pfn=6d8f drain=1 pages=10 pobjects=10 inuse=15 objects=16 cpu=0
[   20.583570] bad_dst_dbg slub unfreeze_empty_retained cache=kmalloc-256 page=ffffea00001b64c0 pfn=6d93 nr_partial=0 min_partial=5 objects=16 cpu=0
[   20.583908] bad_dst_dbg slub unfreeze_empty_retained cache=kmalloc-256 page=ffffea00001b6480 pfn=6d92 nr_partial=1 min_partial=5 objects=16 cpu=0
[   20.583908] bad_dst_dbg slub unfreeze_empty_retained cache=kmalloc-256 page=ffffea00001b6440 pfn=6d91 nr_partial=2 min_partial=5 objects=16 cpu=0
[   20.583908] bad_dst_dbg slub unfreeze_empty_retained cache=kmalloc-256 page=ffffea00001b6400 pfn=6d90 nr_partial=3 min_partial=5 objects=16 cpu=0
[   20.583908] bad_dst_dbg slub unfreeze_empty_retained cache=kmalloc-256 page=ffffea00001b63c0 pfn=6d8f nr_partial=4 min_partial=5 objects=16 cpu=0
[   20.583908] bad_dst_dbg slub unfreeze_empty_discard cache=kmalloc-256 size=256 page=ffffea00001b6380 pfn=6d8e inuse=0 objects=16 frozen=0 freelist=ffff888006d8eb00 cpu=0
[   20.583908] bad_dst_dbg slub unfreeze_empty_discard cache=kmalloc-256 size=256 page=ffffea00001b6340 pfn=6d8d inuse=0 objects=16 frozen=0 freelist=ffff888006d8dc00 cpu=0
[   20.583908] bad_dst_dbg slub unfreeze_empty_discard cache=kmalloc-256 size=256 page=ffffea00001b6300 pfn=6d8c inuse=0 objects=16 frozen=0 freelist=ffff888006d8c200 cpu=0
[   20.583908] bad_dst_dbg slub unfreeze_empty_discard cache=kmalloc-256 size=256 page=ffffea00001b62c0 pfn=6d8b inuse=0 objects=16 frozen=0 freelist=ffff888006d8bf00 cpu=0
[   20.583908] bad_dst_dbg slub unfreeze_empty_discard cache=kmalloc-256 size=256 page=ffffea00001b6280 pfn=6d8a inuse=0 objects=16 frozen=0 freelist=ffff888006d8af00 cpu=0
[   20.583908] bad_dst_dbg slub unfreeze_empty_discard cache=kmalloc-256 size=256 page=ffffea00001b6240 pfn=6d89 inuse=0 objects=16 frozen=0 freelist=ffff888006d89c00 cpu=0
[   20.583908] bad_dst_dbg slub unfreeze_empty_discard cache=kmalloc-256 size=256 page=ffffea00001b6200 pfn=6d88 inuse=0 objects=16 frozen=0 freelist=ffff888006d88300 cpu=0
[   20.583908] bad_dst_dbg slub unfreeze_empty_discard cache=kmalloc-256 size=256 page=ffffea00001b61c0 pfn=6d87 inuse=0 objects=16 frozen=0 freelist=ffff888006d87d00 cpu=0
[   20.593312] bad_dst_dbg slub unfreeze_empty_discard cache=kmalloc-256 size=256 page=ffffea00001b6880 pfn=6da2 inuse=0 objects=16 frozen=0 freelist=ffff888006da2600 cpu=0
[   20.593779] bad_dst_dbg slub unfreeze_empty_discard cache=kmalloc-256 size=256 page=ffffea00001b6840 pfn=6da1 inuse=0 objects=16 frozen=0 freelist=ffff888006da1c00 cpu=0
Could not succeed with cross cache attack
[   21.664547] rmqueue_pcplist: 5056 callbacks suppressed
[   21.664592] bad_dst_dbg page_alloc pcp_alloc page=ffffea00001ba240 pfn=6e89 mt=0 pcp_count=354 zone=DMA32 cpu=0
qemu-system-x86_64: terminating on signal 15 from pid 279118 (timeout)
