c[?7l[2J[0mSeaBIOS (version rel-1.17.0-0-gb52ca86e094d-prebuilt.qemu.org)
Booting from ROM..c[?7l[2J[    0.000000] Linux version 5.10.209+ (jack@62c9ee269a4a) (gcc (Ubuntu 10.5.0-1ubuntu1~20.04) 10.5.0, GNU ld (GNU Binutils for Ubuntu) 2.34) #1 SMP PREEMPT Tue May 26 07:30:40 UTC 2026
[    0.000000] Command line: console=ttyS0 rdinit=/init testvm_autorun=/run_badnode.sh nokaslr panic=-1
[    0.000000] BIOS-provided physical RAM map:
[    0.000000] BIOS-e820: [mem 0x0000000000000000-0x000000000009fbff] usable
[    0.000000] BIOS-e820: [mem 0x000000000009fc00-0x000000000009ffff] reserved
[    0.000000] BIOS-e820: [mem 0x00000000000f0000-0x00000000000fffff] reserved
[    0.000000] BIOS-e820: [mem 0x0000000000100000-0x000000003ffdffff] usable
[    0.000000] BIOS-e820: [mem 0x000000003ffe0000-0x000000003fffffff] reserved
[    0.000000] BIOS-e820: [mem 0x00000000fffc0000-0x00000000ffffffff] reserved
[    0.000000] BIOS-e820: [mem 0x000000fd00000000-0x000000ffffffffff] reserved
[    0.000000] NX (Execute Disable) protection: active
[    0.000000] SMBIOS 2.8 present.
[    0.000000] DMI: QEMU Standard PC (i440FX + PIIX, 1996), BIOS rel-1.17.0-0-gb52ca86e094d-prebuilt.qemu.org 04/01/2014
[    0.000000] tsc: Fast TSC calibration using PIT
[    0.000000] tsc: Detected 2303.862 MHz processor
[    0.033464] AGP: No AGP bridge found
[    0.034206] last_pfn = 0x3ffe0 max_arch_pfn = 0x400000000
[    0.037553] x86/PAT: Configuration [0-7]: WB  WC  UC- UC  WB  WP  UC- WT  
[    0.096361] found SMP MP-table at [mem 0x000f54c0-0x000f54cf]
[    0.099688] check: Scanning 1 areas for low memory corruption
[    0.111046] RAMDISK: [mem 0x3fe39000-0x3ffdffff]
[    0.111735] ACPI: Early table checksum verification disabled
[    0.112904] ACPI: RSDP 0x00000000000F52E0 000014 (v00 BOCHS )
[    0.113827] ACPI: RSDT 0x000000003FFE238A 000034 (v01 BOCHS  BXPC     00000001 BXPC 00000001)
[    0.115348] ACPI: FACP 0x000000003FFE2236 000074 (v01 BOCHS  BXPC     00000001 BXPC 00000001)
[    0.117311] ACPI: DSDT 0x000000003FFE0040 0021F6 (v01 BOCHS  BXPC     00000001 BXPC 00000001)
[    0.117611] ACPI: FACS 0x000000003FFE0000 000040
[    0.117805] ACPI: APIC 0x000000003FFE22AA 000080 (v03 BOCHS  BXPC     00000001 BXPC 00000001)
[    0.117933] ACPI: HPET 0x000000003FFE232A 000038 (v01 BOCHS  BXPC     00000001 BXPC 00000001)
[    0.118042] ACPI: WAET 0x000000003FFE2362 000028 (v01 BOCHS  BXPC     00000001 BXPC 00000001)
[    0.118292] ACPI: Reserving FACP table memory at [mem 0x3ffe2236-0x3ffe22a9]
[    0.118381] ACPI: Reserving DSDT table memory at [mem 0x3ffe0040-0x3ffe2235]
[    0.118423] ACPI: Reserving FACS table memory at [mem 0x3ffe0000-0x3ffe003f]
[    0.118459] ACPI: Reserving APIC table memory at [mem 0x3ffe22aa-0x3ffe2329]
[    0.118492] ACPI: Reserving HPET table memory at [mem 0x3ffe232a-0x3ffe2361]
[    0.118525] ACPI: Reserving WAET table memory at [mem 0x3ffe2362-0x3ffe2389]
[    0.123770] No NUMA configuration found
[    0.123867] Faking a node at [mem 0x0000000000000000-0x000000003ffdffff]
[    0.125840] NODE_DATA(0) allocated [mem 0x3fe34000-0x3fe38fff]
[    0.131714] Zone ranges:
[    0.131899]   DMA      [mem 0x0000000000001000-0x0000000000ffffff]
[    0.132047]   DMA32    [mem 0x0000000001000000-0x000000003ffdffff]
[    0.132108]   Normal   empty
[    0.132179]   Device   empty
[    0.132239] Movable zone start for each node
[    0.132338] Early memory node ranges
[    0.132442]   node   0: [mem 0x0000000000001000-0x000000000009efff]
[    0.132788]   node   0: [mem 0x0000000000100000-0x000000003ffdffff]
[    0.133339] Initmem setup node 0 [mem 0x0000000000001000-0x000000003ffdffff]
[    0.135811] On node 0, zone DMA: 1 pages in unavailable ranges
[    0.136785] On node 0, zone DMA: 97 pages in unavailable ranges
[    0.168085] On node 0, zone DMA32: 32 pages in unavailable ranges
[    0.170474] ACPI: LAPIC_NMI (acpi_id[0xff] dfl dfl lint[0x1])
[    0.171665] IOAPIC[0]: apic_id 0, version 32, address 0xfec00000, GSI 0-23
[    0.172025] ACPI: INT_SRC_OVR (bus 0 bus_irq 0 global_irq 2 dfl dfl)
[    0.172735] ACPI: INT_SRC_OVR (bus 0 bus_irq 5 global_irq 5 high level)
[    0.172868] ACPI: INT_SRC_OVR (bus 0 bus_irq 9 global_irq 9 high level)
[    0.173188] ACPI: INT_SRC_OVR (bus 0 bus_irq 10 global_irq 10 high level)
[    0.173238] ACPI: INT_SRC_OVR (bus 0 bus_irq 11 global_irq 11 high level)
[    0.173933] Using ACPI (MADT) for SMP configuration information
[    0.174121] ACPI: HPET id: 0x8086a201 base: 0xfed00000
[    0.175051] smpboot: Allowing 2 CPUs, 0 hotplug CPUs
[    0.177279] [mem 0x40000000-0xfffbffff] available for PCI devices
[    0.177416] Booting paravirtualized kernel on bare hardware
[    0.178544] clocksource: refined-jiffies: mask: 0xffffffff max_cycles: 0xffffffff, max_idle_ns: 1910969940391419 ns
[    0.221012] setup_percpu: NR_CPUS:512 nr_cpumask_bits:512 nr_cpu_ids:2 nr_node_ids:1
[    0.234902] percpu: Embedded 63 pages/cpu s221184 r8192 d28672 u1048576
[    0.240499] Built 1 zonelists, mobility grouping on.  Total pages: 257897
[    0.240582] Policy zone: DMA32
[    0.241642] Kernel command line: console=ttyS0 rdinit=/init testvm_autorun=/run_badnode.sh nokaslr panic=-1
[    0.249884] Dentry cache hash table entries: 131072 (order: 8, 1048576 bytes, linear)
[    0.252373] Inode-cache hash table entries: 65536 (order: 7, 524288 bytes, linear)
[    0.256712] mem auto-init: stack:off, heap alloc:off, heap free:off
[    0.257590] AGP: Checking aperture...
[    0.261347] AGP: No AGP bridge found
[    0.304848] Memory: 206064K/1048056K available (20501K kernel code, 3384K rwdata, 15524K rodata, 2264K init, 4480K bss, 75616K reserved, 0K cma-reserved)
[    0.319370] SLUB: HWalign=64, Order=0-3, MinObjects=0, CPUs=2, Nodes=1
[    0.327350] ftrace: allocating 58093 entries in 227 pages
[    0.610952] ftrace: allocated 227 pages with 5 groups
[    0.632311] rcu: Preemptible hierarchical RCU implementation.
[    0.632427] rcu: 	RCU restricting CPUs from NR_CPUS=512 to nr_cpu_ids=2.
[    0.632683] 	Trampoline variant of Tasks RCU enabled.
[    0.632722] 	Rude variant of Tasks RCU enabled.
[    0.632756] 	Tracing variant of Tasks RCU enabled.
[    0.633018] rcu: RCU calculated value of scheduler-enlistment delay is 100 jiffies.
[    0.633111] rcu: Adjusting geometry for rcu_fanout_leaf=16, nr_cpu_ids=2
[    0.713048] NR_IRQS: 33024, nr_irqs: 440, preallocated irqs: 16
[    0.743332] Console: colour VGA+ 80x25
[    0.764592] printk: console [ttyS0] enabled
[    0.766941] ACPI: Core revision 20200925
[    0.780107] clocksource: hpet: mask: 0xffffffff max_cycles: 0xffffffff, max_idle_ns: 19112604467 ns
[    0.794106] APIC: Switch to symmetric I/O mode setup
[    0.806346] ..TIMER: vector=0x30 apic1=0 pin1=2 apic2=-1 pin2=-1
[    0.813005] tsc: Marking TSC unstable due to TSCs unsynchronized
[    0.813927] Calibrating delay loop (skipped), value calculated using timer frequency.. 4607.72 BogoMIPS (lpj=2303862)
[    0.821648] process: using AMD E400 aware idle routine
[    0.822395] Last level iTLB entries: 4KB 512, 2MB 255, 4MB 127
[    0.822636] Last level dTLB entries: 4KB 512, 2MB 255, 4MB 127, 1GB 0
[    0.823317] Spectre V1 : Mitigation: usercopy/swapgs barriers and __user pointer sanitization
[    0.823942] Spectre V2 : Mitigation: Retpolines
[    0.824166] Spectre V2 : Spectre v2 / SpectreRSB mitigation: Filling RSB on context switch
[    0.824661] Spectre V2 : Spectre v2 / SpectreRSB : Filling RSB on VMEXIT
[    0.826571] x86/fpu: x87 FPU will use FXSAVE
[    1.135193] Freeing SMP alternatives memory: 60K
[    1.164073] pid_max: default: 32768 minimum: 301
[    1.177400] LSM: Security Framework initializing
[    1.181188] Yama: becoming mindful.
[    1.183896] LoadPin: ready to pin (currently enforcing)
[    1.192332] AppArmor: AppArmor initialized
[    1.192655] LSM support for eBPF active
[    1.194784] Mount-cache hash table entries: 2048 (order: 2, 16384 bytes, linear)
[    1.195451] Mountpoint-cache hash table entries: 2048 (order: 2, 16384 bytes, linear)
[    1.476571] smpboot: CPU0: AMD QEMU Virtual CPU version 2.5+ (family: 0xf, model: 0x6b, stepping: 0x1)
[    1.494433] Performance Events: PMU not available due to virtualization, using software events only.
[    1.499763] rcu: Hierarchical SRCU implementation.
[    1.512932] NMI watchdog: Perf NMI watchdog permanently disabled
[    1.522779] smp: Bringing up secondary CPUs ...
[    1.541529] x86: Booting SMP configuration:
[    1.542049] .... node  #0, CPUs:      #1
[    1.634196] smp: Brought up 1 node, 2 CPUs
[    1.634699] smpboot: Max logical packages: 1
[    1.634997] smpboot: Total of 2 processors activated (9239.64 BogoMIPS)
[    1.675693] node 0 deferred pages initialised in 22ms
[    1.699717] devtmpfs: initialized
[    1.709067] x86/mm: Memory block size: 128MB
[    1.726917] clocksource: jiffies: mask: 0xffffffff max_cycles: 0xffffffff, max_idle_ns: 1911260446275000 ns
[    1.728233] futex hash table entries: 512 (order: 3, 32768 bytes, linear)
[    1.741571] PM: RTC time: 17:38:39, date: 2026-05-26
[    1.762957] NET: Registered protocol family 16
[    1.772475] DMA: preallocated 128 KiB GFP_KERNEL pool for atomic allocations
[    1.772953] DMA: preallocated 128 KiB GFP_KERNEL|GFP_DMA pool for atomic allocations
[    1.773629] DMA: preallocated 128 KiB GFP_KERNEL|GFP_DMA32 pool for atomic allocations
[    1.774896] audit: initializing netlink subsys (disabled)
[    1.780716] audit: type=2000 audit(1779817118.986:1): state=initialized audit_enabled=0 res=1
[    1.787027] thermal_sys: Registered thermal governor 'step_wise'
[    1.787124] thermal_sys: Registered thermal governor 'user_space'
[    1.788524] cpuidle: using governor ladder
[    1.789202] cpuidle: using governor menu
[    1.792679] ACPI: bus type PCI registered
[    1.793075] acpiphp: ACPI Hot Plug PCI Controller Driver version: 0.5
[    1.799529] PCI: Using configuration type 1 for base access
[    1.805475] mtrr: your CPUs had inconsistent fixed MTRR settings
[    1.805819] mtrr: your CPUs had inconsistent variable MTRR settings
[    1.806098] mtrr: your CPUs had inconsistent MTRRdefType settings
[    1.806310] mtrr: probably your BIOS does not setup all CPUs.
[    1.806492] mtrr: corrected configuration.
[    1.858370] Kprobes globally optimized
[    1.867396] HugeTLB registered 2.00 MiB page size, pre-allocated 0 pages
[    1.894935] cryptd: max_cpu_qlen set to 1000
[    1.946762] raid6: sse2x4   gen()   747 MB/s
[    1.963673] raid6: sse2x4   xor()   449 MB/s
[    1.980597] raid6: sse2x2   gen()   785 MB/s
[    1.997593] raid6: sse2x2   xor()   432 MB/s
[    2.014649] raid6: sse2x1   gen()   710 MB/s
[    2.031611] raid6: sse2x1   xor()   391 MB/s
[    2.031800] raid6: using algorithm sse2x2 gen() 785 MB/s
[    2.031995] raid6: .... xor() 432 MB/s, rmw enabled
[    2.032517] raid6: using intx1 recovery algorithm
[    2.034407] ACPI: Added _OSI(Module Device)
[    2.034693] ACPI: Added _OSI(Processor Device)
[    2.034840] ACPI: Added _OSI(3.0 _SCP Extensions)
[    2.035003] ACPI: Added _OSI(Processor Aggregator Device)
[    2.035394] ACPI: Added _OSI(Linux-Dell-Video)
[    2.035531] ACPI: Added _OSI(Linux-Lenovo-NV-HDMI-Audio)
[    2.035651] ACPI: Added _OSI(Linux-HPI-Hybrid-Graphics)
[    2.073668] ACPI: 1 ACPI AML tables successfully acquired and loaded
[    2.111219] ACPI: Interpreter enabled
[    2.113100] ACPI: (supports S0 S3 S5)
[    2.113319] ACPI: Using IOAPIC for interrupt routing
[    2.114343] PCI: Using host bridge windows from ACPI; if necessary, use "pci=nocrs" and report a bug
[    2.117571] ACPI: Enabled 2 GPEs in block 00 to 0F
[    2.194571] ACPI: PCI Root Bridge [PCI0] (domain 0000 [bus 00-ff])
[    2.196277] acpi PNP0A03:00: _OSC: OS supports [ASPM ClockPM Segments MSI HPX-Type3]
[    2.198328] acpi PNP0A03:00: fail to add MMCONFIG information, can't access extended PCI configuration space under this bridge.
[    2.207289] acpiphp: Slot [3] registered
[    2.207873] acpiphp: Slot [4] registered
[    2.208408] acpiphp: Slot [5] registered
[    2.208848] acpiphp: Slot [6] registered
[    2.209240] acpiphp: Slot [7] registered
[    2.209853] acpiphp: Slot [8] registered
[    2.210395] acpiphp: Slot [9] registered
[    2.210891] acpiphp: Slot [10] registered
[    2.211356] acpiphp: Slot [11] registered
[    2.211888] acpiphp: Slot [12] registered
[    2.212284] acpiphp: Slot [13] registered
[    2.212713] acpiphp: Slot [14] registered
[    2.213178] acpiphp: Slot [15] registered
[    2.213516] acpiphp: Slot [16] registered
[    2.213812] acpiphp: Slot [17] registered
[    2.214155] acpiphp: Slot [18] registered
[    2.214647] acpiphp: Slot [19] registered
[    2.214975] acpiphp: Slot [20] registered
[    2.215372] acpiphp: Slot [21] registered
[    2.215808] acpiphp: Slot [22] registered
[    2.216207] acpiphp: Slot [23] registered
[    2.216532] acpiphp: Slot [24] registered
[    2.216924] acpiphp: Slot [25] registered
[    2.217391] acpiphp: Slot [26] registered
[    2.217848] acpiphp: Slot [27] registered
[    2.218239] acpiphp: Slot [28] registered
[    2.218704] acpiphp: Slot [29] registered
[    2.219125] acpiphp: Slot [30] registered
[    2.219509] acpiphp: Slot [31] registered
[    2.220271] PCI host bridge to bus 0000:00
[    2.221295] pci_bus 0000:00: root bus resource [io  0x0000-0x0cf7 window]
[    2.221529] pci_bus 0000:00: root bus resource [io  0x0d00-0xffff window]
[    2.221728] pci_bus 0000:00: root bus resource [mem 0x000a0000-0x000bffff window]
[    2.222005] pci_bus 0000:00: root bus resource [mem 0x40000000-0xfebfffff window]
[    2.222223] pci_bus 0000:00: root bus resource [mem 0x100000000-0x17fffffff window]
[    2.222949] pci_bus 0000:00: root bus resource [bus 00-ff]
[    2.225531] pci 0000:00:00.0: [8086:1237] type 00 class 0x060000
[    2.235345] pci 0000:00:01.0: [8086:7000] type 00 class 0x060100
[    2.237857] pci 0000:00:01.1: [8086:7010] type 00 class 0x010180
[    2.239026] pci 0000:00:01.1: reg 0x20: [io  0xc000-0xc00f]
[    2.241682] pci 0000:00:01.1: legacy IDE quirk: reg 0x10: [io  0x01f0-0x01f7]
[    2.241989] pci 0000:00:01.1: legacy IDE quirk: reg 0x14: [io  0x03f6]
[    2.242289] pci 0000:00:01.1: legacy IDE quirk: reg 0x18: [io  0x0170-0x0177]
[    2.242611] pci 0000:00:01.1: legacy IDE quirk: reg 0x1c: [io  0x0376]
[    2.245173] pci 0000:00:01.3: [8086:7113] type 00 class 0x068000
[    2.247732] pci 0000:00:01.3: quirk: [io  0x0600-0x063f] claimed by PIIX4 ACPI
[    2.248111] pci 0000:00:01.3: quirk: [io  0x0700-0x070f] claimed by PIIX4 SMB
[    2.250801] pci 0000:00:02.0: [1234:1111] type 00 class 0x030000
[    2.251571] pci 0000:00:02.0: reg 0x10: [mem 0xfd000000-0xfdffffff pref]
[    2.252571] pci 0000:00:02.0: reg 0x18: [mem 0xfebf0000-0xfebf0fff]
[    2.255571] pci 0000:00:02.0: reg 0x30: [mem 0xfebe0000-0xfebeffff pref]
[    2.266317] ACPI: PCI Interrupt Link [LNKA] (IRQs 5 *10 11)
[    2.268211] ACPI: PCI Interrupt Link [LNKB] (IRQs 5 *10 11)
[    2.269394] ACPI: PCI Interrupt Link [LNKC] (IRQs 5 10 *11)
[    2.270388] ACPI: PCI Interrupt Link [LNKD] (IRQs 5 10 *11)
[    2.270999] ACPI: PCI Interrupt Link [LNKS] (IRQs *9)
[    2.283923] iommu: Default domain type: Translated 
[    2.288405] SCSI subsystem initialized
[    2.294293] pps_core: LinuxPPS API ver. 1 registered
[    2.294501] pps_core: Software ver. 5.3.6 - Copyright 2005-2007 Rodolfo Giometti <giometti@linux.it>
[    2.294811] PTP clock support registered
[    2.318623] PCI: Using ACPI for IRQ routing
[    2.324199] hpet: 3 channels of 0 reserved for per-cpu timers
[    2.325365] hpet0: at MMIO 0xfed00000, IRQs 2, 8, 0
[    2.325667] hpet0: 3 comparators, 64-bit 100.000000 MHz counter
[    2.333542] clocksource: Switched to clocksource hpet
[    7.026051] VFS: Disk quotas dquot_6.6.0
[    7.026957] VFS: Dquot-cache hash table entries: 512 (order 0, 4096 bytes)
[    7.030815] FS-Cache: Loaded
[    7.041597] CacheFiles: Loaded
[    7.047367] AppArmor: AppArmor Filesystem Enabled
[    7.050054] pnp: PnP ACPI init
[    7.063255] pnp: PnP ACPI: found 6 devices
[    7.162291] NET: Registered protocol family 2
[    7.165174] IP idents hash table entries: 16384 (order: 5, 131072 bytes, linear)
[    7.190150] tcp_listen_portaddr_hash hash table entries: 512 (order: 1, 8192 bytes, linear)
[    7.191243] TCP established hash table entries: 8192 (order: 4, 65536 bytes, linear)
[    7.192029] TCP bind hash table entries: 8192 (order: 5, 131072 bytes, linear)
[    7.192708] TCP: Hash tables configured (established 8192 bind 8192)
[    7.196128] UDP hash table entries: 512 (order: 2, 16384 bytes, linear)
[    7.197069] UDP-Lite hash table entries: 512 (order: 2, 16384 bytes, linear)
[    7.201405] NET: Registered protocol family 1
[    7.213103] RPC: Registered named UNIX socket transport module.
[    7.213540] RPC: Registered udp transport module.
[    7.213728] RPC: Registered tcp transport module.
[    7.213888] RPC: Registered tcp NFSv4.1 backchannel transport module.
[    7.214227] NET: Registered protocol family 44
[    7.216414] pci_bus 0000:00: resource 4 [io  0x0000-0x0cf7 window]
[    7.216996] pci_bus 0000:00: resource 5 [io  0x0d00-0xffff window]
[    7.217203] pci_bus 0000:00: resource 6 [mem 0x000a0000-0x000bffff window]
[    7.217517] pci_bus 0000:00: resource 7 [mem 0x40000000-0xfebfffff window]
[    7.217752] pci_bus 0000:00: resource 8 [mem 0x100000000-0x17fffffff window]
[    7.219274] pci 0000:00:01.0: PIIX3: Enabling Passive Release
[    7.219842] pci 0000:00:00.0: Limiting direct PCI/PCI transfers
[    7.220239] pci 0000:00:01.0: Activating ISA DMA hang workarounds
[    7.221041] pci 0000:00:02.0: Video device with shadowed ROM at [mem 0x000c0000-0x000dffff]
[    7.221410] PCI: CLS 0 bytes, default 64
[    7.232322] Trying to unpack rootfs image as initramfs...
[    7.466280] Freeing initrd memory: 1692K
[    7.469281] kvm: no hardware support
[    7.473979] kvm: Nested Virtualization enabled
[    7.474670] SVM: kvm: Nested Paging disabled
[    7.488799] check: Scanning for low memory corruption every 60 seconds
[    7.508645] Initialise system trusted keyrings
[    7.513594] Key type blacklist registered
[    7.516341] workingset: timestamp_bits=40 max_order=18 bucket_order=0
[    7.558993] squashfs: version 4.0 (2009/01/31) Phillip Lougher
[    7.562977] FS-Cache: Netfs 'nfs' registered for caching
[    7.568774] NFS: Registering the id_resolver key type
[    7.569632] Key type id_resolver registered
[    7.569814] Key type id_legacy registered
[    7.571019] nfs4filelayout_init: NFSv4 File Layout Driver Registering...
[    7.572179] nfs4flexfilelayout_init: NFSv4 Flexfile Layout Driver Registering...
[    7.572679] Installing knfsd (copyright (C) 1996 okir@monad.swb.de).
[    7.588842] Key type cifs.spnego registered
[    7.589318] Key type cifs.idmap registered
[    7.589791] ntfs: driver 2.1.32 [Flags: R/O].
[    7.593221] fuse: init (API version 7.32)
[    7.597277] SGI XFS with ACLs, security attributes, quota, no debug enabled
[    7.609142] 9p: Installing v9fs 9p2000 file system support
[    7.614046] integrity: Platform Keyring initialized
[    7.654075] NET: Registered protocol family 38
[    7.654817] xor: measuring software checksum speed
[    7.675151]    prefetch64-sse  :   541 MB/sec
[    7.694172]    generic_sse     :   567 MB/sec
[    7.694550] xor: using function: generic_sse (567 MB/sec)
[    7.694937] Key type asymmetric registered
[    7.695285] Asymmetric key parser 'x509' registered
[    7.696074] Block layer SCSI generic (bsg) driver version 0.4 loaded (major 248)
[    7.698054] io scheduler mq-deadline registered
[    7.698385] io scheduler kyber registered
[    7.700221] io scheduler bfq registered
[    7.712391] input: Power Button as /devices/LNXSYSTM:00/LNXPWRBN:00/input/input0
[    7.723678] ACPI: Power Button [PWRF]
[    7.734820] Serial: 8250/16550 driver, 4 ports, IRQ sharing disabled
[    7.739923] 00:04: ttyS0 at I/O 0x3f8 (irq = 4, base_baud = 115200) is a 16550A
[    7.752761] Non-volatile memory driver v1.3
[    7.754836] AMD-Vi: AMD IOMMUv2 functionality not available on this system - This is not a bug.
[    7.839632] brd: module loaded
[    7.920841] loop: module loaded
[    7.924749] zram: Added device: zram0
[    7.925551] Guest personality initialized and is inactive
[    7.927230] VMCI host device registered (name=vmci, major=10, minor=62)
[    7.927646] Initialized host personality
[    7.928892] Loading iSCSI transport class v2.0-870.
[    7.933833] iscsi: registered transport (tcp)
[    7.934881] VMware PVSCSI driver - version 1.0.7.0-k
[    7.935426] hv_vmbus: registering driver hv_storvsc
[    7.965161] scsi host0: ata_piix
[    7.972538] scsi host1: ata_piix
[    7.973993] ata1: PATA max MWDMA2 cmd 0x1f0 ctl 0x3f6 bmdma 0xc000 irq 14
[    7.974344] ata2: PATA max MWDMA2 cmd 0x170 ctl 0x376 bmdma 0xc008 irq 15
[    7.995993] Rounding down aligned max_sectors from 4294967295 to 4294967288
[    7.999658] db_root: cannot open: /etc/target
[    8.029763] wireguard: WireGuard 1.0.0 loaded. See www.wireguard.com for information.
[    8.030052] wireguard: Copyright (C) 2015-2019 Jason A. Donenfeld <Jason@zx2c4.com>. All Rights Reserved.
[    8.039146] tun: Universal TUN/TAP device driver, 1.6
[    8.044600] ixgbevf: Intel(R) 10 Gigabit PCI Express Virtual Function Network Driver
[    8.044880] ixgbevf: Copyright (c) 2009 - 2018 Intel Corporation.
[    8.046900] PPP generic driver version 2.4.2
[    8.048921] VMware vmxnet3 virtual NIC driver - version 1.5.0.0-k-NAPI
[    8.050002] hv_vmbus: registering driver hv_netvsc
[    8.053633] VFIO - User Level meta-driver version: 0.3
[    8.058465] i8042: PNP: PS/2 Controller [PNP0303:KBD,PNP0f13:MOU] at 0x60,0x64 irq 1,12
[    8.066363] serio: i8042 KBD port at 0x60,0x64 irq 1
[    8.068068] serio: i8042 AUX port at 0x60,0x64 irq 12
[    8.069646] hv_vmbus: registering driver hyperv_keyboard
[    8.075381] rtc_cmos 00:05: RTC can wake from S4
[    8.080012] input: AT Translated Set 2 keyboard as /devices/platform/i8042/serio0/input/input1
[    8.086062] rtc_cmos 00:05: registered as rtc0
[    8.088286] rtc_cmos 00:05: alarms up to one day, y3k, 242 bytes nvram, hpet irqs
[    8.089162] iTCO_wdt: Intel TCO WatchDog Timer Driver v1.11
[    8.089611] iTCO_vendor_support: vendor-support=0
[    8.099334] device-mapper: ioctl: 4.43.0-ioctl (2020-10-01) initialised: dm-devel@redhat.com
[    8.105090] device-mapper: multipath round-robin: version 1.2.0 loaded
[    8.105542] device-mapper: multipath queue-length: version 0.2.0 loaded
[    8.105872] device-mapper: multipath service-time: version 0.3.0 loaded
[    8.106121] device-mapper: multipath historical-service-time: version 0.1.1 loaded
[    8.108140] device-mapper: raid: Loading target version 1.15.1
[    8.117957] hv_utils: Registering HyperV Utility Driver
[    8.118179] hv_vmbus: registering driver hv_utils
[    8.118366] hv_vmbus: registering driver hv_balloon
[    8.121110] GACT probability NOT on
[    8.121966] Mirror/redirect action on
[    8.124911] netem: version 1.3
[    8.125757] u32 classifier
[    8.125882]     input device check on
[    8.126055]     Actions configured
[    8.150132] ata2.00: ATAPI: QEMU DVD-ROM, 2.5+, max UDMA/100
[    8.155090] xt_time: kernel timezone is -0000
[    8.156878] IPVS: Registered protocols (TCP, UDP, SCTP, AH, ESP)
[    8.157787] IPVS: Connection hash table configured (size=4096, memory=32Kbytes)
[    8.160978] IPVS: ipvs loaded.
[    8.161424] IPVS: [rr] scheduler registered.
[    8.161795] IPVS: [wrr] scheduler registered.
[    8.161951] IPVS: [lc] scheduler registered.
[    8.162096] IPVS: [wlc] scheduler registered.
[    8.162243] IPVS: [fo] scheduler registered.
[    8.162399] IPVS: [ovf] scheduler registered.
[    8.162874] IPVS: [lblc] scheduler registered.
[    8.163239] IPVS: [lblcr] scheduler registered.
[    8.163551] IPVS: [dh] scheduler registered.
[    8.163721] IPVS: [sh] scheduler registered.
[    8.163867] IPVS: [sed] scheduler registered.
[    8.164011] IPVS: [nq] scheduler registered.
[    8.165129] IPVS: ftp: loaded support on port[0] = 21
[    8.165729] IPVS: [sip] pe registered.
[    8.166655] ipip: IPv4 and MPLS over IPv4 tunneling driver
[    8.171725] gre: GRE over IPv4 demultiplexor driver
[    8.171962] ip_gre: GRE over IPv4 tunneling driver
[    8.188450] scsi 1:0:0:0: CD-ROM            QEMU     QEMU DVD-ROM     2.5+ PQ: 0 ANSI: 5
[    8.189782] ipt_CLUSTERIP: ClusterIP Version 0.8 loaded successfully
[    8.194246] Initializing XFRM netlink socket
[    8.195198] IPsec XFRM device driver
[    8.199229] NET: Registered protocol family 10
[    8.218949] sr 1:0:0:0: [sr0] scsi3-mmc drive: 4x/4x cd/rw xa/form2 tray
[    8.219787] cdrom: Uniform CD-ROM driver Revision: 3.20
[    8.223547] Segment Routing with IPv6
[    8.236311] ip6_gre: GRE over IPv6 tunneling driver
[    8.240847] NET: Registered protocol family 17
[    8.241726] NET: Registered protocol family 15
[    8.243906] Bridge firewalling registered
[    8.248810] RPC: Registered rdma transport module.
[    8.249022] RPC: Registered rdma backchannel transport module.
[    8.251023] 8021q: 802.1Q VLAN Support v1.8
[    8.253902] 9pnet: Installing 9P2000 support
[    8.254990] Key type dns_resolver registered
[    8.256674] NET: Registered protocol family 40
[    8.263298] IPI shorthand broadcast: enabled
[    8.266626] registered taskstats version 1
[    8.267032] Loading compiled-in X.509 certificates
[    8.307083] Loaded X.509 cert 'Build time autogenerated kernel key: 1cd60f2e90dc3ac6267eb567edfb8a83d9ac13ea'
[    8.310711] AppArmor: AppArmor sha1 policy hashing enabled
[    8.312097] ima: No TPM chip found, activating TPM-bypass!
[    8.312675] ima: Allocated hash algorithm: sha256
[    8.318685] ima: No architecture policies found
[    8.330050] PM:   Magic number: 10:333:644
[    8.333890] Unstable clock detected, switching default tracing clock to "global"
[    8.333890] If you want to keep using the local clock, then add:
[    8.333890]   "trace_clock=local"
[    8.333890] on the kernel command line
[    8.350183] integrity: Unable to open file: /etc/ima/pubkey.x509 (-2)
[    8.375846] Freeing unused decrypted memory: 2036K
[    8.542808] Freeing unused kernel image (initmem) memory: 2264K
[    8.543659] Write protecting the kernel read-only data: 38912k
[    8.553447] Freeing unused kernel image (text/rodata gap) memory: 2024K
[    8.556717] Freeing unused kernel image (rodata/data gap) memory: 860K
[    8.557618] Run /init as init process
testvm busybox initrd ready
+ mkdir -p /dev/binderfs
+ mount -t binder binder /dev/binderfs
+ ln -sf /dev/binderfs/binder /dev/binder
+ ln -sf /dev/binderfs/hwbinder /dev/hwbinder
+ ln -sf /dev/binderfs/vndbinder /dev/vndbinder
+ exec /badnode
Starting static exploit...
root payload: local shell
Opened file descriptors...
Allocated from binder allocator...
Created gaps in binder allocator...
[   20.936837] binder: 156:156 got transaction with invalid offset (144, min 80 max 128) or object.
[   20.937861] binder: transaction release 32314 bad node ffffffffffffffff
[   20.938583] binder: 156:156 transaction failed 29201/-22, size 128-24 line 3545
[   20.939330] binder: 156:156 got transaction with invalid offset (144, min 80 max 128) or object.
[   20.939811] binder: transaction release 32315 bad node ffffffffffffffff
[   20.940045] binder: 156:156 transaction failed 29201/-22, size 128-24 line 3545
[   20.940414] binder: 156:156 got transaction with invalid offset (144, min 80 max 128) or object.
[   20.940934] binder: transaction release 32316 bad node ffffffffffffffff
[   20.941163] binder: 156:156 transaction failed 29201/-22, size 128-24 line 3545
[   20.941640] binder: 156:156 got transaction with invalid offset (144, min 80 max 128) or object.
[   20.941929] binder: transaction release 32317 bad node ffffffffffffffff
[   20.942143] binder: 156:156 transaction failed 29201/-22, size 128-24 line 3545
[   20.942657] binder: 156:156 got transaction with invalid offset (144, min 80 max 128) or object.
[   20.942950] binder: transaction release 32318 bad node ffffffffffffffff
[   20.943165] binder: 156:156 transaction failed 29201/-22, size 128-24 line 3545
[   20.943581] binder: 156:156 got transaction with invalid offset (144, min 80 max 128) or object.
[   20.943882] binder: transaction release 32319 bad node ffffffffffffffff
[   20.944084] binder: 156:156 transaction failed 29201/-22, size 128-24 line 3545
[   20.944376] binder: 156:156 got transaction with invalid offset (144, min 80 max 128) or object.
[   20.944811] binder: transaction release 32320 bad node ffffffffffffffff
[   20.945021] binder: 156:156 transaction failed 29201/-22, size 128-24 line 3545
[   20.945323] binder: 156:156 got transaction with invalid offset (144, min 80 max 128) or object.
[   20.945721] binder: transaction release 32321 bad node ffffffffffffffff
[   20.945941] binder: 156:156 transaction failed 29201/-22, size 128-24 line 3545
[   20.946227] binder: 156:156 got transaction with invalid offset (144, min 80 max 128) or object.
[   20.946627] binder: transaction release 32322 bad node ffffffffffffffff
[   20.946835] binder: 156:156 transaction failed 29201/-22, size 128-24 line 3545
[   20.947134] binder: 156:156 got transaction with invalid offset (144, min 80 max 128) or object.
[   20.947412] binder: transaction release 32323 bad node ffffffffffffffff
[   20.947760] binder: 156:156 transaction failed 29201/-22, size 128-24 line 3545
[   20.948137] binder: transaction release 32324 bad node ffffffffffffffff
[   20.948606] binder: transaction release 32325 bad node ffffffffffffffff
[   20.948916] binder: transaction release 32326 bad node ffffffffffffffff
[   20.949202] binder: transaction release 32327 bad node ffffffffffffffff
[   20.949674] binder: transaction release 32328 bad node ffffffffffffffff
[   20.949984] binder: transaction release 32329 bad node ffffffffffffffff
[   20.950257] binder: transaction release 32330 bad node ffffffffffffffff
[   20.950662] binder: transaction release 32331 bad node ffffffffffffffff
[   20.950959] binder: transaction release 32332 bad node ffffffffffffffff
[   20.951223] binder: transaction release 32333 bad node ffffffffffffffff
[   20.951656] binder: transaction release 32334 bad node ffffffffffffffff
[   20.951952] binder: transaction release 32335 bad node ffffffffffffffff
[   20.952238] binder: transaction release 32336 bad node ffffffffffffffff
[   20.952709] binder: transaction release 32337 bad node ffffffffffffffff
[   20.953001] binder: transaction release 32338 bad node ffffffffffffffff
[   20.953296] binder: transaction release 32339 bad node ffffffffffffffff
[   20.953707] binder: transaction release 32340 bad node ffffffffffffffff
[   20.953997] binder: transaction release 32341 bad node ffffffffffffffff
[   20.954310] binder: transaction release 32342 bad node ffffffffffffffff
[   20.954780] binder: transaction release 32343 bad node ffffffffffffffff
[   20.955089] binder: transaction release 32344 bad node ffffffffffffffff
[   20.955410] binder: transaction release 32345 bad node ffffffffffffffff
[   20.955882] binder: transaction release 32346 bad node ffffffffffffffff
[   20.956167] binder: transaction release 32347 bad node ffffffffffffffff
[   20.956578] binder: transaction release 32348 bad node ffffffffffffffff
[   20.956896] binder: transaction release 32349 bad node ffffffffffffffff
[   20.957167] binder: transaction release 32350 bad node ffffffffffffffff
[   20.957602] binder: transaction release 32351 bad node ffffffffffffffff
[   20.957941] binder: transaction release 32352 bad node ffffffffffffffff
[   20.958240] binder: transaction release 32353 bad node ffffffffffffffff
[   20.958839] binder: transaction release 32354 bad node ffffffffffffffff
[   20.959143] binder: transaction release 32355 bad node ffffffffffffffff
[   20.959640] binder: transaction release 32356 bad node ffffffffffffffff
[   20.959957] binder: transaction release 32357 bad node ffffffffffffffff
[   20.960258] binder: transaction release 32358 bad node ffffffffffffffff
[   20.960754] binder: transaction release 32359 bad node ffffffffffffffff
[   20.961061] binder: transaction release 32360 bad node ffffffffffffffff
[   20.961384] binder: transaction release 32361 bad node ffffffffffffffff
[   20.961889] binder: transaction release 32362 bad node ffffffffffffffff
[   20.962206] binder: transaction release 32363 bad node ffffffffffffffff
[   20.962639] binder: transaction release 32364 bad node ffffffffffffffff
[   20.962964] binder: transaction release 32365 bad node ffffffffffffffff
[   20.963297] binder: transaction release 32366 bad node ffffffffffffffff
[   20.963754] binder: transaction release 32367 bad node ffffffffffffffff
[   20.964085] binder: transaction release 32368 bad node ffffffffffffffff
[   20.964441] binder: transaction release 32369 bad node ffffffffffffffff
[   20.964871] binder: transaction release 32370 bad node ffffffffffffffff
[   20.965175] binder: transaction release 32371 bad node ffffffffffffffff
[   20.965648] binder: transaction release 32372 bad node ffffffffffffffff
[   20.965962] binder: transaction release 32373 bad node ffffffffffffffff
[   20.966278] binder: transaction release 32374 bad node ffffffffffffffff
[   20.966730] binder: transaction release 32375 bad node ffffffffffffffff
[   20.967032] binder: transaction release 32376 bad node ffffffffffffffff
[   20.967357] binder: transaction release 32377 bad node ffffffffffffffff
[   20.967780] binder: transaction release 32378 bad node ffffffffffffffff
[   20.968087] binder: transaction release 32379 bad node ffffffffffffffff
[   20.968412] binder: transaction release 32380 bad node ffffffffffffffff
[   20.968897] binder: transaction release 32381 bad node ffffffffffffffff
[   20.969277] binder: transaction release 32382 bad node ffffffffffffffff
[   20.969805] binder: transaction release 32383 bad node ffffffffffffffff
[   20.970171] binder: transaction release 32384 bad node ffffffffffffffff
[   20.970673] binder: transaction release 32385 bad node ffffffffffffffff
[   20.971008] binder: transaction release 32386 bad node ffffffffffffffff
[   20.971346] binder: transaction release 32387 bad node ffffffffffffffff
[   20.971781] binder: transaction release 32388 bad node ffffffffffffffff
[   20.972081] binder: transaction release 32389 bad node ffffffffffffffff
[   20.972393] binder: transaction release 32390 bad node ffffffffffffffff
[   20.972826] binder: transaction release 32391 bad node ffffffffffffffff
[   20.973130] binder: transaction release 32392 bad node ffffffffffffffff
[   20.973473] binder: transaction release 32393 bad node ffffffffffffffff
[   20.973926] binder: transaction release 32394 bad node ffffffffffffffff
[   20.974229] binder: transaction release 32395 bad node ffffffffffffffff
[   20.974659] binder: transaction release 32396 bad node ffffffffffffffff
[   20.974991] binder: transaction release 32397 bad node ffffffffffffffff
[   20.975307] binder: transaction release 32398 bad node ffffffffffffffff
[   20.975800] binder: transaction release 32399 bad node ffffffffffffffff
[   20.976322] binder: transaction release 32400 bad node ffffffffffffffff
[   20.976819] binder: transaction release 32401 bad node ffffffffffffffff
[   20.977154] binder: transaction release 32402 bad node ffffffffffffffff
[   20.977589] binder: transaction release 32403 bad node ffffffffffffffff
[   20.977919] binder: transaction release 32404 bad node ffffffffffffffff
[   20.978217] binder: transaction release 32405 bad node ffffffffffffffff
[   20.978630] binder: transaction release 32406 bad node ffffffffffffffff
[   20.978935] binder: transaction release 32407 bad node ffffffffffffffff
[   20.979218] binder: transaction release 32408 bad node ffffffffffffffff
[   20.979652] binder: transaction release 32409 bad node ffffffffffffffff
[   20.979949] binder: transaction release 32410 bad node ffffffffffffffff
[   20.980234] binder: transaction release 32411 bad node ffffffffffffffff
[   20.980649] binder: transaction release 32412 bad node ffffffffffffffff
[   20.980939] binder: transaction release 32413 bad node ffffffffffffffff
[   20.981223] binder: transaction release 32414 bad node ffffffffffffffff
[   20.981631] binder: transaction release 32415 bad node ffffffffffffffff
[   20.981936] binder: transaction release 32416 bad node ffffffffffffffff
[   20.982224] binder: transaction release 32417 bad node ffffffffffffffff
[   20.982652] binder: transaction release 32418 bad node ffffffffffffffff
[   20.982938] binder: transaction release 32419 bad node ffffffffffffffff
[   20.983221] binder: transaction release 32420 bad node ffffffffffffffff
[   20.983626] binder: transaction release 32421 bad node ffffffffffffffff
[   20.983914] binder: transaction release 32422 bad node ffffffffffffffff
[   20.984196] binder: transaction release 32423 bad node ffffffffffffffff
[   20.984602] binder: transaction release 32424 bad node ffffffffffffffff
[   20.984891] binder: transaction release 32425 bad node ffffffffffffffff
[   20.985170] binder: transaction release 32426 bad node ffffffffffffffff
[   20.985653] binder: transaction release 32427 bad node ffffffffffffffff
[   20.985953] binder: transaction release 32428 bad node ffffffffffffffff
[   20.986240] binder: transaction release 32429 bad node ffffffffffffffff
[   20.986634] binder: transaction release 32430 bad node ffffffffffffffff
[   20.986919] binder: transaction release 32431 bad node ffffffffffffffff
[   20.987200] binder: transaction release 32432 bad node ffffffffffffffff
[   20.987640] binder: transaction release 32433 bad node ffffffffffffffff
[   20.987930] binder: transaction release 32434 bad node ffffffffffffffff
[   20.988211] binder: transaction release 32435 bad node ffffffffffffffff
[   20.988641] binder: transaction release 32436 bad node ffffffffffffffff
[   20.988928] binder: transaction release 32437 bad node ffffffffffffffff
[   20.989208] binder: transaction release 32438 bad node ffffffffffffffff
[   20.989608] binder: transaction release 32439 bad node ffffffffffffffff
[   20.989891] binder: transaction release 32440 bad node ffffffffffffffff
[   20.990174] binder: transaction release 32441 bad node ffffffffffffffff
[   20.990563] binder: transaction release 32442 bad node ffffffffffffffff
[   20.990898] binder: transaction release 32443 bad node ffffffffffffffff
[   20.991185] binder: transaction release 32444 bad node ffffffffffffffff
[   20.991582] binder: transaction release 32445 bad node ffffffffffffffff
[   20.991891] binder: transaction release 32446 bad node ffffffffffffffff
[   20.992188] binder: transaction release 32447 bad node ffffffffffffffff
[   20.992594] binder: transaction release 32448 bad node ffffffffffffffff
[   20.992884] binder: transaction release 32449 bad node ffffffffffffffff
[   20.993165] binder: transaction release 32450 bad node ffffffffffffffff
[   20.993723] binder: transaction release 32451 bad node ffffffffffffffff
[   20.994032] binder: transaction release 32452 bad node ffffffffffffffff
[   20.994332] binder: transaction release 32453 bad node ffffffffffffffff
[   20.994774] binder: transaction release 32454 bad node ffffffffffffffff
[   20.995061] binder: transaction release 32455 bad node ffffffffffffffff
[   20.995355] binder: transaction release 32456 bad node ffffffffffffffff
[   20.995774] binder: transaction release 32457 bad node ffffffffffffffff
[   20.996063] binder: transaction release 32458 bad node ffffffffffffffff
[   20.996362] binder: transaction release 32459 bad node ffffffffffffffff
[   20.996750] binder: transaction release 32460 bad node ffffffffffffffff
[   20.997035] binder: transaction release 32461 bad node ffffffffffffffff
[   20.997329] binder: transaction release 32462 bad node ffffffffffffffff
[   20.997728] binder: transaction release 32463 bad node ffffffffffffffff
[   20.998034] binder: transaction release 32464 bad node ffffffffffffffff
[   20.998337] binder: transaction release 32465 bad node ffffffffffffffff
[   20.998779] binder: transaction release 32466 bad node ffffffffffffffff
[   20.999069] binder: transaction release 32467 bad node ffffffffffffffff
[   20.999374] binder: transaction release 32468 bad node ffffffffffffffff
[   20.999876] binder: transaction release 32469 bad node ffffffffffffffff
[   21.000197] binder: transaction release 32470 bad node ffffffffffffffff
[   21.000636] binder: transaction release 32471 bad node ffffffffffffffff
[   21.000944] binder: transaction release 32472 bad node ffffffffffffffff
[   21.001243] binder: transaction release 32473 bad node ffffffffffffffff
[   21.001665] binder: transaction release 32474 bad node ffffffffffffffff
[   21.001963] binder: transaction release 32475 bad node ffffffffffffffff
[   21.002257] binder: transaction release 32476 bad node ffffffffffffffff
[   21.002692] binder: transaction release 32477 bad node ffffffffffffffff
[   21.002997] binder: transaction release 32478 bad node ffffffffffffffff
[   21.003310] binder: transaction release 32479 bad node ffffffffffffffff
[   21.003753] binder: transaction release 32480 bad node ffffffffffffffff
[   21.004054] binder: transaction release 32481 bad node ffffffffffffffff
[   21.004361] binder: transaction release 32482 bad node ffffffffffffffff
[   21.004807] binder: transaction release 32483 bad node ffffffffffffffff
[   21.005112] binder: transaction release 32484 bad node ffffffffffffffff
[   21.005485] binder: transaction release 32485 bad node ffffffffffffffff
[   21.005800] binder: transaction release 32486 bad node ffffffffffffffff
[   21.006084] binder: transaction release 32487 bad node ffffffffffffffff
[   21.006386] binder: transaction release 32488 bad node ffffffffffffffff
[   21.006820] binder: transaction release 32489 bad node ffffffffffffffff
[   21.007116] binder: transaction release 32490 bad node ffffffffffffffff
[   21.007619] binder: transaction release 32491 bad node ffffffffffffffff
[   21.007956] binder: transaction release 32492 bad node ffffffffffffffff
[   21.008271] binder: transaction release 32493 bad node ffffffffffffffff
[   21.008691] binder: transaction release 32494 bad node ffffffffffffffff
[   21.008996] binder: transaction release 32495 bad node ffffffffffffffff
[   21.009311] binder: transaction release 32496 bad node ffffffffffffffff
[   21.009766] binder: transaction release 32497 bad node ffffffffffffffff
[   21.010071] binder: transaction release 32498 bad node ffffffffffffffff
[   21.010392] binder: transaction release 32499 bad node ffffffffffffffff
[   21.010822] binder: transaction release 32500 bad node ffffffffffffffff
[   21.011135] binder: transaction release 32501 bad node ffffffffffffffff
[   21.011598] binder: transaction release 32502 bad node ffffffffffffffff
[   21.011946] binder: transaction release 32503 bad node ffffffffffffffff
[   21.012257] binder: transaction release 32504 bad node ffffffffffffffff
[   21.012772] binder: transaction release 32505 bad node ffffffffffffffff
[   21.013126] binder: transaction release 32506 bad node ffffffffffffffff
[   21.013542] binder: transaction release 32507 bad node ffffffffffffffff
[   21.013876] binder: transaction release 32508 bad node ffffffffffffffff
[   21.014177] binder: transaction release 32509 bad node ffffffffffffffff
[   21.014593] binder: transaction release 32510 bad node ffffffffffffffff
[   21.014926] binder: transaction release 32511 bad node ffffffffffffffff
[   21.015222] binder: transaction release 32512 bad node ffffffffffffffff
[   21.015640] binder: transaction release 32513 bad node ffffffffffffffff
[   21.015946] binder: transaction release 32514 bad node ffffffffffffffff
[   21.016244] binder: transaction release 32515 bad node ffffffffffffffff
[   21.016636] binder: transaction release 32516 bad node ffffffffffffffff
[   21.016923] binder: transaction release 32517 bad node ffffffffffffffff
[   21.017204] binder: transaction release 32518 bad node ffffffffffffffff
[   21.017621] binder: transaction release 32519 bad node ffffffffffffffff
[   21.017927] binder: transaction release 32520 bad node ffffffffffffffff
[   21.018208] binder: transaction release 32521 bad node ffffffffffffffff
[   21.018654] binder: transaction release 32522 bad node ffffffffffffffff
[   21.018966] binder: transaction release 32523 bad node ffffffffffffffff
[   21.019247] binder: transaction release 32524 bad node ffffffffffffffff
[   21.019681] binder: transaction release 32525 bad node ffffffffffffffff
[   21.019970] binder: transaction release 32526 bad node ffffffffffffffff
[   21.020250] binder: transaction release 32527 bad node ffffffffffffffff
[   21.020637] binder: transaction release 32528 bad node ffffffffffffffff
[   21.020924] binder: transaction release 32529 bad node ffffffffffffffff
[   21.021205] binder: transaction release 32530 bad node ffffffffffffffff
[   21.021620] binder: transaction release 32531 bad node ffffffffffffffff
[   21.021911] binder: transaction release 32532 bad node ffffffffffffffff
[   21.022177] binder: transaction release 32533 bad node ffffffffffffffff
[   21.022529] binder: transaction release 32534 bad node ffffffffffffffff
[   21.022824] binder: transaction release 32535 bad node ffffffffffffffff
[   21.023092] binder: transaction release 32536 bad node ffffffffffffffff
[   21.023383] binder: transaction release 32537 bad node ffffffffffffffff
[   21.023760] binder: transaction release 32538 bad node ffffffffffffffff
[   21.024043] binder: transaction release 32539 bad node ffffffffffffffff
[   21.024302] binder: transaction release 32540 bad node ffffffffffffffff
[   21.024646] binder: transaction release 32541 bad node ffffffffffffffff
[   21.024913] binder: transaction release 32542 bad node ffffffffffffffff
[   21.025179] binder: transaction release 32543 bad node ffffffffffffffff
[   21.025658] binder: transaction release 32544 bad node ffffffffffffffff
[   21.025935] binder: transaction release 32545 bad node ffffffffffffffff
[   21.026196] binder: transaction release 32546 bad node ffffffffffffffff
[   21.026635] binder: transaction release 32547 bad node ffffffffffffffff
[   21.026948] binder: transaction release 32548 bad node ffffffffffffffff
[   21.027232] binder: transaction release 32549 bad node ffffffffffffffff
[   21.027692] binder: transaction release 32550 bad node ffffffffffffffff
[   21.027984] binder: transaction release 32551 bad node ffffffffffffffff
[   21.028275] binder: transaction release 32552 bad node ffffffffffffffff
[   21.028703] binder: transaction release 32553 bad node ffffffffffffffff
[   21.028991] binder: transaction release 32554 bad node ffffffffffffffff
[   21.029282] binder: transaction release 32555 bad node ffffffffffffffff
[   21.029691] binder: transaction release 32556 bad node ffffffffffffffff
[   21.029984] binder: transaction release 32557 bad node ffffffffffffffff
[   21.030271] binder: transaction release 32558 bad node ffffffffffffffff
[   21.030680] binder: transaction release 32559 bad node ffffffffffffffff
[   21.030986] binder: transaction release 32560 bad node ffffffffffffffff
[   21.031297] binder: transaction release 32561 bad node ffffffffffffffff
[   21.031721] binder: transaction release 32562 bad node ffffffffffffffff
[   21.032004] binder: transaction release 32563 bad node ffffffffffffffff
[   21.032294] binder: transaction release 32564 bad node ffffffffffffffff
[   21.032689] binder: transaction release 32565 bad node ffffffffffffffff
[   21.032977] binder: transaction release 32566 bad node ffffffffffffffff
[   21.033256] binder: transaction release 32567 bad node ffffffffffffffff
[   21.033666] binder: transaction release 32568 bad node ffffffffffffffff
[   21.033951] binder: transaction release 32569 bad node ffffffffffffffff
[   21.034231] binder: transaction release 32570 bad node ffffffffffffffff
[   21.034628] binder: transaction release 32571 bad node ffffffffffffffff
[   21.034917] binder: transaction release 32572 bad node ffffffffffffffff
[   21.035197] binder: transaction release 32573 bad node ffffffffffffffff
[   21.035587] binder: transaction release 32574 bad node ffffffffffffffff
[   21.035875] binder: transaction release 32575 bad node ffffffffffffffff
[   21.036157] binder: transaction release 32576 bad node ffffffffffffffff
[   21.036603] binder: transaction release 32577 bad node ffffffffffffffff
[   21.036895] binder: transaction release 32578 bad node ffffffffffffffff
[   21.037181] binder: transaction release 32579 bad node ffffffffffffffff
[   21.037584] binder: transaction release 32580 bad node ffffffffffffffff
[   21.037878] binder: transaction release 32581 bad node ffffffffffffffff
[   21.038166] binder: transaction release 32582 bad node ffffffffffffffff
[   21.038648] binder: transaction release 32583 bad node ffffffffffffffff
[   21.039028] binder: transaction release 32584 bad node ffffffffffffffff
[   21.039758] binder: transaction release 32585 bad node ffffffffffffffff
[   21.040147] binder: transaction release 32586 bad node ffffffffffffffff
[   21.040913] binder: transaction release 32587 bad node ffffffffffffffff
[   21.041643] binder: transaction release 32588 bad node ffffffffffffffff
[   21.042114] binder: transaction release 32589 bad node ffffffffffffffff
[   21.042550] binder: transaction release 32590 bad node ffffffffffffffff
[   21.042914] binder: transaction release 32591 bad node ffffffffffffffff
[   21.043234] binder: transaction release 32592 bad node ffffffffffffffff
[   21.043734] binder: transaction release 32593 bad node ffffffffffffffff
[   21.044055] binder: transaction release 32594 bad node ffffffffffffffff
[   21.044382] binder: transaction release 32595 bad node ffffffffffffffff
[   21.044843] binder: transaction release 32596 bad node ffffffffffffffff
[   21.045150] binder: transaction release 32597 bad node ffffffffffffffff
[   21.045689] binder: transaction release 32598 bad node ffffffffffffffff
[   21.046010] binder: transaction release 32599 bad node ffffffffffffffff
[   21.046331] binder: transaction release 32600 bad node ffffffffffffffff
[   21.046853] binder: transaction release 32601 bad node ffffffffffffffff
[   21.047179] binder: transaction release 32602 bad node ffffffffffffffff
[   21.047578] binder: transaction release 32603 bad node ffffffffffffffff
[   21.047867] binder: transaction release 32604 bad node ffffffffffffffff
[   21.048143] binder: transaction release 32605 bad node ffffffffffffffff
[   21.048533] binder: transaction release 32606 bad node ffffffffffffffff
[   21.048897] binder: transaction release 32607 bad node ffffffffffffffff
[   21.049195] binder: transaction release 32608 bad node ffffffffffffffff
[   21.049611] binder: transaction release 32609 bad node ffffffffffffffff
[   21.049897] binder: transaction release 32610 bad node ffffffffffffffff
[   21.050179] binder: transaction release 32611 bad node ffffffffffffffff
[   21.050570] binder: transaction release 32612 bad node ffffffffffffffff
[   21.050884] binder: transaction release 32613 bad node ffffffffffffffff
[   21.051166] binder: transaction release 32614 bad node ffffffffffffffff
[   21.051596] binder: transaction release 32615 bad node ffffffffffffffff
[   21.051938] binder: transaction release 32616 bad node ffffffffffffffff
[   21.052216] binder: transaction release 32617 bad node ffffffffffffffff
[   21.052634] binder: transaction release 32618 bad node ffffffffffffffff
[   21.052939] binder: transaction release 32619 bad node ffffffffffffffff
[   21.053241] binder: transaction release 32620 bad node ffffffffffffffff
[   21.053708] binder: transaction release 32621 bad node ffffffffffffffff
[   21.054083] binder: transaction release 32622 bad node ffffffffffffffff
[   21.054601] binder: transaction release 32623 bad node ffffffffffffffff
[   21.054940] binder: transaction release 32624 bad node ffffffffffffffff
[   21.055292] binder: transaction release 32625 bad node ffffffffffffffff
[   21.055699] binder: transaction release 32626 bad node ffffffffffffffff
[   21.055999] binder: transaction release 32627 bad node ffffffffffffffff
[   21.056375] binder: transaction release 32628 bad node ffffffffffffffff
[   21.056890] binder: transaction release 32629 bad node ffffffffffffffff
[   21.057198] binder: transaction release 32630 bad node ffffffffffffffff
[   21.057802] binder: transaction release 32631 bad node ffffffffffffffff
[   21.058109] binder: transaction release 32632 bad node ffffffffffffffff
[   21.058552] binder: transaction release 32633 bad node ffffffffffffffff
[   21.058876] binder: transaction release 32634 bad node ffffffffffffffff
[   21.059175] binder: transaction release 32635 bad node ffffffffffffffff
[   21.059601] binder: transaction release 32636 bad node ffffffffffffffff
[   21.059907] binder: transaction release 32637 bad node ffffffffffffffff
[   21.060203] binder: transaction release 32638 bad node ffffffffffffffff
[   21.060615] binder: transaction release 32639 bad node ffffffffffffffff
[   21.060916] binder: transaction release 32640 bad node ffffffffffffffff
[   21.061212] binder: transaction release 32641 bad node ffffffffffffffff
[   21.061702] binder: transaction release 32642 bad node ffffffffffffffff
[   21.061987] binder: transaction release 32643 bad node ffffffffffffffff
[   21.062276] binder: transaction release 32644 bad node ffffffffffffffff
[   21.062679] binder: transaction release 32645 bad node ffffffffffffffff
[   21.062966] binder: transaction release 32646 bad node ffffffffffffffff
[   21.063244] binder: transaction release 32647 bad node ffffffffffffffff
[   21.063657] binder: transaction release 32648 bad node ffffffffffffffff
[   21.063947] binder: transaction release 32649 bad node ffffffffffffffff
[   21.064221] binder: transaction release 32650 bad node ffffffffffffffff
[   21.064619] binder: transaction release 32651 bad node ffffffffffffffff
[   21.064904] binder: transaction release 32652 bad node ffffffffffffffff
[   21.065180] binder: transaction release 32653 bad node ffffffffffffffff
[   21.065630] binder: transaction release 32654 bad node ffffffffffffffff
[   21.065926] binder: transaction release 32655 bad node ffffffffffffffff
[   21.066202] binder: transaction release 32656 bad node ffffffffffffffff
[   21.066584] binder: transaction release 32657 bad node ffffffffffffffff
[   21.066872] binder: transaction release 32658 bad node ffffffffffffffff
[   21.067148] binder: transaction release 32659 bad node ffffffffffffffff
[   21.067518] binder: transaction release 32660 bad node ffffffffffffffff
[   21.067827] binder: transaction release 32661 bad node ffffffffffffffff
[   21.068107] binder: transaction release 32662 bad node ffffffffffffffff
[   21.068402] binder: transaction release 32663 bad node ffffffffffffffff
[   21.068801] binder: transaction release 32664 bad node ffffffffffffffff
[   21.069087] binder: transaction release 32665 bad node ffffffffffffffff
[   21.069387] binder: transaction release 32666 bad node ffffffffffffffff
[   21.069780] binder: transaction release 32667 bad node ffffffffffffffff
[   21.070067] binder: transaction release 32668 bad node ffffffffffffffff
[   21.070368] binder: transaction release 32669 bad node ffffffffffffffff
[   21.070781] binder: transaction release 32670 bad node ffffffffffffffff
[   21.071064] binder: transaction release 32671 bad node ffffffffffffffff
[   21.071354] binder: transaction release 32672 bad node ffffffffffffffff
[   21.071764] binder: transaction release 32673 bad node ffffffffffffffff
[   21.072051] binder: transaction release 32674 bad node ffffffffffffffff
[   21.072342] binder: transaction release 32675 bad node ffffffffffffffff
[   21.072734] binder: transaction release 32676 bad node ffffffffffffffff
[   21.073019] binder: transaction release 32677 bad node ffffffffffffffff
[   21.073301] binder: transaction release 32678 bad node ffffffffffffffff
[   21.073699] binder: transaction release 32679 bad node ffffffffffffffff
[   21.073999] binder: transaction release 32680 bad node ffffffffffffffff
[   21.074289] binder: transaction release 32681 bad node ffffffffffffffff
[   21.074669] binder: transaction release 32682 bad node ffffffffffffffff
[   21.074953] binder: transaction release 32683 bad node ffffffffffffffff
[   21.075232] binder: transaction release 32684 bad node ffffffffffffffff
[   21.075667] binder: transaction release 32685 bad node ffffffffffffffff
[   21.075957] binder: transaction release 32686 bad node ffffffffffffffff
[   21.076235] binder: transaction release 32687 bad node ffffffffffffffff
[   21.076633] binder: transaction release 32688 bad node ffffffffffffffff
[   21.076918] binder: transaction release 32689 bad node ffffffffffffffff
[   21.077196] binder: transaction release 32690 bad node ffffffffffffffff
[   21.077572] binder: transaction release 32691 bad node ffffffffffffffff
[   21.077879] binder: transaction release 32692 bad node ffffffffffffffff
[   21.078161] binder: transaction release 32693 bad node ffffffffffffffff
[   21.078542] binder: transaction release 32694 bad node ffffffffffffffff
[   21.078842] binder: transaction release 32695 bad node ffffffffffffffff
[   21.079117] binder: transaction release 32696 bad node ffffffffffffffff
[   21.079422] binder: transaction release 32697 bad node ffffffffffffffff
[   21.079870] binder: transaction release 32698 bad node ffffffffffffffff
[   21.080165] binder: transaction release 32699 bad node ffffffffffffffff
[   21.080563] binder: transaction release 32700 bad node ffffffffffffffff
[   21.080880] binder: transaction release 32701 bad node ffffffffffffffff
[   21.081164] binder: transaction release 32702 bad node ffffffffffffffff
[   21.081610] binder: transaction release 32703 bad node ffffffffffffffff
[   21.081935] binder: transaction release 32704 bad node ffffffffffffffff
[   21.082238] binder: transaction release 32705 bad node ffffffffffffffff
[   21.082656] binder: transaction release 32706 bad node ffffffffffffffff
[   21.082967] binder: transaction release 32707 bad node ffffffffffffffff
[   21.083277] binder: transaction release 32708 bad node ffffffffffffffff
[   21.083746] binder: transaction release 32709 bad node ffffffffffffffff
[   21.084048] binder: transaction release 32710 bad node ffffffffffffffff
[   21.084360] binder: transaction release 32711 bad node ffffffffffffffff
[   21.084896] binder: transaction release 32712 bad node ffffffffffffffff
[   21.085209] binder: transaction release 32713 bad node ffffffffffffffff
[   21.085625] binder: transaction release 32714 bad node ffffffffffffffff
[   21.085927] binder: transaction release 32715 bad node ffffffffffffffff
[   21.086230] binder: transaction release 32716 bad node ffffffffffffffff
[   21.086683] binder: transaction release 32717 bad node ffffffffffffffff
[   21.086992] binder: transaction release 32718 bad node ffffffffffffffff
[   21.087300] binder: transaction release 32719 bad node ffffffffffffffff
[   21.087704] binder: transaction release 32720 bad node ffffffffffffffff
[   21.088011] binder: transaction release 32721 bad node ffffffffffffffff
[   21.088321] binder: transaction release 32722 bad node ffffffffffffffff
[   21.088761] binder: transaction release 32723 bad node ffffffffffffffff
[   21.089064] binder: transaction release 32724 bad node ffffffffffffffff
[   21.089385] binder: transaction release 32725 bad node ffffffffffffffff
[   21.089868] binder: transaction release 32726 bad node ffffffffffffffff
[   21.090185] binder: transaction release 32727 bad node ffffffffffffffff
[   21.090568] binder: transaction release 32728 bad node ffffffffffffffff
[   21.090895] binder: transaction release 32729 bad node ffffffffffffffff
[   21.091180] binder: transaction release 32730 bad node ffffffffffffffff
[   21.091570] binder: transaction release 32731 bad node ffffffffffffffff
[   21.091896] binder: transaction release 32732 bad node ffffffffffffffff
[   21.092178] binder: transaction release 32733 bad node ffffffffffffffff
[   21.092560] binder: transaction release 32734 bad node ffffffffffffffff
[   21.092868] binder: transaction release 32735 bad node ffffffffffffffff
[   21.093169] binder: transaction release 32736 bad node ffffffffffffffff
[   21.093715] binder: transaction release 32737 bad node ffffffffffffffff
[   21.094034] binder: transaction release 32738 bad node ffffffffffffffff
[   21.094369] binder: transaction release 32739 bad node ffffffffffffffff
[   21.094831] binder: transaction release 32740 bad node ffffffffffffffff
[   21.095131] binder: transaction release 32741 bad node ffffffffffffffff
[   21.095535] binder: transaction release 32742 bad node ffffffffffffffff
[   21.095845] binder: transaction release 32743 bad node ffffffffffffffff
[   21.096125] binder: transaction release 32744 bad node ffffffffffffffff
[   21.096436] binder: transaction release 32745 bad node ffffffffffffffff
[   21.096943] binder: transaction release 32746 bad node ffffffffffffffff
[   21.097255] binder: transaction release 32747 bad node ffffffffffffffff
[   21.097690] binder: transaction release 32748 bad node ffffffffffffffff
[   21.097984] binder: transaction release 32749 bad node ffffffffffffffff
[   21.098343] binder: transaction release 32750 bad node ffffffffffffffff
[   21.098834] binder: transaction release 32751 bad node ffffffffffffffff
[   21.099143] binder: transaction release 32752 bad node ffffffffffffffff
[   21.099566] binder: transaction release 32753 bad node ffffffffffffffff
[   21.099897] binder: transaction release 32754 bad node ffffffffffffffff
[   21.100197] binder: transaction release 32755 bad node ffffffffffffffff
[   21.100586] binder: transaction release 32756 bad node ffffffffffffffff
[   21.100881] binder: transaction release 32757 bad node ffffffffffffffff
[   21.101160] binder: transaction release 32758 bad node ffffffffffffffff
[   21.101666] binder: transaction release 32759 bad node ffffffffffffffff
[   21.101988] binder: transaction release 32760 bad node ffffffffffffffff
[   21.102282] binder: transaction release 32761 bad node ffffffffffffffff
[   21.102737] binder: transaction release 32762 bad node ffffffffffffffff
[   21.103032] binder: transaction release 32763 bad node ffffffffffffffff
[   21.103325] binder: transaction release 32764 bad node ffffffffffffffff
[   21.103714] binder: transaction release 32765 bad node ffffffffffffffff
[   21.104001] binder: transaction release 32766 bad node ffffffffffffffff
[   21.104294] binder: transaction release 32767 bad node ffffffffffffffff
[   21.104712] binder: transaction release 32768 bad node ffffffffffffffff
[   21.105016] binder: transaction release 32769 bad node ffffffffffffffff
[   21.105305] binder: transaction release 32770 bad node ffffffffffffffff
[   21.105692] binder: transaction release 32771 bad node ffffffffffffffff
[   21.105980] binder: transaction release 32772 bad node ffffffffffffffff
[   21.106273] binder: transaction release 32773 bad node ffffffffffffffff
[   21.106704] binder: transaction release 32774 bad node ffffffffffffffff
[   21.107000] binder: transaction release 32775 bad node ffffffffffffffff
[   21.107292] binder: transaction release 32776 bad node ffffffffffffffff
[   21.107697] binder: transaction release 32777 bad node ffffffffffffffff
[   21.107981] binder: transaction release 32778 bad node ffffffffffffffff
[   21.108299] binder: transaction release 32779 bad node ffffffffffffffff
[   21.108715] binder: transaction release 32780 bad node ffffffffffffffff
[   21.109001] binder: transaction release 32781 bad node ffffffffffffffff
[   21.109295] binder: transaction release 32782 bad node ffffffffffffffff
[   21.109767] binder: transaction release 32783 bad node ffffffffffffffff
[   21.110060] binder: transaction release 32784 bad node ffffffffffffffff
[   21.110362] binder: transaction release 32785 bad node ffffffffffffffff
[   21.110747] binder: transaction release 32786 bad node ffffffffffffffff
[   21.111032] binder: transaction release 32787 bad node ffffffffffffffff
[   21.111322] binder: transaction release 32788 bad node ffffffffffffffff
[   21.111725] binder: transaction release 32789 bad node ffffffffffffffff
[   21.112012] binder: transaction release 32790 bad node ffffffffffffffff
[   21.112323] binder: transaction release 32791 bad node ffffffffffffffff
[   21.112721] binder: transaction release 32792 bad node ffffffffffffffff
[   21.113025] binder: transaction release 32793 bad node ffffffffffffffff
[   21.113318] binder: transaction release 32794 bad node ffffffffffffffff
[   21.113736] binder: transaction release 32795 bad node ffffffffffffffff
[   21.114027] binder: transaction release 32796 bad node ffffffffffffffff
[   21.114331] binder: transaction release 32797 bad node ffffffffffffffff
[   21.114730] binder: transaction release 32798 bad node ffffffffffffffff
[   21.115015] binder: transaction release 32799 bad node ffffffffffffffff
[   21.115308] binder: transaction release 32800 bad node ffffffffffffffff
[   21.115699] binder: transaction release 32801 bad node ffffffffffffffff
[   21.115984] binder: transaction release 32802 bad node ffffffffffffffff
[   21.116303] binder: transaction release 32803 bad node ffffffffffffffff
[   21.116723] binder: transaction release 32804 bad node ffffffffffffffff
[   21.117007] binder: transaction release 32805 bad node ffffffffffffffff
[   21.117283] binder: transaction release 32806 bad node ffffffffffffffff
[   21.117677] binder: transaction release 32807 bad node ffffffffffffffff
[   21.117988] binder: transaction release 32808 bad node ffffffffffffffff
[   21.118280] binder: transaction release 32809 bad node ffffffffffffffff
[   21.118693] binder: transaction release 32810 bad node ffffffffffffffff
[   21.118961] binder: transaction release 32811 bad node ffffffffffffffff
[   21.119226] binder: transaction release 32812 bad node ffffffffffffffff
[   21.119647] binder: transaction release 32813 bad node ffffffffffffffff
[   21.119933] binder: transaction release 32814 bad node ffffffffffffffff
[   21.120200] binder: transaction release 32815 bad node ffffffffffffffff
[   21.120569] binder: transaction release 32816 bad node ffffffffffffffff
[   21.120850] binder: transaction release 32817 bad node ffffffffffffffff
[   21.121117] binder: transaction release 32818 bad node ffffffffffffffff
[   21.121405] binder: transaction release 32819 bad node ffffffffffffffff
[   21.121817] binder: transaction release 32820 bad node ffffffffffffffff
[   21.122131] binder: transaction release 32821 bad node ffffffffffffffff
[   21.122501] binder: transaction release 32822 bad node ffffffffffffffff
[   21.122854] binder: transaction release 32823 bad node ffffffffffffffff
[   21.123129] binder: transaction release 32824 bad node ffffffffffffffff
[   21.123443] binder: transaction release 32825 bad node ffffffffffffffff
[   21.124003] binder: transaction release 32826 bad node ffffffffffffffff
[   21.124691] binder: transaction release 32827 bad node ffffffffffffffff
[   21.124998] binder: transaction release 32828 bad node ffffffffffffffff
[   21.125297] binder: transaction release 32829 bad node ffffffffffffffff
[   21.125714] binder: transaction release 32830 bad node ffffffffffffffff
[   21.126010] binder: transaction release 32831 bad node ffffffffffffffff
[   21.126301] binder: transaction release 32832 bad node ffffffffffffffff
[   21.126694] binder: transaction release 32833 bad node ffffffffffffffff
[   21.126984] binder: transaction release 32834 bad node ffffffffffffffff
[   21.127255] binder: transaction release 32835 bad node ffffffffffffffff
[   21.127675] binder: transaction release 32836 bad node ffffffffffffffff
[   21.127962] binder: transaction release 32837 bad node ffffffffffffffff
[   21.128237] binder: transaction release 32838 bad node ffffffffffffffff
[   21.128665] binder: transaction release 32839 bad node ffffffffffffffff
[   21.128954] binder: transaction release 32840 bad node ffffffffffffffff
[   21.129230] binder: transaction release 32841 bad node ffffffffffffffff
[   21.129623] binder: transaction release 32842 bad node ffffffffffffffff
[   21.129907] binder: transaction release 32843 bad node ffffffffffffffff
[   21.130185] binder: transaction release 32844 bad node ffffffffffffffff
[   21.130555] binder: transaction release 32845 bad node ffffffffffffffff
[   21.130848] binder: transaction release 32846 bad node ffffffffffffffff
[   21.131140] binder: transaction release 32847 bad node ffffffffffffffff
[   21.131516] binder: transaction release 32848 bad node ffffffffffffffff
[   21.131837] binder: transaction release 32849 bad node ffffffffffffffff
[   21.132114] binder: transaction release 32850 bad node ffffffffffffffff
[   21.132509] binder: transaction release 32851 bad node ffffffffffffffff
[   21.132823] binder: transaction release 32852 bad node ffffffffffffffff
[   21.133101] binder: transaction release 32853 bad node ffffffffffffffff
[   21.133399] binder: transaction release 32854 bad node ffffffffffffffff
[   21.133809] binder: transaction release 32855 bad node ffffffffffffffff
[   21.134114] binder: transaction release 32856 bad node ffffffffffffffff
[   21.134527] binder: transaction release 32857 bad node ffffffffffffffff
[   21.134860] binder: transaction release 32858 bad node ffffffffffffffff
[   21.135150] binder: transaction release 32859 bad node ffffffffffffffff
[   21.135524] binder: transaction release 32860 bad node ffffffffffffffff
[   21.135837] binder: transaction release 32861 bad node ffffffffffffffff
[   21.136104] binder: transaction release 32862 bad node ffffffffffffffff
[   21.136392] binder: transaction release 32863 bad node ffffffffffffffff
[   21.136767] binder: transaction release 32864 bad node ffffffffffffffff
[   21.137050] binder: transaction release 32865 bad node ffffffffffffffff
[   21.137339] binder: transaction release 32866 bad node ffffffffffffffff
[   21.137737] binder: transaction release 32867 bad node ffffffffffffffff
[   21.138025] binder: transaction release 32868 bad node ffffffffffffffff
[   21.138320] binder: transaction release 32869 bad node ffffffffffffffff
[   21.138740] binder: transaction release 32870 bad node ffffffffffffffff
[   21.139032] binder: transaction release 32871 bad node ffffffffffffffff
[   21.139367] binder: transaction release 32872 bad node ffffffffffffffff
[   21.139858] binder: transaction release 32873 bad node ffffffffffffffff
[   21.140223] binder: transaction release 32874 bad node ffffffffffffffff
[   21.140611] binder: transaction release 32875 bad node ffffffffffffffff
[   21.140882] binder: transaction release 32876 bad node ffffffffffffffff
[   21.141147] binder: transaction release 32877 bad node ffffffffffffffff
[   21.141535] binder: transaction release 32878 bad node ffffffffffffffff
[   21.141846] binder: transaction release 32879 bad node ffffffffffffffff
[   21.142121] binder: transaction release 32880 bad node ffffffffffffffff
[   21.142415] binder: transaction release 32881 bad node ffffffffffffffff
[   21.142810] binder: transaction release 32882 bad node ffffffffffffffff
[   21.143099] binder: transaction release 32883 bad node ffffffffffffffff
[   21.143413] binder: transaction release 32884 bad node ffffffffffffffff
[   21.143811] binder: transaction release 32885 bad node ffffffffffffffff
[   21.144098] binder: transaction release 32886 bad node ffffffffffffffff
[   21.144405] binder: transaction release 32887 bad node ffffffffffffffff
[   21.144798] binder: transaction release 32888 bad node ffffffffffffffff
[   21.145087] binder: transaction release 32889 bad node ffffffffffffffff
[   21.145382] binder: transaction release 32890 bad node ffffffffffffffff
[   21.145785] binder: transaction release 32891 bad node ffffffffffffffff
[   21.146070] binder: transaction release 32892 bad node ffffffffffffffff
[   21.146353] binder: transaction release 32893 bad node ffffffffffffffff
[   21.146706] binder: transaction release 32894 bad node ffffffffffffffff
[   21.146976] binder: transaction release 32895 bad node ffffffffffffffff
[   21.147239] binder: transaction release 32896 bad node ffffffffffffffff
[   21.147673] binder: transaction release 32897 bad node ffffffffffffffff
[   21.147945] binder: transaction release 32898 bad node ffffffffffffffff
[   21.148207] binder: transaction release 32899 bad node ffffffffffffffff
[   21.148695] binder: transaction release 32900 bad node ffffffffffffffff
[   21.148984] binder: transaction release 32901 bad node ffffffffffffffff
[   21.149245] binder: transaction release 32902 bad node ffffffffffffffff
[   21.149660] binder: transaction release 32903 bad node ffffffffffffffff
[   21.149931] binder: transaction release 32904 bad node ffffffffffffffff
[   21.150193] binder: transaction release 32905 bad node ffffffffffffffff
[   21.150579] binder: transaction release 32906 bad node ffffffffffffffff
[   21.150857] binder: transaction release 32907 bad node ffffffffffffffff
[   21.151117] binder: transaction release 32908 bad node ffffffffffffffff
[   21.151398] binder: transaction release 32909 bad node ffffffffffffffff
[   21.151786] binder: transaction release 32910 bad node ffffffffffffffff
[   21.152061] binder: transaction release 32911 bad node ffffffffffffffff
[   21.152352] binder: transaction release 32912 bad node ffffffffffffffff
[   21.152731] binder: transaction release 32913 bad node ffffffffffffffff
[   21.153012] binder: transaction release 32914 bad node ffffffffffffffff
[   21.153287] binder: transaction release 32915 bad node ffffffffffffffff
[   21.153655] binder: transaction release 32916 bad node ffffffffffffffff
[   21.153925] binder: transaction release 32917 bad node ffffffffffffffff
[   21.154185] binder: transaction release 32918 bad node ffffffffffffffff
[   21.154668] binder: transaction release 32919 bad node ffffffffffffffff
[   21.154950] binder: transaction release 32920 bad node ffffffffffffffff
[   21.155227] binder: transaction release 32921 bad node ffffffffffffffff
[   21.155669] binder: transaction release 32922 bad node ffffffffffffffff
[   21.155942] binder: transaction release 32923 bad node ffffffffffffffff
[   21.156206] binder: transaction release 32924 bad node ffffffffffffffff
[   21.156597] binder: transaction release 32925 bad node ffffffffffffffff
[   21.156987] binder: transaction release 32926 bad node ffffffffffffffff
[   21.157276] binder: transaction release 32927 bad node ffffffffffffffff
[   21.157661] binder: transaction release 32928 bad node ffffffffffffffff
[   21.157951] binder: transaction release 32929 bad node ffffffffffffffff
[   21.158226] binder: transaction release 32930 bad node ffffffffffffffff
[   21.158631] binder: transaction release 32931 bad node ffffffffffffffff
[   21.158900] binder: transaction release 32932 bad node ffffffffffffffff
[   21.159160] binder: transaction release 32933 bad node ffffffffffffffff
[   21.159568] binder: transaction release 32934 bad node ffffffffffffffff
[   21.159918] binder: transaction release 32935 bad node ffffffffffffffff
[   21.160197] binder: transaction release 32936 bad node ffffffffffffffff
[   21.160610] binder: transaction release 32937 bad node ffffffffffffffff
[   21.160897] binder: transaction release 32938 bad node ffffffffffffffff
[   21.161172] binder: transaction release 32939 bad node ffffffffffffffff
[   21.161631] binder: transaction release 32940 bad node ffffffffffffffff
[   21.161916] binder: transaction release 32941 bad node ffffffffffffffff
[   21.162182] binder: transaction release 32942 bad node ffffffffffffffff
[   21.162581] binder: transaction release 32943 bad node ffffffffffffffff
[   21.162879] binder: transaction release 32944 bad node ffffffffffffffff
[   21.163157] binder: transaction release 32945 bad node ffffffffffffffff
[   21.163533] binder: transaction release 32946 bad node ffffffffffffffff
[   21.163837] binder: transaction release 32947 bad node ffffffffffffffff
[   21.164096] binder: transaction release 32948 bad node ffffffffffffffff
[   21.164393] binder: transaction release 32949 bad node ffffffffffffffff
[   21.164792] binder: transaction release 32950 bad node ffffffffffffffff
[   21.165072] binder: transaction release 32951 bad node ffffffffffffffff
[   21.165382] binder: transaction release 32952 bad node ffffffffffffffff
[   21.165785] binder: transaction release 32953 bad node ffffffffffffffff
[   21.166056] binder: transaction release 32954 bad node ffffffffffffffff
[   21.166363] binder: transaction release 32955 bad node ffffffffffffffff
[   21.166743] binder: transaction release 32956 bad node ffffffffffffffff
[   21.167030] binder: transaction release 32957 bad node ffffffffffffffff
[   21.167323] binder: transaction release 32958 bad node ffffffffffffffff
[   21.167731] binder: transaction release 32959 bad node ffffffffffffffff
[   21.168019] binder: transaction release 32960 bad node ffffffffffffffff
[   21.168306] binder: transaction release 32961 bad node ffffffffffffffff
[   21.168694] binder: transaction release 32962 bad node ffffffffffffffff
[   21.168980] binder: transaction release 32963 bad node ffffffffffffffff
[   21.169254] binder: transaction release 32964 bad node ffffffffffffffff
[   21.169690] binder: transaction release 32965 bad node ffffffffffffffff
[   21.169977] binder: transaction release 32966 bad node ffffffffffffffff
[   21.170252] binder: transaction release 32967 bad node ffffffffffffffff
[   21.170639] binder: transaction release 32968 bad node ffffffffffffffff
[   21.170929] binder: transaction release 32969 bad node ffffffffffffffff
[   21.171203] binder: transaction release 32970 bad node ffffffffffffffff
[   21.171572] binder: transaction release 32971 bad node ffffffffffffffff
[   21.171854] binder: transaction release 32972 bad node ffffffffffffffff
[   21.172115] binder: transaction release 32973 bad node ffffffffffffffff
[   21.172391] binder: transaction release 32974 bad node ffffffffffffffff
[   21.172779] binder: transaction release 32975 bad node ffffffffffffffff
[   21.173073] binder: transaction release 32976 bad node ffffffffffffffff
[   21.173354] binder: transaction release 32977 bad node ffffffffffffffff
[   21.174027] binder: transaction release 32978 bad node ffffffffffffffff
[   21.174715] binder: transaction release 32979 bad node ffffffffffffffff
[   21.175205] binder: transaction release 32980 bad node ffffffffffffffff
[   21.175668] binder: transaction release 32981 bad node ffffffffffffffff
[   21.175958] binder: transaction release 32982 bad node ffffffffffffffff
[   21.176237] binder: transaction release 32983 bad node ffffffffffffffff
[   21.176641] binder: transaction release 32984 bad node ffffffffffffffff
[   21.176946] binder: transaction release 32985 bad node ffffffffffffffff
[   21.177227] binder: transaction release 32986 bad node ffffffffffffffff
[   21.177614] binder: transaction release 32987 bad node ffffffffffffffff
[   21.177897] binder: transaction release 32988 bad node ffffffffffffffff
[   21.178174] binder: transaction release 32989 bad node ffffffffffffffff
[   21.178654] binder: transaction release 32990 bad node ffffffffffffffff
[   21.178959] binder: transaction release 32991 bad node ffffffffffffffff
[   21.179237] binder: transaction release 32992 bad node ffffffffffffffff
[   21.179698] binder: transaction release 32993 bad node ffffffffffffffff
[   21.179990] binder: transaction release 32994 bad node ffffffffffffffff
[   21.180278] binder: transaction release 32995 bad node ffffffffffffffff
[   21.180684] binder: transaction release 32996 bad node ffffffffffffffff
[   21.180969] binder: transaction release 32997 bad node ffffffffffffffff
[   21.181245] binder: transaction release 32998 bad node ffffffffffffffff
[   21.181645] binder: transaction release 32999 bad node ffffffffffffffff
[   21.181979] binder: transaction release 33000 bad node ffffffffffffffff
[   21.182271] binder: transaction release 33001 bad node ffffffffffffffff
[   21.182693] binder: transaction release 33002 bad node ffffffffffffffff
[   21.182988] binder: transaction release 33003 bad node ffffffffffffffff
[   21.183276] binder: transaction release 33004 bad node ffffffffffffffff
[   21.183703] binder: transaction release 33005 bad node ffffffffffffffff
[   21.183986] binder: transaction release 33006 bad node ffffffffffffffff
[   21.184278] binder: transaction release 33007 bad node ffffffffffffffff
[   21.184687] binder: transaction release 33008 bad node ffffffffffffffff
[   21.184973] binder: transaction release 33009 bad node ffffffffffffffff
[   21.185252] binder: transaction release 33010 bad node ffffffffffffffff
[   21.185652] binder: transaction release 33011 bad node ffffffffffffffff
[   21.185941] binder: transaction release 33012 bad node ffffffffffffffff
[   21.186223] binder: transaction release 33013 bad node ffffffffffffffff
[   21.186765] binder: transaction release 33014 bad node ffffffffffffffff
[   21.187045] binder: transaction release 33015 bad node ffffffffffffffff
[   21.187329] binder: transaction release 33016 bad node ffffffffffffffff
[   21.187704] binder: transaction release 33017 bad node ffffffffffffffff
[   21.187978] binder: transaction release 33018 bad node ffffffffffffffff
[   21.188244] binder: transaction release 33019 bad node ffffffffffffffff
[   21.188698] binder: transaction release 33020 bad node ffffffffffffffff
[   21.188971] binder: transaction release 33021 bad node ffffffffffffffff
[   21.189230] binder: transaction release 33022 bad node ffffffffffffffff
[   21.189602] binder: transaction release 33023 bad node ffffffffffffffff
[   21.189868] binder: transaction release 33024 bad node ffffffffffffffff
[   21.190130] binder: transaction release 33025 bad node ffffffffffffffff
[   21.190498] binder: transaction release 33026 bad node ffffffffffffffff
[   21.190797] binder: transaction release 33027 bad node ffffffffffffffff
[   21.191062] binder: transaction release 33028 bad node ffffffffffffffff
[   21.191329] binder: transaction release 33029 bad node ffffffffffffffff
[   21.191751] binder: transaction release 33030 bad node ffffffffffffffff
[   21.192051] binder: transaction release 33031 bad node ffffffffffffffff
[   21.192359] binder: transaction release 33032 bad node ffffffffffffffff
[   21.192769] binder: transaction release 33033 bad node ffffffffffffffff
[   21.193053] binder: transaction release 33034 bad node ffffffffffffffff
[   21.193340] binder: transaction release 33035 bad node ffffffffffffffff
[   21.193783] binder: transaction release 33036 bad node ffffffffffffffff
[   21.194072] binder: transaction release 33037 bad node ffffffffffffffff
[   21.194371] binder: transaction release 33038 bad node ffffffffffffffff
[   21.194794] binder: transaction release 33039 bad node ffffffffffffffff
[   21.195081] binder: transaction release 33040 bad node ffffffffffffffff
[   21.195375] binder: transaction release 33041 bad node ffffffffffffffff
[   21.195748] binder: transaction release 33042 bad node ffffffffffffffff
[   21.196017] binder: transaction release 33043 bad node ffffffffffffffff
[   21.196289] binder: transaction release 33044 bad node ffffffffffffffff
[   21.196696] binder: transaction release 33045 bad node ffffffffffffffff
[   21.196965] binder: transaction release 33046 bad node ffffffffffffffff
[   21.197224] binder: transaction release 33047 bad node ffffffffffffffff
[   21.197584] binder: transaction release 33048 bad node ffffffffffffffff
[   21.197858] binder: transaction release 33049 bad node ffffffffffffffff
[   21.198118] binder: transaction release 33050 bad node ffffffffffffffff
[   21.198392] binder: transaction release 33051 bad node ffffffffffffffff
[   21.198787] binder: transaction release 33052 bad node ffffffffffffffff
[   21.199057] binder: transaction release 33053 bad node ffffffffffffffff
[   21.199337] binder: transaction release 33054 bad node ffffffffffffffff
[   21.199714] binder: transaction release 33055 bad node ffffffffffffffff
[   21.199990] binder: transaction release 33056 bad node ffffffffffffffff
[   21.200249] binder: transaction release 33057 bad node ffffffffffffffff
[   21.200632] binder: transaction release 33058 bad node ffffffffffffffff
[   21.200902] binder: transaction release 33059 bad node ffffffffffffffff
[   21.201163] binder: transaction release 33060 bad node ffffffffffffffff
[   21.201576] binder: transaction release 33061 bad node ffffffffffffffff
[   21.201906] binder: transaction release 33062 bad node ffffffffffffffff
[   21.202172] binder: transaction release 33063 bad node ffffffffffffffff
[   21.202553] binder: transaction release 33064 bad node ffffffffffffffff
[   21.202857] binder: transaction release 33065 bad node ffffffffffffffff
[   21.203119] binder: transaction release 33066 bad node ffffffffffffffff
[   21.203507] binder: transaction release 33067 bad node ffffffffffffffff
[   21.203829] binder: transaction release 33068 bad node ffffffffffffffff
[   21.204108] binder: transaction release 33069 bad node ffffffffffffffff
[   21.204398] binder: transaction release 33070 bad node ffffffffffffffff
[   21.204776] binder: transaction release 33071 bad node ffffffffffffffff
[   21.205050] binder: transaction release 33072 bad node ffffffffffffffff
[   21.205326] binder: transaction release 33073 bad node ffffffffffffffff
[   21.205709] binder: transaction release 33074 bad node ffffffffffffffff
[   21.206005] binder: transaction release 33075 bad node ffffffffffffffff
[   21.206290] binder: transaction release 33076 bad node ffffffffffffffff
[   21.206718] binder: transaction release 33077 bad node ffffffffffffffff
[   21.206987] binder: transaction release 33078 bad node ffffffffffffffff
[   21.207250] binder: transaction release 33079 bad node ffffffffffffffff
[   21.207749] binder: transaction release 33080 bad node ffffffffffffffff
[   21.208037] binder: transaction release 33081 bad node ffffffffffffffff
[   21.208326] binder: transaction release 33082 bad node ffffffffffffffff
[   21.208733] binder: transaction release 33083 bad node ffffffffffffffff
[   21.209015] binder: transaction release 33084 bad node ffffffffffffffff
[   21.209297] binder: transaction release 33085 bad node ffffffffffffffff
[   21.209681] binder: transaction release 33086 bad node ffffffffffffffff
[   21.209970] binder: transaction release 33087 bad node ffffffffffffffff
[   21.210244] binder: transaction release 33088 bad node ffffffffffffffff
[   21.210820] binder: transaction release 33089 bad node ffffffffffffffff
[   21.211102] binder: transaction release 33090 bad node ffffffffffffffff
[   21.211409] binder: transaction release 33091 bad node ffffffffffffffff
[   21.211816] binder: transaction release 33092 bad node ffffffffffffffff
[   21.212100] binder: transaction release 33093 bad node ffffffffffffffff
[   21.212414] binder: transaction release 33094 bad node ffffffffffffffff
[   21.212958] binder: transaction release 33095 bad node ffffffffffffffff
[   21.213241] binder: transaction release 33096 bad node ffffffffffffffff
[   21.213624] binder: transaction release 33097 bad node ffffffffffffffff
[   21.213906] binder: transaction release 33098 bad node ffffffffffffffff
[   21.214180] binder: transaction release 33099 bad node ffffffffffffffff
[   21.214550] binder: transaction release 33100 bad node ffffffffffffffff
[   21.214861] binder: transaction release 33101 bad node ffffffffffffffff
[   21.215140] binder: transaction release 33102 bad node ffffffffffffffff
[   21.215678] binder: transaction release 33103 bad node ffffffffffffffff
[   21.215959] binder: transaction release 33104 bad node ffffffffffffffff
[   21.216228] binder: transaction release 33105 bad node ffffffffffffffff
[   21.216681] binder: transaction release 33106 bad node ffffffffffffffff
[   21.216971] binder: transaction release 33107 bad node ffffffffffffffff
[   21.217248] binder: transaction release 33108 bad node ffffffffffffffff
[   21.217643] binder: transaction release 33109 bad node ffffffffffffffff
[   21.217912] binder: transaction release 33110 bad node ffffffffffffffff
[   21.218171] binder: transaction release 33111 bad node ffffffffffffffff
[   21.218575] binder: transaction release 33112 bad node ffffffffffffffff
[   21.218900] binder: transaction release 33113 bad node ffffffffffffffff
[   21.219178] binder: transaction release 33114 bad node ffffffffffffffff
[   21.219576] binder: transaction release 33115 bad node ffffffffffffffff
[   21.219887] binder: transaction release 33116 bad node ffffffffffffffff
[   21.220166] binder: transaction release 33117 bad node ffffffffffffffff
[   21.220550] binder: transaction release 33118 bad node ffffffffffffffff
[   21.220870] binder: transaction release 33119 bad node ffffffffffffffff
[   21.221152] binder: transaction release 33120 bad node ffffffffffffffff
[   21.221506] binder: transaction release 33121 bad node ffffffffffffffff
[   21.221799] binder: transaction release 33122 bad node ffffffffffffffff
[   21.222063] binder: transaction release 33123 bad node ffffffffffffffff
[   21.222332] binder: transaction release 33124 bad node ffffffffffffffff
[   21.222720] binder: transaction release 33125 bad node ffffffffffffffff
[   21.222990] binder: transaction release 33126 bad node ffffffffffffffff
[   21.223271] binder: transaction release 33127 bad node ffffffffffffffff
[   21.223695] binder: transaction release 33128 bad node ffffffffffffffff
[   21.223964] binder: transaction release 33129 bad node ffffffffffffffff
[   21.224228] binder: transaction release 33130 bad node ffffffffffffffff
[   21.224704] binder: transaction release 33131 bad node ffffffffffffffff
[   21.225023] binder: transaction release 33132 bad node ffffffffffffffff
[   21.225329] binder: transaction release 33133 bad node ffffffffffffffff
[   21.225809] binder: transaction release 33134 bad node ffffffffffffffff
[   21.226105] binder: transaction release 33135 bad node ffffffffffffffff
[   21.226408] binder: transaction release 33136 bad node ffffffffffffffff
[   21.226804] binder: transaction release 33137 bad node ffffffffffffffff
[   21.227088] binder: transaction release 33138 bad node ffffffffffffffff
[   21.227386] binder: transaction release 33139 bad node ffffffffffffffff
[   21.227805] binder: transaction release 33140 bad node ffffffffffffffff
[   21.228094] binder: transaction release 33141 bad node ffffffffffffffff
[   21.228396] binder: transaction release 33142 bad node ffffffffffffffff
[   21.228787] binder: transaction release 33143 bad node ffffffffffffffff
[   21.229072] binder: transaction release 33144 bad node ffffffffffffffff
[   21.229377] binder: transaction release 33145 bad node ffffffffffffffff
[   21.229775] binder: transaction release 33146 bad node ffffffffffffffff
[   21.230056] binder: transaction release 33147 bad node ffffffffffffffff
[   21.230329] binder: transaction release 33148 bad node ffffffffffffffff
[   21.230703] binder: transaction release 33149 bad node ffffffffffffffff
[   21.230999] binder: transaction release 33150 bad node ffffffffffffffff
[   21.231288] binder: transaction release 33151 bad node ffffffffffffffff
[   21.231672] binder: transaction release 33152 bad node ffffffffffffffff
[   21.231958] binder: transaction release 33153 bad node ffffffffffffffff
[   21.232221] binder: transaction release 33154 bad node ffffffffffffffff
[   21.232585] binder: transaction release 33155 bad node ffffffffffffffff
[   21.232854] binder: transaction release 33156 bad node ffffffffffffffff
[   21.233120] binder: transaction release 33157 bad node ffffffffffffffff
[   21.233398] binder: transaction release 33158 bad node ffffffffffffffff
[   21.233786] binder: transaction release 33159 bad node ffffffffffffffff
[   21.234060] binder: transaction release 33160 bad node ffffffffffffffff
[   21.234346] binder: transaction release 33161 bad node ffffffffffffffff
[   21.234757] binder: transaction release 33162 bad node ffffffffffffffff
[   21.235045] binder: transaction release 33163 bad node ffffffffffffffff
[   21.235332] binder: transaction release 33164 bad node ffffffffffffffff
[   21.235744] binder: transaction release 33165 bad node ffffffffffffffff
[   21.236029] binder: transaction release 33166 bad node ffffffffffffffff
[   21.236326] binder: transaction release 33167 bad node ffffffffffffffff
[   21.236671] binder: transaction release 33168 bad node ffffffffffffffff
[   21.236944] binder: transaction release 33169 bad node ffffffffffffffff
[   21.237233] binder: transaction release 33170 bad node ffffffffffffffff
[   21.237629] binder: transaction release 33171 bad node ffffffffffffffff
[   21.237918] binder: transaction release 33172 bad node ffffffffffffffff
[   21.238180] binder: transaction release 33173 bad node ffffffffffffffff
[   21.238526] binder: transaction release 33174 bad node ffffffffffffffff
[   21.238817] binder: transaction release 33175 bad node ffffffffffffffff
[   21.239081] binder: transaction release 33176 bad node ffffffffffffffff
[   21.239357] binder: transaction release 33177 bad node ffffffffffffffff
[   21.239745] binder: transaction release 33178 bad node ffffffffffffffff
[   21.240040] binder: transaction release 33179 bad node ffffffffffffffff
[   21.240312] binder: transaction release 33180 bad node ffffffffffffffff
[   21.240663] binder: transaction release 33181 bad node ffffffffffffffff
[   21.240940] binder: transaction release 33182 bad node ffffffffffffffff
[   21.241217] binder: transaction release 33183 bad node ffffffffffffffff
[   21.241627] binder: transaction release 33184 bad node ffffffffffffffff
[   21.241915] binder: transaction release 33185 bad node ffffffffffffffff
[   21.242194] binder: transaction release 33186 bad node ffffffffffffffff
[   21.242728] binder: transaction release 33187 bad node ffffffffffffffff
[   21.243024] binder: transaction release 33188 bad node ffffffffffffffff
[   21.243313] binder: transaction release 33189 bad node ffffffffffffffff
[   21.243689] binder: transaction release 33190 bad node ffffffffffffffff
[   21.243977] binder: transaction release 33191 bad node ffffffffffffffff
[   21.244256] binder: transaction release 33192 bad node ffffffffffffffff
[   21.244671] binder: transaction release 33193 bad node ffffffffffffffff
[   21.244954] binder: transaction release 33194 bad node ffffffffffffffff
[   21.245217] binder: transaction release 33195 bad node ffffffffffffffff
[   21.245591] binder: transaction release 33196 bad node ffffffffffffffff
[   21.245878] binder: transaction release 33197 bad node ffffffffffffffff
[   21.246157] binder: transaction release 33198 bad node ffffffffffffffff
[   21.246554] binder: transaction release 33199 bad node ffffffffffffffff
[   21.246872] binder: transaction release 33200 bad node ffffffffffffffff
[   21.247149] binder: transaction release 33201 bad node ffffffffffffffff
[   21.247588] binder: transaction release 33202 bad node ffffffffffffffff
[   21.247905] binder: transaction release 33203 bad node ffffffffffffffff
[   21.248184] binder: transaction release 33204 bad node ffffffffffffffff
[   21.248578] binder: transaction release 33205 bad node ffffffffffffffff
[   21.248868] binder: transaction release 33206 bad node ffffffffffffffff
[   21.249150] binder: transaction release 33207 bad node ffffffffffffffff
[   21.249569] binder: transaction release 33208 bad node ffffffffffffffff
[   21.249878] binder: transaction release 33209 bad node ffffffffffffffff
[   21.250158] binder: transaction release 33210 bad node ffffffffffffffff
[   21.250651] binder: transaction release 33211 bad node ffffffffffffffff
[   21.250967] binder: transaction release 33212 bad node ffffffffffffffff
[   21.251277] binder: transaction release 33213 bad node ffffffffffffffff
[   21.251674] binder: transaction release 33214 bad node ffffffffffffffff
[   21.251958] binder: transaction release 33215 bad node ffffffffffffffff
[   21.252238] binder: transaction release 33216 bad node ffffffffffffffff
[   21.252667] binder: transaction release 33217 bad node ffffffffffffffff
[   21.252957] binder: transaction release 33218 bad node ffffffffffffffff
[   21.253239] binder: transaction release 33219 bad node ffffffffffffffff
[   21.253637] binder: transaction release 33220 bad node ffffffffffffffff
[   21.253922] binder: transaction release 33221 bad node ffffffffffffffff
[   21.254201] binder: transaction release 33222 bad node ffffffffffffffff
[   21.254595] binder: transaction release 33223 bad node ffffffffffffffff
[   21.254894] binder: transaction release 33224 bad node ffffffffffffffff
[   21.255173] binder: transaction release 33225 bad node ffffffffffffffff
[   21.255642] binder: transaction release 33226 bad node ffffffffffffffff
[   21.255946] binder: transaction release 33227 bad node ffffffffffffffff
[   21.256224] binder: transaction release 33228 bad node ffffffffffffffff
[   21.256622] binder: transaction release 33229 bad node ffffffffffffffff
[   21.256910] binder: transaction release 33230 bad node ffffffffffffffff
[   21.257188] binder: transaction release 33231 bad node ffffffffffffffff
[   21.257740] binder: transaction release 33232 bad node ffffffffffffffff
[   21.258052] binder: transaction release 33233 bad node ffffffffffffffff
[   21.258410] binder: transaction release 33234 bad node ffffffffffffffff
[   21.258989] binder: transaction release 33235 bad node ffffffffffffffff
[   21.259365] binder: transaction release 33236 bad node ffffffffffffffff
[   21.259852] binder: transaction release 33237 bad node ffffffffffffffff
[   21.260181] binder: transaction release 33238 bad node ffffffffffffffff
[   21.260622] binder: transaction release 33239 bad node ffffffffffffffff
[   21.260925] binder: transaction release 33240 bad node ffffffffffffffff
[   21.261228] binder: transaction release 33241 bad node ffffffffffffffff
[   21.261629] binder: transaction release 33242 bad node ffffffffffffffff
[   21.261937] binder: transaction release 33243 bad node ffffffffffffffff
[   21.262218] binder: transaction release 33244 bad node ffffffffffffffff
[   21.262625] binder: transaction release 33245 bad node ffffffffffffffff
[   21.262912] binder: transaction release 33246 bad node ffffffffffffffff
[   21.263196] binder: transaction release 33247 bad node ffffffffffffffff
[   21.263582] binder: transaction release 33248 bad node ffffffffffffffff
[   21.263872] binder: transaction release 33249 bad node ffffffffffffffff
[   21.264161] binder: transaction release 33250 bad node ffffffffffffffff
[   21.264547] binder: transaction release 33251 bad node ffffffffffffffff
[   21.264852] binder: transaction release 33252 bad node ffffffffffffffff
[   21.265135] binder: transaction release 33253 bad node ffffffffffffffff
[   21.265551] binder: transaction release 33254 bad node ffffffffffffffff
[   21.265882] binder: transaction release 33255 bad node ffffffffffffffff
[   21.266165] binder: transaction release 33256 bad node ffffffffffffffff
[   21.266577] binder: transaction release 33257 bad node ffffffffffffffff
[   21.266880] binder: transaction release 33258 bad node ffffffffffffffff
[   21.267165] binder: transaction release 33259 bad node ffffffffffffffff
[   21.267579] binder: transaction release 33260 bad node ffffffffffffffff
[   21.267896] binder: transaction release 33261 bad node ffffffffffffffff
[   21.268178] binder: transaction release 33262 bad node ffffffffffffffff
[   21.268593] binder: transaction release 33263 bad node ffffffffffffffff
