c[?7l[2J[0mSeaBIOS (version rel-1.17.0-0-gb52ca86e094d-prebuilt.qemu.org)
Booting from ROM...
c[?7l[2J[    0.000000] Linux version 5.10.107+ (jack@bd5f2b454abc) (gcc (Ubuntu 10.5.0-1ubuntu1~20.04) 10.5.0, GNU ld (GNU Binutils for Ubuntu) 2.34) #1 SMP PREEMPT Tue May 26 07:46:52 UTC 2026
[    0.000000] Command line: console=ttyS0 rdinit=/init testvm_autorun=/run_badnode.sh nokaslr panic=-1
[    0.000000] x86/fpu: x87 FPU will use FXSAVE
[    0.000000] BIOS-provided physical RAM map:
[    0.000000] BIOS-e820: [mem 0x0000000000000000-0x000000000009fbff] usable
[    0.000000] BIOS-e820: [mem 0x000000000009fc00-0x000000000009ffff] reserved
[    0.000000] BIOS-e820: [mem 0x00000000000f0000-0x00000000000fffff] reserved
[    0.000000] BIOS-e820: [mem 0x0000000000100000-0x000000003ffdffff] usable
[    0.000000] BIOS-e820: [mem 0x000000003ffe0000-0x000000003fffffff] reserved
[    0.000000] BIOS-e820: [mem 0x00000000fffc0000-0x00000000ffffffff] reserved
[    0.000000] BIOS-e820: [mem 0x000000fd00000000-0x000000ffffffffff] reserved
[    0.000000] NX (Execute Disable) protection: active
[    0.000000] SMBIOS 2.8 present.
[    0.000000] DMI: QEMU Standard PC (i440FX + PIIX, 1996), BIOS rel-1.17.0-0-gb52ca86e094d-prebuilt.qemu.org 04/01/2014
[    0.000000] tsc: Fast TSC calibration using PIT
[    0.000000] tsc: Detected 2303.995 MHz processor
[    0.026577] AGP: No AGP bridge found
[    0.027226] last_pfn = 0x3ffe0 max_arch_pfn = 0x400000000
[    0.030682] x86/PAT: Configuration [0-7]: WB  WC  UC- UC  WB  WP  UC- WT  
[    0.083726] found SMP MP-table at [mem 0x000f54c0-0x000f54cf]
[    0.087952] check: Scanning 1 areas for low memory corruption
[    0.102880] RAMDISK: [mem 0x3fe39000-0x3ffdffff]
[    0.103605] ACPI: Early table checksum verification disabled
[    0.104729] ACPI: RSDP 0x00000000000F52E0 000014 (v00 BOCHS )
[    0.105448] ACPI: RSDT 0x000000003FFE238A 000034 (v01 BOCHS  BXPC     00000001 BXPC 00000001)
[    0.107196] ACPI: FACP 0x000000003FFE2236 000074 (v01 BOCHS  BXPC     00000001 BXPC 00000001)
[    0.108688] ACPI: DSDT 0x000000003FFE0040 0021F6 (v01 BOCHS  BXPC     00000001 BXPC 00000001)
[    0.108976] ACPI: FACS 0x000000003FFE0000 000040
[    0.109165] ACPI: APIC 0x000000003FFE22AA 000080 (v03 BOCHS  BXPC     00000001 BXPC 00000001)
[    0.109277] ACPI: HPET 0x000000003FFE232A 000038 (v01 BOCHS  BXPC     00000001 BXPC 00000001)
[    0.109379] ACPI: WAET 0x000000003FFE2362 000028 (v01 BOCHS  BXPC     00000001 BXPC 00000001)
[    0.109624] ACPI: Reserving FACP table memory at [mem 0x3ffe2236-0x3ffe22a9]
[    0.109721] ACPI: Reserving DSDT table memory at [mem 0x3ffe0040-0x3ffe2235]
[    0.109761] ACPI: Reserving FACS table memory at [mem 0x3ffe0000-0x3ffe003f]
[    0.109795] ACPI: Reserving APIC table memory at [mem 0x3ffe22aa-0x3ffe2329]
[    0.109827] ACPI: Reserving HPET table memory at [mem 0x3ffe232a-0x3ffe2361]
[    0.109857] ACPI: Reserving WAET table memory at [mem 0x3ffe2362-0x3ffe2389]
[    0.115171] No NUMA configuration found
[    0.115260] Faking a node at [mem 0x0000000000000000-0x000000003ffdffff]
[    0.117322] NODE_DATA(0) allocated [mem 0x3fe34000-0x3fe38fff]
[    0.123450] Zone ranges:
[    0.123625]   DMA      [mem 0x0000000000001000-0x0000000000ffffff]
[    0.123770]   DMA32    [mem 0x0000000001000000-0x000000003ffdffff]
[    0.123821]   Normal   empty
[    0.123884]   Device   empty
[    0.123935] Movable zone start for each node
[    0.124028] Early memory node ranges
[    0.124135]   node   0: [mem 0x0000000000001000-0x000000000009efff]
[    0.124479]   node   0: [mem 0x0000000000100000-0x000000003ffdffff]
[    0.125028] Initmem setup node 0 [mem 0x0000000000001000-0x000000003ffdffff]
[    0.127624] On node 0, zone DMA: 1 pages in unavailable ranges
[    0.128356] On node 0, zone DMA: 97 pages in unavailable ranges
[    0.189522] On node 0, zone DMA32: 32 pages in unavailable ranges
[    0.192566] ACPI: LAPIC_NMI (acpi_id[0xff] dfl dfl lint[0x1])
[    0.193885] IOAPIC[0]: apic_id 0, version 32, address 0xfec00000, GSI 0-23
[    0.194281] ACPI: INT_SRC_OVR (bus 0 bus_irq 0 global_irq 2 dfl dfl)
[    0.195078] ACPI: INT_SRC_OVR (bus 0 bus_irq 5 global_irq 5 high level)
[    0.195204] ACPI: INT_SRC_OVR (bus 0 bus_irq 9 global_irq 9 high level)
[    0.195571] ACPI: INT_SRC_OVR (bus 0 bus_irq 10 global_irq 10 high level)
[    0.195620] ACPI: INT_SRC_OVR (bus 0 bus_irq 11 global_irq 11 high level)
[    0.196325] Using ACPI (MADT) for SMP configuration information
[    0.196517] ACPI: HPET id: 0x8086a201 base: 0xfed00000
[    0.197511] smpboot: Allowing 2 CPUs, 0 hotplug CPUs
[    0.199942] [mem 0x40000000-0xfffbffff] available for PCI devices
[    0.200087] Booting paravirtualized kernel on bare hardware
[    0.201405] clocksource: refined-jiffies: mask: 0xffffffff max_cycles: 0xffffffff, max_idle_ns: 1910969940391419 ns
[    0.232444] setup_percpu: NR_CPUS:512 nr_cpumask_bits:512 nr_cpu_ids:2 nr_node_ids:1
[    0.252958] percpu: Embedded 63 pages/cpu s221184 r8192 d28672 u1048576
[    0.258638] Built 1 zonelists, mobility grouping on.  Total pages: 257897
[    0.258734] Policy zone: DMA32
[    0.259371] Kernel command line: console=ttyS0 rdinit=/init testvm_autorun=/run_badnode.sh nokaslr panic=-1
[    0.290838] Dentry cache hash table entries: 131072 (order: 8, 1048576 bytes, linear)
[    0.294273] Inode-cache hash table entries: 65536 (order: 7, 524288 bytes, linear)
[    0.301029] mem auto-init: stack:off, heap alloc:off, heap free:off
[    0.302228] AGP: Checking aperture...
[    0.306224] AGP: No AGP bridge found
[    0.338280] bad_dst_dbg page_alloc pcp_alloc page=ffffea0000120000 pfn=4800 mt=0 pcp_count=0 zone=DMA32 cpu=0
[    0.339268] bad_dst_dbg page_alloc pcp_alloc page=ffffea0000120040 pfn=4801 mt=0 pcp_count=0 zone=DMA32 cpu=0
[    0.339338] bad_dst_dbg page_alloc pcp_alloc page=ffffea0000120080 pfn=4802 mt=0 pcp_count=0 zone=DMA32 cpu=0
[    0.339395] bad_dst_dbg page_alloc pcp_alloc page=ffffea00001200c0 pfn=4803 mt=0 pcp_count=0 zone=DMA32 cpu=0
[    0.339447] bad_dst_dbg page_alloc pcp_alloc page=ffffea0000120100 pfn=4804 mt=0 pcp_count=0 zone=DMA32 cpu=0
[    0.339496] bad_dst_dbg page_alloc pcp_alloc page=ffffea0000120140 pfn=4805 mt=0 pcp_count=0 zone=DMA32 cpu=0
[    0.339543] bad_dst_dbg page_alloc pcp_alloc page=ffffea0000120180 pfn=4806 mt=0 pcp_count=0 zone=DMA32 cpu=0
[    0.339594] bad_dst_dbg page_alloc pcp_alloc page=ffffea00001201c0 pfn=4807 mt=0 pcp_count=0 zone=DMA32 cpu=0
[    0.339642] bad_dst_dbg page_alloc pcp_alloc page=ffffea0000120200 pfn=4808 mt=0 pcp_count=0 zone=DMA32 cpu=0
[    0.339688] bad_dst_dbg page_alloc pcp_alloc page=ffffea0000120240 pfn=4809 mt=0 pcp_count=0 zone=DMA32 cpu=0
[    0.340666] Memory: 208112K/1048056K available (18452K kernel code, 3390K rwdata, 15468K rodata, 1904K init, 4920K bss, 73568K reserved, 0K cma-reserved)
[    0.342756] random: get_random_u64 called from __kmem_cache_create+0x2a/0x4d0 with crng_init=0
[    0.361899] SLUB: HWalign=64, Order=0-3, MinObjects=0, CPUs=2, Nodes=1
[    0.365698] ftrace: allocating 57808 entries in 226 pages
[    0.611400] ftrace: allocated 226 pages with 4 groups
[    0.633815] rcu: Preemptible hierarchical RCU implementation.
[    0.633932] rcu: 	RCU restricting CPUs from NR_CPUS=512 to nr_cpu_ids=2.
[    0.634182] 	Trampoline variant of Tasks RCU enabled.
[    0.634215] 	Rude variant of Tasks RCU enabled.
[    0.634242] 	Tracing variant of Tasks RCU enabled.
[    0.634498] rcu: RCU calculated value of scheduler-enlistment delay is 100 jiffies.
[    0.634597] rcu: Adjusting geometry for rcu_fanout_leaf=16, nr_cpu_ids=2
[    0.701425] NR_IRQS: 33024, nr_irqs: 440, preallocated irqs: 16
[    0.745748] Console: colour VGA+ 80x25
[    0.771495] printk: console [ttyS0] enabled
[    0.774151] ACPI: Core revision 20200925
[    0.788774] clocksource: hpet: mask: 0xffffffff max_cycles: 0xffffffff, max_idle_ns: 19112604467 ns
[    0.801359] APIC: Switch to symmetric I/O mode setup
[    0.814332] ..TIMER: vector=0x30 apic1=0 pin1=2 apic2=-1 pin2=-1
[    0.821117] tsc: Marking TSC unstable due to TSCs unsynchronized
[    0.822247] Calibrating delay loop (skipped), value calculated using timer frequency.. 4607.99 BogoMIPS (lpj=2303995)
[    0.823873] pid_max: default: 32768 minimum: 301
[    0.826656] LSM: Security Framework initializing
[    0.829395] Yama: becoming mindful.
[    0.831683] LoadPin: ready to pin (currently enforcing)
[    0.837164] AppArmor: AppArmor initialized
[    0.837415] LSM support for eBPF active
[    0.838920] Mount-cache hash table entries: 2048 (order: 2, 16384 bytes, linear)
[    0.839231] Mountpoint-cache hash table entries: 2048 (order: 2, 16384 bytes, linear)
[    0.904004] process: using AMD E400 aware idle routine
[    0.904980] Last level iTLB entries: 4KB 512, 2MB 255, 4MB 127
[    0.905207] Last level dTLB entries: 4KB 512, 2MB 255, 4MB 127, 1GB 0
[    0.905956] Spectre V1 : Mitigation: usercopy/swapgs barriers and __user pointer sanitization
[    0.906541] Spectre V2 : Mitigation: Retpolines
[    0.906745] Spectre V2 : Spectre v2 / SpectreRSB mitigation: Filling RSB on context switch
[    0.915379] bad_dst_dbg page_alloc pcp_free page=ffffea00000fc8c0 pfn=3f23 mt=1 pcp_count=20 pcp_high=90 zone=DMA32 cpu=0
[    0.915930] bad_dst_dbg page_alloc pcp_free page=ffffea00000fc900 pfn=3f24 mt=1 pcp_count=21 pcp_high=90 zone=DMA32 cpu=0
[    0.916274] bad_dst_dbg page_alloc pcp_free page=ffffea00000fc940 pfn=3f25 mt=1 pcp_count=22 pcp_high=90 zone=DMA32 cpu=0
[    0.916819] bad_dst_dbg page_alloc pcp_free page=ffffea00000fc980 pfn=3f26 mt=1 pcp_count=23 pcp_high=90 zone=DMA32 cpu=0
[    0.917155] bad_dst_dbg page_alloc pcp_free page=ffffea00000fc9c0 pfn=3f27 mt=1 pcp_count=24 pcp_high=90 zone=DMA32 cpu=0
[    0.917491] bad_dst_dbg page_alloc pcp_free page=ffffea00000fca00 pfn=3f28 mt=1 pcp_count=25 pcp_high=90 zone=DMA32 cpu=0
[    0.917814] bad_dst_dbg page_alloc pcp_free page=ffffea00000fca40 pfn=3f29 mt=1 pcp_count=26 pcp_high=90 zone=DMA32 cpu=0
[    0.918127] bad_dst_dbg page_alloc pcp_free page=ffffea00000fca80 pfn=3f2a mt=1 pcp_count=27 pcp_high=90 zone=DMA32 cpu=0
[    0.918451] bad_dst_dbg page_alloc pcp_free page=ffffea00000fcac0 pfn=3f2b mt=1 pcp_count=28 pcp_high=90 zone=DMA32 cpu=0
[    0.918815] bad_dst_dbg page_alloc pcp_free page=ffffea00000fcb00 pfn=3f2c mt=1 pcp_count=29 pcp_high=90 zone=DMA32 cpu=0
[    0.919247] Freeing SMP alternatives memory: 60K
[    1.059236] random: fast init done
[    1.179780] smpboot: CPU0: AMD QEMU Virtual CPU version 2.5+ (family: 0xf, model: 0x6b, stepping: 0x1)
[    1.198618] Performance Events: PMU not available due to virtualization, using software events only.
[    1.205953] rcu: Hierarchical SRCU implementation.
[    1.227095] NMI watchdog: Perf NMI watchdog permanently disabled
[    1.238477] smp: Bringing up secondary CPUs ...
[    1.251194] x86: Booting SMP configuration:
[    1.251534] .... node  #0, CPUs:      #1
[    1.338468] smp: Brought up 1 node, 2 CPUs
[    1.339254] smpboot: Max logical packages: 1
[    1.339597] smpboot: Total of 2 processors activated (9152.76 BogoMIPS)
[    1.390093] node 0 deferred pages initialised in 29ms
[    1.417883] devtmpfs: initialized
[    1.430017] x86/mm: Memory block size: 128MB
[    1.453077] clocksource: jiffies: mask: 0xffffffff max_cycles: 0xffffffff, max_idle_ns: 1911260446275000 ns
[    1.454132] futex hash table entries: 512 (order: 3, 32768 bytes, linear)
[    1.467327] PM: RTC time: 09:01:18, date: 2026-05-26
[    1.488681] NET: Registered protocol family 16
[    1.500780] DMA: preallocated 128 KiB GFP_KERNEL pool for atomic allocations
[    1.502117] DMA: preallocated 128 KiB GFP_KERNEL|GFP_DMA pool for atomic allocations
[    1.502561] DMA: preallocated 128 KiB GFP_KERNEL|GFP_DMA32 pool for atomic allocations
[    1.504046] audit: initializing netlink subsys (disabled)
[    1.511268] audit: type=2000 audit(1779786078.706:1): state=initialized audit_enabled=0 res=1
[    1.519121] thermal_sys: Registered thermal governor 'step_wise'
[    1.519255] thermal_sys: Registered thermal governor 'user_space'
[    1.523099] cpuidle: using governor ladder
[    1.524191] cpuidle: using governor menu
[    1.527369] ACPI: bus type PCI registered
[    1.527949] acpiphp: ACPI Hot Plug PCI Controller Driver version: 0.5
[    1.534910] PCI: Using configuration type 1 for base access
[    1.541437] mtrr: your CPUs had inconsistent fixed MTRR settings
[    1.541683] mtrr: your CPUs had inconsistent variable MTRR settings
[    1.541859] mtrr: your CPUs had inconsistent MTRRdefType settings
[    1.542141] mtrr: probably your BIOS does not setup all CPUs.
[    1.542333] mtrr: corrected configuration.
[    1.601086] Kprobes globally optimized
[    1.610556] HugeTLB registered 2.00 MiB page size, pre-allocated 0 pages
[    1.635017] cryptd: max_cpu_qlen set to 1000
[    1.696949] raid6: sse2x4   gen()   641 MB/s
[    1.714047] raid6: sse2x4   xor()   356 MB/s
[    1.730901] raid6: sse2x2   gen()   606 MB/s
[    1.747854] raid6: sse2x2   xor()   335 MB/s
[    1.764833] raid6: sse2x1   gen()   562 MB/s
[    1.781849] raid6: sse2x1   xor()   313 MB/s
[    1.782198] raid6: using algorithm sse2x4 gen() 641 MB/s
[    1.782499] raid6: .... xor() 356 MB/s, rmw enabled
[    1.783229] raid6: using intx1 recovery algorithm
[    1.785120] ACPI: Added _OSI(Module Device)
[    1.785432] ACPI: Added _OSI(Processor Device)
[    1.785594] ACPI: Added _OSI(3.0 _SCP Extensions)
[    1.785819] ACPI: Added _OSI(Processor Aggregator Device)
[    1.786218] ACPI: Added _OSI(Linux-Dell-Video)
[    1.786386] ACPI: Added _OSI(Linux-Lenovo-NV-HDMI-Audio)
[    1.786566] ACPI: Added _OSI(Linux-HPI-Hybrid-Graphics)
[    1.828373] ACPI: 1 ACPI AML tables successfully acquired and loaded
[    1.869303] ACPI: Interpreter enabled
[    1.871636] ACPI: (supports S0 S3 S5)
[    1.871917] ACPI: Using IOAPIC for interrupt routing
[    1.873838] PCI: Using host bridge windows from ACPI; if necessary, use "pci=nocrs" and report a bug
[    1.877646] ACPI: Enabled 2 GPEs in block 00 to 0F
[    1.958675] ACPI: PCI Root Bridge [PCI0] (domain 0000 [bus 00-ff])
[    1.960660] acpi PNP0A03:00: _OSC: OS supports [ASPM ClockPM Segments MSI HPX-Type3]
[    1.963006] acpi PNP0A03:00: fail to add MMCONFIG information, can't access extended PCI configuration space under this bridge.
[    1.974837] acpiphp: Slot [3] registered
[    1.975475] acpiphp: Slot [4] registered
[    1.975980] acpiphp: Slot [5] registered
[    1.976420] acpiphp: Slot [6] registered
[    1.976889] acpiphp: Slot [7] registered
[    1.977299] acpiphp: Slot [8] registered
[    1.977675] acpiphp: Slot [9] registered
[    1.978053] acpiphp: Slot [10] registered
[    1.978500] acpiphp: Slot [11] registered
[    1.979027] acpiphp: Slot [12] registered
[    1.979502] acpiphp: Slot [13] registered
[    1.980075] acpiphp: Slot [14] registered
[    1.980477] acpiphp: Slot [15] registered
[    1.980918] acpiphp: Slot [16] registered
[    1.981362] acpiphp: Slot [17] registered
[    1.981818] acpiphp: Slot [18] registered
[    1.982157] acpiphp: Slot [19] registered
[    1.982538] acpiphp: Slot [20] registered
[    1.983045] acpiphp: Slot [21] registered
[    1.983448] acpiphp: Slot [22] registered
[    1.983950] acpiphp: Slot [23] registered
[    1.984447] acpiphp: Slot [24] registered
[    1.984902] acpiphp: Slot [25] registered
[    1.985257] acpiphp: Slot [26] registered
[    1.985679] acpiphp: Slot [27] registered
[    1.986037] acpiphp: Slot [28] registered
[    1.986438] acpiphp: Slot [29] registered
[    1.987011] acpiphp: Slot [30] registered
[    1.987510] acpiphp: Slot [31] registered
[    1.988483] PCI host bridge to bus 0000:00
[    1.989348] pci_bus 0000:00: root bus resource [io  0x0000-0x0cf7 window]
[    1.989672] pci_bus 0000:00: root bus resource [io  0x0d00-0xffff window]
[    1.989953] pci_bus 0000:00: root bus resource [mem 0x000a0000-0x000bffff window]
[    1.990257] pci_bus 0000:00: root bus resource [mem 0x40000000-0xfebfffff window]
[    1.990497] pci_bus 0000:00: root bus resource [mem 0x100000000-0x17fffffff window]
[    1.991220] pci_bus 0000:00: root bus resource [bus 00-ff]
[    1.994490] pci 0000:00:00.0: [8086:1237] type 00 class 0x060000
[    2.005868] pci 0000:00:01.0: [8086:7000] type 00 class 0x060100
[    2.008248] pci 0000:00:01.1: [8086:7010] type 00 class 0x010180
[    2.011270] pci 0000:00:01.1: reg 0x20: [io  0xc000-0xc00f]
[    2.014007] pci 0000:00:01.1: legacy IDE quirk: reg 0x10: [io  0x01f0-0x01f7]
[    2.014460] pci 0000:00:01.1: legacy IDE quirk: reg 0x14: [io  0x03f6]
[    2.014891] pci 0000:00:01.1: legacy IDE quirk: reg 0x18: [io  0x0170-0x0177]
[    2.015208] pci 0000:00:01.1: legacy IDE quirk: reg 0x1c: [io  0x0376]
[    2.018513] pci 0000:00:01.3: [8086:7113] type 00 class 0x068000
[    2.020089] pci 0000:00:01.3: quirk: [io  0x0600-0x063f] claimed by PIIX4 ACPI
[    2.020482] pci 0000:00:01.3: quirk: [io  0x0700-0x070f] claimed by PIIX4 SMB
[    2.022615] pci 0000:00:02.0: [1234:1111] type 00 class 0x030000
[    2.023780] pci 0000:00:02.0: reg 0x10: [mem 0xfd000000-0xfdffffff pref]
[    2.026899] pci 0000:00:02.0: reg 0x18: [mem 0xfebf0000-0xfebf0fff]
[    2.027780] pci 0000:00:02.0: reg 0x30: [mem 0xfebe0000-0xfebeffff pref]
[    2.040596] ACPI: PCI Interrupt Link [LNKA] (IRQs 5 *10 11)
[    2.042975] ACPI: PCI Interrupt Link [LNKB] (IRQs 5 *10 11)
[    2.044307] ACPI: PCI Interrupt Link [LNKC] (IRQs 5 10 *11)
[    2.045574] ACPI: PCI Interrupt Link [LNKD] (IRQs 5 10 *11)
[    2.046251] ACPI: PCI Interrupt Link [LNKS] (IRQs *9)
[    2.059213] iommu: Default domain type: Translated 
[    2.063919] SCSI subsystem initialized
[    2.069711] pps_core: LinuxPPS API ver. 1 registered
[    2.069840] pps_core: Software ver. 5.3.6 - Copyright 2005-2007 Rodolfo Giometti <giometti@linux.it>
[    2.070321] PTP clock support registered
[    2.096449] PCI: Using ACPI for IRQ routing
[    2.102112] hpet: 3 channels of 0 reserved for per-cpu timers
[    2.103134] hpet0: at MMIO 0xfed00000, IRQs 2, 8, 0
[    2.103545] hpet0: 3 comparators, 64-bit 100.000000 MHz counter
[    2.111290] clocksource: Switched to clocksource hpet
[    3.886081] VFS: Disk quotas dquot_6.6.0
[    3.886680] VFS: Dquot-cache hash table entries: 512 (order 0, 4096 bytes)
[    3.890477] FS-Cache: Loaded
[    3.901516] CacheFiles: Loaded
[    3.907006] AppArmor: AppArmor Filesystem Enabled
[    3.909686] pnp: PnP ACPI init
[    3.922905] pnp: PnP ACPI: found 6 devices
[    4.013032] NET: Registered protocol family 2
[    4.016326] IP idents hash table entries: 16384 (order: 5, 131072 bytes, linear)
[    4.056293] tcp_listen_portaddr_hash hash table entries: 512 (order: 1, 8192 bytes, linear)
[    4.057073] TCP established hash table entries: 8192 (order: 4, 65536 bytes, linear)
[    4.057796] TCP bind hash table entries: 8192 (order: 5, 131072 bytes, linear)
[    4.058567] TCP: Hash tables configured (established 8192 bind 8192)
[    4.074259] UDP hash table entries: 512 (order: 2, 16384 bytes, linear)
[    4.075287] UDP-Lite hash table entries: 512 (order: 2, 16384 bytes, linear)
[    4.080661] NET: Registered protocol family 1
[    4.091591] RPC: Registered named UNIX socket transport module.
[    4.092127] RPC: Registered udp transport module.
[    4.092336] RPC: Registered tcp transport module.
[    4.092527] RPC: Registered tcp NFSv4.1 backchannel transport module.
[    4.093027] NET: Registered protocol family 44
[    4.101706] pci_bus 0000:00: resource 4 [io  0x0000-0x0cf7 window]
[    4.102376] pci_bus 0000:00: resource 5 [io  0x0d00-0xffff window]
[    4.102807] pci_bus 0000:00: resource 6 [mem 0x000a0000-0x000bffff window]
[    4.103362] pci_bus 0000:00: resource 7 [mem 0x40000000-0xfebfffff window]
[    4.103794] pci_bus 0000:00: resource 8 [mem 0x100000000-0x17fffffff window]
[    4.106324] pci 0000:00:01.0: PIIX3: Enabling Passive Release
[    4.106997] pci 0000:00:00.0: Limiting direct PCI/PCI transfers
[    4.107500] pci 0000:00:01.0: Activating ISA DMA hang workarounds
[    4.108544] pci 0000:00:02.0: Video device with shadowed ROM at [mem 0x000c0000-0x000dffff]
[    4.109119] PCI: CLS 0 bytes, default 64
[    4.123164] Trying to unpack rootfs image as initramfs...
[    4.378697] Freeing initrd memory: 1692K
[    4.381803] kvm: no hardware support
[    4.386629] kvm: Nested Virtualization enabled
[    4.387425] SVM: kvm: Nested Paging disabled
[    4.402163] check: Scanning for low memory corruption every 60 seconds
[    4.414814] Initialise system trusted keyrings
[    4.420539] Key type blacklist registered
[    4.423605] workingset: timestamp_bits=40 max_order=18 bucket_order=0
[    4.463106] squashfs: version 4.0 (2009/01/31) Phillip Lougher
[    4.467190] FS-Cache: Netfs 'nfs' registered for caching
[    4.472943] NFS: Registering the id_resolver key type
[    4.473619] Key type id_resolver registered
[    4.473855] Key type id_legacy registered
[    4.475336] nfs4filelayout_init: NFSv4 File Layout Driver Registering...
[    4.476568] nfs4flexfilelayout_init: NFSv4 Flexfile Layout Driver Registering...
[    4.477047] Installing knfsd (copyright (C) 1996 okir@monad.swb.de).
[    4.506171] Key type cifs.spnego registered
[    4.506700] Key type cifs.idmap registered
[    4.507168] ntfs: driver 2.1.32 [Flags: R/O].
[    4.510783] fuse: init (API version 7.32)
[    4.514924] SGI XFS with ACLs, security attributes, quota, no debug enabled
[    4.526691] 9p: Installing v9fs 9p2000 file system support
[    4.531634] integrity: Platform Keyring initialized
[    4.577306] NET: Registered protocol family 38
[    4.578150] xor: measuring software checksum speed
[    4.599068]    prefetch64-sse  :   517 MB/sec
[    4.621508]    generic_sse     :   458 MB/sec
[    4.622049] xor: using function: prefetch64-sse (517 MB/sec)
[    4.622405] Key type asymmetric registered
[    4.623036] Asymmetric key parser 'x509' registered
[    4.623929] Block layer SCSI generic (bsg) driver version 0.4 loaded (major 248)
[    4.626322] io scheduler mq-deadline registered
[    4.626644] io scheduler kyber registered
[    4.628252] io scheduler bfq registered
[    4.639944] input: Power Button as /devices/LNXSYSTM:00/LNXPWRBN:00/input/input0
[    4.648710] bad_dst_dbg slub __slab_free_state cache=kmalloc-256 page=ffffea0000187880 pfn=61e2 head=ffff8880061e2f00 cnt=1 prior=0000000000000000 old_inuse=16 new_inuse=15 was_frozen=1 new_frozen=1 objects=16 cpu=1
[    4.649998] bad_dst_dbg slub __slab_free_state cache=kmalloc-256 page=ffffea0000187880 pfn=61e2 head=ffff8880061e2100 cnt=1 prior=ffff8880061e2f00 old_inuse=15 new_inuse=14 was_frozen=1 new_frozen=1 objects=16 cpu=1
[    4.650561] ACPI: Power Button [PWRF]
[    4.662709] Serial: 8250/16550 driver, 4 ports, IRQ sharing disabled
[    4.667878] 00:04: ttyS0 at I/O 0x3f8 (irq = 4, base_baud = 115200) is a 16550A
[    4.685059] Non-volatile memory driver v1.3
[    4.687327] AMD-Vi: AMD IOMMUv2 functionality not available on this system - This is not a bug.
[    4.789627] brd: module loaded
[    4.884147] loop: module loaded
[    4.889009] zram: Added device: zram0
[    4.889971] Guest personality initialized and is inactive
[    4.892040] VMCI host device registered (name=vmci, major=10, minor=62)
[    4.892327] Initialized host personality
[    4.893595] Loading iSCSI transport class v2.0-870.
[    4.899395] iscsi: registered transport (tcp)
[    4.900411] VMware PVSCSI driver - version 1.0.7.0-k
[    4.901139] hv_vmbus: registering driver hv_storvsc
[    4.934607] scsi host0: ata_piix
[    4.942482] scsi host1: ata_piix
[    4.944125] ata1: PATA max MWDMA2 cmd 0x1f0 ctl 0x3f6 bmdma 0xc000 irq 14
[    4.944470] ata2: PATA max MWDMA2 cmd 0x170 ctl 0x376 bmdma 0xc008 irq 15
[    4.960131] Rounding down aligned max_sectors from 4294967295 to 4294967288
[    4.963694] db_root: cannot open: /etc/target
[    5.010261] wireguard: WireGuard 1.0.0 loaded. See www.wireguard.com for information.
[    5.010573] wireguard: Copyright (C) 2015-2019 Jason A. Donenfeld <Jason@zx2c4.com>. All Rights Reserved.
[    5.025745] tun: Universal TUN/TAP device driver, 1.6
[    5.031520] ixgbevf: Intel(R) 10 Gigabit PCI Express Virtual Function Network Driver
[    5.031999] ixgbevf: Copyright (c) 2009 - 2018 Intel Corporation.
[    5.034147] PPP generic driver version 2.4.2
[    5.036075] VMware vmxnet3 virtual NIC driver - version 1.5.0.0-k-NAPI
[    5.036691] hv_vmbus: registering driver hv_netvsc
[    5.039347] VFIO - User Level meta-driver version: 0.3
[    5.045474] i8042: PNP: PS/2 Controller [PNP0303:KBD,PNP0f13:MOU] at 0x60,0x64 irq 1,12
[    5.053427] serio: i8042 KBD port at 0x60,0x64 irq 1
[    5.055603] serio: i8042 AUX port at 0x60,0x64 irq 12
[    5.057689] hv_vmbus: registering driver hyperv_keyboard
[    5.070117] input: AT Translated Set 2 keyboard as /devices/platform/i8042/serio0/input/input1
[    5.070266] rtc_cmos 00:05: RTC can wake from S4
[    5.080631] rtc_cmos 00:05: registered as rtc0
[    5.082656] rtc_cmos 00:05: alarms up to one day, y3k, 242 bytes nvram, hpet irqs
[    5.083565] iTCO_wdt: Intel TCO WatchDog Timer Driver v1.11
[    5.084103] iTCO_vendor_support: vendor-support=0
[    5.094640] device-mapper: ioctl: 4.43.0-ioctl (2020-10-01) initialised: dm-devel@redhat.com
[    5.101013] device-mapper: multipath round-robin: version 1.2.0 loaded
[    5.101376] device-mapper: multipath queue-length: version 0.2.0 loaded
[    5.101639] device-mapper: multipath service-time: version 0.3.0 loaded
[    5.102128] device-mapper: multipath historical-service-time: version 0.1.1 loaded
[    5.104455] device-mapper: raid: Loading target version 1.15.1
[    5.116762] hv_utils: Registering HyperV Utility Driver
[    5.117147] hv_vmbus: registering driver hv_utils
[    5.117361] hv_vmbus: registering driver hv_balloon
[    5.120178] GACT probability NOT on
[    5.121221] Mirror/redirect action on
[    5.124748] netem: version 1.3
[    5.125657] u32 classifier
[    5.125907]     input device check on
[    5.126063]     Actions configured
[    5.128682] ata2.00: ATAPI: QEMU DVD-ROM, 2.5+, max UDMA/100
[    5.136186] bad_dst_dbg slub __slab_free_state cache=kmalloc-256 page=ffffea0000197dc0 pfn=65f7 head=ffff8880065f7f00 cnt=1 prior=0000000000000000 old_inuse=16 new_inuse=15 was_frozen=0 new_frozen=1 objects=16 cpu=1
[    5.137042] bad_dst_dbg slub put_cpu_partial cache=kmalloc-256 page=ffffea0000197dc0 pfn=65f7 drain=1 pages=1 pobjects=1 inuse=15 objects=16 cpu=1
[    5.147107] bad_dst_dbg slub __slab_free_state cache=kmalloc-256 page=ffffea0000199b80 pfn=666e head=ffff88800666e100 cnt=6 prior=0000000000000000 old_inuse=16 new_inuse=10 was_frozen=0 new_frozen=1 objects=16 cpu=0
[    5.147677] bad_dst_dbg slub put_cpu_partial cache=kmalloc-256 page=ffffea0000199b80 pfn=666e drain=1 pages=1 pobjects=6 inuse=10 objects=16 cpu=0
[    5.148234] bad_dst_dbg slub __slab_free_state cache=kmalloc-256 page=ffffea0000198c00 pfn=6630 head=ffff888006630c00 cnt=1 prior=0000000000000000 old_inuse=16 new_inuse=15 was_frozen=1 new_frozen=1 objects=16 cpu=0
[    5.153376] xt_time: kernel timezone is -0000
[    5.155404] IPVS: Registered protocols (TCP, UDP, SCTP, AH, ESP)
[    5.156358] IPVS: Connection hash table configured (size=4096, memory=64Kbytes)
[    5.160286] IPVS: ipvs loaded.
[    5.160645] IPVS: [rr] scheduler registered.
[    5.161064] IPVS: [wrr] scheduler registered.
[    5.161230] IPVS: [lc] scheduler registered.
[    5.161381] IPVS: [wlc] scheduler registered.
[    5.161531] IPVS: [fo] scheduler registered.
[    5.161688] IPVS: [ovf] scheduler registered.
[    5.162311] IPVS: [lblc] scheduler registered.
[    5.162647] IPVS: [lblcr] scheduler registered.
[    5.163154] IPVS: [dh] scheduler registered.
[    5.163319] IPVS: [sh] scheduler registered.
[    5.163479] IPVS: [sed] scheduler registered.
[    5.163629] IPVS: [nq] scheduler registered.
[    5.165023] IPVS: ftp: loaded support on port[0] = 21
[    5.165440] IPVS: [sip] pe registered.
[    5.166464] ipip: IPv4 and MPLS over IPv4 tunneling driver
[    5.170053] bad_dst_dbg slub __slab_free_state cache=kmalloc-256 page=ffffea0000199d80 pfn=6676 head=ffff888006676b00 cnt=6 prior=0000000000000000 old_inuse=16 new_inuse=10 was_frozen=0 new_frozen=1 objects=16 cpu=0
[    5.170587] bad_dst_dbg slub put_cpu_partial cache=kmalloc-256 page=ffffea0000199d80 pfn=6676 drain=1 pages=1 pobjects=6 inuse=10 objects=16 cpu=0
[    5.173326] gre: GRE over IPv4 demultiplexor driver
[    5.173575] ip_gre: GRE over IPv4 tunneling driver
[    5.176643] scsi 1:0:0:0: CD-ROM            QEMU     QEMU DVD-ROM     2.5+ PQ: 0 ANSI: 5
[    5.193929] ipt_CLUSTERIP: ClusterIP Version 0.8 loaded successfully
[    5.198490] Initializing XFRM netlink socket
[    5.199504] IPsec XFRM device driver
[    5.203604] NET: Registered protocol family 10
[    5.211423] sr 1:0:0:0: [sr0] scsi3-mmc drive: 4x/4x cd/rw xa/form2 tray
[    5.212404] cdrom: Uniform CD-ROM driver Revision: 3.20
[    5.240223] Segment Routing with IPv6
[    5.250298] bad_dst_dbg slub __slab_free_state cache=kmalloc-256 page=ffffea0000198c00 pfn=6630 head=ffff888006630e00 cnt=1 prior=0000000000000000 old_inuse=16 new_inuse=15 was_frozen=0 new_frozen=1 objects=16 cpu=0
[    5.251089] bad_dst_dbg slub put_cpu_partial cache=kmalloc-256 page=ffffea0000198c00 pfn=6630 drain=1 pages=1 pobjects=1 inuse=15 objects=16 cpu=0
[    5.252736] bad_dst_dbg slub __slab_free_state cache=kmalloc-256 page=ffffea000019dd00 pfn=6774 head=ffff888006774800 cnt=1 prior=0000000000000000 old_inuse=16 new_inuse=15 was_frozen=1 new_frozen=1 objects=16 cpu=1
[    5.262536] ip6_gre: GRE over IPv6 tunneling driver
[    5.267816] NET: Registered protocol family 17
[    5.269086] NET: Registered protocol family 15
[    5.271524] Bridge firewalling registered
[    5.279200] RPC: Registered rdma transport module.
[    5.279447] RPC: Registered rdma backchannel transport module.
[    5.281490] 8021q: 802.1Q VLAN Support v1.8
[    5.284606] 9pnet: Installing 9P2000 support
[    5.285685] Key type dns_resolver registered
[    5.287812] NET: Registered protocol family 40
[    5.295689] IPI shorthand broadcast: enabled
[    5.299742] registered taskstats version 1
[    5.300391] Loading compiled-in X.509 certificates
[    5.414521] Loaded X.509 cert 'Build time autogenerated kernel key: 4504323df522a808911f4e0c6cd5fa52b82306a3'
[    5.421594] AppArmor: AppArmor sha1 policy hashing enabled
[    5.424616] ima: No TPM chip found, activating TPM-bypass!
[    5.425655] ima: Allocated hash algorithm: sha256
[    5.436004] ima: No architecture policies found
[    5.450618] PM:   Magic number: 10:861:20
[    5.458405] Unstable clock detected, switching default tracing clock to "global"
[    5.458405] If you want to keep using the local clock, then add:
[    5.458405]   "trace_clock=local"
[    5.458405] on the kernel command line
[    5.503270] integrity: Unable to open file: /etc/ima/pubkey.x509 (-2)
[    5.546072] Freeing unused decrypted memory: 2036K
[    5.778118] Freeing unused kernel image (initmem) memory: 1904K
[    5.779587] Write protecting the kernel read-only data: 36864k
[    5.796203] Freeing unused kernel image (text/rodata gap) memory: 2024K
[    5.801406] Freeing unused kernel image (rodata/data gap) memory: 916K
[    5.802825] Run /init as init process
[    5.804655] rmqueue_pcplist: 4357 callbacks suppressed
[    5.804801] bad_dst_dbg page_alloc pcp_alloc page=ffffea00001a1940 pfn=6865 mt=0 pcp_count=400 zone=DMA32 cpu=1
[    5.813239] bad_dst_dbg page_alloc pcp_alloc page=ffffea00001a1b00 pfn=686c mt=0 pcp_count=399 zone=DMA32 cpu=1
[    5.814734] bad_dst_dbg page_alloc pcp_alloc page=ffffea00001a1b40 pfn=686d mt=0 pcp_count=398 zone=DMA32 cpu=1
[    5.816022] bad_dst_dbg page_alloc pcp_alloc page=ffffea00001a1b80 pfn=686e mt=0 pcp_count=397 zone=DMA32 cpu=1
[    5.817218] bad_dst_dbg page_alloc pcp_alloc page=ffffea00001a1bc0 pfn=686f mt=0 pcp_count=396 zone=DMA32 cpu=1
[    5.818077] bad_dst_dbg page_alloc pcp_alloc page=ffffea00001a2000 pfn=6880 mt=0 pcp_count=395 zone=DMA32 cpu=1
[    5.819432] bad_dst_dbg page_alloc pcp_alloc page=ffffea00000cffc0 pfn=33ff mt=1 pcp_count=394 zone=DMA32 cpu=1
[    5.857152] bad_dst_dbg page_alloc pcp_alloc page=ffffea00001a2040 pfn=6881 mt=0 pcp_count=393 zone=DMA32 cpu=1
[    5.858150] bad_dst_dbg page_alloc pcp_alloc page=ffffea00001a2080 pfn=6882 mt=0 pcp_count=392 zone=DMA32 cpu=1
[    5.872076] bad_dst_dbg page_alloc pcp_alloc page=ffffea00001a1b80 pfn=686e mt=0 pcp_count=330 zone=DMA32 cpu=1
[    6.048106] free_unref_page_commit: 2394 callbacks suppressed
[    6.048160] bad_dst_dbg page_alloc pcp_free page=ffffea00001a13c0 pfn=684f mt=0 pcp_count=315 pcp_high=378 zone=DMA32 cpu=0
[    6.048897] bad_dst_dbg page_alloc pcp_free page=ffffea00001a2200 pfn=6888 mt=0 pcp_count=316 pcp_high=378 zone=DMA32 cpu=0
[    6.048908] bad_dst_dbg page_alloc pcp_free page=ffffea00001a2240 pfn=6889 mt=0 pcp_count=317 pcp_high=378 zone=DMA32 cpu=0
[    6.048908] bad_dst_dbg page_alloc pcp_free page=ffffea00001a12c0 pfn=684b mt=0 pcp_count=318 pcp_high=378 zone=DMA32 cpu=0
[    6.048908] bad_dst_dbg page_alloc pcp_free page=ffffea00001a1300 pfn=684c mt=0 pcp_count=319 pcp_high=378 zone=DMA32 cpu=0
[    6.048908] bad_dst_dbg page_alloc pcp_free page=ffffea00001a1380 pfn=684e mt=0 pcp_count=320 pcp_high=378 zone=DMA32 cpu=0
[    6.048908] bad_dst_dbg page_alloc pcp_free page=ffffea00001a1340 pfn=684d mt=0 pcp_count=321 pcp_high=378 zone=DMA32 cpu=0
[    6.048908] bad_dst_dbg page_alloc pcp_free page=ffffea000019e280 pfn=678a mt=0 pcp_count=322 pcp_high=378 zone=DMA32 cpu=0
[    6.048908] bad_dst_dbg page_alloc pcp_free page=ffffea00000cffc0 pfn=33ff mt=1 pcp_count=323 pcp_high=378 zone=DMA32 cpu=0
[    6.048908] bad_dst_dbg page_alloc pcp_free page=ffffea00000cfc80 pfn=33f2 mt=1 pcp_count=324 pcp_high=378 zone=DMA32 cpu=0
[    6.150423] bad_dst_dbg slub __slab_free_state cache=kmalloc-256 page=ffffea000019dd00 pfn=6774 head=ffff888006774d00 cnt=1 prior=ffff888006774800 old_inuse=15 new_inuse=14 was_frozen=1 new_frozen=1 objects=16 cpu=1
testvm busybox initrd ready
+ mkdir -p /dev/binderfs
+ mount -t binder binder /dev/binderfs
+ ln -sf /dev/binderfs/binder /dev/binder
+ ln -sf /dev/binderfs/hwbinder /dev/hwbinder
+ ln -sf /dev/binderfs/vndbinder /dev/vndbinder
+ exec /badnode
Starting static exploit...
root payload: local shell
[    6.668447] bad_dst_dbg slub __slab_free_state cache=kmalloc-256 page=ffffea000019f280 pfn=67ca head=ffff8880067ca100 cnt=1 prior=0000000000000000 old_inuse=16 new_inuse=15 was_frozen=0 new_frozen=1 objects=16 cpu=0
[    6.669660] bad_dst_dbg slub put_cpu_partial cache=kmalloc-256 page=ffffea000019f280 pfn=67ca drain=1 pages=1 pobjects=1 inuse=15 objects=16 cpu=0
[    6.728000] bad_dst_dbg slub put_cpu_partial cache=kmalloc-256 page=ffffea00001a3180 pfn=68c6 drain=1 pages=1 pobjects=1 inuse=15 objects=16 cpu=0
Opened file descriptors...
[    6.737660] bad_dst_dbg slub put_cpu_partial cache=kmalloc-256 page=ffffea00001a6c40 pfn=69b1 drain=1 pages=1 pobjects=1 inuse=15 objects=16 cpu=0
[   10.807699] rmqueue_pcplist: 1613 callbacks suppressed
[   10.807754] bad_dst_dbg page_alloc pcp_alloc page=ffffea00001aa900 pfn=6aa4 mt=0 pcp_count=274 zone=DMA32 cpu=0
[   10.827294] bad_dst_dbg page_alloc pcp_alloc page=ffffea00001aa940 pfn=6aa5 mt=0 pcp_count=273 zone=DMA32 cpu=0
[   10.845528] bad_dst_dbg page_alloc pcp_alloc page=ffffea00001aa980 pfn=6aa6 mt=0 pcp_count=272 zone=DMA32 cpu=0
[   10.864172] bad_dst_dbg page_alloc pcp_alloc page=ffffea00001aa9c0 pfn=6aa7 mt=0 pcp_count=271 zone=DMA32 cpu=0
[   10.883618] bad_dst_dbg page_alloc pcp_alloc page=ffffea00001aaa00 pfn=6aa8 mt=0 pcp_count=270 zone=DMA32 cpu=0
[   10.901774] bad_dst_dbg page_alloc pcp_alloc page=ffffea00001aaa40 pfn=6aa9 mt=0 pcp_count=269 zone=DMA32 cpu=0
[   10.921685] bad_dst_dbg page_alloc pcp_alloc page=ffffea00001aaa80 pfn=6aaa mt=0 pcp_count=268 zone=DMA32 cpu=0
[   10.940504] bad_dst_dbg page_alloc pcp_alloc page=ffffea00001aaac0 pfn=6aab mt=0 pcp_count=267 zone=DMA32 cpu=0
[   10.957996] bad_dst_dbg page_alloc pcp_alloc page=ffffea00001aab00 pfn=6aac mt=0 pcp_count=266 zone=DMA32 cpu=0
[   10.975478] bad_dst_dbg page_alloc pcp_alloc page=ffffea00001aab40 pfn=6aad mt=0 pcp_count=265 zone=DMA32 cpu=0
[   15.810533] rmqueue_pcplist: 285 callbacks suppressed
[   15.810583] bad_dst_dbg page_alloc pcp_alloc page=ffffea00001af2c0 pfn=6bcb mt=0 pcp_count=231 zone=DMA32 cpu=0
[   15.831137] bad_dst_dbg page_alloc pcp_alloc page=ffffea00001af300 pfn=6bcc mt=0 pcp_count=230 zone=DMA32 cpu=0
[   15.851892] bad_dst_dbg page_alloc pcp_alloc page=ffffea00001af340 pfn=6bcd mt=0 pcp_count=229 zone=DMA32 cpu=0
[   15.871318] bad_dst_dbg page_alloc pcp_alloc page=ffffea00001af380 pfn=6bce mt=0 pcp_count=291 zone=DMA32 cpu=0
[   15.889548] bad_dst_dbg page_alloc pcp_alloc page=ffffea00001af3c0 pfn=6bcf mt=0 pcp_count=290 zone=DMA32 cpu=0
[   15.907595] bad_dst_dbg page_alloc pcp_alloc page=ffffea00001af400 pfn=6bd0 mt=0 pcp_count=289 zone=DMA32 cpu=0
[   15.925120] bad_dst_dbg page_alloc pcp_alloc page=ffffea00001af440 pfn=6bd1 mt=0 pcp_count=288 zone=DMA32 cpu=0
[   15.939554] bad_dst_dbg page_alloc pcp_alloc page=ffffea00001af480 pfn=6bd2 mt=0 pcp_count=287 zone=DMA32 cpu=0
[   15.941757] bad_dst_dbg page_alloc pcp_alloc page=ffffea00001af4c0 pfn=6bd3 mt=0 pcp_count=286 zone=DMA32 cpu=0
[   15.946155] bad_dst_dbg page_alloc pcp_alloc page=ffffea00001af500 pfn=6bd4 mt=0 pcp_count=285 zone=DMA32 cpu=0
Allocated from binder allocator...
Created gaps in binder allocator...
[   17.933971] __slab_free: 8 callbacks suppressed
[   17.934023] bad_dst_dbg slub __slab_free_state cache=kmalloc-256 page=ffffea00001a6cc0 pfn=69b3 head=ffff8880069b3600 cnt=1 prior=0000000000000000 old_inuse=16 new_inuse=15 was_frozen=1 new_frozen=1 objects=16 cpu=1
[   18.785342] free_unref_page_commit: 972 callbacks suppressed
[   18.785386] bad_dst_dbg page_alloc pcp_free page=ffffea0000ffe080 pfn=3ff82 mt=1 pcp_count=204 pcp_high=378 zone=DMA32 cpu=0
[   18.785833] bad_dst_dbg page_alloc pcp_free page=ffffea0000ffe0c0 pfn=3ff83 mt=1 pcp_count=205 pcp_high=378 zone=DMA32 cpu=0
[   18.785833] bad_dst_dbg page_alloc pcp_free page=ffffea0000ffe100 pfn=3ff84 mt=1 pcp_count=206 pcp_high=378 zone=DMA32 cpu=0
[   18.785833] bad_dst_dbg page_alloc pcp_free page=ffffea0000ffe140 pfn=3ff85 mt=1 pcp_count=207 pcp_high=378 zone=DMA32 cpu=0
[   18.785833] bad_dst_dbg page_alloc pcp_free page=ffffea0000ffe180 pfn=3ff86 mt=1 pcp_count=208 pcp_high=378 zone=DMA32 cpu=0
[   18.785833] bad_dst_dbg page_alloc pcp_free page=ffffea0000ffe1c0 pfn=3ff87 mt=1 pcp_count=209 pcp_high=378 zone=DMA32 cpu=0
[   18.785833] bad_dst_dbg page_alloc pcp_free page=ffffea0000ffe200 pfn=3ff88 mt=1 pcp_count=210 pcp_high=378 zone=DMA32 cpu=0
[   18.785833] bad_dst_dbg page_alloc pcp_free page=ffffea0000ffe240 pfn=3ff89 mt=1 pcp_count=211 pcp_high=378 zone=DMA32 cpu=0
[   18.788482] bad_dst_dbg page_alloc pcp_free page=ffffea0000ffdc40 pfn=3ff71 mt=1 pcp_count=212 pcp_high=378 zone=DMA32 cpu=0
[   18.788887] bad_dst_dbg page_alloc pcp_free page=ffffea0000ffdc80 pfn=3ff72 mt=1 pcp_count=213 pcp_high=378 zone=DMA32 cpu=0
[   19.360158] binder: 155:155 got transaction with invalid offset (72, min 40 max 64) or object.
[   19.361147] binder: 155:155 transaction failed 29201/-22, size 64-16 line 3242
[   19.362135] binder: 155:155 got transaction with invalid offset (72, min 40 max 64) or object.
[   19.362519] binder: 155:155 transaction failed 29201/-22, size 64-16 line 3242
[   19.363197] binder: 155:155 got transaction with invalid offset (72, min 40 max 64) or object.
[   19.363528] binder: 155:155 transaction failed 29201/-22, size 64-16 line 3242
[   19.364067] binder: 155:155 got transaction with invalid offset (72, min 40 max 64) or object.
[   19.364386] binder: 155:155 transaction failed 29201/-22, size 64-16 line 3242
[   19.364990] binder: 155:155 got transaction with invalid offset (72, min 40 max 64) or object.
[   19.365319] binder: 155:155 transaction failed 29201/-22, size 64-16 line 3242
[   19.365645] binder: 155:155 got transaction with invalid offset (72, min 40 max 64) or object.
[   19.366147] binder: 155:155 transaction failed 29201/-22, size 64-16 line 3242
[   19.366503] binder: 155:155 got transaction with invalid offset (72, min 40 max 64) or object.
[   19.366987] binder: 155:155 transaction failed 29201/-22, size 64-16 line 3242
[   19.367331] binder: 155:155 got transaction with invalid offset (72, min 40 max 64) or object.
[   19.367649] binder: 155:155 transaction failed 29201/-22, size 64-16 line 3242
[   19.368172] binder: 155:155 got transaction with invalid offset (72, min 40 max 64) or object.
[   19.368484] binder: 155:155 transaction failed 29201/-22, size 64-16 line 3242
[   19.368911] binder: 155:155 got transaction with invalid offset (72, min 40 max 64) or object.
[   19.369222] binder: 155:155 transaction failed 29201/-22, size 64-16 line 3242
[   19.664438] bad_dst_dbg slub __slab_free_state cache=kmalloc-256 page=ffffea00001a6cc0 pfn=69b3 head=ffff8880069b3800 cnt=1 prior=0000000000000000 old_inuse=16 new_inuse=15 was_frozen=0 new_frozen=1 objects=16 cpu=0
[   19.665177] bad_dst_dbg slub put_cpu_partial cache=kmalloc-256 page=ffffea00001a6cc0 pfn=69b3 drain=1 pages=1 pobjects=1 inuse=15 objects=16 cpu=0
UAF nodes done...
Reclaimed with ep_item...
[   19.685612] bad_dst_dbg slub __slab_free_state cache=kmalloc-256 page=ffffea00001a6cc0 pfn=69b3 head=ffff8880069b3200 cnt=1 prior=ffff8880069b3800 old_inuse=15 new_inuse=14 was_frozen=1 new_frozen=1 objects=16 cpu=0
[   19.686585] bad_dst_dbg slub __slab_free_state cache=kmalloc-256 page=ffffea00001a6cc0 pfn=69b3 head=ffff8880069b3300 cnt=1 prior=ffff8880069b3200 old_inuse=14 new_inuse=13 was_frozen=1 new_frozen=1 objects=16 cpu=0
[   19.687285] bad_dst_dbg slub __slab_free_state cache=kmalloc-256 page=ffffea00001a6cc0 pfn=69b3 head=ffff8880069b3100 cnt=1 prior=ffff8880069b3300 old_inuse=13 new_inuse=12 was_frozen=1 new_frozen=1 objects=16 cpu=0
[   19.687980] bad_dst_dbg slub __slab_free_state cache=kmalloc-256 page=ffffea00001a6cc0 pfn=69b3 head=ffff8880069b3f00 cnt=1 prior=ffff8880069b3100 old_inuse=12 new_inuse=11 was_frozen=1 new_frozen=1 objects=16 cpu=0
[   19.688570] bad_dst_dbg slub __slab_free_state cache=kmalloc-256 page=ffffea00001a6cc0 pfn=69b3 head=ffff8880069b3400 cnt=1 prior=ffff8880069b3f00 old_inuse=11 new_inuse=10 was_frozen=1 new_frozen=1 objects=16 cpu=0
[   19.689229] bad_dst_dbg slub __slab_free_state cache=kmalloc-256 page=ffffea00001a6cc0 pfn=69b3 head=ffff8880069b3500 cnt=1 prior=ffff8880069b3400 old_inuse=10 new_inuse=9 was_frozen=1 new_frozen=1 objects=16 cpu=0
[   19.689808] bad_dst_dbg slub __slab_free_state cache=kmalloc-256 page=ffffea00001a6cc0 pfn=69b3 head=ffff8880069b3900 cnt=1 prior=ffff8880069b3500 old_inuse=9 new_inuse=8 was_frozen=1 new_frozen=1 objects=16 cpu=0
[   19.690422] bad_dst_dbg slub __slab_free_state cache=kmalloc-256 page=ffffea00001a6cc0 pfn=69b3 head=ffff8880069b3000 cnt=1 prior=ffff8880069b3900 old_inuse=8 new_inuse=7 was_frozen=1 new_frozen=1 objects=16 cpu=0
[   19.691203] bad_dst_dbg slub put_cpu_partial cache=kmalloc-256 page=ffffea00001a6c40 pfn=69b1 drain=1 pages=2 pobjects=2 inuse=15 objects=16 cpu=0
[   19.691599] bad_dst_dbg slub put_cpu_partial cache=kmalloc-256 page=ffffea00001b5cc0 pfn=6d73 drain=1 pages=3 pobjects=3 inuse=15 objects=16 cpu=0
[   19.692326] bad_dst_dbg slub put_cpu_partial cache=kmalloc-256 page=ffffea00001b5d00 pfn=6d74 drain=1 pages=4 pobjects=4 inuse=15 objects=16 cpu=0
[   19.693060] bad_dst_dbg slub put_cpu_partial cache=kmalloc-256 page=ffffea00001b5d40 pfn=6d75 drain=1 pages=5 pobjects=5 inuse=15 objects=16 cpu=0
[   19.693686] bad_dst_dbg slub put_cpu_partial cache=kmalloc-256 page=ffffea00001b5d80 pfn=6d76 drain=1 pages=6 pobjects=6 inuse=15 objects=16 cpu=0
[   19.694414] bad_dst_dbg slub put_cpu_partial cache=kmalloc-256 page=ffffea00001b5dc0 pfn=6d77 drain=1 pages=7 pobjects=7 inuse=15 objects=16 cpu=0
[   19.695213] bad_dst_dbg slub put_cpu_partial cache=kmalloc-256 page=ffffea00001b5e00 pfn=6d78 drain=1 pages=8 pobjects=8 inuse=15 objects=16 cpu=0
[   19.696006] bad_dst_dbg slub put_cpu_partial cache=kmalloc-256 page=ffffea00001b5e40 pfn=6d79 drain=1 pages=9 pobjects=9 inuse=15 objects=16 cpu=0
[   19.696663] bad_dst_dbg slub put_cpu_partial cache=kmalloc-256 page=ffffea00001b5e80 pfn=6d7a drain=1 pages=10 pobjects=10 inuse=15 objects=16 cpu=0
[   19.698621] bad_dst_dbg slub unfreeze_empty_retained cache=kmalloc-256 page=ffffea00001b5f80 pfn=6d7e nr_partial=0 min_partial=5 objects=16 cpu=0
[   19.698848] bad_dst_dbg slub unfreeze_empty_retained cache=kmalloc-256 page=ffffea00001b5f40 pfn=6d7d nr_partial=1 min_partial=5 objects=16 cpu=0
[   19.698848] bad_dst_dbg slub unfreeze_empty_retained cache=kmalloc-256 page=ffffea00001b5f00 pfn=6d7c nr_partial=2 min_partial=5 objects=16 cpu=0
[   19.698848] bad_dst_dbg slub unfreeze_empty_retained cache=kmalloc-256 page=ffffea00001b5ec0 pfn=6d7b nr_partial=3 min_partial=5 objects=16 cpu=0
[   19.698848] bad_dst_dbg slub unfreeze_empty_retained cache=kmalloc-256 page=ffffea00001b5e80 pfn=6d7a nr_partial=4 min_partial=5 objects=16 cpu=0
[   19.698848] bad_dst_dbg slub unfreeze_empty_discard cache=kmalloc-256 size=256 page=ffffea00001b5e40 pfn=6d79 inuse=0 objects=16 frozen=0 freelist=ffff888006d79500 cpu=0
[   19.698848] bad_dst_dbg slub unfreeze_empty_discard cache=kmalloc-256 size=256 page=ffffea00001b5e00 pfn=6d78 inuse=0 objects=16 frozen=0 freelist=ffff888006d78900 cpu=0
[   19.698848] bad_dst_dbg slub unfreeze_empty_discard cache=kmalloc-256 size=256 page=ffffea00001b5dc0 pfn=6d77 inuse=0 objects=16 frozen=0 freelist=ffff888006d77100 cpu=0
[   19.698848] bad_dst_dbg slub unfreeze_empty_discard cache=kmalloc-256 size=256 page=ffffea00001b5d80 pfn=6d76 inuse=0 objects=16 frozen=0 freelist=ffff888006d76900 cpu=0
[   19.698848] bad_dst_dbg slub unfreeze_empty_discard cache=kmalloc-256 size=256 page=ffffea00001b5d40 pfn=6d75 inuse=0 objects=16 frozen=0 freelist=ffff888006d75800 cpu=0
[   19.698848] bad_dst_dbg slub unfreeze_empty_discard cache=kmalloc-256 size=256 page=ffffea00001b5d00 pfn=6d74 inuse=0 objects=16 frozen=0 freelist=ffff888006d74000 cpu=0
[   19.698848] bad_dst_dbg slub unfreeze_empty_discard cache=kmalloc-256 size=256 page=ffffea00001b5cc0 pfn=6d73 inuse=0 objects=16 frozen=0 freelist=ffff888006d73400 cpu=0
[   19.698848] bad_dst_dbg slub unfreeze_empty_discard cache=kmalloc-256 size=256 page=ffffea00001a6cc0 pfn=69b3 inuse=0 objects=16 frozen=0 freelist=ffff8880069b3600 cpu=0
[   19.708476] bad_dst_dbg slub unfreeze_empty_discard cache=kmalloc-256 size=256 page=ffffea00001b6300 pfn=6d8c inuse=0 objects=16 frozen=0 freelist=ffff888006d8c900 cpu=0
[   19.708816] bad_dst_dbg slub unfreeze_empty_discard cache=kmalloc-256 size=256 page=ffffea00001b62c0 pfn=6d8b inuse=0 objects=16 frozen=0 freelist=ffff888006d8bc00 cpu=0
Could not succeed with cross cache attack
qemu-system-x86_64: terminating on signal 15 from pid 279900 ()
