c[?7l[2J[0mSeaBIOS (version rel-1.17.0-0-gb52ca86e094d-prebuilt.qemu.org)
Booting from ROM..c[?7l[2J[0m.[    0.000000] Linux version 5.10.107+ (jack@bd5f2b454abc) (gcc (Ubuntu 10.5.0-1ubuntu1~20.04) 10.5.0, GNU ld (GNU Binutils for Ubuntu) 2.34) #1 SMP PREEMPT Tue May 26 07:46:52 UTC 2026
[    0.000000] Command line: console=ttyS0 rdinit=/init testvm_autorun=/run_badnode.sh nokaslr panic=-1
[    0.000000] x86/fpu: x87 FPU will use FXSAVE
[    0.000000] BIOS-provided physical RAM map:
[    0.000000] BIOS-e820: [mem 0x0000000000000000-0x000000000009fbff] usable
[    0.000000] BIOS-e820: [mem 0x000000000009fc00-0x000000000009ffff] reserved
[    0.000000] BIOS-e820: [mem 0x00000000000f0000-0x00000000000fffff] reserved
[    0.000000] BIOS-e820: [mem 0x0000000000100000-0x000000003ffdffff] usable
[    0.000000] BIOS-e820: [mem 0x000000003ffe0000-0x000000003fffffff] reserved
[    0.000000] BIOS-e820: [mem 0x00000000fffc0000-0x00000000ffffffff] reserved
[    0.000000] BIOS-e820: [mem 0x000000fd00000000-0x000000ffffffffff] reserved
[    0.000000] NX (Execute Disable) protection: active
[    0.000000] SMBIOS 2.8 present.
[    0.000000] DMI: QEMU Standard PC (i440FX + PIIX, 1996), BIOS rel-1.17.0-0-gb52ca86e094d-prebuilt.qemu.org 04/01/2014
[    0.000000] tsc: Fast TSC calibration using PIT
[    0.000000] tsc: Detected 2304.007 MHz processor
[    0.028587] AGP: No AGP bridge found
[    0.029448] last_pfn = 0x3ffe0 max_arch_pfn = 0x400000000
[    0.033291] x86/PAT: Configuration [0-7]: WB  WC  UC- UC  WB  WP  UC- WT  
[    0.101845] found SMP MP-table at [mem 0x000f54c0-0x000f54cf]
[    0.106954] check: Scanning 1 areas for low memory corruption
[    0.123526] RAMDISK: [mem 0x3fe39000-0x3ffdffff]
[    0.124298] ACPI: Early table checksum verification disabled
[    0.125491] ACPI: RSDP 0x00000000000F52E0 000014 (v00 BOCHS )
[    0.126252] ACPI: RSDT 0x000000003FFE238A 000034 (v01 BOCHS  BXPC     00000001 BXPC 00000001)
[    0.128046] ACPI: FACP 0x000000003FFE2236 000074 (v01 BOCHS  BXPC     00000001 BXPC 00000001)
[    0.129531] ACPI: DSDT 0x000000003FFE0040 0021F6 (v01 BOCHS  BXPC     00000001 BXPC 00000001)
[    0.129792] ACPI: FACS 0x000000003FFE0000 000040
[    0.129973] ACPI: APIC 0x000000003FFE22AA 000080 (v03 BOCHS  BXPC     00000001 BXPC 00000001)
[    0.130092] ACPI: HPET 0x000000003FFE232A 000038 (v01 BOCHS  BXPC     00000001 BXPC 00000001)
[    0.130194] ACPI: WAET 0x000000003FFE2362 000028 (v01 BOCHS  BXPC     00000001 BXPC 00000001)
[    0.130455] ACPI: Reserving FACP table memory at [mem 0x3ffe2236-0x3ffe22a9]
[    0.130552] ACPI: Reserving DSDT table memory at [mem 0x3ffe0040-0x3ffe2235]
[    0.130594] ACPI: Reserving FACS table memory at [mem 0x3ffe0000-0x3ffe003f]
[    0.130628] ACPI: Reserving APIC table memory at [mem 0x3ffe22aa-0x3ffe2329]
[    0.130660] ACPI: Reserving HPET table memory at [mem 0x3ffe232a-0x3ffe2361]
[    0.130691] ACPI: Reserving WAET table memory at [mem 0x3ffe2362-0x3ffe2389]
[    0.136410] No NUMA configuration found
[    0.136514] Faking a node at [mem 0x0000000000000000-0x000000003ffdffff]
[    0.139392] NODE_DATA(0) allocated [mem 0x3fe34000-0x3fe38fff]
[    0.147036] Zone ranges:
[    0.147267]   DMA      [mem 0x0000000000001000-0x0000000000ffffff]
[    0.147456]   DMA32    [mem 0x0000000001000000-0x000000003ffdffff]
[    0.147551]   Normal   empty
[    0.147656]   Device   empty
[    0.147715] Movable zone start for each node
[    0.147827] Early memory node ranges
[    0.147934]   node   0: [mem 0x0000000000001000-0x000000000009efff]
[    0.148359]   node   0: [mem 0x0000000000100000-0x000000003ffdffff]
[    0.149081] Initmem setup node 0 [mem 0x0000000000001000-0x000000003ffdffff]
[    0.151776] On node 0, zone DMA: 1 pages in unavailable ranges
[    0.152573] On node 0, zone DMA: 97 pages in unavailable ranges
[    0.187378] On node 0, zone DMA32: 32 pages in unavailable ranges
[    0.190482] ACPI: LAPIC_NMI (acpi_id[0xff] dfl dfl lint[0x1])
[    0.191636] IOAPIC[0]: apic_id 0, version 32, address 0xfec00000, GSI 0-23
[    0.191970] ACPI: INT_SRC_OVR (bus 0 bus_irq 0 global_irq 2 dfl dfl)
[    0.192724] ACPI: INT_SRC_OVR (bus 0 bus_irq 5 global_irq 5 high level)
[    0.192837] ACPI: INT_SRC_OVR (bus 0 bus_irq 9 global_irq 9 high level)
[    0.193187] ACPI: INT_SRC_OVR (bus 0 bus_irq 10 global_irq 10 high level)
[    0.193235] ACPI: INT_SRC_OVR (bus 0 bus_irq 11 global_irq 11 high level)
[    0.194086] Using ACPI (MADT) for SMP configuration information
[    0.194366] ACPI: HPET id: 0x8086a201 base: 0xfed00000
[    0.195713] smpboot: Allowing 2 CPUs, 0 hotplug CPUs
[    0.198376] [mem 0x40000000-0xfffbffff] available for PCI devices
[    0.198516] Booting paravirtualized kernel on bare hardware
[    0.200180] clocksource: refined-jiffies: mask: 0xffffffff max_cycles: 0xffffffff, max_idle_ns: 1910969940391419 ns
[    0.237559] setup_percpu: NR_CPUS:512 nr_cpumask_bits:512 nr_cpu_ids:2 nr_node_ids:1
[    0.253948] percpu: Embedded 63 pages/cpu s221184 r8192 d28672 u1048576
[    0.261299] Built 1 zonelists, mobility grouping on.  Total pages: 257897
[    0.261379] Policy zone: DMA32
[    0.261909] Kernel command line: console=ttyS0 rdinit=/init testvm_autorun=/run_badnode.sh nokaslr panic=-1
[    0.270522] Dentry cache hash table entries: 131072 (order: 8, 1048576 bytes, linear)
[    0.273291] Inode-cache hash table entries: 65536 (order: 7, 524288 bytes, linear)
[    0.278728] mem auto-init: stack:off, heap alloc:off, heap free:off
[    0.279721] AGP: Checking aperture...
[    0.284239] AGP: No AGP bridge found
[    0.315953] bad_dst_dbg page_alloc pcp_alloc page=ffffea0000120000 pfn=4800 mt=0 pcp_count=0 zone=DMA32 cpu=0
[    0.317100] bad_dst_dbg page_alloc pcp_alloc page=ffffea0000120040 pfn=4801 mt=0 pcp_count=0 zone=DMA32 cpu=0
[    0.317225] bad_dst_dbg page_alloc pcp_alloc page=ffffea0000120080 pfn=4802 mt=0 pcp_count=0 zone=DMA32 cpu=0
[    0.317313] bad_dst_dbg page_alloc pcp_alloc page=ffffea00001200c0 pfn=4803 mt=0 pcp_count=0 zone=DMA32 cpu=0
[    0.317401] bad_dst_dbg page_alloc pcp_alloc page=ffffea0000120100 pfn=4804 mt=0 pcp_count=0 zone=DMA32 cpu=0
[    0.317484] bad_dst_dbg page_alloc pcp_alloc page=ffffea0000120140 pfn=4805 mt=0 pcp_count=0 zone=DMA32 cpu=0
[    0.317556] bad_dst_dbg page_alloc pcp_alloc page=ffffea0000120180 pfn=4806 mt=0 pcp_count=0 zone=DMA32 cpu=0
[    0.317628] bad_dst_dbg page_alloc pcp_alloc page=ffffea00001201c0 pfn=4807 mt=0 pcp_count=0 zone=DMA32 cpu=0
[    0.317703] bad_dst_dbg page_alloc pcp_alloc page=ffffea0000120200 pfn=4808 mt=0 pcp_count=0 zone=DMA32 cpu=0
[    0.317789] bad_dst_dbg page_alloc pcp_alloc page=ffffea0000120240 pfn=4809 mt=0 pcp_count=0 zone=DMA32 cpu=0
[    0.319493] Memory: 208112K/1048056K available (18452K kernel code, 3390K rwdata, 15468K rodata, 1904K init, 4920K bss, 73568K reserved, 0K cma-reserved)
[    0.322775] random: get_random_u64 called from __kmem_cache_create+0x2a/0x4d0 with crng_init=0
[    0.340661] SLUB: HWalign=64, Order=0-3, MinObjects=0, CPUs=2, Nodes=1
[    0.344380] ftrace: allocating 57808 entries in 226 pages
[    0.592793] ftrace: allocated 226 pages with 4 groups
[    0.618420] rcu: Preemptible hierarchical RCU implementation.
[    0.618547] rcu: 	RCU restricting CPUs from NR_CPUS=512 to nr_cpu_ids=2.
[    0.618813] 	Trampoline variant of Tasks RCU enabled.
[    0.618849] 	Rude variant of Tasks RCU enabled.
[    0.618880] 	Tracing variant of Tasks RCU enabled.
[    0.619206] rcu: RCU calculated value of scheduler-enlistment delay is 100 jiffies.
[    0.619315] rcu: Adjusting geometry for rcu_fanout_leaf=16, nr_cpu_ids=2
[    0.701335] NR_IRQS: 33024, nr_irqs: 440, preallocated irqs: 16
[    0.742633] Console: colour VGA+ 80x25
[    0.779628] printk: console [ttyS0] enabled
[    0.782913] ACPI: Core revision 20200925
[    0.797919] clocksource: hpet: mask: 0xffffffff max_cycles: 0xffffffff, max_idle_ns: 19112604467 ns
[    0.811194] APIC: Switch to symmetric I/O mode setup
[    0.825516] ..TIMER: vector=0x30 apic1=0 pin1=2 apic2=-1 pin2=-1
[    0.832698] tsc: Marking TSC unstable due to TSCs unsynchronized
[    0.834785] Calibrating delay loop (skipped), value calculated using timer frequency.. 4608.01 BogoMIPS (lpj=2304007)
[    0.835661] pid_max: default: 32768 minimum: 301
[    0.839151] LSM: Security Framework initializing
[    0.841866] Yama: becoming mindful.
[    0.844315] LoadPin: ready to pin (currently enforcing)
[    0.850364] AppArmor: AppArmor initialized
[    0.850759] LSM support for eBPF active
[    0.852246] Mount-cache hash table entries: 2048 (order: 2, 16384 bytes, linear)
[    0.852549] Mountpoint-cache hash table entries: 2048 (order: 2, 16384 bytes, linear)
[    0.917612] process: using AMD E400 aware idle routine
[    0.918711] Last level iTLB entries: 4KB 512, 2MB 255, 4MB 127
[    0.919028] Last level dTLB entries: 4KB 512, 2MB 255, 4MB 127, 1GB 0
[    0.919830] Spectre V1 : Mitigation: usercopy/swapgs barriers and __user pointer sanitization
[    0.920589] Spectre V2 : Mitigation: Retpolines
[    0.920856] Spectre V2 : Spectre v2 / SpectreRSB mitigation: Filling RSB on context switch
[    0.930032] bad_dst_dbg page_alloc pcp_free page=ffffea00000fc8c0 pfn=3f23 mt=1 pcp_count=20 pcp_high=90 zone=DMA32 cpu=0
[    0.930574] bad_dst_dbg page_alloc pcp_free page=ffffea00000fc900 pfn=3f24 mt=1 pcp_count=21 pcp_high=90 zone=DMA32 cpu=0
[    0.931457] bad_dst_dbg page_alloc pcp_free page=ffffea00000fc940 pfn=3f25 mt=1 pcp_count=22 pcp_high=90 zone=DMA32 cpu=0
[    0.931976] bad_dst_dbg page_alloc pcp_free page=ffffea00000fc980 pfn=3f26 mt=1 pcp_count=23 pcp_high=90 zone=DMA32 cpu=0
[    0.932454] bad_dst_dbg page_alloc pcp_free page=ffffea00000fc9c0 pfn=3f27 mt=1 pcp_count=24 pcp_high=90 zone=DMA32 cpu=0
[    0.932961] bad_dst_dbg page_alloc pcp_free page=ffffea00000fca00 pfn=3f28 mt=1 pcp_count=25 pcp_high=90 zone=DMA32 cpu=0
[    0.933452] bad_dst_dbg page_alloc pcp_free page=ffffea00000fca40 pfn=3f29 mt=1 pcp_count=26 pcp_high=90 zone=DMA32 cpu=0
[    0.933948] bad_dst_dbg page_alloc pcp_free page=ffffea00000fca80 pfn=3f2a mt=1 pcp_count=27 pcp_high=90 zone=DMA32 cpu=0
[    0.934451] bad_dst_dbg page_alloc pcp_free page=ffffea00000fcac0 pfn=3f2b mt=1 pcp_count=28 pcp_high=90 zone=DMA32 cpu=0
[    0.935036] bad_dst_dbg page_alloc pcp_free page=ffffea00000fcb00 pfn=3f2c mt=1 pcp_count=29 pcp_high=90 zone=DMA32 cpu=0
[    0.935588] Freeing SMP alternatives memory: 60K
[    1.069892] random: fast init done
[    1.205416] smpboot: CPU0: AMD QEMU Virtual CPU version 2.5+ (family: 0xf, model: 0x6b, stepping: 0x1)
[    1.223619] Performance Events: PMU not available due to virtualization, using software events only.
[    1.230283] rcu: Hierarchical SRCU implementation.
[    1.251052] NMI watchdog: Perf NMI watchdog permanently disabled
[    1.261269] smp: Bringing up secondary CPUs ...
[    1.271878] x86: Booting SMP configuration:
[    1.272293] .... node  #0, CPUs:      #1
[    1.358875] smp: Brought up 1 node, 2 CPUs
[    1.359520] smpboot: Max logical packages: 1
[    1.359887] smpboot: Total of 2 processors activated (9131.57 BogoMIPS)
[    1.398919] node 0 deferred pages initialised in 21ms
[    1.423562] devtmpfs: initialized
[    1.432913] x86/mm: Memory block size: 128MB
[    1.449890] clocksource: jiffies: mask: 0xffffffff max_cycles: 0xffffffff, max_idle_ns: 1911260446275000 ns
[    1.450846] futex hash table entries: 512 (order: 3, 32768 bytes, linear)
[    1.463416] PM: RTC time: 09:07:31, date: 2026-05-26
[    1.485981] NET: Registered protocol family 16
[    1.497843] DMA: preallocated 128 KiB GFP_KERNEL pool for atomic allocations
[    1.498890] DMA: preallocated 128 KiB GFP_KERNEL|GFP_DMA pool for atomic allocations
[    1.500607] DMA: preallocated 128 KiB GFP_KERNEL|GFP_DMA32 pool for atomic allocations
[    1.501618] audit: initializing netlink subsys (disabled)
[    1.510384] audit: type=2000 audit(1779786450.695:1): state=initialized audit_enabled=0 res=1
[    1.522824] thermal_sys: Registered thermal governor 'step_wise'
[    1.523002] thermal_sys: Registered thermal governor 'user_space'
[    1.525766] cpuidle: using governor ladder
[    1.528866] cpuidle: using governor menu
[    1.534398] ACPI: bus type PCI registered
[    1.534837] acpiphp: ACPI Hot Plug PCI Controller Driver version: 0.5
[    1.545273] PCI: Using configuration type 1 for base access
[    1.552848] mtrr: your CPUs had inconsistent fixed MTRR settings
[    1.553222] mtrr: your CPUs had inconsistent variable MTRR settings
[    1.553515] mtrr: your CPUs had inconsistent MTRRdefType settings
[    1.553818] mtrr: probably your BIOS does not setup all CPUs.
[    1.554481] mtrr: corrected configuration.
[    1.620197] Kprobes globally optimized
[    1.630864] HugeTLB registered 2.00 MiB page size, pre-allocated 0 pages
[    1.665777] cryptd: max_cpu_qlen set to 1000
[    1.722616] raid6: sse2x4   gen()   581 MB/s
[    1.739563] raid6: sse2x4   xor()   370 MB/s
[    1.756482] raid6: sse2x2   gen()   612 MB/s
[    1.773462] raid6: sse2x2   xor()   347 MB/s
[    1.790546] raid6: sse2x1   gen()   590 MB/s
[    1.807478] raid6: sse2x1   xor()   316 MB/s
[    1.807825] raid6: using algorithm sse2x2 gen() 612 MB/s
[    1.808099] raid6: .... xor() 347 MB/s, rmw enabled
[    1.808876] raid6: using intx1 recovery algorithm
[    1.810840] ACPI: Added _OSI(Module Device)
[    1.811094] ACPI: Added _OSI(Processor Device)
[    1.811309] ACPI: Added _OSI(3.0 _SCP Extensions)
[    1.811454] ACPI: Added _OSI(Processor Aggregator Device)
[    1.811867] ACPI: Added _OSI(Linux-Dell-Video)
[    1.812456] ACPI: Added _OSI(Linux-Lenovo-NV-HDMI-Audio)
[    1.812707] ACPI: Added _OSI(Linux-HPI-Hybrid-Graphics)
[    1.858169] ACPI: 1 ACPI AML tables successfully acquired and loaded
[    1.897807] ACPI: Interpreter enabled
[    1.900610] ACPI: (supports S0 S3 S5)
[    1.900988] ACPI: Using IOAPIC for interrupt routing
[    1.902967] PCI: Using host bridge windows from ACPI; if necessary, use "pci=nocrs" and report a bug
[    1.908416] ACPI: Enabled 2 GPEs in block 00 to 0F
[    2.000416] ACPI: PCI Root Bridge [PCI0] (domain 0000 [bus 00-ff])
[    2.003771] acpi PNP0A03:00: _OSC: OS supports [ASPM ClockPM Segments MSI HPX-Type3]
[    2.006261] acpi PNP0A03:00: fail to add MMCONFIG information, can't access extended PCI configuration space under this bridge.
[    2.016618] acpiphp: Slot [3] registered
[    2.017665] acpiphp: Slot [4] registered
[    2.018875] acpiphp: Slot [5] registered
[    2.020045] acpiphp: Slot [6] registered
[    2.020814] acpiphp: Slot [7] registered
[    2.021552] acpiphp: Slot [8] registered
[    2.022143] acpiphp: Slot [9] registered
[    2.022766] acpiphp: Slot [10] registered
[    2.023175] acpiphp: Slot [11] registered
[    2.023718] acpiphp: Slot [12] registered
[    2.024218] acpiphp: Slot [13] registered
[    2.024912] acpiphp: Slot [14] registered
[    2.026583] acpiphp: Slot [15] registered
[    2.027581] acpiphp: Slot [16] registered
[    2.028510] acpiphp: Slot [17] registered
[    2.029347] acpiphp: Slot [18] registered
[    2.030154] acpiphp: Slot [19] registered
[    2.031574] acpiphp: Slot [20] registered
[    2.032314] acpiphp: Slot [21] registered
[    2.032743] acpiphp: Slot [22] registered
[    2.033497] acpiphp: Slot [23] registered
[    2.033981] acpiphp: Slot [24] registered
[    2.034585] acpiphp: Slot [25] registered
[    2.035074] acpiphp: Slot [26] registered
[    2.035903] acpiphp: Slot [27] registered
[    2.036901] acpiphp: Slot [28] registered
[    2.037910] acpiphp: Slot [29] registered
[    2.038606] acpiphp: Slot [30] registered
[    2.039152] acpiphp: Slot [31] registered
[    2.040222] PCI host bridge to bus 0000:00
[    2.041090] pci_bus 0000:00: root bus resource [io  0x0000-0x0cf7 window]
[    2.041607] pci_bus 0000:00: root bus resource [io  0x0d00-0xffff window]
[    2.042725] pci_bus 0000:00: root bus resource [mem 0x000a0000-0x000bffff window]
[    2.043467] pci_bus 0000:00: root bus resource [mem 0x40000000-0xfebfffff window]
[    2.043801] pci_bus 0000:00: root bus resource [mem 0x100000000-0x17fffffff window]
[    2.044875] pci_bus 0000:00: root bus resource [bus 00-ff]
[    2.048053] pci 0000:00:00.0: [8086:1237] type 00 class 0x060000
[    2.059146] pci 0000:00:01.0: [8086:7000] type 00 class 0x060100
[    2.061927] pci 0000:00:01.1: [8086:7010] type 00 class 0x010180
[    2.067913] pci 0000:00:01.1: reg 0x20: [io  0xc000-0xc00f]
[    2.070553] pci 0000:00:01.1: legacy IDE quirk: reg 0x10: [io  0x01f0-0x01f7]
[    2.071538] pci 0000:00:01.1: legacy IDE quirk: reg 0x14: [io  0x03f6]
[    2.071926] pci 0000:00:01.1: legacy IDE quirk: reg 0x18: [io  0x0170-0x0177]
[    2.072521] pci 0000:00:01.1: legacy IDE quirk: reg 0x1c: [io  0x0376]
[    2.076659] pci 0000:00:01.3: [8086:7113] type 00 class 0x068000
[    2.078097] pci 0000:00:01.3: quirk: [io  0x0600-0x063f] claimed by PIIX4 ACPI
[    2.078584] pci 0000:00:01.3: quirk: [io  0x0700-0x070f] claimed by PIIX4 SMB
[    2.081714] pci 0000:00:02.0: [1234:1111] type 00 class 0x030000
[    2.082416] pci 0000:00:02.0: reg 0x10: [mem 0xfd000000-0xfdffffff pref]
[    2.085559] pci 0000:00:02.0: reg 0x18: [mem 0xfebf0000-0xfebf0fff]
[    2.090416] pci 0000:00:02.0: reg 0x30: [mem 0xfebe0000-0xfebeffff pref]
[    2.104950] ACPI: PCI Interrupt Link [LNKA] (IRQs 5 *10 11)
[    2.107289] ACPI: PCI Interrupt Link [LNKB] (IRQs 5 *10 11)
[    2.108891] ACPI: PCI Interrupt Link [LNKC] (IRQs 5 10 *11)
[    2.110519] ACPI: PCI Interrupt Link [LNKD] (IRQs 5 10 *11)
[    2.111257] ACPI: PCI Interrupt Link [LNKS] (IRQs *9)
[    2.125799] iommu: Default domain type: Translated 
[    2.130202] SCSI subsystem initialized
[    2.137788] pps_core: LinuxPPS API ver. 1 registered
[    2.138107] pps_core: Software ver. 5.3.6 - Copyright 2005-2007 Rodolfo Giometti <giometti@linux.it>
[    2.138712] PTP clock support registered
[    2.169646] PCI: Using ACPI for IRQ routing
[    2.176033] hpet: 3 channels of 0 reserved for per-cpu timers
[    2.177159] hpet0: at MMIO 0xfed00000, IRQs 2, 8, 0
[    2.177860] hpet0: 3 comparators, 64-bit 100.000000 MHz counter
[    2.183976] clocksource: Switched to clocksource hpet
[    4.116989] VFS: Disk quotas dquot_6.6.0
[    4.117931] VFS: Dquot-cache hash table entries: 512 (order 0, 4096 bytes)
[    4.122940] FS-Cache: Loaded
[    4.136320] CacheFiles: Loaded
[    4.143220] AppArmor: AppArmor Filesystem Enabled
[    4.146341] pnp: PnP ACPI init
[    4.161261] pnp: PnP ACPI: found 6 devices
[    4.259875] NET: Registered protocol family 2
[    4.263264] IP idents hash table entries: 16384 (order: 5, 131072 bytes, linear)
[    4.299395] tcp_listen_portaddr_hash hash table entries: 512 (order: 1, 8192 bytes, linear)
[    4.301088] TCP established hash table entries: 8192 (order: 4, 65536 bytes, linear)
[    4.303140] TCP bind hash table entries: 8192 (order: 5, 131072 bytes, linear)
[    4.304951] TCP: Hash tables configured (established 8192 bind 8192)
[    4.313088] UDP hash table entries: 512 (order: 2, 16384 bytes, linear)
[    4.316863] UDP-Lite hash table entries: 512 (order: 2, 16384 bytes, linear)
[    4.326003] NET: Registered protocol family 1
[    4.336192] RPC: Registered named UNIX socket transport module.
[    4.336854] RPC: Registered udp transport module.
[    4.337124] RPC: Registered tcp transport module.
[    4.337372] RPC: Registered tcp NFSv4.1 backchannel transport module.
[    4.337984] NET: Registered protocol family 44
[    4.341161] pci_bus 0000:00: resource 4 [io  0x0000-0x0cf7 window]
[    4.341724] pci_bus 0000:00: resource 5 [io  0x0d00-0xffff window]
[    4.342096] pci_bus 0000:00: resource 6 [mem 0x000a0000-0x000bffff window]
[    4.342628] pci_bus 0000:00: resource 7 [mem 0x40000000-0xfebfffff window]
[    4.342975] pci_bus 0000:00: resource 8 [mem 0x100000000-0x17fffffff window]
[    4.344947] pci 0000:00:01.0: PIIX3: Enabling Passive Release
[    4.345634] pci 0000:00:00.0: Limiting direct PCI/PCI transfers
[    4.346192] pci 0000:00:01.0: Activating ISA DMA hang workarounds
[    4.347180] pci 0000:00:02.0: Video device with shadowed ROM at [mem 0x000c0000-0x000dffff]
[    4.347843] PCI: CLS 0 bytes, default 64
[    4.362107] Trying to unpack rootfs image as initramfs...
[    4.674157] Freeing initrd memory: 1692K
[    4.678138] kvm: no hardware support
[    4.683946] kvm: Nested Virtualization enabled
[    4.684886] SVM: kvm: Nested Paging disabled
[    4.701637] check: Scanning for low memory corruption every 60 seconds
[    4.714954] Initialise system trusted keyrings
[    4.721706] Key type blacklist registered
[    4.725367] workingset: timestamp_bits=40 max_order=18 bucket_order=0
[    4.771434] squashfs: version 4.0 (2009/01/31) Phillip Lougher
[    4.776823] FS-Cache: Netfs 'nfs' registered for caching
[    4.783913] NFS: Registering the id_resolver key type
[    4.785042] Key type id_resolver registered
[    4.785603] Key type id_legacy registered
[    4.787271] nfs4filelayout_init: NFSv4 File Layout Driver Registering...
[    4.789108] nfs4flexfilelayout_init: NFSv4 Flexfile Layout Driver Registering...
[    4.789893] Installing knfsd (copyright (C) 1996 okir@monad.swb.de).
[    4.810823] Key type cifs.spnego registered
[    4.811633] Key type cifs.idmap registered
[    4.812078] ntfs: driver 2.1.32 [Flags: R/O].
[    4.815935] fuse: init (API version 7.32)
[    4.819987] SGI XFS with ACLs, security attributes, quota, no debug enabled
[    4.833889] 9p: Installing v9fs 9p2000 file system support
[    4.839568] integrity: Platform Keyring initialized
[    4.895259] NET: Registered protocol family 38
[    4.896272] xor: measuring software checksum speed
[    4.923692]    prefetch64-sse  :   402 MB/sec
[    4.956728]    generic_sse     :   317 MB/sec
[    4.957165] xor: using function: prefetch64-sse (402 MB/sec)
[    4.958008] Key type asymmetric registered
[    4.959138] Asymmetric key parser 'x509' registered
[    4.961148] Block layer SCSI generic (bsg) driver version 0.4 loaded (major 248)
[    4.964120] io scheduler mq-deadline registered
[    4.964804] io scheduler kyber registered
[    4.966908] io scheduler bfq registered
[    4.982362] input: Power Button as /devices/LNXSYSTM:00/LNXPWRBN:00/input/input0
[    4.993090] bad_dst_dbg slub __slab_free_state cache=kmalloc-256 page=ffffea0000187fc0 pfn=61ff head=ffff8880061ff200 cnt=1 prior=0000000000000000 old_inuse=16 new_inuse=15 was_frozen=1 new_frozen=1 objects=16 cpu=0
[    4.994758] bad_dst_dbg slub __slab_free_state cache=kmalloc-256 page=ffffea0000187fc0 pfn=61ff head=ffff8880061ffa00 cnt=1 prior=ffff8880061ff200 old_inuse=15 new_inuse=14 was_frozen=1 new_frozen=1 objects=16 cpu=0
[    4.995855] ACPI: Power Button [PWRF]
[    5.013464] Serial: 8250/16550 driver, 4 ports, IRQ sharing disabled
[    5.020715] 00:04: ttyS0 at I/O 0x3f8 (irq = 4, base_baud = 115200) is a 16550A
[    5.035092] Non-volatile memory driver v1.3
[    5.038174] AMD-Vi: AMD IOMMUv2 functionality not available on this system - This is not a bug.
[    5.134459] brd: module loaded
[    5.224039] loop: module loaded
[    5.229261] zram: Added device: zram0
[    5.230357] Guest personality initialized and is inactive
[    5.232791] VMCI host device registered (name=vmci, major=10, minor=62)
[    5.233257] Initialized host personality
[    5.234830] Loading iSCSI transport class v2.0-870.
[    5.240590] iscsi: registered transport (tcp)
[    5.241741] VMware PVSCSI driver - version 1.0.7.0-k
[    5.242453] hv_vmbus: registering driver hv_storvsc
[    5.278388] scsi host0: ata_piix
[    5.286440] scsi host1: ata_piix
[    5.288207] ata1: PATA max MWDMA2 cmd 0x1f0 ctl 0x3f6 bmdma 0xc000 irq 14
[    5.288870] ata2: PATA max MWDMA2 cmd 0x170 ctl 0x376 bmdma 0xc008 irq 15
[    5.304945] Rounding down aligned max_sectors from 4294967295 to 4294967288
[    5.308861] db_root: cannot open: /etc/target
[    5.355159] wireguard: WireGuard 1.0.0 loaded. See www.wireguard.com for information.
[    5.355709] wireguard: Copyright (C) 2015-2019 Jason A. Donenfeld <Jason@zx2c4.com>. All Rights Reserved.
[    5.367700] tun: Universal TUN/TAP device driver, 1.6
[    5.373026] ixgbevf: Intel(R) 10 Gigabit PCI Express Virtual Function Network Driver
[    5.373758] ixgbevf: Copyright (c) 2009 - 2018 Intel Corporation.
[    5.375752] PPP generic driver version 2.4.2
[    5.377899] VMware vmxnet3 virtual NIC driver - version 1.5.0.0-k-NAPI
[    5.378958] hv_vmbus: registering driver hv_netvsc
[    5.381416] VFIO - User Level meta-driver version: 0.3
[    5.388686] i8042: PNP: PS/2 Controller [PNP0303:KBD,PNP0f13:MOU] at 0x60,0x64 irq 1,12
[    5.397650] serio: i8042 KBD port at 0x60,0x64 irq 1
[    5.400260] serio: i8042 AUX port at 0x60,0x64 irq 12
[    5.402154] hv_vmbus: registering driver hyperv_keyboard
[    5.408979] rtc_cmos 00:05: RTC can wake from S4
[    5.415838] input: AT Translated Set 2 keyboard as /devices/platform/i8042/serio0/input/input1
[    5.421712] rtc_cmos 00:05: registered as rtc0
[    5.423760] rtc_cmos 00:05: alarms up to one day, y3k, 242 bytes nvram, hpet irqs
[    5.424754] iTCO_wdt: Intel TCO WatchDog Timer Driver v1.11
[    5.425683] iTCO_vendor_support: vendor-support=0
[    5.436713] device-mapper: ioctl: 4.43.0-ioctl (2020-10-01) initialised: dm-devel@redhat.com
[    5.442213] device-mapper: multipath round-robin: version 1.2.0 loaded
[    5.442866] device-mapper: multipath queue-length: version 0.2.0 loaded
[    5.443205] device-mapper: multipath service-time: version 0.3.0 loaded
[    5.443633] device-mapper: multipath historical-service-time: version 0.1.1 loaded
[    5.446302] device-mapper: raid: Loading target version 1.15.1
[    5.462352] hv_utils: Registering HyperV Utility Driver
[    5.462958] hv_vmbus: registering driver hv_utils
[    5.463336] hv_vmbus: registering driver hv_balloon
[    5.466733] GACT probability NOT on
[    5.467991] Mirror/redirect action on
[    5.470047] ata2.00: ATAPI: QEMU DVD-ROM, 2.5+, max UDMA/100
[    5.473118] netem: version 1.3
[    5.474091] u32 classifier
[    5.474264]     input device check on
[    5.474742]     Actions configured
[    5.477764] bad_dst_dbg slub __slab_free_state cache=kmalloc-256 page=ffffea0000199300 pfn=664c head=ffff88800664c700 cnt=4 prior=0000000000000000 old_inuse=16 new_inuse=12 was_frozen=0 new_frozen=1 objects=16 cpu=0
[    5.478976] bad_dst_dbg slub put_cpu_partial cache=kmalloc-256 page=ffffea0000199300 pfn=664c drain=1 pages=1 pobjects=4 inuse=12 objects=16 cpu=0
[    5.479736] bad_dst_dbg slub __slab_free_state cache=kmalloc-256 page=ffffea0000197e00 pfn=65f8 head=ffff8880065f8800 cnt=1 prior=0000000000000000 old_inuse=16 new_inuse=15 was_frozen=0 new_frozen=1 objects=16 cpu=0
[    5.480796] bad_dst_dbg slub put_cpu_partial cache=kmalloc-256 page=ffffea0000197e00 pfn=65f8 drain=1 pages=2 pobjects=5 inuse=15 objects=16 cpu=0
[    5.500931] bad_dst_dbg slub __slab_free_state cache=kmalloc-256 page=ffffea0000199300 pfn=664c head=ffff88800664cd00 cnt=1 prior=ffff88800664c700 old_inuse=12 new_inuse=11 was_frozen=1 new_frozen=1 objects=16 cpu=0
[    5.502033] xt_time: kernel timezone is -0000
[    5.504068] IPVS: Registered protocols (TCP, UDP, SCTP, AH, ESP)
[    5.505314] IPVS: Connection hash table configured (size=4096, memory=64Kbytes)
[    5.513468] bad_dst_dbg slub __slab_free_state cache=kmalloc-256 page=ffffea0000199640 pfn=6659 head=ffff888006659500 cnt=1 prior=0000000000000000 old_inuse=16 new_inuse=15 was_frozen=1 new_frozen=1 objects=16 cpu=1
[    5.515715] bad_dst_dbg slub __slab_free_state cache=kmalloc-256 page=ffffea0000199ec0 pfn=667b head=ffff88800667bc00 cnt=7 prior=0000000000000000 old_inuse=16 new_inuse=9 was_frozen=0 new_frozen=1 objects=16 cpu=1
[    5.517194] bad_dst_dbg slub put_cpu_partial cache=kmalloc-256 page=ffffea0000199ec0 pfn=667b drain=1 pages=1 pobjects=7 inuse=9 objects=16 cpu=1
[    5.518078] bad_dst_dbg slub __slab_free_state cache=kmalloc-256 page=ffffea0000199640 pfn=6659 head=ffff888006659100 cnt=1 prior=ffff888006659500 old_inuse=15 new_inuse=14 was_frozen=1 new_frozen=1 objects=16 cpu=1
[    5.519194] scsi 1:0:0:0: CD-ROM            QEMU     QEMU DVD-ROM     2.5+ PQ: 0 ANSI: 5
[    5.520451] IPVS: ipvs loaded.
[    5.521017] IPVS: [rr] scheduler registered.
[    5.521291] IPVS: [wrr] scheduler registered.
[    5.521683] IPVS: [lc] scheduler registered.
[    5.521900] IPVS: [wlc] scheduler registered.
[    5.522103] IPVS: [fo] scheduler registered.
[    5.522303] IPVS: [ovf] scheduler registered.
[    5.522920] IPVS: [lblc] scheduler registered.
[    5.523847] IPVS: [lblcr] scheduler registered.
[    5.524975] bad_dst_dbg slub __slab_free_state cache=kmalloc-256 page=ffffea0000199640 pfn=6659 head=ffff888006659800 cnt=1 prior=ffff888006659100 old_inuse=14 new_inuse=13 was_frozen=1 new_frozen=1 objects=16 cpu=1
[    5.526401] bad_dst_dbg slub __slab_free_state cache=kmalloc-256 page=ffffea0000199640 pfn=6659 head=ffff888006659900 cnt=1 prior=ffff888006659800 old_inuse=13 new_inuse=12 was_frozen=1 new_frozen=1 objects=16 cpu=1
[    5.527613] IPVS: [dh] scheduler registered.
[    5.527936] IPVS: [sh] scheduler registered.
[    5.528372] IPVS: [sed] scheduler registered.
[    5.529222] IPVS: [nq] scheduler registered.
[    5.530897] IPVS: ftp: loaded support on port[0] = 21
[    5.531748] IPVS: [sip] pe registered.
[    5.534798] ipip: IPv4 and MPLS over IPv4 tunneling driver
[    5.541006] gre: GRE over IPv4 demultiplexor driver
[    5.541340] ip_gre: GRE over IPv4 tunneling driver
[    5.556080] sr 1:0:0:0: [sr0] scsi3-mmc drive: 4x/4x cd/rw xa/form2 tray
[    5.557144] cdrom: Uniform CD-ROM driver Revision: 3.20
[    5.562442] ipt_CLUSTERIP: ClusterIP Version 0.8 loaded successfully
[    5.567423] Initializing XFRM netlink socket
[    5.568566] IPsec XFRM device driver
[    5.573087] NET: Registered protocol family 10
[    5.599451] Segment Routing with IPv6
[    5.614571] ip6_gre: GRE over IPv6 tunneling driver
[    5.619784] NET: Registered protocol family 17
[    5.621207] NET: Registered protocol family 15
[    5.623645] Bridge firewalling registered
[    5.629345] RPC: Registered rdma transport module.
[    5.629852] RPC: Registered rdma backchannel transport module.
[    5.631916] 8021q: 802.1Q VLAN Support v1.8
[    5.635251] 9pnet: Installing 9P2000 support
[    5.636912] Key type dns_resolver registered
[    5.639156] NET: Registered protocol family 40
[    5.647221] IPI shorthand broadcast: enabled
[    5.650267] registered taskstats version 1
[    5.650910] Loading compiled-in X.509 certificates
[    5.702740] bad_dst_dbg slub put_cpu_partial cache=kmalloc-256 page=ffffea000019d4c0 pfn=6753 drain=1 pages=1 pobjects=1 inuse=15 objects=16 cpu=1
[    5.705951] Loaded X.509 cert 'Build time autogenerated kernel key: 4504323df522a808911f4e0c6cd5fa52b82306a3'
[    5.709916] AppArmor: AppArmor sha1 policy hashing enabled
[    5.711670] ima: No TPM chip found, activating TPM-bypass!
[    5.712266] ima: Allocated hash algorithm: sha256
[    5.718762] ima: No architecture policies found
[    5.728394] PM:   Magic number: 10:964:121
[    5.732992] Unstable clock detected, switching default tracing clock to "global"
[    5.732992] If you want to keep using the local clock, then add:
[    5.732992]   "trace_clock=local"
[    5.732992] on the kernel command line
[    5.748171] integrity: Unable to open file: /etc/ima/pubkey.x509 (-2)
[    5.778886] Freeing unused decrypted memory: 2036K
[    5.932106] free_unref_page_commit: 1377 callbacks suppressed
[    5.932204] bad_dst_dbg page_alloc pcp_free page=ffffea00000f76c0 pfn=3ddb mt=1 pcp_count=343 pcp_high=378 zone=DMA32 cpu=1
[    5.936726] bad_dst_dbg page_alloc pcp_free page=ffffea00000f7700 pfn=3ddc mt=1 pcp_count=344 pcp_high=378 zone=DMA32 cpu=1
[    5.939696] bad_dst_dbg page_alloc pcp_free page=ffffea00000f7740 pfn=3ddd mt=1 pcp_count=345 pcp_high=378 zone=DMA32 cpu=1
[    5.943204] bad_dst_dbg page_alloc pcp_free page=ffffea00000f7780 pfn=3dde mt=1 pcp_count=346 pcp_high=378 zone=DMA32 cpu=1
[    5.946789] bad_dst_dbg page_alloc pcp_free page=ffffea00000f77c0 pfn=3ddf mt=1 pcp_count=347 pcp_high=378 zone=DMA32 cpu=1
[    5.951103] bad_dst_dbg page_alloc pcp_free page=ffffea00000f7800 pfn=3de0 mt=1 pcp_count=348 pcp_high=378 zone=DMA32 cpu=1
[    5.955332] bad_dst_dbg page_alloc pcp_free page=ffffea00000f7840 pfn=3de1 mt=1 pcp_count=349 pcp_high=378 zone=DMA32 cpu=1
[    5.957616] bad_dst_dbg page_alloc pcp_free page=ffffea00000f7880 pfn=3de2 mt=1 pcp_count=350 pcp_high=378 zone=DMA32 cpu=1
[    5.958766] bad_dst_dbg page_alloc pcp_free page=ffffea00000f78c0 pfn=3de3 mt=1 pcp_count=351 pcp_high=378 zone=DMA32 cpu=1
[    5.959681] bad_dst_dbg page_alloc pcp_free page=ffffea00000f7900 pfn=3de4 mt=1 pcp_count=352 pcp_high=378 zone=DMA32 cpu=1
[    5.962715] Freeing unused kernel image (initmem) memory: 1904K
[    5.963632] Write protecting the kernel read-only data: 36864k
[    5.965205] rmqueue_pcplist: 4401 callbacks suppressed
[    5.965250] bad_dst_dbg page_alloc pcp_alloc page=ffffea00001a1900 pfn=6864 mt=0 pcp_count=417 zone=DMA32 cpu=1
[    5.971248] bad_dst_dbg page_alloc pcp_alloc page=ffffea00001a2080 pfn=6882 mt=0 pcp_count=416 zone=DMA32 cpu=1
[    5.977060] Freeing unused kernel image (text/rodata gap) memory: 2024K
[    5.977658] bad_dst_dbg page_alloc pcp_alloc page=ffffea0000121280 pfn=484a mt=0 pcp_count=417 zone=DMA32 cpu=1
[    5.978327] bad_dst_dbg page_alloc pcp_alloc page=ffffea00001212c0 pfn=484b mt=0 pcp_count=416 zone=DMA32 cpu=1
[    5.982218] Freeing unused kernel image (rodata/data gap) memory: 916K
[    5.983983] Run /init as init process
[    5.985792] bad_dst_dbg page_alloc pcp_alloc page=ffffea00001a2000 pfn=6880 mt=0 pcp_count=392 zone=DMA32 cpu=1
[    5.989870] bad_dst_dbg page_alloc pcp_alloc page=ffffea00001a2040 pfn=6881 mt=0 pcp_count=391 zone=DMA32 cpu=1
[    5.990746] bad_dst_dbg page_alloc pcp_alloc page=ffffea00001a1b00 pfn=686c mt=0 pcp_count=390 zone=DMA32 cpu=1
[    5.992003] bad_dst_dbg page_alloc pcp_alloc page=ffffea00001a1b40 pfn=686d mt=0 pcp_count=389 zone=DMA32 cpu=1
[    5.992773] bad_dst_dbg page_alloc pcp_alloc page=ffffea00001a1b80 pfn=686e mt=0 pcp_count=388 zone=DMA32 cpu=1
[    5.993382] bad_dst_dbg page_alloc pcp_alloc page=ffffea00001a1bc0 pfn=686f mt=0 pcp_count=387 zone=DMA32 cpu=1
[    6.308173] bad_dst_dbg slub put_cpu_partial cache=kmalloc-256 page=ffffea0000199640 pfn=6659 drain=1 pages=2 pobjects=5 inuse=15 objects=16 cpu=0
[    6.553756] bad_dst_dbg slub put_cpu_partial cache=kmalloc-256 page=ffffea0000199640 pfn=6659 drain=1 pages=1 pobjects=1 inuse=15 objects=16 cpu=0
[    6.553920] bad_dst_dbg slub put_cpu_partial cache=kmalloc-256 page=ffffea0000197e00 pfn=65f8 drain=1 pages=2 pobjects=2 inuse=15 objects=16 cpu=1
testvm busybox initrd ready
+ mkdir -p /dev/binderfs
+ mount -t binder binder /dev/binderfs
+ ln -sf /dev/binderfs/binder /dev/binder
+ ln -sf /dev/binderfs/hwbinder /dev/hwbinder
+ ln -sf /dev/binderfs/vndbinder /dev/vndbinder
+ exec /badnode
Starting static exploit...
root payload: local shell
[    6.755797] bad_dst_dbg slub put_cpu_partial cache=kmalloc-256 page=ffffea000019d880 pfn=6762 drain=1 pages=1 pobjects=1 inuse=15 objects=16 cpu=0
[    6.819639] bad_dst_dbg slub put_cpu_partial cache=kmalloc-256 page=ffffea00001a3a80 pfn=68ea drain=1 pages=1 pobjects=1 inuse=15 objects=16 cpu=0
Opened file descriptors...
[   10.976687] rmqueue_pcplist: 1603 callbacks suppressed
[   10.976740] bad_dst_dbg page_alloc pcp_alloc page=ffffea00001a9cc0 pfn=6a73 mt=0 pcp_count=258 zone=DMA32 cpu=0
[   10.996974] bad_dst_dbg page_alloc pcp_alloc page=ffffea00001a9d00 pfn=6a74 mt=0 pcp_count=257 zone=DMA32 cpu=0
[   11.016762] bad_dst_dbg page_alloc pcp_alloc page=ffffea00001a9d40 pfn=6a75 mt=0 pcp_count=256 zone=DMA32 cpu=0
[   11.037087] bad_dst_dbg page_alloc pcp_alloc page=ffffea00001a9d80 pfn=6a76 mt=0 pcp_count=255 zone=DMA32 cpu=0
[   11.059855] bad_dst_dbg page_alloc pcp_alloc page=ffffea00001a9dc0 pfn=6a77 mt=0 pcp_count=254 zone=DMA32 cpu=0
[   11.082802] bad_dst_dbg page_alloc pcp_alloc page=ffffea00001a9e00 pfn=6a78 mt=0 pcp_count=253 zone=DMA32 cpu=0
[   11.105192] bad_dst_dbg page_alloc pcp_alloc page=ffffea00001a9e40 pfn=6a79 mt=0 pcp_count=252 zone=DMA32 cpu=0
[   11.127126] bad_dst_dbg page_alloc pcp_alloc page=ffffea00001a9e80 pfn=6a7a mt=0 pcp_count=251 zone=DMA32 cpu=0
[   11.148879] bad_dst_dbg page_alloc pcp_alloc page=ffffea00001a9ec0 pfn=6a7b mt=0 pcp_count=250 zone=DMA32 cpu=0
[   11.170208] bad_dst_dbg page_alloc pcp_alloc page=ffffea00001a9f00 pfn=6a7c mt=0 pcp_count=249 zone=DMA32 cpu=0
[   15.987218] rmqueue_pcplist: 272 callbacks suppressed
[   15.987281] bad_dst_dbg page_alloc pcp_alloc page=ffffea00001ae340 pfn=6b8d mt=0 pcp_count=228 zone=DMA32 cpu=0
[   16.005891] bad_dst_dbg page_alloc pcp_alloc page=ffffea00001ae380 pfn=6b8e mt=0 pcp_count=227 zone=DMA32 cpu=0
[   16.024280] bad_dst_dbg page_alloc pcp_alloc page=ffffea00001ae3c0 pfn=6b8f mt=0 pcp_count=226 zone=DMA32 cpu=0
[   16.043295] bad_dst_dbg page_alloc pcp_alloc page=ffffea00001ae400 pfn=6b90 mt=0 pcp_count=225 zone=DMA32 cpu=0
[   16.061870] bad_dst_dbg page_alloc pcp_alloc page=ffffea00001ae440 pfn=6b91 mt=0 pcp_count=224 zone=DMA32 cpu=0
[   16.081687] bad_dst_dbg page_alloc pcp_alloc page=ffffea00001ae480 pfn=6b92 mt=0 pcp_count=223 zone=DMA32 cpu=0
[   16.100288] bad_dst_dbg page_alloc pcp_alloc page=ffffea00001ae4c0 pfn=6b93 mt=0 pcp_count=222 zone=DMA32 cpu=0
[   16.110912] bad_dst_dbg page_alloc pcp_alloc page=ffffea00001ae500 pfn=6b94 mt=0 pcp_count=221 zone=DMA32 cpu=0
[   16.113178] bad_dst_dbg page_alloc pcp_alloc page=ffffea00001ae540 pfn=6b95 mt=0 pcp_count=220 zone=DMA32 cpu=0
[   16.120299] bad_dst_dbg page_alloc pcp_alloc page=ffffea00001ae580 pfn=6b96 mt=0 pcp_count=219 zone=DMA32 cpu=0
Allocated from binder allocator...
Created gaps in binder allocator...
[   18.911489] __slab_free: 17 callbacks suppressed
[   18.911776] bad_dst_dbg slub __slab_free_state cache=kmalloc-256 page=ffffea0000197e00 pfn=65f8 head=ffff8880065f8800 cnt=1 prior=0000000000000000 old_inuse=16 new_inuse=15 was_frozen=1 new_frozen=1 objects=16 cpu=0
[   18.912278] bad_dst_dbg slub __slab_free_state cache=kmalloc-256 page=ffffea00001a6600 pfn=6998 head=ffff888006998d00 cnt=1 prior=0000000000000000 old_inuse=16 new_inuse=15 was_frozen=1 new_frozen=1 objects=16 cpu=1
[   19.772026] free_unref_page_commit: 2043 callbacks suppressed
[   19.772071] bad_dst_dbg page_alloc pcp_free page=ffffea0000ffe180 pfn=3ff86 mt=1 pcp_count=167 pcp_high=378 zone=DMA32 cpu=0
[   19.772478] bad_dst_dbg page_alloc pcp_free page=ffffea0000ffe1c0 pfn=3ff87 mt=1 pcp_count=168 pcp_high=378 zone=DMA32 cpu=0
[   19.772478] bad_dst_dbg page_alloc pcp_free page=ffffea0000ffe200 pfn=3ff88 mt=1 pcp_count=169 pcp_high=378 zone=DMA32 cpu=0
[   19.774175] bad_dst_dbg page_alloc pcp_free page=ffffea0000ffe240 pfn=3ff89 mt=1 pcp_count=170 pcp_high=378 zone=DMA32 cpu=0
[   19.774175] bad_dst_dbg page_alloc pcp_free page=ffffea0000ffe280 pfn=3ff8a mt=1 pcp_count=171 pcp_high=378 zone=DMA32 cpu=0
[   19.774175] bad_dst_dbg page_alloc pcp_free page=ffffea0000ffe2c0 pfn=3ff8b mt=1 pcp_count=172 pcp_high=378 zone=DMA32 cpu=0
[   19.774175] bad_dst_dbg page_alloc pcp_free page=ffffea0000ffe300 pfn=3ff8c mt=1 pcp_count=173 pcp_high=378 zone=DMA32 cpu=0
[   19.774175] bad_dst_dbg page_alloc pcp_free page=ffffea0000ffe340 pfn=3ff8d mt=1 pcp_count=174 pcp_high=378 zone=DMA32 cpu=0
[   19.786748] bad_dst_dbg page_alloc pcp_free page=ffffea0000ffdd40 pfn=3ff75 mt=1 pcp_count=175 pcp_high=378 zone=DMA32 cpu=0
[   19.787465] bad_dst_dbg page_alloc pcp_free page=ffffea0000ffdd80 pfn=3ff76 mt=1 pcp_count=176 pcp_high=378 zone=DMA32 cpu=0
[   20.229709] binder: 155:155 got transaction with invalid offset (144, min 80 max 128) or object.
[   20.230947] binder: 155:155 transaction failed 29201/-22, size 128-24 line 3242
[   20.232125] binder: 155:155 got transaction with invalid offset (144, min 80 max 128) or object.
[   20.232944] binder: 155:155 transaction failed 29201/-22, size 128-24 line 3242
[   20.233620] binder: 155:155 got transaction with invalid offset (144, min 80 max 128) or object.
[   20.234210] binder: 155:155 transaction failed 29201/-22, size 128-24 line 3242
[   20.234929] binder: 155:155 got transaction with invalid offset (144, min 80 max 128) or object.
[   20.235645] binder: 155:155 transaction failed 29201/-22, size 128-24 line 3242
[   20.236239] binder: 155:155 got transaction with invalid offset (144, min 80 max 128) or object.
[   20.237025] binder: 155:155 transaction failed 29201/-22, size 128-24 line 3242
[   20.237759] binder: 155:155 got transaction with invalid offset (144, min 80 max 128) or object.
[   20.238383] binder: 155:155 transaction failed 29201/-22, size 128-24 line 3242
[   20.239129] binder: 155:155 got transaction with invalid offset (144, min 80 max 128) or object.
[   20.239840] binder: 155:155 transaction failed 29201/-22, size 128-24 line 3242
[   20.240454] binder: 155:155 got transaction with invalid offset (144, min 80 max 128) or object.
[   20.241184] binder: 155:155 transaction failed 29201/-22, size 128-24 line 3242
[   20.241928] binder: 155:155 got transaction with invalid offset (144, min 80 max 128) or object.
[   20.242667] binder: 155:155 transaction failed 29201/-22, size 128-24 line 3242
[   20.243232] binder: 155:155 got transaction with invalid offset (144, min 80 max 128) or object.
[   20.243935] binder: 155:155 transaction failed 29201/-22, size 128-24 line 3242
[   20.534274] bad_dst_dbg slub __slab_free_state cache=kmalloc-256 page=ffffea00001a6600 pfn=6998 head=ffff888006998b00 cnt=1 prior=0000000000000000 old_inuse=16 new_inuse=15 was_frozen=0 new_frozen=1 objects=16 cpu=0
[   20.535815] bad_dst_dbg slub put_cpu_partial cache=kmalloc-256 page=ffffea00001a6600 pfn=6998 drain=1 pages=1 pobjects=1 inuse=15 objects=16 cpu=0
UAF nodes done...
Reclaimed with ep_item...
[   20.557147] bad_dst_dbg slub __slab_free_state cache=kmalloc-256 page=ffffea00001a6600 pfn=6998 head=ffff888006998c00 cnt=1 prior=ffff888006998b00 old_inuse=15 new_inuse=14 was_frozen=1 new_frozen=1 objects=16 cpu=0
[   20.559202] bad_dst_dbg slub __slab_free_state cache=kmalloc-256 page=ffffea00001a6600 pfn=6998 head=ffff888006998e00 cnt=1 prior=ffff888006998c00 old_inuse=14 new_inuse=13 was_frozen=1 new_frozen=1 objects=16 cpu=0
[   20.560710] bad_dst_dbg slub __slab_free_state cache=kmalloc-256 page=ffffea00001a6600 pfn=6998 head=ffff888006998a00 cnt=1 prior=ffff888006998e00 old_inuse=13 new_inuse=12 was_frozen=1 new_frozen=1 objects=16 cpu=0
[   20.562229] bad_dst_dbg slub __slab_free_state cache=kmalloc-256 page=ffffea00001a6600 pfn=6998 head=ffff888006998200 cnt=1 prior=ffff888006998a00 old_inuse=12 new_inuse=11 was_frozen=1 new_frozen=1 objects=16 cpu=0
[   20.563734] bad_dst_dbg slub __slab_free_state cache=kmalloc-256 page=ffffea00001a6600 pfn=6998 head=ffff888006998600 cnt=1 prior=ffff888006998200 old_inuse=11 new_inuse=10 was_frozen=1 new_frozen=1 objects=16 cpu=0
[   20.565188] bad_dst_dbg slub __slab_free_state cache=kmalloc-256 page=ffffea00001a6600 pfn=6998 head=ffff888006998800 cnt=1 prior=ffff888006998600 old_inuse=10 new_inuse=9 was_frozen=1 new_frozen=1 objects=16 cpu=0
[   20.566668] bad_dst_dbg slub __slab_free_state cache=kmalloc-256 page=ffffea00001a6600 pfn=6998 head=ffff888006998300 cnt=1 prior=ffff888006998800 old_inuse=9 new_inuse=8 was_frozen=1 new_frozen=1 objects=16 cpu=0
[   20.568191] bad_dst_dbg slub put_cpu_partial cache=kmalloc-256 page=ffffea00001b55c0 pfn=6d57 drain=1 pages=2 pobjects=2 inuse=15 objects=16 cpu=0
[   20.569673] bad_dst_dbg slub put_cpu_partial cache=kmalloc-256 page=ffffea00001b5600 pfn=6d58 drain=1 pages=3 pobjects=3 inuse=15 objects=16 cpu=0
[   20.570954] bad_dst_dbg slub put_cpu_partial cache=kmalloc-256 page=ffffea00001b5640 pfn=6d59 drain=1 pages=4 pobjects=4 inuse=15 objects=16 cpu=0
[   20.572223] bad_dst_dbg slub put_cpu_partial cache=kmalloc-256 page=ffffea00001b5680 pfn=6d5a drain=1 pages=5 pobjects=5 inuse=15 objects=16 cpu=0
[   20.573668] bad_dst_dbg slub put_cpu_partial cache=kmalloc-256 page=ffffea00001b56c0 pfn=6d5b drain=1 pages=6 pobjects=6 inuse=15 objects=16 cpu=0
[   20.574989] bad_dst_dbg slub put_cpu_partial cache=kmalloc-256 page=ffffea00001b5700 pfn=6d5c drain=1 pages=7 pobjects=7 inuse=15 objects=16 cpu=0
[   20.576274] bad_dst_dbg slub put_cpu_partial cache=kmalloc-256 page=ffffea00001b5740 pfn=6d5d drain=1 pages=8 pobjects=8 inuse=15 objects=16 cpu=0
[   20.577758] bad_dst_dbg slub put_cpu_partial cache=kmalloc-256 page=ffffea00001b5780 pfn=6d5e drain=1 pages=9 pobjects=9 inuse=15 objects=16 cpu=0
[   20.578991] bad_dst_dbg slub put_cpu_partial cache=kmalloc-256 page=ffffea00001b57c0 pfn=6d5f drain=1 pages=10 pobjects=10 inuse=15 objects=16 cpu=0
[   20.581476] bad_dst_dbg slub unfreeze_empty_retained cache=kmalloc-256 page=ffffea00001b58c0 pfn=6d63 nr_partial=0 min_partial=5 objects=16 cpu=0
[   20.581476] bad_dst_dbg slub unfreeze_empty_retained cache=kmalloc-256 page=ffffea00001b5880 pfn=6d62 nr_partial=1 min_partial=5 objects=16 cpu=0
[   20.581476] bad_dst_dbg slub unfreeze_empty_retained cache=kmalloc-256 page=ffffea00001b5840 pfn=6d61 nr_partial=2 min_partial=5 objects=16 cpu=0
[   20.581476] bad_dst_dbg slub unfreeze_empty_retained cache=kmalloc-256 page=ffffea00001b5800 pfn=6d60 nr_partial=3 min_partial=5 objects=16 cpu=0
[   20.581476] bad_dst_dbg slub unfreeze_empty_retained cache=kmalloc-256 page=ffffea00001b57c0 pfn=6d5f nr_partial=4 min_partial=5 objects=16 cpu=0
[   20.581476] bad_dst_dbg slub unfreeze_empty_discard cache=kmalloc-256 size=256 page=ffffea00001b5780 pfn=6d5e inuse=0 objects=16 frozen=0 freelist=ffff888006d5e900 cpu=0
[   20.581476] bad_dst_dbg slub unfreeze_empty_discard cache=kmalloc-256 size=256 page=ffffea00001b5740 pfn=6d5d inuse=0 objects=16 frozen=0 freelist=ffff888006d5d200 cpu=0
[   20.581476] bad_dst_dbg slub unfreeze_empty_discard cache=kmalloc-256 size=256 page=ffffea00001b5700 pfn=6d5c inuse=0 objects=16 frozen=0 freelist=ffff888006d5c900 cpu=0
[   20.581476] bad_dst_dbg slub unfreeze_empty_discard cache=kmalloc-256 size=256 page=ffffea00001b56c0 pfn=6d5b inuse=0 objects=16 frozen=0 freelist=ffff888006d5bd00 cpu=0
[   20.581476] bad_dst_dbg slub unfreeze_empty_discard cache=kmalloc-256 size=256 page=ffffea00001b5680 pfn=6d5a inuse=0 objects=16 frozen=0 freelist=ffff888006d5a700 cpu=0
[   20.581476] bad_dst_dbg slub unfreeze_empty_discard cache=kmalloc-256 size=256 page=ffffea00001b5640 pfn=6d59 inuse=0 objects=16 frozen=0 freelist=ffff888006d59e00 cpu=0
[   20.581476] bad_dst_dbg slub unfreeze_empty_discard cache=kmalloc-256 size=256 page=ffffea00001b5600 pfn=6d58 inuse=0 objects=16 frozen=0 freelist=ffff888006d58100 cpu=0
[   20.581476] bad_dst_dbg slub unfreeze_empty_discard cache=kmalloc-256 size=256 page=ffffea00001b55c0 pfn=6d57 inuse=0 objects=16 frozen=0 freelist=ffff888006d57700 cpu=0
[   20.599142] bad_dst_dbg slub unfreeze_empty_discard cache=kmalloc-256 size=256 page=ffffea00001b5c80 pfn=6d72 inuse=0 objects=16 frozen=0 freelist=ffff888006d72700 cpu=0
[   20.599461] bad_dst_dbg slub unfreeze_empty_discard cache=kmalloc-256 size=256 page=ffffea00001b5c40 pfn=6d71 inuse=0 objects=16 frozen=0 freelist=ffff888006d71100 cpu=0
Could not succeed with cross cache attack
[   21.680760] rmqueue_pcplist: 5055 callbacks suppressed
[   21.680844] bad_dst_dbg page_alloc pcp_alloc page=ffffea00001b9640 pfn=6e59 mt=0 pcp_count=322 zone=DMA32 cpu=0
qemu-system-x86_64: terminating on signal 15 from pid 280817 (timeout)
