c[?7l[2J[0mSeaBIOS (version rel-1.17.0-0-gb52ca86e094d-prebuilt.qemu.org)
Booting from ROM..c[?7l[2J[    0.000000] Linux version 5.10.107+ (jack@bd5f2b454abc) (gcc (Ubuntu 10.5.0-1ubuntu1~20.04) 10.5.0, GNU ld (GNU Binutils for Ubuntu) 2.34) #1 SMP PREEMPT Tue May 26 07:46:52 UTC 2026
[    0.000000] Command line: console=ttyS0 rdinit=/init testvm_autorun=/run_badnode.sh nokaslr panic=-1
[    0.000000] x86/fpu: x87 FPU will use FXSAVE
[    0.000000] BIOS-provided physical RAM map:
[    0.000000] BIOS-e820: [mem 0x0000000000000000-0x000000000009fbff] usable
[    0.000000] BIOS-e820: [mem 0x000000000009fc00-0x000000000009ffff] reserved
[    0.000000] BIOS-e820: [mem 0x00000000000f0000-0x00000000000fffff] reserved
[    0.000000] BIOS-e820: [mem 0x0000000000100000-0x000000003ffdffff] usable
[    0.000000] BIOS-e820: [mem 0x000000003ffe0000-0x000000003fffffff] reserved
[    0.000000] BIOS-e820: [mem 0x00000000fffc0000-0x00000000ffffffff] reserved
[    0.000000] BIOS-e820: [mem 0x000000fd00000000-0x000000ffffffffff] reserved
[    0.000000] NX (Execute Disable) protection: active
[    0.000000] SMBIOS 2.8 present.
[    0.000000] DMI: QEMU Standard PC (i440FX + PIIX, 1996), BIOS rel-1.17.0-0-gb52ca86e094d-prebuilt.qemu.org 04/01/2014
[    0.000000] tsc: Fast TSC calibration using PIT
[    0.000000] tsc: Detected 2304.036 MHz processor
[    0.026657] AGP: No AGP bridge found
[    0.027381] last_pfn = 0x3ffe0 max_arch_pfn = 0x400000000
[    0.030771] x86/PAT: Configuration [0-7]: WB  WC  UC- UC  WB  WP  UC- WT  
[    0.086273] found SMP MP-table at [mem 0x000f54c0-0x000f54cf]
[    0.090349] check: Scanning 1 areas for low memory corruption
[    0.108759] RAMDISK: [mem 0x3fd02000-0x3ffdffff]
[    0.109536] ACPI: Early table checksum verification disabled
[    0.110686] ACPI: RSDP 0x00000000000F52E0 000014 (v00 BOCHS )
[    0.111352] ACPI: RSDT 0x000000003FFE238A 000034 (v01 BOCHS  BXPC     00000001 BXPC 00000001)
[    0.113254] ACPI: FACP 0x000000003FFE2236 000074 (v01 BOCHS  BXPC     00000001 BXPC 00000001)
[    0.114893] ACPI: DSDT 0x000000003FFE0040 0021F6 (v01 BOCHS  BXPC     00000001 BXPC 00000001)
[    0.115184] ACPI: FACS 0x000000003FFE0000 000040
[    0.115376] ACPI: APIC 0x000000003FFE22AA 000080 (v03 BOCHS  BXPC     00000001 BXPC 00000001)
[    0.115508] ACPI: HPET 0x000000003FFE232A 000038 (v01 BOCHS  BXPC     00000001 BXPC 00000001)
[    0.115611] ACPI: WAET 0x000000003FFE2362 000028 (v01 BOCHS  BXPC     00000001 BXPC 00000001)
[    0.115881] ACPI: Reserving FACP table memory at [mem 0x3ffe2236-0x3ffe22a9]
[    0.115980] ACPI: Reserving DSDT table memory at [mem 0x3ffe0040-0x3ffe2235]
[    0.116022] ACPI: Reserving FACS table memory at [mem 0x3ffe0000-0x3ffe003f]
[    0.116058] ACPI: Reserving APIC table memory at [mem 0x3ffe22aa-0x3ffe2329]
[    0.116091] ACPI: Reserving HPET table memory at [mem 0x3ffe232a-0x3ffe2361]
[    0.116124] ACPI: Reserving WAET table memory at [mem 0x3ffe2362-0x3ffe2389]
[    0.122080] No NUMA configuration found
[    0.122188] Faking a node at [mem 0x0000000000000000-0x000000003ffdffff]
[    0.124760] NODE_DATA(0) allocated [mem 0x3fcfd000-0x3fd01fff]
[    0.131538] Zone ranges:
[    0.131722]   DMA      [mem 0x0000000000001000-0x0000000000ffffff]
[    0.131873]   DMA32    [mem 0x0000000001000000-0x000000003ffdffff]
[    0.131926]   Normal   empty
[    0.131991]   Device   empty
[    0.132046] Movable zone start for each node
[    0.132148] Early memory node ranges
[    0.132247]   node   0: [mem 0x0000000000001000-0x000000000009efff]
[    0.132654]   node   0: [mem 0x0000000000100000-0x000000003ffdffff]
[    0.133261] Initmem setup node 0 [mem 0x0000000000001000-0x000000003ffdffff]
[    0.138634] On node 0, zone DMA: 1 pages in unavailable ranges
[    0.139599] On node 0, zone DMA: 97 pages in unavailable ranges
[    0.174507] On node 0, zone DMA32: 32 pages in unavailable ranges
[    0.177157] ACPI: LAPIC_NMI (acpi_id[0xff] dfl dfl lint[0x1])
[    0.178396] IOAPIC[0]: apic_id 0, version 32, address 0xfec00000, GSI 0-23
[    0.178861] ACPI: INT_SRC_OVR (bus 0 bus_irq 0 global_irq 2 dfl dfl)
[    0.179623] ACPI: INT_SRC_OVR (bus 0 bus_irq 5 global_irq 5 high level)
[    0.179733] ACPI: INT_SRC_OVR (bus 0 bus_irq 9 global_irq 9 high level)
[    0.180049] ACPI: INT_SRC_OVR (bus 0 bus_irq 10 global_irq 10 high level)
[    0.180096] ACPI: INT_SRC_OVR (bus 0 bus_irq 11 global_irq 11 high level)
[    0.180732] Using ACPI (MADT) for SMP configuration information
[    0.180903] ACPI: HPET id: 0x8086a201 base: 0xfed00000
[    0.181861] smpboot: Allowing 2 CPUs, 0 hotplug CPUs
[    0.184160] [mem 0x40000000-0xfffbffff] available for PCI devices
[    0.184282] Booting paravirtualized kernel on bare hardware
[    0.185533] clocksource: refined-jiffies: mask: 0xffffffff max_cycles: 0xffffffff, max_idle_ns: 1910969940391419 ns
[    0.215504] setup_percpu: NR_CPUS:512 nr_cpumask_bits:512 nr_cpu_ids:2 nr_node_ids:1
[    0.235404] percpu: Embedded 63 pages/cpu s221184 r8192 d28672 u1048576
[    0.241179] Built 1 zonelists, mobility grouping on.  Total pages: 257897
[    0.241259] Policy zone: DMA32
[    0.241898] Kernel command line: console=ttyS0 rdinit=/init testvm_autorun=/run_badnode.sh nokaslr panic=-1
[    0.254721] Dentry cache hash table entries: 131072 (order: 8, 1048576 bytes, linear)
[    0.257429] Inode-cache hash table entries: 65536 (order: 7, 524288 bytes, linear)
[    0.262522] mem auto-init: stack:off, heap alloc:off, heap free:off
[    0.263528] AGP: Checking aperture...
[    0.267235] AGP: No AGP bridge found
[    0.299199] bad_dst_dbg page_alloc pcp_alloc page=ffffea0000120000 pfn=4800 mt=0 pcp_count=0 zone=DMA32 cpu=0
[    0.300241] bad_dst_dbg page_alloc pcp_alloc page=ffffea0000120040 pfn=4801 mt=0 pcp_count=0 zone=DMA32 cpu=0
[    0.300316] bad_dst_dbg page_alloc pcp_alloc page=ffffea0000120080 pfn=4802 mt=0 pcp_count=0 zone=DMA32 cpu=0
[    0.300371] bad_dst_dbg page_alloc pcp_alloc page=ffffea00001200c0 pfn=4803 mt=0 pcp_count=0 zone=DMA32 cpu=0
[    0.300421] bad_dst_dbg page_alloc pcp_alloc page=ffffea0000120100 pfn=4804 mt=0 pcp_count=0 zone=DMA32 cpu=0
[    0.300512] bad_dst_dbg page_alloc pcp_alloc page=ffffea0000120140 pfn=4805 mt=0 pcp_count=0 zone=DMA32 cpu=0
[    0.300563] bad_dst_dbg page_alloc pcp_alloc page=ffffea0000120180 pfn=4806 mt=0 pcp_count=0 zone=DMA32 cpu=0
[    0.300609] bad_dst_dbg page_alloc pcp_alloc page=ffffea00001201c0 pfn=4807 mt=0 pcp_count=0 zone=DMA32 cpu=0
[    0.300658] bad_dst_dbg page_alloc pcp_alloc page=ffffea0000120200 pfn=4808 mt=0 pcp_count=0 zone=DMA32 cpu=0
[    0.300704] bad_dst_dbg page_alloc pcp_alloc page=ffffea0000120240 pfn=4809 mt=0 pcp_count=0 zone=DMA32 cpu=0
[    0.301718] Memory: 208112K/1048056K available (18452K kernel code, 3390K rwdata, 15468K rodata, 1904K init, 4920K bss, 74812K reserved, 0K cma-reserved)
[    0.303831] random: get_random_u64 called from __kmem_cache_create+0x2a/0x4d0 with crng_init=0
[    0.321022] SLUB: HWalign=64, Order=0-3, MinObjects=0, CPUs=2, Nodes=1
[    0.324797] ftrace: allocating 57808 entries in 226 pages
[    0.569636] ftrace: allocated 226 pages with 4 groups
[    0.593063] rcu: Preemptible hierarchical RCU implementation.
[    0.593180] rcu: 	RCU restricting CPUs from NR_CPUS=512 to nr_cpu_ids=2.
[    0.593424] 	Trampoline variant of Tasks RCU enabled.
[    0.593468] 	Rude variant of Tasks RCU enabled.
[    0.593497] 	Tracing variant of Tasks RCU enabled.
[    0.593774] rcu: RCU calculated value of scheduler-enlistment delay is 100 jiffies.
[    0.593885] rcu: Adjusting geometry for rcu_fanout_leaf=16, nr_cpu_ids=2
[    0.661488] NR_IRQS: 33024, nr_irqs: 440, preallocated irqs: 16
[    0.702965] Console: colour VGA+ 80x25
[    0.727795] printk: console [ttyS0] enabled
[    0.730377] ACPI: Core revision 20200925
[    0.744844] clocksource: hpet: mask: 0xffffffff max_cycles: 0xffffffff, max_idle_ns: 19112604467 ns
[    0.757456] APIC: Switch to symmetric I/O mode setup
[    0.771035] ..TIMER: vector=0x30 apic1=0 pin1=2 apic2=-1 pin2=-1
[    0.778304] tsc: Marking TSC unstable due to TSCs unsynchronized
[    0.780296] Calibrating delay loop (skipped), value calculated using timer frequency.. 4608.07 BogoMIPS (lpj=2304036)
[    0.781172] pid_max: default: 32768 minimum: 301
[    0.784043] LSM: Security Framework initializing
[    0.786737] Yama: becoming mindful.
[    0.789188] LoadPin: ready to pin (currently enforcing)
[    0.794527] AppArmor: AppArmor initialized
[    0.794773] LSM support for eBPF active
[    0.796302] Mount-cache hash table entries: 2048 (order: 2, 16384 bytes, linear)
[    0.796619] Mountpoint-cache hash table entries: 2048 (order: 2, 16384 bytes, linear)
[    0.859391] process: using AMD E400 aware idle routine
[    0.860354] Last level iTLB entries: 4KB 512, 2MB 255, 4MB 127
[    0.860593] Last level dTLB entries: 4KB 512, 2MB 255, 4MB 127, 1GB 0
[    0.861362] Spectre V1 : Mitigation: usercopy/swapgs barriers and __user pointer sanitization
[    0.862027] Spectre V2 : Mitigation: Retpolines
[    0.862267] Spectre V2 : Spectre v2 / SpectreRSB mitigation: Filling RSB on context switch
[    0.870908] bad_dst_dbg page_alloc pcp_free page=ffffea00000fc8c0 pfn=3f23 mt=1 pcp_count=20 pcp_high=90 zone=DMA32 cpu=0
[    0.871078] bad_dst_dbg page_alloc pcp_free page=ffffea00000fc900 pfn=3f24 mt=1 pcp_count=21 pcp_high=90 zone=DMA32 cpu=0
[    0.871952] bad_dst_dbg page_alloc pcp_free page=ffffea00000fc940 pfn=3f25 mt=1 pcp_count=22 pcp_high=90 zone=DMA32 cpu=0
[    0.872285] bad_dst_dbg page_alloc pcp_free page=ffffea00000fc980 pfn=3f26 mt=1 pcp_count=23 pcp_high=90 zone=DMA32 cpu=0
[    0.872946] bad_dst_dbg page_alloc pcp_free page=ffffea00000fc9c0 pfn=3f27 mt=1 pcp_count=24 pcp_high=90 zone=DMA32 cpu=0
[    0.873290] bad_dst_dbg page_alloc pcp_free page=ffffea00000fca00 pfn=3f28 mt=1 pcp_count=25 pcp_high=90 zone=DMA32 cpu=0
[    0.873615] bad_dst_dbg page_alloc pcp_free page=ffffea00000fca40 pfn=3f29 mt=1 pcp_count=26 pcp_high=90 zone=DMA32 cpu=0
[    0.873945] bad_dst_dbg page_alloc pcp_free page=ffffea00000fca80 pfn=3f2a mt=1 pcp_count=27 pcp_high=90 zone=DMA32 cpu=0
[    0.874275] bad_dst_dbg page_alloc pcp_free page=ffffea00000fcac0 pfn=3f2b mt=1 pcp_count=28 pcp_high=90 zone=DMA32 cpu=0
[    0.874597] bad_dst_dbg page_alloc pcp_free page=ffffea00000fcb00 pfn=3f2c mt=1 pcp_count=29 pcp_high=90 zone=DMA32 cpu=0
[    0.875059] Freeing SMP alternatives memory: 60K
[    1.016286] random: fast init done
[    1.140908] smpboot: CPU0: AMD QEMU Virtual CPU version 2.5+ (family: 0xf, model: 0x6b, stepping: 0x1)
[    1.157724] Performance Events: PMU not available due to virtualization, using software events only.
[    1.164801] rcu: Hierarchical SRCU implementation.
[    1.185750] NMI watchdog: Perf NMI watchdog permanently disabled
[    1.195184] smp: Bringing up secondary CPUs ...
[    1.205746] x86: Booting SMP configuration:
[    1.206111] .... node  #0, CPUs:      #1
[    1.290513] smp: Brought up 1 node, 2 CPUs
[    1.291083] smpboot: Max logical packages: 1
[    1.291498] smpboot: Total of 2 processors activated (9217.04 BogoMIPS)
[    1.336426] node 0 deferred pages initialised in 25ms
[    1.362157] devtmpfs: initialized
[    1.372801] x86/mm: Memory block size: 128MB
[    1.393670] clocksource: jiffies: mask: 0xffffffff max_cycles: 0xffffffff, max_idle_ns: 1911260446275000 ns
[    1.394306] futex hash table entries: 512 (order: 3, 32768 bytes, linear)
[    1.406358] PM: RTC time: 08:37:07, date: 2026-05-26
[    1.427336] NET: Registered protocol family 16
[    1.437908] DMA: preallocated 128 KiB GFP_KERNEL pool for atomic allocations
[    1.438645] DMA: preallocated 128 KiB GFP_KERNEL|GFP_DMA pool for atomic allocations
[    1.439055] DMA: preallocated 128 KiB GFP_KERNEL|GFP_DMA32 pool for atomic allocations
[    1.440732] audit: initializing netlink subsys (disabled)
[    1.445495] audit: type=2000 audit(1779784626.683:1): state=initialized audit_enabled=0 res=1
[    1.453239] thermal_sys: Registered thermal governor 'step_wise'
[    1.453348] thermal_sys: Registered thermal governor 'user_space'
[    1.457219] cpuidle: using governor ladder
[    1.458285] cpuidle: using governor menu
[    1.461443] ACPI: bus type PCI registered
[    1.461826] acpiphp: ACPI Hot Plug PCI Controller Driver version: 0.5
[    1.468620] PCI: Using configuration type 1 for base access
[    1.475070] mtrr: your CPUs had inconsistent fixed MTRR settings
[    1.475339] mtrr: your CPUs had inconsistent variable MTRR settings
[    1.475598] mtrr: your CPUs had inconsistent MTRRdefType settings
[    1.475812] mtrr: probably your BIOS does not setup all CPUs.
[    1.475977] mtrr: corrected configuration.
[    1.535980] Kprobes globally optimized
[    1.544243] HugeTLB registered 2.00 MiB page size, pre-allocated 0 pages
[    1.570242] cryptd: max_cpu_qlen set to 1000
[    1.625697] raid6: sse2x4   gen()   670 MB/s
[    1.642612] raid6: sse2x4   xor()   396 MB/s
[    1.659524] raid6: sse2x2   gen()   716 MB/s
[    1.676562] raid6: sse2x2   xor()   388 MB/s
[    1.693609] raid6: sse2x1   gen()   676 MB/s
[    1.710535] raid6: sse2x1   xor()   350 MB/s
[    1.710811] raid6: using algorithm sse2x2 gen() 716 MB/s
[    1.710995] raid6: .... xor() 388 MB/s, rmw enabled
[    1.711574] raid6: using intx1 recovery algorithm
[    1.713579] ACPI: Added _OSI(Module Device)
[    1.713807] ACPI: Added _OSI(Processor Device)
[    1.713952] ACPI: Added _OSI(3.0 _SCP Extensions)
[    1.714102] ACPI: Added _OSI(Processor Aggregator Device)
[    1.714472] ACPI: Added _OSI(Linux-Dell-Video)
[    1.714629] ACPI: Added _OSI(Linux-Lenovo-NV-HDMI-Audio)
[    1.714944] ACPI: Added _OSI(Linux-HPI-Hybrid-Graphics)
[    1.755485] ACPI: 1 ACPI AML tables successfully acquired and loaded
[    1.797536] ACPI: Interpreter enabled
[    1.800220] ACPI: (supports S0 S3 S5)
[    1.800501] ACPI: Using IOAPIC for interrupt routing
[    1.801741] PCI: Using host bridge windows from ACPI; if necessary, use "pci=nocrs" and report a bug
[    1.805908] ACPI: Enabled 2 GPEs in block 00 to 0F
[    1.904908] ACPI: PCI Root Bridge [PCI0] (domain 0000 [bus 00-ff])
[    1.907097] acpi PNP0A03:00: _OSC: OS supports [ASPM ClockPM Segments MSI HPX-Type3]
[    1.909282] acpi PNP0A03:00: fail to add MMCONFIG information, can't access extended PCI configuration space under this bridge.
[    1.920218] acpiphp: Slot [3] registered
[    1.921049] acpiphp: Slot [4] registered
[    1.921588] acpiphp: Slot [5] registered
[    1.922213] acpiphp: Slot [6] registered
[    1.922725] acpiphp: Slot [7] registered
[    1.923301] acpiphp: Slot [8] registered
[    1.923757] acpiphp: Slot [9] registered
[    1.924316] acpiphp: Slot [10] registered
[    1.925013] acpiphp: Slot [11] registered
[    1.925466] acpiphp: Slot [12] registered
[    1.926116] acpiphp: Slot [13] registered
[    1.926577] acpiphp: Slot [14] registered
[    1.927150] acpiphp: Slot [15] registered
[    1.927645] acpiphp: Slot [16] registered
[    1.928206] acpiphp: Slot [17] registered
[    1.928698] acpiphp: Slot [18] registered
[    1.929304] acpiphp: Slot [19] registered
[    1.929803] acpiphp: Slot [20] registered
[    1.930324] acpiphp: Slot [21] registered
[    1.931088] acpiphp: Slot [22] registered
[    1.931613] acpiphp: Slot [23] registered
[    1.932213] acpiphp: Slot [24] registered
[    1.932741] acpiphp: Slot [25] registered
[    1.933327] acpiphp: Slot [26] registered
[    1.933831] acpiphp: Slot [27] registered
[    1.934363] acpiphp: Slot [28] registered
[    1.935070] acpiphp: Slot [29] registered
[    1.935992] acpiphp: Slot [30] registered
[    1.936586] acpiphp: Slot [31] registered
[    1.937579] PCI host bridge to bus 0000:00
[    1.938439] pci_bus 0000:00: root bus resource [io  0x0000-0x0cf7 window]
[    1.938739] pci_bus 0000:00: root bus resource [io  0x0d00-0xffff window]
[    1.939125] pci_bus 0000:00: root bus resource [mem 0x000a0000-0x000bffff window]
[    1.939383] pci_bus 0000:00: root bus resource [mem 0x40000000-0xfebfffff window]
[    1.939689] pci_bus 0000:00: root bus resource [mem 0x100000000-0x17fffffff window]
[    1.940367] pci_bus 0000:00: root bus resource [bus 00-ff]
[    1.943432] pci 0000:00:00.0: [8086:1237] type 00 class 0x060000
[    1.954722] pci 0000:00:01.0: [8086:7000] type 00 class 0x060100
[    1.957718] pci 0000:00:01.1: [8086:7010] type 00 class 0x010180
[    1.964228] pci 0000:00:01.1: reg 0x20: [io  0xc000-0xc00f]
[    1.965049] pci 0000:00:01.1: legacy IDE quirk: reg 0x10: [io  0x01f0-0x01f7]
[    1.965396] pci 0000:00:01.1: legacy IDE quirk: reg 0x14: [io  0x03f6]
[    1.966997] pci 0000:00:01.1: legacy IDE quirk: reg 0x18: [io  0x0170-0x0177]
[    1.967259] pci 0000:00:01.1: legacy IDE quirk: reg 0x1c: [io  0x0376]
[    1.971108] pci 0000:00:01.3: [8086:7113] type 00 class 0x068000
[    1.972584] pci 0000:00:01.3: quirk: [io  0x0600-0x063f] claimed by PIIX4 ACPI
[    1.973071] pci 0000:00:01.3: quirk: [io  0x0700-0x070f] claimed by PIIX4 SMB
[    1.975709] pci 0000:00:02.0: [1234:1111] type 00 class 0x030000
[    1.977883] pci 0000:00:02.0: reg 0x10: [mem 0xfd000000-0xfdffffff pref]
[    1.979908] pci 0000:00:02.0: reg 0x18: [mem 0xfebf0000-0xfebf0fff]
[    1.980908] pci 0000:00:02.0: reg 0x30: [mem 0xfebe0000-0xfebeffff pref]
[    1.996123] ACPI: PCI Interrupt Link [LNKA] (IRQs 5 *10 11)
[    1.998531] ACPI: PCI Interrupt Link [LNKB] (IRQs 5 *10 11)
[    2.000256] ACPI: PCI Interrupt Link [LNKC] (IRQs 5 10 *11)
[    2.001812] ACPI: PCI Interrupt Link [LNKD] (IRQs 5 10 *11)
[    2.002704] ACPI: PCI Interrupt Link [LNKS] (IRQs *9)
[    2.020355] iommu: Default domain type: Translated 
[    2.025242] SCSI subsystem initialized
[    2.031311] pps_core: LinuxPPS API ver. 1 registered
[    2.031612] pps_core: Software ver. 5.3.6 - Copyright 2005-2007 Rodolfo Giometti <giometti@linux.it>
[    2.032115] PTP clock support registered
[    2.060537] PCI: Using ACPI for IRQ routing
[    2.066031] hpet: 3 channels of 0 reserved for per-cpu timers
[    2.067033] hpet0: at MMIO 0xfed00000, IRQs 2, 8, 0
[    2.067423] hpet0: 3 comparators, 64-bit 100.000000 MHz counter
[    2.073899] clocksource: Switched to clocksource hpet
[    3.960738] VFS: Disk quotas dquot_6.6.0
[    3.961519] VFS: Dquot-cache hash table entries: 512 (order 0, 4096 bytes)
[    3.965379] FS-Cache: Loaded
[    3.980561] CacheFiles: Loaded
[    3.986595] AppArmor: AppArmor Filesystem Enabled
[    3.989479] pnp: PnP ACPI init
[    4.003423] pnp: PnP ACPI: found 6 devices
[    4.104883] NET: Registered protocol family 2
[    4.107816] IP idents hash table entries: 16384 (order: 5, 131072 bytes, linear)
[    4.139232] tcp_listen_portaddr_hash hash table entries: 512 (order: 1, 8192 bytes, linear)
[    4.139817] TCP established hash table entries: 8192 (order: 4, 65536 bytes, linear)
[    4.140617] TCP bind hash table entries: 8192 (order: 5, 131072 bytes, linear)
[    4.141522] TCP: Hash tables configured (established 8192 bind 8192)
[    4.145196] UDP hash table entries: 512 (order: 2, 16384 bytes, linear)
[    4.146094] UDP-Lite hash table entries: 512 (order: 2, 16384 bytes, linear)
[    4.150429] NET: Registered protocol family 1
[    4.159294] RPC: Registered named UNIX socket transport module.
[    4.159655] RPC: Registered udp transport module.
[    4.159820] RPC: Registered tcp transport module.
[    4.160444] RPC: Registered tcp NFSv4.1 backchannel transport module.
[    4.160876] NET: Registered protocol family 44
[    4.163385] pci_bus 0000:00: resource 4 [io  0x0000-0x0cf7 window]
[    4.163620] pci_bus 0000:00: resource 5 [io  0x0d00-0xffff window]
[    4.163825] pci_bus 0000:00: resource 6 [mem 0x000a0000-0x000bffff window]
[    4.164234] pci_bus 0000:00: resource 7 [mem 0x40000000-0xfebfffff window]
[    4.164463] pci_bus 0000:00: resource 8 [mem 0x100000000-0x17fffffff window]
[    4.166215] pci 0000:00:01.0: PIIX3: Enabling Passive Release
[    4.166683] pci 0000:00:00.0: Limiting direct PCI/PCI transfers
[    4.167304] pci 0000:00:01.0: Activating ISA DMA hang workarounds
[    4.170047] pci 0000:00:02.0: Video device with shadowed ROM at [mem 0x000c0000-0x000dffff]
[    4.170517] PCI: CLS 0 bytes, default 64
[    4.184229] Trying to unpack rootfs image as initramfs...
[    4.593411] Freeing initrd memory: 2936K
[    4.595842] kvm: no hardware support
[    4.600717] kvm: Nested Virtualization enabled
[    4.601562] SVM: kvm: Nested Paging disabled
[    4.617100] check: Scanning for low memory corruption every 60 seconds
[    4.628431] Initialise system trusted keyrings
[    4.633601] Key type blacklist registered
[    4.636431] workingset: timestamp_bits=40 max_order=18 bucket_order=0
[    4.681671] squashfs: version 4.0 (2009/01/31) Phillip Lougher
[    4.686257] FS-Cache: Netfs 'nfs' registered for caching
[    4.691859] NFS: Registering the id_resolver key type
[    4.692678] Key type id_resolver registered
[    4.692893] Key type id_legacy registered
[    4.694232] nfs4filelayout_init: NFSv4 File Layout Driver Registering...
[    4.695367] nfs4flexfilelayout_init: NFSv4 Flexfile Layout Driver Registering...
[    4.695643] Installing knfsd (copyright (C) 1996 okir@monad.swb.de).
[    4.715378] Key type cifs.spnego registered
[    4.715826] Key type cifs.idmap registered
[    4.716362] ntfs: driver 2.1.32 [Flags: R/O].
[    4.720195] fuse: init (API version 7.32)
[    4.723872] SGI XFS with ACLs, security attributes, quota, no debug enabled
[    4.735382] 9p: Installing v9fs 9p2000 file system support
[    4.740690] integrity: Platform Keyring initialized
[    4.787945] NET: Registered protocol family 38
[    4.788693] xor: measuring software checksum speed
[    4.809675]    prefetch64-sse  :   514 MB/sec
[    4.832843]    generic_sse     :   443 MB/sec
[    4.833304] xor: using function: prefetch64-sse (514 MB/sec)
[    4.833651] Key type asymmetric registered
[    4.834316] Asymmetric key parser 'x509' registered
[    4.835221] Block layer SCSI generic (bsg) driver version 0.4 loaded (major 248)
[    4.837215] io scheduler mq-deadline registered
[    4.837550] io scheduler kyber registered
[    4.838901] io scheduler bfq registered
[    4.850520] input: Power Button as /devices/LNXSYSTM:00/LNXPWRBN:00/input/input0
[    4.859969] bad_dst_dbg slub __slab_free_state cache=kmalloc-256 page=ffffea0000ffdfc0 pfn=3ff7f head=ffff88803ff7f100 cnt=1 prior=0000000000000000 old_inuse=16 new_inuse=15 was_frozen=1 new_frozen=1 objects=16 cpu=0
[    4.861187] bad_dst_dbg slub __slab_free_state cache=kmalloc-256 page=ffffea0000ffdfc0 pfn=3ff7f head=ffff88803ff7f300 cnt=1 prior=ffff88803ff7f100 old_inuse=15 new_inuse=14 was_frozen=1 new_frozen=1 objects=16 cpu=0
[    4.861787] ACPI: Power Button [PWRF]
[    4.874285] Serial: 8250/16550 driver, 4 ports, IRQ sharing disabled
[    4.879310] 00:04: ttyS0 at I/O 0x3f8 (irq = 4, base_baud = 115200) is a 16550A
[    4.891147] Non-volatile memory driver v1.3
[    4.893634] AMD-Vi: AMD IOMMUv2 functionality not available on this system - This is not a bug.
[    4.994935] brd: module loaded
[    5.090370] loop: module loaded
[    5.095525] zram: Added device: zram0
[    5.096498] Guest personality initialized and is inactive
[    5.098478] VMCI host device registered (name=vmci, major=10, minor=62)
[    5.098761] Initialized host personality
[    5.100306] Loading iSCSI transport class v2.0-870.
[    5.106880] iscsi: registered transport (tcp)
[    5.108269] VMware PVSCSI driver - version 1.0.7.0-k
[    5.108855] hv_vmbus: registering driver hv_storvsc
[    5.142288] scsi host0: ata_piix
[    5.151459] scsi host1: ata_piix
[    5.153489] ata1: PATA max MWDMA2 cmd 0x1f0 ctl 0x3f6 bmdma 0xc000 irq 14
[    5.153900] ata2: PATA max MWDMA2 cmd 0x170 ctl 0x376 bmdma 0xc008 irq 15
[    5.173102] Rounding down aligned max_sectors from 4294967295 to 4294967288
[    5.176700] db_root: cannot open: /etc/target
[    5.224891] wireguard: WireGuard 1.0.0 loaded. See www.wireguard.com for information.
[    5.225397] wireguard: Copyright (C) 2015-2019 Jason A. Donenfeld <Jason@zx2c4.com>. All Rights Reserved.
[    5.237915] tun: Universal TUN/TAP device driver, 1.6
[    5.242848] ixgbevf: Intel(R) 10 Gigabit PCI Express Virtual Function Network Driver
[    5.243456] ixgbevf: Copyright (c) 2009 - 2018 Intel Corporation.
[    5.250789] PPP generic driver version 2.4.2
[    5.253259] VMware vmxnet3 virtual NIC driver - version 1.5.0.0-k-NAPI
[    5.253878] hv_vmbus: registering driver hv_netvsc
[    5.256403] VFIO - User Level meta-driver version: 0.3
[    5.262668] i8042: PNP: PS/2 Controller [PNP0303:KBD,PNP0f13:MOU] at 0x60,0x64 irq 1,12
[    5.271692] serio: i8042 KBD port at 0x60,0x64 irq 1
[    5.273609] serio: i8042 AUX port at 0x60,0x64 irq 12
[    5.275432] hv_vmbus: registering driver hyperv_keyboard
[    5.282466] rtc_cmos 00:05: RTC can wake from S4
[    5.289328] input: AT Translated Set 2 keyboard as /devices/platform/i8042/serio0/input/input1
[    5.293288] rtc_cmos 00:05: registered as rtc0
[    5.295233] rtc_cmos 00:05: alarms up to one day, y3k, 242 bytes nvram, hpet irqs
[    5.296369] iTCO_wdt: Intel TCO WatchDog Timer Driver v1.11
[    5.296761] iTCO_vendor_support: vendor-support=0
[    5.308239] device-mapper: ioctl: 4.43.0-ioctl (2020-10-01) initialised: dm-devel@redhat.com
[    5.315166] device-mapper: multipath round-robin: version 1.2.0 loaded
[    5.315519] device-mapper: multipath queue-length: version 0.2.0 loaded
[    5.315776] device-mapper: multipath service-time: version 0.3.0 loaded
[    5.316204] device-mapper: multipath historical-service-time: version 0.1.1 loaded
[    5.318262] device-mapper: raid: Loading target version 1.15.1
[    5.331754] hv_utils: Registering HyperV Utility Driver
[    5.332284] hv_vmbus: registering driver hv_utils
[    5.332544] hv_vmbus: registering driver hv_balloon
[    5.335856] GACT probability NOT on
[    5.337472] ata2.00: ATAPI: QEMU DVD-ROM, 2.5+, max UDMA/100
[    5.338675] Mirror/redirect action on
[    5.342720] netem: version 1.3
[    5.343732] u32 classifier
[    5.343942]     input device check on
[    5.344236]     Actions configured
[    5.353418] bad_dst_dbg slub __slab_free_state cache=kmalloc-256 page=ffffea000018fd40 pfn=63f5 head=ffff8880063f5600 cnt=5 prior=0000000000000000 old_inuse=16 new_inuse=11 was_frozen=0 new_frozen=1 objects=16 cpu=0
[    5.354391] bad_dst_dbg slub put_cpu_partial cache=kmalloc-256 page=ffffea000018fd40 pfn=63f5 drain=1 pages=1 pobjects=5 inuse=11 objects=16 cpu=0
[    5.354825] bad_dst_dbg slub __slab_free_state cache=kmalloc-256 page=ffffea000018f7c0 pfn=63df head=ffff8880063dfa00 cnt=1 prior=0000000000000000 old_inuse=16 new_inuse=15 was_frozen=0 new_frozen=1 objects=16 cpu=0
[    5.355511] bad_dst_dbg slub put_cpu_partial cache=kmalloc-256 page=ffffea000018f7c0 pfn=63df drain=1 pages=2 pobjects=6 inuse=15 objects=16 cpu=0
[    5.356165] bad_dst_dbg slub __slab_free_state cache=kmalloc-256 page=ffffea0000ffd280 pfn=3ff4a head=ffff88803ff4a500 cnt=1 prior=0000000000000000 old_inuse=16 new_inuse=15 was_frozen=0 new_frozen=1 objects=16 cpu=0
[    5.356725] bad_dst_dbg slub put_cpu_partial cache=kmalloc-256 page=ffffea0000ffd280 pfn=3ff4a drain=1 pages=3 pobjects=7 inuse=15 objects=16 cpu=0
[    5.373462] xt_time: kernel timezone is -0000
[    5.375348] IPVS: Registered protocols (TCP, UDP, SCTP, AH, ESP)
[    5.376510] IPVS: Connection hash table configured (size=4096, memory=64Kbytes)
[    5.379240] bad_dst_dbg slub __slab_free_state cache=kmalloc-256 page=ffffea00001a0080 pfn=6802 head=ffff888006802100 cnt=5 prior=0000000000000000 old_inuse=16 new_inuse=11 was_frozen=0 new_frozen=1 objects=16 cpu=0
[    5.379823] bad_dst_dbg slub put_cpu_partial cache=kmalloc-256 page=ffffea00001a0080 pfn=6802 drain=1 pages=3 pobjects=11 inuse=11 objects=16 cpu=0
[    5.380184] scsi 1:0:0:0: CD-ROM            QEMU     QEMU DVD-ROM     2.5+ PQ: 0 ANSI: 5
[    5.381861] IPVS: ipvs loaded.
[    5.382434] IPVS: [rr] scheduler registered.
[    5.382685] IPVS: [wrr] scheduler registered.
[    5.382867] IPVS: [lc] scheduler registered.
[    5.383150] IPVS: [wlc] scheduler registered.
[    5.383349] IPVS: [fo] scheduler registered.
[    5.383521] IPVS: [ovf] scheduler registered.
[    5.383922] IPVS: [lblc] scheduler registered.
[    5.384505] IPVS: [lblcr] scheduler registered.
[    5.384793] IPVS: [dh] scheduler registered.
[    5.385116] IPVS: [sh] scheduler registered.
[    5.385296] IPVS: [sed] scheduler registered.
[    5.385514] IPVS: [nq] scheduler registered.
[    5.386711] IPVS: ftp: loaded support on port[0] = 21
[    5.387348] IPVS: [sip] pe registered.
[    5.388244] ipip: IPv4 and MPLS over IPv4 tunneling driver
[    5.394653] gre: GRE over IPv4 demultiplexor driver
[    5.395149] ip_gre: GRE over IPv4 tunneling driver
[    5.398259] bad_dst_dbg slub __slab_free_state cache=kmalloc-256 page=ffffea00001a0080 pfn=6802 head=ffff888006802700 cnt=4 prior=0000000000000000 old_inuse=16 new_inuse=12 was_frozen=0 new_frozen=1 objects=16 cpu=0
[    5.398842] bad_dst_dbg slub put_cpu_partial cache=kmalloc-256 page=ffffea00001a0080 pfn=6802 drain=1 pages=1 pobjects=4 inuse=12 objects=16 cpu=0
[    5.417721] ipt_CLUSTERIP: ClusterIP Version 0.8 loaded successfully
[    5.421969] sr 1:0:0:0: [sr0] scsi3-mmc drive: 4x/4x cd/rw xa/form2 tray
[    5.422795] Initializing XFRM netlink socket
[    5.423608] cdrom: Uniform CD-ROM driver Revision: 3.20
[    5.424317] IPsec XFRM device driver
[    5.428731] NET: Registered protocol family 10
[    5.455425] Segment Routing with IPv6
[    5.457334] bad_dst_dbg slub __slab_free_state cache=kmalloc-256 page=ffffea0000ffc000 pfn=3ff00 head=ffff88803ff00500 cnt=1 prior=0000000000000000 old_inuse=16 new_inuse=15 was_frozen=0 new_frozen=1 objects=16 cpu=0
[    5.458129] bad_dst_dbg slub put_cpu_partial cache=kmalloc-256 page=ffffea0000ffc000 pfn=3ff00 drain=1 pages=1 pobjects=1 inuse=15 objects=16 cpu=0
[    5.459734] bad_dst_dbg slub __slab_free_state cache=kmalloc-256 page=ffffea00001a3840 pfn=68e1 head=ffff8880068e1d00 cnt=1 prior=0000000000000000 old_inuse=16 new_inuse=15 was_frozen=0 new_frozen=1 objects=16 cpu=1
[    5.460570] bad_dst_dbg slub put_cpu_partial cache=kmalloc-256 page=ffffea00001a3840 pfn=68e1 drain=1 pages=1 pobjects=1 inuse=15 objects=16 cpu=1
[    5.473888] ip6_gre: GRE over IPv6 tunneling driver
[    5.478510] NET: Registered protocol family 17
[    5.479512] NET: Registered protocol family 15
[    5.481597] Bridge firewalling registered
[    5.487252] RPC: Registered rdma transport module.
[    5.487499] RPC: Registered rdma backchannel transport module.
[    5.489717] 8021q: 802.1Q VLAN Support v1.8
[    5.493682] 9pnet: Installing 9P2000 support
[    5.494658] Key type dns_resolver registered
[    5.496887] NET: Registered protocol family 40
[    5.505489] IPI shorthand broadcast: enabled
[    5.509753] registered taskstats version 1
[    5.510323] Loading compiled-in X.509 certificates
[    5.560285] Loaded X.509 cert 'Build time autogenerated kernel key: 4504323df522a808911f4e0c6cd5fa52b82306a3'
[    5.564509] AppArmor: AppArmor sha1 policy hashing enabled
[    5.566291] ima: No TPM chip found, activating TPM-bypass!
[    5.566789] ima: Allocated hash algorithm: sha256
[    5.572807] ima: No architecture policies found
[    5.582475] PM:   Magic number: 10:376:625
[    5.586611] Unstable clock detected, switching default tracing clock to "global"
[    5.586611] If you want to keep using the local clock, then add:
[    5.586611]   "trace_clock=local"
[    5.586611] on the kernel command line
[    5.600449] integrity: Unable to open file: /etc/ima/pubkey.x509 (-2)
[    5.632717] Freeing unused decrypted memory: 2036K
[    5.819318] Freeing unused kernel image (initmem) memory: 1904K
[    5.820248] Write protecting the kernel read-only data: 36864k
[    5.821510] rmqueue_pcplist: 5100 callbacks suppressed
[    5.821610] bad_dst_dbg page_alloc pcp_alloc page=ffffea00001a8300 pfn=6a0c mt=0 pcp_count=431 zone=DMA32 cpu=0
[    5.826300] bad_dst_dbg page_alloc pcp_alloc page=ffffea0000121280 pfn=484a mt=0 pcp_count=430 zone=DMA32 cpu=0
[    5.832430] Freeing unused kernel image (text/rodata gap) memory: 2024K
[    5.832855] bad_dst_dbg page_alloc pcp_alloc page=ffffea00001212c0 pfn=484b mt=0 pcp_count=431 zone=DMA32 cpu=0
[    5.833627] bad_dst_dbg page_alloc pcp_alloc page=ffffea00001a7b00 pfn=69ec mt=0 pcp_count=430 zone=DMA32 cpu=0
[    5.837123] Freeing unused kernel image (rodata/data gap) memory: 916K
[    5.838031] Run /init as init process
[    5.838907] bad_dst_dbg page_alloc pcp_alloc page=ffffea00001a7b40 pfn=69ed mt=0 pcp_count=406 zone=DMA32 cpu=0
[    5.842666] bad_dst_dbg page_alloc pcp_alloc page=ffffea00001a8380 pfn=6a0e mt=0 pcp_count=405 zone=DMA32 cpu=0
[    5.843563] bad_dst_dbg page_alloc pcp_alloc page=ffffea00001a83c0 pfn=6a0f mt=0 pcp_count=404 zone=DMA32 cpu=0
[    5.844414] bad_dst_dbg page_alloc pcp_alloc page=ffffea00001a7300 pfn=69cc mt=0 pcp_count=403 zone=DMA32 cpu=0
[    5.845179] bad_dst_dbg page_alloc pcp_alloc page=ffffea00001a7340 pfn=69cd mt=0 pcp_count=402 zone=DMA32 cpu=0
[    5.845716] bad_dst_dbg page_alloc pcp_alloc page=ffffea00001a7380 pfn=69ce mt=0 pcp_count=401 zone=DMA32 cpu=0
[    5.881575] free_unref_page_commit: 2727 callbacks suppressed
[    5.881641] bad_dst_dbg page_alloc pcp_free page=ffffea00001a83c0 pfn=6a0f mt=0 pcp_count=398 pcp_high=378 zone=DMA32 cpu=0
[    5.881968] bad_dst_dbg page_alloc pcp_free page=ffffea00001a7300 pfn=69cc mt=0 pcp_count=336 pcp_high=378 zone=DMA32 cpu=0
[    6.040336] bad_dst_dbg page_alloc pcp_free page=ffffea00001a7a40 pfn=69e9 mt=0 pcp_count=149 pcp_high=378 zone=DMA32 cpu=1
[    6.040770] bad_dst_dbg page_alloc pcp_free page=ffffea00001a7a80 pfn=69ea mt=0 pcp_count=150 pcp_high=378 zone=DMA32 cpu=1
[    6.040968] bad_dst_dbg page_alloc pcp_free page=ffffea00001a7ac0 pfn=69eb mt=0 pcp_count=151 pcp_high=378 zone=DMA32 cpu=1
[    6.040968] bad_dst_dbg page_alloc pcp_free page=ffffea00001a8240 pfn=6a09 mt=0 pcp_count=152 pcp_high=378 zone=DMA32 cpu=1
[    6.040968] bad_dst_dbg page_alloc pcp_free page=ffffea00001a8280 pfn=6a0a mt=0 pcp_count=153 pcp_high=378 zone=DMA32 cpu=1
[    6.040968] bad_dst_dbg page_alloc pcp_free page=ffffea00001a7a00 pfn=69e8 mt=0 pcp_count=154 pcp_high=378 zone=DMA32 cpu=1
[    6.040968] bad_dst_dbg page_alloc pcp_free page=ffffea00001a82c0 pfn=6a0b mt=0 pcp_count=155 pcp_high=378 zone=DMA32 cpu=1
[    6.040968] bad_dst_dbg page_alloc pcp_free page=ffffea00001a5800 pfn=6960 mt=0 pcp_count=156 pcp_high=378 zone=DMA32 cpu=1
[    6.361736] bad_dst_dbg slub __slab_free_state cache=kmalloc-256 page=ffffea00001a5240 pfn=6949 head=ffff888006949c00 cnt=1 prior=0000000000000000 old_inuse=16 new_inuse=15 was_frozen=0 new_frozen=1 objects=16 cpu=1
[    6.362802] bad_dst_dbg slub put_cpu_partial cache=kmalloc-256 page=ffffea00001a5240 pfn=6949 drain=1 pages=1 pobjects=1 inuse=15 objects=16 cpu=1
testvm busybox initrd ready
+ mkdir -p /dev/binderfs
+ mount -t binder binder /dev/binderfs
+ ln -sf /dev/binderfs/binder /dev/binder
+ ln -sf /dev/binderfs/hwbinder /dev/hwbinder
+ ln -sf /dev/binderfs/vndbinder /dev/vndbinder
+ exec /badnode
Starting static exploit...
root payload: local shell
[    6.672088] bad_dst_dbg slub put_cpu_partial cache=kmalloc-256 page=ffffea00001a9cc0 pfn=6a73 drain=1 pages=1 pobjects=1 inuse=15 objects=16 cpu=0
Opened file descriptors...
[   10.823818] rmqueue_pcplist: 1598 callbacks suppressed
[   10.823865] bad_dst_dbg page_alloc pcp_alloc page=ffffea00001af8c0 pfn=6be3 mt=0 pcp_count=283 zone=DMA32 cpu=0
[   10.842640] bad_dst_dbg page_alloc pcp_alloc page=ffffea00001af900 pfn=6be4 mt=0 pcp_count=282 zone=DMA32 cpu=0
[   10.847394] bad_dst_dbg page_alloc pcp_alloc page=ffffea00001af940 pfn=6be5 mt=0 pcp_count=281 zone=DMA32 cpu=0
[   10.849413] bad_dst_dbg page_alloc pcp_alloc page=ffffea00001af980 pfn=6be6 mt=0 pcp_count=280 zone=DMA32 cpu=0
[   10.861798] bad_dst_dbg page_alloc pcp_alloc page=ffffea00001af9c0 pfn=6be7 mt=0 pcp_count=279 zone=DMA32 cpu=0
[   10.879976] bad_dst_dbg page_alloc pcp_alloc page=ffffea00001afa00 pfn=6be8 mt=0 pcp_count=278 zone=DMA32 cpu=0
[   10.898304] bad_dst_dbg page_alloc pcp_alloc page=ffffea00001afa40 pfn=6be9 mt=0 pcp_count=277 zone=DMA32 cpu=0
[   10.916640] bad_dst_dbg page_alloc pcp_alloc page=ffffea00001afa80 pfn=6bea mt=0 pcp_count=276 zone=DMA32 cpu=0
[   10.934835] bad_dst_dbg page_alloc pcp_alloc page=ffffea00001afac0 pfn=6beb mt=0 pcp_count=275 zone=DMA32 cpu=0
[   10.952660] bad_dst_dbg page_alloc pcp_alloc page=ffffea00001afb00 pfn=6bec mt=0 pcp_count=274 zone=DMA32 cpu=0
[   15.837656] rmqueue_pcplist: 283 callbacks suppressed
[   15.837707] bad_dst_dbg page_alloc pcp_alloc page=ffffea00001b4200 pfn=6d08 mt=0 pcp_count=305 zone=DMA32 cpu=0
[   15.857739] bad_dst_dbg page_alloc pcp_alloc page=ffffea00001b4240 pfn=6d09 mt=0 pcp_count=304 zone=DMA32 cpu=0
[   15.877505] bad_dst_dbg page_alloc pcp_alloc page=ffffea00001b4280 pfn=6d0a mt=0 pcp_count=303 zone=DMA32 cpu=0
[   15.896452] bad_dst_dbg page_alloc pcp_alloc page=ffffea00001b42c0 pfn=6d0b mt=0 pcp_count=302 zone=DMA32 cpu=0
[   15.914497] bad_dst_dbg page_alloc pcp_alloc page=ffffea00001b4300 pfn=6d0c mt=0 pcp_count=301 zone=DMA32 cpu=0
[   15.932767] bad_dst_dbg page_alloc pcp_alloc page=ffffea00001b4340 pfn=6d0d mt=0 pcp_count=300 zone=DMA32 cpu=0
[   15.951777] bad_dst_dbg page_alloc pcp_alloc page=ffffea00001b4380 pfn=6d0e mt=0 pcp_count=299 zone=DMA32 cpu=0
[   15.970563] bad_dst_dbg page_alloc pcp_alloc page=ffffea00001b43c0 pfn=6d0f mt=0 pcp_count=298 zone=DMA32 cpu=0
[   15.988808] bad_dst_dbg page_alloc pcp_alloc page=ffffea00001b4400 pfn=6d10 mt=0 pcp_count=297 zone=DMA32 cpu=0
[   16.008203] bad_dst_dbg page_alloc pcp_alloc page=ffffea00001b4440 pfn=6d11 mt=0 pcp_count=296 zone=DMA32 cpu=0
Allocated from binder allocator...
Created gaps in binder allocator...
[   18.253426] __slab_free: 7 callbacks suppressed
[   18.253486] bad_dst_dbg slub __slab_free_state cache=kmalloc-256 page=ffffea00001ac1c0 pfn=6b07 head=ffff888006b07000 cnt=1 prior=0000000000000000 old_inuse=16 new_inuse=15 was_frozen=1 new_frozen=1 objects=16 cpu=1
[   18.253835] bad_dst_dbg slub __slab_free_state cache=kmalloc-256 page=ffffea00001a80c0 pfn=6a03 head=ffff888006a03100 cnt=1 prior=ffff888006a03300 old_inuse=13 new_inuse=12 was_frozen=1 new_frozen=1 objects=16 cpu=0
[   19.141751] free_unref_page_commit: 973 callbacks suppressed
[   19.141813] bad_dst_dbg page_alloc pcp_free page=ffffea00000ce700 pfn=339c mt=1 pcp_count=270 pcp_high=378 zone=DMA32 cpu=0
[   19.141978] bad_dst_dbg page_alloc pcp_free page=ffffea00000ce740 pfn=339d mt=1 pcp_count=271 pcp_high=378 zone=DMA32 cpu=0
[   19.141978] bad_dst_dbg page_alloc pcp_free page=ffffea00000ce780 pfn=339e mt=1 pcp_count=272 pcp_high=378 zone=DMA32 cpu=0
[   19.141978] bad_dst_dbg page_alloc pcp_free page=ffffea00000ce7c0 pfn=339f mt=1 pcp_count=273 pcp_high=378 zone=DMA32 cpu=0
[   19.141978] bad_dst_dbg page_alloc pcp_free page=ffffea00000ce800 pfn=33a0 mt=1 pcp_count=274 pcp_high=378 zone=DMA32 cpu=0
[   19.141978] bad_dst_dbg page_alloc pcp_free page=ffffea00000ce840 pfn=33a1 mt=1 pcp_count=275 pcp_high=378 zone=DMA32 cpu=0
[   19.141978] bad_dst_dbg page_alloc pcp_free page=ffffea00000ce880 pfn=33a2 mt=1 pcp_count=276 pcp_high=378 zone=DMA32 cpu=0
[   19.141978] bad_dst_dbg page_alloc pcp_free page=ffffea00000ce8c0 pfn=33a3 mt=1 pcp_count=277 pcp_high=378 zone=DMA32 cpu=0
[   19.152276] bad_dst_dbg page_alloc pcp_free page=ffffea00000ce2c0 pfn=338b mt=1 pcp_count=278 pcp_high=378 zone=DMA32 cpu=0
[   19.152653] bad_dst_dbg page_alloc pcp_free page=ffffea00000ce300 pfn=338c mt=1 pcp_count=279 pcp_high=378 zone=DMA32 cpu=0
[   19.627687] binder: 155:155 got transaction with invalid offsets size, 15
[   19.628725] binder: transaction release 32314 bad node ffffffffffffffff
[   19.629575] binder: 155:155 transaction failed 29201/-22, size 48-15 line 3196
[   19.630604] binder: 155:155 got transaction with invalid offsets size, 15
[   19.630908] binder: transaction release 32315 bad node ffffffffffffffff
[   19.631308] binder: 155:155 transaction failed 29201/-22, size 48-15 line 3196
[   19.631685] binder: 155:155 got transaction with invalid offsets size, 15
[   19.632112] binder: transaction release 32316 bad node ffffffffffffffff
[   19.632381] binder: 155:155 transaction failed 29201/-22, size 48-15 line 3196
[   19.632729] binder: 155:155 got transaction with invalid offsets size, 15
[   19.633139] binder: transaction release 32317 bad node ffffffffffffffff
[   19.633384] binder: 155:155 transaction failed 29201/-22, size 48-15 line 3196
[   19.633695] binder: 155:155 got transaction with invalid offsets size, 15
[   19.634100] binder: transaction release 32318 bad node ffffffffffffffff
[   19.634347] binder: 155:155 transaction failed 29201/-22, size 48-15 line 3196
[   19.634697] binder: 155:155 got transaction with invalid offsets size, 15
[   19.635149] binder: transaction release 32319 bad node ffffffffffffffff
[   19.635454] binder: 155:155 transaction failed 29201/-22, size 48-15 line 3196
[   19.635767] binder: 155:155 got transaction with invalid offsets size, 15
[   19.636141] binder: transaction release 32320 bad node ffffffffffffffff
[   19.636389] binder: 155:155 transaction failed 29201/-22, size 48-15 line 3196
[   19.636703] binder: 155:155 got transaction with invalid offsets size, 15
[   19.637082] binder: transaction release 32321 bad node ffffffffffffffff
[   19.637329] binder: 155:155 transaction failed 29201/-22, size 48-15 line 3196
[   19.637637] binder: 155:155 got transaction with invalid offsets size, 15
[   19.637901] binder: transaction release 32322 bad node ffffffffffffffff
[   19.638263] binder: 155:155 transaction failed 29201/-22, size 48-15 line 3196
[   19.638579] binder: 155:155 got transaction with invalid offsets size, 15
[   19.638822] binder: transaction release 32323 bad node ffffffffffffffff
[   19.639236] binder: 155:155 transaction failed 29201/-22, size 48-15 line 3196
[   19.639569] binder: transaction release 32324 bad node ffffffffffffffff
[   19.639871] binder: transaction release 32325 bad node ffffffffffffffff
[   19.640313] binder: transaction release 32326 bad node ffffffffffffffff
[   19.640615] binder: transaction release 32327 bad node ffffffffffffffff
[   19.641029] binder: transaction release 32328 bad node ffffffffffffffff
[   19.641369] binder: transaction release 32329 bad node ffffffffffffffff
[   19.641669] binder: transaction release 32330 bad node ffffffffffffffff
[   19.642080] binder: transaction release 32331 bad node ffffffffffffffff
[   19.642380] binder: transaction release 32332 bad node ffffffffffffffff
[   19.642658] binder: transaction release 32333 bad node ffffffffffffffff
[   19.643066] binder: transaction release 32334 bad node ffffffffffffffff
[   19.643378] binder: transaction release 32335 bad node ffffffffffffffff
[   19.643658] binder: transaction release 32336 bad node ffffffffffffffff
[   19.644074] binder: transaction release 32337 bad node ffffffffffffffff
[   19.644401] binder: transaction release 32338 bad node ffffffffffffffff
[   19.644680] binder: transaction release 32339 bad node ffffffffffffffff
[   19.645086] binder: transaction release 32340 bad node ffffffffffffffff
[   19.645381] binder: transaction release 32341 bad node ffffffffffffffff
[   19.645662] binder: transaction release 32342 bad node ffffffffffffffff
[   19.646315] binder: transaction release 32343 bad node ffffffffffffffff
[   19.646614] binder: transaction release 32344 bad node ffffffffffffffff
[   19.646899] binder: transaction release 32345 bad node ffffffffffffffff
[   19.647365] binder: transaction release 32346 bad node ffffffffffffffff
[   19.647656] binder: transaction release 32347 bad node ffffffffffffffff
[   19.648055] binder: transaction release 32348 bad node ffffffffffffffff
[   19.648418] binder: transaction release 32349 bad node ffffffffffffffff
[   19.648725] binder: transaction release 32350 bad node ffffffffffffffff
[   19.649174] binder: transaction release 32351 bad node ffffffffffffffff
[   19.649488] binder: transaction release 32352 bad node ffffffffffffffff
[   19.649787] binder: transaction release 32353 bad node ffffffffffffffff
[   19.650216] binder: transaction release 32354 bad node ffffffffffffffff
[   19.650518] binder: transaction release 32355 bad node ffffffffffffffff
[   19.650814] binder: transaction release 32356 bad node ffffffffffffffff
[   19.651343] binder: transaction release 32357 bad node ffffffffffffffff
[   19.651648] binder: transaction release 32358 bad node ffffffffffffffff
[   19.652092] binder: transaction release 32359 bad node ffffffffffffffff
[   19.652443] binder: transaction release 32360 bad node ffffffffffffffff
[   19.652723] binder: transaction release 32361 bad node ffffffffffffffff
[   19.653186] binder: transaction release 32362 bad node ffffffffffffffff
[   19.653496] binder: transaction release 32363 bad node ffffffffffffffff
[   19.653792] binder: transaction release 32364 bad node ffffffffffffffff
[   19.654222] binder: transaction release 32365 bad node ffffffffffffffff
[   19.654541] binder: transaction release 32366 bad node ffffffffffffffff
[   19.654827] binder: transaction release 32367 bad node ffffffffffffffff
[   19.655267] binder: transaction release 32368 bad node ffffffffffffffff
[   19.655587] binder: transaction release 32369 bad node ffffffffffffffff
[   19.656138] binder: transaction release 32370 bad node ffffffffffffffff
[   19.656575] binder: transaction release 32371 bad node ffffffffffffffff
[   19.657143] binder: transaction release 32372 bad node ffffffffffffffff
[   19.657522] binder: transaction release 32373 bad node ffffffffffffffff
[   19.657825] binder: transaction release 32374 bad node ffffffffffffffff
[   19.658302] binder: transaction release 32375 bad node ffffffffffffffff
[   19.658608] binder: transaction release 32376 bad node ffffffffffffffff
[   19.658912] binder: transaction release 32377 bad node ffffffffffffffff
[   19.659344] binder: transaction release 32378 bad node ffffffffffffffff
[   19.659646] binder: transaction release 32379 bad node ffffffffffffffff
[   19.660114] binder: transaction release 32380 bad node ffffffffffffffff
[   19.660425] binder: transaction release 32381 bad node ffffffffffffffff
[   19.660709] binder: transaction release 32382 bad node ffffffffffffffff
[   19.661137] binder: transaction release 32383 bad node ffffffffffffffff
[   19.661433] binder: transaction release 32384 bad node ffffffffffffffff
[   19.661716] binder: transaction release 32385 bad node ffffffffffffffff
[   19.662153] binder: transaction release 32386 bad node ffffffffffffffff
[   19.662468] binder: transaction release 32387 bad node ffffffffffffffff
[   19.662754] binder: transaction release 32388 bad node ffffffffffffffff
[   19.663226] binder: transaction release 32389 bad node ffffffffffffffff
[   19.663534] binder: transaction release 32390 bad node ffffffffffffffff
[   19.663820] binder: transaction release 32391 bad node ffffffffffffffff
[   19.664324] binder: transaction release 32392 bad node ffffffffffffffff
[   19.664657] binder: transaction release 32393 bad node ffffffffffffffff
[   19.665143] binder: transaction release 32394 bad node ffffffffffffffff
[   19.665478] binder: transaction release 32395 bad node ffffffffffffffff
[   19.665775] binder: transaction release 32396 bad node ffffffffffffffff
[   19.666243] binder: transaction release 32397 bad node ffffffffffffffff
[   19.666559] binder: transaction release 32398 bad node ffffffffffffffff
[   19.666856] binder: transaction release 32399 bad node ffffffffffffffff
[   19.667320] binder: transaction release 32400 bad node ffffffffffffffff
[   19.667691] binder: transaction release 32401 bad node ffffffffffffffff
[   19.668161] binder: transaction release 32402 bad node ffffffffffffffff
[   19.668471] binder: transaction release 32403 bad node ffffffffffffffff
[   19.668749] binder: transaction release 32404 bad node ffffffffffffffff
[   19.669187] binder: transaction release 32405 bad node ffffffffffffffff
[   19.669490] binder: transaction release 32406 bad node ffffffffffffffff
[   19.669786] binder: transaction release 32407 bad node ffffffffffffffff
[   19.670243] binder: transaction release 32408 bad node ffffffffffffffff
[   19.670545] binder: transaction release 32409 bad node ffffffffffffffff
[   19.670822] binder: transaction release 32410 bad node ffffffffffffffff
[   19.671235] binder: transaction release 32411 bad node ffffffffffffffff
[   19.671529] binder: transaction release 32412 bad node ffffffffffffffff
[   19.671814] binder: transaction release 32413 bad node ffffffffffffffff
[   19.672316] binder: transaction release 32414 bad node ffffffffffffffff
[   19.672627] binder: transaction release 32415 bad node ffffffffffffffff
[   19.672936] binder: transaction release 32416 bad node ffffffffffffffff
[   19.673402] binder: transaction release 32417 bad node ffffffffffffffff
[   19.673693] binder: transaction release 32418 bad node ffffffffffffffff
[   19.674141] binder: transaction release 32419 bad node ffffffffffffffff
[   19.674452] binder: transaction release 32420 bad node ffffffffffffffff
[   19.674752] binder: transaction release 32421 bad node ffffffffffffffff
[   19.675192] binder: transaction release 32422 bad node ffffffffffffffff
[   19.675478] binder: transaction release 32423 bad node ffffffffffffffff
[   19.675754] binder: transaction release 32424 bad node ffffffffffffffff
[   19.676169] binder: transaction release 32425 bad node ffffffffffffffff
[   19.676461] binder: transaction release 32426 bad node ffffffffffffffff
[   19.676740] binder: transaction release 32427 bad node ffffffffffffffff
[   19.677163] binder: transaction release 32428 bad node ffffffffffffffff
[   19.677469] binder: transaction release 32429 bad node ffffffffffffffff
[   19.677746] binder: transaction release 32430 bad node ffffffffffffffff
[   19.678150] binder: transaction release 32431 bad node ffffffffffffffff
[   19.678441] binder: transaction release 32432 bad node ffffffffffffffff
[   19.678720] binder: transaction release 32433 bad node ffffffffffffffff
[   19.679153] binder: transaction release 32434 bad node ffffffffffffffff
[   19.679459] binder: transaction release 32435 bad node ffffffffffffffff
[   19.679743] binder: transaction release 32436 bad node ffffffffffffffff
[   19.680137] binder: transaction release 32437 bad node ffffffffffffffff
[   19.680465] binder: transaction release 32438 bad node ffffffffffffffff
[   19.680800] binder: transaction release 32439 bad node ffffffffffffffff
[   19.681241] binder: transaction release 32440 bad node ffffffffffffffff
[   19.681591] binder: transaction release 32441 bad node ffffffffffffffff
[   19.681890] binder: transaction release 32442 bad node ffffffffffffffff
[   19.682336] binder: transaction release 32443 bad node ffffffffffffffff
[   19.682627] binder: transaction release 32444 bad node ffffffffffffffff
[   19.682943] binder: transaction release 32445 bad node ffffffffffffffff
[   19.683346] binder: transaction release 32446 bad node ffffffffffffffff
[   19.683633] binder: transaction release 32447 bad node ffffffffffffffff
[   19.684269] binder: transaction release 32448 bad node ffffffffffffffff
[   19.684589] binder: transaction release 32449 bad node ffffffffffffffff
[   19.684898] binder: transaction release 32450 bad node ffffffffffffffff
[   19.685382] binder: transaction release 32451 bad node ffffffffffffffff
[   19.685669] binder: transaction release 32452 bad node ffffffffffffffff
[   19.686154] binder: transaction release 32453 bad node ffffffffffffffff
[   19.686503] binder: transaction release 32454 bad node ffffffffffffffff
[   19.686782] binder: transaction release 32455 bad node ffffffffffffffff
[   19.687278] binder: transaction release 32456 bad node ffffffffffffffff
[   19.687571] binder: transaction release 32457 bad node ffffffffffffffff
[   19.687851] binder: transaction release 32458 bad node ffffffffffffffff
[   19.688276] binder: transaction release 32459 bad node ffffffffffffffff
[   19.688548] binder: transaction release 32460 bad node ffffffffffffffff
[   19.688810] binder: transaction release 32461 bad node ffffffffffffffff
[   19.689267] binder: transaction release 32462 bad node ffffffffffffffff
[   19.689543] binder: transaction release 32463 bad node ffffffffffffffff
[   19.689810] binder: transaction release 32464 bad node ffffffffffffffff
[   19.690261] binder: transaction release 32465 bad node ffffffffffffffff
[   19.690556] binder: transaction release 32466 bad node ffffffffffffffff
[   19.690835] binder: transaction release 32467 bad node ffffffffffffffff
[   19.691253] binder: transaction release 32468 bad node ffffffffffffffff
[   19.691546] binder: transaction release 32469 bad node ffffffffffffffff
[   19.691827] binder: transaction release 32470 bad node ffffffffffffffff
[   19.692247] binder: transaction release 32471 bad node ffffffffffffffff
[   19.692543] binder: transaction release 32472 bad node ffffffffffffffff
[   19.692829] binder: transaction release 32473 bad node ffffffffffffffff
[   19.693192] binder: transaction release 32474 bad node ffffffffffffffff
[   19.693466] binder: transaction release 32475 bad node ffffffffffffffff
[   19.693726] binder: transaction release 32476 bad node ffffffffffffffff
[   19.694140] binder: transaction release 32477 bad node ffffffffffffffff
[   19.694423] binder: transaction release 32478 bad node ffffffffffffffff
[   19.694688] binder: transaction release 32479 bad node ffffffffffffffff
[   19.695148] binder: transaction release 32480 bad node ffffffffffffffff
[   19.695457] binder: transaction release 32481 bad node ffffffffffffffff
[   19.695722] binder: transaction release 32482 bad node ffffffffffffffff
[   19.696147] binder: transaction release 32483 bad node ffffffffffffffff
[   19.696434] binder: transaction release 32484 bad node ffffffffffffffff
[   19.696702] binder: transaction release 32485 bad node ffffffffffffffff
[   19.697197] binder: transaction release 32486 bad node ffffffffffffffff
[   19.697534] binder: transaction release 32487 bad node ffffffffffffffff
[   19.697811] binder: transaction release 32488 bad node ffffffffffffffff
[   19.698378] binder: transaction release 32489 bad node ffffffffffffffff
[   19.698738] binder: transaction release 32490 bad node ffffffffffffffff
[   19.699255] binder: transaction release 32491 bad node ffffffffffffffff
[   19.699577] binder: transaction release 32492 bad node ffffffffffffffff
[   19.699902] binder: transaction release 32493 bad node ffffffffffffffff
[   19.700371] binder: transaction release 32494 bad node ffffffffffffffff
[   19.700735] binder: transaction release 32495 bad node ffffffffffffffff
[   19.701215] binder: transaction release 32496 bad node ffffffffffffffff
[   19.701511] binder: transaction release 32497 bad node ffffffffffffffff
[   19.701789] binder: transaction release 32498 bad node ffffffffffffffff
[   19.702220] binder: transaction release 32499 bad node ffffffffffffffff
[   19.702492] binder: transaction release 32500 bad node ffffffffffffffff
[   19.702754] binder: transaction release 32501 bad node ffffffffffffffff
[   19.703139] binder: transaction release 32502 bad node ffffffffffffffff
[   19.703418] binder: transaction release 32503 bad node ffffffffffffffff
[   19.703681] binder: transaction release 32504 bad node ffffffffffffffff
[   19.704072] binder: transaction release 32505 bad node ffffffffffffffff
[   19.704361] binder: transaction release 32506 bad node ffffffffffffffff
[   19.704627] binder: transaction release 32507 bad node ffffffffffffffff
[   19.704908] binder: transaction release 32508 bad node ffffffffffffffff
[   19.705307] binder: transaction release 32509 bad node ffffffffffffffff
[   19.705597] binder: transaction release 32510 bad node ffffffffffffffff
[   19.705859] binder: transaction release 32511 bad node ffffffffffffffff
[   19.706226] binder: transaction release 32512 bad node ffffffffffffffff
[   19.706503] binder: transaction release 32513 bad node ffffffffffffffff
[   19.706765] binder: transaction release 32514 bad node ffffffffffffffff
[   19.707171] binder: transaction release 32515 bad node ffffffffffffffff
[   19.707471] binder: transaction release 32516 bad node ffffffffffffffff
[   19.707730] binder: transaction release 32517 bad node ffffffffffffffff
[   19.708113] binder: transaction release 32518 bad node ffffffffffffffff
[   19.708410] binder: transaction release 32519 bad node ffffffffffffffff
[   19.708674] binder: transaction release 32520 bad node ffffffffffffffff
[   19.709043] binder: transaction release 32521 bad node ffffffffffffffff
[   19.709338] binder: transaction release 32522 bad node ffffffffffffffff
[   19.709606] binder: transaction release 32523 bad node ffffffffffffffff
[   19.709866] binder: transaction release 32524 bad node ffffffffffffffff
[   19.710264] binder: transaction release 32525 bad node ffffffffffffffff
[   19.710538] binder: transaction release 32526 bad node ffffffffffffffff
[   19.710799] binder: transaction release 32527 bad node ffffffffffffffff
[   19.711203] binder: transaction release 32528 bad node ffffffffffffffff
[   19.711476] binder: transaction release 32529 bad node ffffffffffffffff
[   19.711736] binder: transaction release 32530 bad node ffffffffffffffff
[   19.712131] binder: transaction release 32531 bad node ffffffffffffffff
[   19.712420] binder: transaction release 32532 bad node ffffffffffffffff
[   19.712713] binder: transaction release 32533 bad node ffffffffffffffff
[   19.713122] binder: transaction release 32534 bad node ffffffffffffffff
[   19.713414] binder: transaction release 32535 bad node ffffffffffffffff
[   19.713697] binder: transaction release 32536 bad node ffffffffffffffff
[   19.714178] binder: transaction release 32537 bad node ffffffffffffffff
[   19.714453] binder: transaction release 32538 bad node ffffffffffffffff
[   19.714733] binder: transaction release 32539 bad node ffffffffffffffff
[   19.715153] binder: transaction release 32540 bad node ffffffffffffffff
[   19.715447] binder: transaction release 32541 bad node ffffffffffffffff
[   19.715733] binder: transaction release 32542 bad node ffffffffffffffff
[   19.716184] binder: transaction release 32543 bad node ffffffffffffffff
[   19.716476] binder: transaction release 32544 bad node ffffffffffffffff
[   19.716735] binder: transaction release 32545 bad node ffffffffffffffff
[   19.717233] binder: transaction release 32546 bad node ffffffffffffffff
[   19.717534] binder: transaction release 32547 bad node ffffffffffffffff
[   19.717796] binder: transaction release 32548 bad node ffffffffffffffff
[   19.718286] binder: transaction release 32549 bad node ffffffffffffffff
[   19.718575] binder: transaction release 32550 bad node ffffffffffffffff
[   19.718836] binder: transaction release 32551 bad node ffffffffffffffff
[   19.719271] binder: transaction release 32552 bad node ffffffffffffffff
[   19.719562] binder: transaction release 32553 bad node ffffffffffffffff
[   19.719847] binder: transaction release 32554 bad node ffffffffffffffff
[   19.720267] binder: transaction release 32555 bad node ffffffffffffffff
[   19.720540] binder: transaction release 32556 bad node ffffffffffffffff
[   19.720800] binder: transaction release 32557 bad node ffffffffffffffff
[   19.721172] binder: transaction release 32558 bad node ffffffffffffffff
[   19.721446] binder: transaction release 32559 bad node ffffffffffffffff
[   19.721705] binder: transaction release 32560 bad node ffffffffffffffff
[   19.722134] binder: transaction release 32561 bad node ffffffffffffffff
[   19.722443] binder: transaction release 32562 bad node ffffffffffffffff
[   19.722706] binder: transaction release 32563 bad node ffffffffffffffff
[   19.723166] binder: transaction release 32564 bad node ffffffffffffffff
[   19.723457] binder: transaction release 32565 bad node ffffffffffffffff
[   19.723721] binder: transaction release 32566 bad node ffffffffffffffff
[   19.724142] binder: transaction release 32567 bad node ffffffffffffffff
[   19.724474] binder: transaction release 32568 bad node ffffffffffffffff
[   19.724744] binder: transaction release 32569 bad node ffffffffffffffff
[   19.725142] binder: transaction release 32570 bad node ffffffffffffffff
[   19.725432] binder: transaction release 32571 bad node ffffffffffffffff
[   19.725691] binder: transaction release 32572 bad node ffffffffffffffff
[   19.726168] binder: transaction release 32573 bad node ffffffffffffffff
[   19.726472] binder: transaction release 32574 bad node ffffffffffffffff
[   19.726737] binder: transaction release 32575 bad node ffffffffffffffff
[   19.727182] binder: transaction release 32576 bad node ffffffffffffffff
[   19.727468] binder: transaction release 32577 bad node ffffffffffffffff
[   19.727729] binder: transaction release 32578 bad node ffffffffffffffff
[   19.728165] binder: transaction release 32579 bad node ffffffffffffffff
[   19.728441] binder: transaction release 32580 bad node ffffffffffffffff
[   19.728701] binder: transaction release 32581 bad node ffffffffffffffff
[   19.729243] binder: transaction release 32582 bad node ffffffffffffffff
[   19.729540] binder: transaction release 32583 bad node ffffffffffffffff
[   19.729809] binder: transaction release 32584 bad node ffffffffffffffff
[   19.730285] binder: transaction release 32585 bad node ffffffffffffffff
[   19.730574] binder: transaction release 32586 bad node ffffffffffffffff
[   19.730870] binder: transaction release 32587 bad node ffffffffffffffff
[   19.731266] binder: transaction release 32588 bad node ffffffffffffffff
[   19.731539] binder: transaction release 32589 bad node ffffffffffffffff
[   19.731789] binder: transaction release 32590 bad node ffffffffffffffff
[   19.732206] binder: transaction release 32591 bad node ffffffffffffffff
[   19.732482] binder: transaction release 32592 bad node ffffffffffffffff
[   19.732744] binder: transaction release 32593 bad node ffffffffffffffff
[   19.733119] binder: transaction release 32594 bad node ffffffffffffffff
[   19.733434] binder: transaction release 32595 bad node ffffffffffffffff
[   19.733695] binder: transaction release 32596 bad node ffffffffffffffff
[   19.734136] binder: transaction release 32597 bad node ffffffffffffffff
[   19.734413] binder: transaction release 32598 bad node ffffffffffffffff
[   19.734675] binder: transaction release 32599 bad node ffffffffffffffff
[   19.735050] binder: transaction release 32600 bad node ffffffffffffffff
[   19.735357] binder: transaction release 32601 bad node ffffffffffffffff
[   19.735622] binder: transaction release 32602 bad node ffffffffffffffff
[   19.735883] binder: transaction release 32603 bad node ffffffffffffffff
[   19.736526] binder: transaction release 32604 bad node ffffffffffffffff
[   19.736815] binder: transaction release 32605 bad node ffffffffffffffff
[   19.737240] binder: transaction release 32606 bad node ffffffffffffffff
[   19.737522] binder: transaction release 32607 bad node ffffffffffffffff
[   19.737785] binder: transaction release 32608 bad node ffffffffffffffff
[   19.738197] binder: transaction release 32609 bad node ffffffffffffffff
[   19.738482] binder: transaction release 32610 bad node ffffffffffffffff
[   19.738742] binder: transaction release 32611 bad node ffffffffffffffff
[   19.739148] binder: transaction release 32612 bad node ffffffffffffffff
[   19.739431] binder: transaction release 32613 bad node ffffffffffffffff
[   19.739696] binder: transaction release 32614 bad node ffffffffffffffff
[   19.740083] binder: transaction release 32615 bad node ffffffffffffffff
[   19.740368] binder: transaction release 32616 bad node ffffffffffffffff
[   19.740717] binder: transaction release 32617 bad node ffffffffffffffff
[   19.741198] binder: transaction release 32618 bad node ffffffffffffffff
[   19.741623] binder: transaction release 32619 bad node ffffffffffffffff
[   19.742099] binder: transaction release 32620 bad node ffffffffffffffff
[   19.742405] binder: transaction release 32621 bad node ffffffffffffffff
[   19.742687] binder: transaction release 32622 bad node ffffffffffffffff
[   19.743084] binder: transaction release 32623 bad node ffffffffffffffff
[   19.743363] binder: transaction release 32624 bad node ffffffffffffffff
[   19.743632] binder: transaction release 32625 bad node ffffffffffffffff
[   19.743917] binder: transaction release 32626 bad node ffffffffffffffff
[   19.744424] binder: transaction release 32627 bad node ffffffffffffffff
[   19.744698] binder: transaction release 32628 bad node ffffffffffffffff
[   19.745156] binder: transaction release 32629 bad node ffffffffffffffff
[   19.745432] binder: transaction release 32630 bad node ffffffffffffffff
[   19.745692] binder: transaction release 32631 bad node ffffffffffffffff
[   19.746106] binder: transaction release 32632 bad node ffffffffffffffff
[   19.746453] binder: transaction release 32633 bad node ffffffffffffffff
[   19.746718] binder: transaction release 32634 bad node ffffffffffffffff
[   19.747145] binder: transaction release 32635 bad node ffffffffffffffff
[   19.747451] binder: transaction release 32636 bad node ffffffffffffffff
[   19.747720] binder: transaction release 32637 bad node ffffffffffffffff
[   19.748170] binder: transaction release 32638 bad node ffffffffffffffff
[   19.748454] binder: transaction release 32639 bad node ffffffffffffffff
[   19.748719] binder: transaction release 32640 bad node ffffffffffffffff
[   19.749160] binder: transaction release 32641 bad node ffffffffffffffff
[   19.749515] binder: transaction release 32642 bad node ffffffffffffffff
[   19.749790] binder: transaction release 32643 bad node ffffffffffffffff
[   19.750272] binder: transaction release 32644 bad node ffffffffffffffff
[   19.750554] binder: transaction release 32645 bad node ffffffffffffffff
[   19.750819] binder: transaction release 32646 bad node ffffffffffffffff
[   19.751219] binder: transaction release 32647 bad node ffffffffffffffff
[   19.751502] binder: transaction release 32648 bad node ffffffffffffffff
[   19.751783] binder: transaction release 32649 bad node ffffffffffffffff
[   19.752262] binder: transaction release 32650 bad node ffffffffffffffff
[   19.752588] binder: transaction release 32651 bad node ffffffffffffffff
[   19.752867] binder: transaction release 32652 bad node ffffffffffffffff
[   19.753296] binder: transaction release 32653 bad node ffffffffffffffff
[   19.753581] binder: transaction release 32654 bad node ffffffffffffffff
[   19.753857] binder: transaction release 32655 bad node ffffffffffffffff
[   19.754300] binder: transaction release 32656 bad node ffffffffffffffff
[   19.754594] binder: transaction release 32657 bad node ffffffffffffffff
[   19.754871] binder: transaction release 32658 bad node ffffffffffffffff
[   19.755291] binder: transaction release 32659 bad node ffffffffffffffff
[   19.755589] binder: transaction release 32660 bad node ffffffffffffffff
[   19.755858] binder: transaction release 32661 bad node ffffffffffffffff
[   19.756304] binder: transaction release 32662 bad node ffffffffffffffff
[   19.756591] binder: transaction release 32663 bad node ffffffffffffffff
[   19.756873] binder: transaction release 32664 bad node ffffffffffffffff
[   19.757253] binder: transaction release 32665 bad node ffffffffffffffff
[   19.757522] binder: transaction release 32666 bad node ffffffffffffffff
[   19.757783] binder: transaction release 32667 bad node ffffffffffffffff
[   19.758172] binder: transaction release 32668 bad node ffffffffffffffff
[   19.758453] binder: transaction release 32669 bad node ffffffffffffffff
[   19.758717] binder: transaction release 32670 bad node ffffffffffffffff
[   19.759116] binder: transaction release 32671 bad node ffffffffffffffff
[   19.759397] binder: transaction release 32672 bad node ffffffffffffffff
[   19.759658] binder: transaction release 32673 bad node ffffffffffffffff
[   19.760030] binder: transaction release 32674 bad node ffffffffffffffff
[   19.760333] binder: transaction release 32675 bad node ffffffffffffffff
[   19.760597] binder: transaction release 32676 bad node ffffffffffffffff
[   19.760865] binder: transaction release 32677 bad node ffffffffffffffff
[   19.761295] binder: transaction release 32678 bad node ffffffffffffffff
[   19.761565] binder: transaction release 32679 bad node ffffffffffffffff
[   19.761829] binder: transaction release 32680 bad node ffffffffffffffff
[   19.762225] binder: transaction release 32681 bad node ffffffffffffffff
[   19.762498] binder: transaction release 32682 bad node ffffffffffffffff
[   19.762780] binder: transaction release 32683 bad node ffffffffffffffff
[   19.763181] binder: transaction release 32684 bad node ffffffffffffffff
[   19.763471] binder: transaction release 32685 bad node ffffffffffffffff
[   19.763753] binder: transaction release 32686 bad node ffffffffffffffff
[   19.764219] binder: transaction release 32687 bad node ffffffffffffffff
[   19.764494] binder: transaction release 32688 bad node ffffffffffffffff
[   19.764813] binder: transaction release 32689 bad node ffffffffffffffff
[   19.765196] binder: transaction release 32690 bad node ffffffffffffffff
[   19.765488] binder: transaction release 32691 bad node ffffffffffffffff
[   19.765748] binder: transaction release 32692 bad node ffffffffffffffff
[   19.766157] binder: transaction release 32693 bad node ffffffffffffffff
[   19.766441] binder: transaction release 32694 bad node ffffffffffffffff
[   19.766747] binder: transaction release 32695 bad node ffffffffffffffff
[   19.767237] binder: transaction release 32696 bad node ffffffffffffffff
[   19.767610] binder: transaction release 32697 bad node ffffffffffffffff
[   19.768147] binder: transaction release 32698 bad node ffffffffffffffff
[   19.768445] binder: transaction release 32699 bad node ffffffffffffffff
[   19.768724] binder: transaction release 32700 bad node ffffffffffffffff
[   19.769223] binder: transaction release 32701 bad node ffffffffffffffff
[   19.769499] binder: transaction release 32702 bad node ffffffffffffffff
[   19.769762] binder: transaction release 32703 bad node ffffffffffffffff
[   19.770151] binder: transaction release 32704 bad node ffffffffffffffff
[   19.770441] binder: transaction release 32705 bad node ffffffffffffffff
[   19.770714] binder: transaction release 32706 bad node ffffffffffffffff
[   19.771211] binder: transaction release 32707 bad node ffffffffffffffff
[   19.771495] binder: transaction release 32708 bad node ffffffffffffffff
[   19.771756] binder: transaction release 32709 bad node ffffffffffffffff
[   19.772177] binder: transaction release 32710 bad node ffffffffffffffff
[   19.772455] binder: transaction release 32711 bad node ffffffffffffffff
[   19.772716] binder: transaction release 32712 bad node ffffffffffffffff
[   19.773112] binder: transaction release 32713 bad node ffffffffffffffff
[   19.773397] binder: transaction release 32714 bad node ffffffffffffffff
[   19.773661] binder: transaction release 32715 bad node ffffffffffffffff
[   19.774026] binder: transaction release 32716 bad node ffffffffffffffff
[   19.774325] binder: transaction release 32717 bad node ffffffffffffffff
[   19.774589] binder: transaction release 32718 bad node ffffffffffffffff
[   19.774848] binder: transaction release 32719 bad node ffffffffffffffff
[   19.775231] binder: transaction release 32720 bad node ffffffffffffffff
[   19.775509] binder: transaction release 32721 bad node ffffffffffffffff
[   19.775771] binder: transaction release 32722 bad node ffffffffffffffff
[   19.776206] binder: transaction release 32723 bad node ffffffffffffffff
[   19.776477] binder: transaction release 32724 bad node ffffffffffffffff
[   19.776739] binder: transaction release 32725 bad node ffffffffffffffff
[   19.777144] binder: transaction release 32726 bad node ffffffffffffffff
[   19.777423] binder: transaction release 32727 bad node ffffffffffffffff
[   19.777684] binder: transaction release 32728 bad node ffffffffffffffff
[   19.778084] binder: transaction release 32729 bad node ffffffffffffffff
[   19.778373] binder: transaction release 32730 bad node ffffffffffffffff
[   19.778642] binder: transaction release 32731 bad node ffffffffffffffff
[   19.778934] binder: transaction release 32732 bad node ffffffffffffffff
[   19.779318] binder: transaction release 32733 bad node ffffffffffffffff
[   19.779585] binder: transaction release 32734 bad node ffffffffffffffff
[   19.779858] binder: transaction release 32735 bad node ffffffffffffffff
[   19.780309] binder: transaction release 32736 bad node ffffffffffffffff
[   19.780590] binder: transaction release 32737 bad node ffffffffffffffff
[   19.780892] binder: transaction release 32738 bad node ffffffffffffffff
[   19.781306] binder: transaction release 32739 bad node ffffffffffffffff
[   19.781595] binder: transaction release 32740 bad node ffffffffffffffff
[   19.781859] binder: transaction release 32741 bad node ffffffffffffffff
[   19.782254] binder: transaction release 32742 bad node ffffffffffffffff
[   19.782539] binder: transaction release 32743 bad node ffffffffffffffff
[   19.782801] binder: transaction release 32744 bad node ffffffffffffffff
[   19.783346] binder: transaction release 32745 bad node ffffffffffffffff
[   19.783642] binder: transaction release 32746 bad node ffffffffffffffff
[   19.784076] binder: transaction release 32747 bad node ffffffffffffffff
[   19.784443] binder: transaction release 32748 bad node ffffffffffffffff
[   19.784723] binder: transaction release 32749 bad node ffffffffffffffff
[   19.785180] binder: transaction release 32750 bad node ffffffffffffffff
[   19.785470] binder: transaction release 32751 bad node ffffffffffffffff
[   19.785747] binder: transaction release 32752 bad node ffffffffffffffff
[   19.786255] binder: transaction release 32753 bad node ffffffffffffffff
[   19.786528] binder: transaction release 32754 bad node ffffffffffffffff
[   19.786787] binder: transaction release 32755 bad node ffffffffffffffff
[   19.787188] binder: transaction release 32756 bad node ffffffffffffffff
[   19.787444] binder: transaction release 32757 bad node ffffffffffffffff
[   19.787692] binder: transaction release 32758 bad node ffffffffffffffff
[   19.788237] binder: transaction release 32759 bad node ffffffffffffffff
[   19.788529] binder: transaction release 32760 bad node ffffffffffffffff
[   19.788781] binder: transaction release 32761 bad node ffffffffffffffff
[   19.789272] binder: transaction release 32762 bad node ffffffffffffffff
[   19.789555] binder: transaction release 32763 bad node ffffffffffffffff
[   19.789816] binder: transaction release 32764 bad node ffffffffffffffff
[   19.790199] binder: transaction release 32765 bad node ffffffffffffffff
[   19.790467] binder: transaction release 32766 bad node ffffffffffffffff
[   19.790717] binder: transaction release 32767 bad node ffffffffffffffff
[   19.791085] binder: transaction release 32768 bad node ffffffffffffffff
[   19.791350] binder: transaction release 32769 bad node ffffffffffffffff
[   19.791597] binder: transaction release 32770 bad node ffffffffffffffff
[   19.791843] binder: transaction release 32771 bad node ffffffffffffffff
[   19.792219] binder: transaction release 32772 bad node ffffffffffffffff
[   19.792493] binder: transaction release 32773 bad node ffffffffffffffff
[   19.792739] binder: transaction release 32774 bad node ffffffffffffffff
[   19.793115] binder: transaction release 32775 bad node ffffffffffffffff
[   19.793387] binder: transaction release 32776 bad node ffffffffffffffff
[   19.793651] binder: transaction release 32777 bad node ffffffffffffffff
[   19.794015] binder: transaction release 32778 bad node ffffffffffffffff
[   19.794317] binder: transaction release 32779 bad node ffffffffffffffff
[   19.794580] binder: transaction release 32780 bad node ffffffffffffffff
[   19.794843] binder: transaction release 32781 bad node ffffffffffffffff
[   19.795194] binder: transaction release 32782 bad node ffffffffffffffff
[   19.795447] binder: transaction release 32783 bad node ffffffffffffffff
[   19.795694] binder: transaction release 32784 bad node ffffffffffffffff
[   19.796043] binder: transaction release 32785 bad node ffffffffffffffff
[   19.796319] binder: transaction release 32786 bad node ffffffffffffffff
[   19.796571] binder: transaction release 32787 bad node ffffffffffffffff
[   19.796829] binder: transaction release 32788 bad node ffffffffffffffff
[   19.797206] binder: transaction release 32789 bad node ffffffffffffffff
[   19.797493] binder: transaction release 32790 bad node ffffffffffffffff
[   19.797743] binder: transaction release 32791 bad node ffffffffffffffff
[   19.798207] binder: transaction release 32792 bad node ffffffffffffffff
[   19.798506] binder: transaction release 32793 bad node ffffffffffffffff
[   19.798787] binder: transaction release 32794 bad node ffffffffffffffff
[   19.799193] binder: transaction release 32795 bad node ffffffffffffffff
[   19.799498] binder: transaction release 32796 bad node ffffffffffffffff
[   19.799816] binder: transaction release 32797 bad node ffffffffffffffff
[   19.800356] binder: transaction release 32798 bad node ffffffffffffffff
[   19.800651] binder: transaction release 32799 bad node ffffffffffffffff
[   19.801037] binder: transaction release 32800 bad node ffffffffffffffff
[   19.801364] binder: transaction release 32801 bad node ffffffffffffffff
[   19.801626] binder: transaction release 32802 bad node ffffffffffffffff
[   19.801947] binder: transaction release 32803 bad node ffffffffffffffff
[   19.802356] binder: transaction release 32804 bad node ffffffffffffffff
[   19.802639] binder: transaction release 32805 bad node ffffffffffffffff
[   19.803026] binder: transaction release 32806 bad node ffffffffffffffff
[   19.803389] binder: transaction release 32807 bad node ffffffffffffffff
[   19.803671] binder: transaction release 32808 bad node ffffffffffffffff
[   19.804171] binder: transaction release 32809 bad node ffffffffffffffff
[   19.804487] binder: transaction release 32810 bad node ffffffffffffffff
[   19.804766] binder: transaction release 32811 bad node ffffffffffffffff
[   19.805231] binder: transaction release 32812 bad node ffffffffffffffff
[   19.805503] binder: transaction release 32813 bad node ffffffffffffffff
[   19.805764] binder: transaction release 32814 bad node ffffffffffffffff
[   19.806219] binder: transaction release 32815 bad node ffffffffffffffff
[   19.806491] binder: transaction release 32816 bad node ffffffffffffffff
[   19.806750] binder: transaction release 32817 bad node ffffffffffffffff
[   19.807134] binder: transaction release 32818 bad node ffffffffffffffff
[   19.807420] binder: transaction release 32819 bad node ffffffffffffffff
[   19.807679] binder: transaction release 32820 bad node ffffffffffffffff
[   19.808045] binder: transaction release 32821 bad node ffffffffffffffff
[   19.808344] binder: transaction release 32822 bad node ffffffffffffffff
[   19.808609] binder: transaction release 32823 bad node ffffffffffffffff
[   19.808870] binder: transaction release 32824 bad node ffffffffffffffff
[   19.809274] binder: transaction release 32825 bad node ffffffffffffffff
[   19.809545] binder: transaction release 32826 bad node ffffffffffffffff
[   19.809804] binder: transaction release 32827 bad node ffffffffffffffff
[   19.810210] binder: transaction release 32828 bad node ffffffffffffffff
[   19.810479] binder: transaction release 32829 bad node ffffffffffffffff
[   19.810725] binder: transaction release 32830 bad node ffffffffffffffff
[   19.811085] binder: transaction release 32831 bad node ffffffffffffffff
[   19.811347] binder: transaction release 32832 bad node ffffffffffffffff
[   19.811592] binder: transaction release 32833 bad node ffffffffffffffff
[   19.811838] binder: transaction release 32834 bad node ffffffffffffffff
[   19.812212] binder: transaction release 32835 bad node ffffffffffffffff
[   19.812471] binder: transaction release 32836 bad node ffffffffffffffff
[   19.812723] binder: transaction release 32837 bad node ffffffffffffffff
[   19.813123] binder: transaction release 32838 bad node ffffffffffffffff
[   19.813384] binder: transaction release 32839 bad node ffffffffffffffff
[   19.813630] binder: transaction release 32840 bad node ffffffffffffffff
[   19.813877] binder: transaction release 32841 bad node ffffffffffffffff
[   19.814251] binder: transaction release 32842 bad node ffffffffffffffff
[   19.814510] binder: transaction release 32843 bad node ffffffffffffffff
[   19.814789] binder: transaction release 32844 bad node ffffffffffffffff
[   19.815225] binder: transaction release 32845 bad node ffffffffffffffff
[   19.815497] binder: transaction release 32846 bad node ffffffffffffffff
[   19.815832] binder: transaction release 32847 bad node ffffffffffffffff
[   19.816389] binder: transaction release 32848 bad node ffffffffffffffff
[   19.816682] binder: transaction release 32849 bad node ffffffffffffffff
[   19.817167] binder: transaction release 32850 bad node ffffffffffffffff
[   19.817485] binder: transaction release 32851 bad node ffffffffffffffff
[   19.817766] binder: transaction release 32852 bad node ffffffffffffffff
[   19.818290] binder: transaction release 32853 bad node ffffffffffffffff
[   19.818618] binder: transaction release 32854 bad node ffffffffffffffff
[   19.818892] binder: transaction release 32855 bad node ffffffffffffffff
[   19.819301] binder: transaction release 32856 bad node ffffffffffffffff
[   19.819570] binder: transaction release 32857 bad node ffffffffffffffff
[   19.819834] binder: transaction release 32858 bad node ffffffffffffffff
[   19.820232] binder: transaction release 32859 bad node ffffffffffffffff
[   19.820514] binder: transaction release 32860 bad node ffffffffffffffff
[   19.820777] binder: transaction release 32861 bad node ffffffffffffffff
[   19.821250] binder: transaction release 32862 bad node ffffffffffffffff
[   19.821572] binder: transaction release 32863 bad node ffffffffffffffff
[   19.821845] binder: transaction release 32864 bad node ffffffffffffffff
[   19.822242] binder: transaction release 32865 bad node ffffffffffffffff
[   19.822553] binder: transaction release 32866 bad node ffffffffffffffff
[   19.822835] binder: transaction release 32867 bad node ffffffffffffffff
[   19.823252] binder: transaction release 32868 bad node ffffffffffffffff
[   19.823528] binder: transaction release 32869 bad node ffffffffffffffff
[   19.823792] binder: transaction release 32870 bad node ffffffffffffffff
[   19.824197] binder: transaction release 32871 bad node ffffffffffffffff
[   19.824478] binder: transaction release 32872 bad node ffffffffffffffff
[   19.824742] binder: transaction release 32873 bad node ffffffffffffffff
[   19.825116] binder: transaction release 32874 bad node ffffffffffffffff
[   19.825389] binder: transaction release 32875 bad node ffffffffffffffff
[   19.825692] binder: transaction release 32876 bad node ffffffffffffffff
[   19.826096] binder: transaction release 32877 bad node ffffffffffffffff
[   19.826436] binder: transaction release 32878 bad node ffffffffffffffff
[   19.826705] binder: transaction release 32879 bad node ffffffffffffffff
[   19.827129] binder: transaction release 32880 bad node ffffffffffffffff
[   19.827444] binder: transaction release 32881 bad node ffffffffffffffff
[   19.827709] binder: transaction release 32882 bad node ffffffffffffffff
[   19.828197] binder: transaction release 32883 bad node ffffffffffffffff
[   19.828476] binder: transaction release 32884 bad node ffffffffffffffff
[   19.828738] binder: transaction release 32885 bad node ffffffffffffffff
[   19.829154] binder: transaction release 32886 bad node ffffffffffffffff
[   19.829453] binder: transaction release 32887 bad node ffffffffffffffff
[   19.829713] binder: transaction release 32888 bad node ffffffffffffffff
[   19.830102] binder: transaction release 32889 bad node ffffffffffffffff
[   19.830413] binder: transaction release 32890 bad node ffffffffffffffff
[   19.830697] binder: transaction release 32891 bad node ffffffffffffffff
[   19.831076] binder: transaction release 32892 bad node ffffffffffffffff
[   19.831373] binder: transaction release 32893 bad node ffffffffffffffff
[   19.831645] binder: transaction release 32894 bad node ffffffffffffffff
[   19.831919] binder: transaction release 32895 bad node ffffffffffffffff
[   19.832317] binder: transaction release 32896 bad node ffffffffffffffff
[   19.832582] binder: transaction release 32897 bad node ffffffffffffffff
[   19.832841] binder: transaction release 32898 bad node ffffffffffffffff
[   19.833247] binder: transaction release 32899 bad node ffffffffffffffff
[   19.833545] binder: transaction release 32900 bad node ffffffffffffffff
[   19.833805] binder: transaction release 32901 bad node ffffffffffffffff
[   19.834209] binder: transaction release 32902 bad node ffffffffffffffff
[   19.834480] binder: transaction release 32903 bad node ffffffffffffffff
[   19.834740] binder: transaction release 32904 bad node ffffffffffffffff
[   19.835159] binder: transaction release 32905 bad node ffffffffffffffff
[   19.835430] binder: transaction release 32906 bad node ffffffffffffffff
[   19.835698] binder: transaction release 32907 bad node ffffffffffffffff
[   19.836072] binder: transaction release 32908 bad node ffffffffffffffff
[   19.836366] binder: transaction release 32909 bad node ffffffffffffffff
[   19.836625] binder: transaction release 32910 bad node ffffffffffffffff
[   19.836881] binder: transaction release 32911 bad node ffffffffffffffff
[   19.837287] binder: transaction release 32912 bad node ffffffffffffffff
[   19.837552] binder: transaction release 32913 bad node ffffffffffffffff
[   19.837812] binder: transaction release 32914 bad node ffffffffffffffff
[   19.838203] binder: transaction release 32915 bad node ffffffffffffffff
[   19.838473] binder: transaction release 32916 bad node ffffffffffffffff
[   19.838735] binder: transaction release 32917 bad node ffffffffffffffff
[   19.839116] binder: transaction release 32918 bad node ffffffffffffffff
[   19.839390] binder: transaction release 32919 bad node ffffffffffffffff
[   19.839648] binder: transaction release 32920 bad node ffffffffffffffff
[   19.839918] binder: transaction release 32921 bad node ffffffffffffffff
[   19.840318] binder: transaction release 32922 bad node ffffffffffffffff
[   19.840566] binder: transaction release 32923 bad node ffffffffffffffff
[   19.840810] binder: transaction release 32924 bad node ffffffffffffffff
[   19.841197] binder: transaction release 32925 bad node ffffffffffffffff
[   19.841474] binder: transaction release 32926 bad node ffffffffffffffff
[   19.841738] binder: transaction release 32927 bad node ffffffffffffffff
[   19.842153] binder: transaction release 32928 bad node ffffffffffffffff
[   19.842441] binder: transaction release 32929 bad node ffffffffffffffff
[   19.842701] binder: transaction release 32930 bad node ffffffffffffffff
[   19.843101] binder: transaction release 32931 bad node ffffffffffffffff
[   19.843387] binder: transaction release 32932 bad node ffffffffffffffff
[   19.843652] binder: transaction release 32933 bad node ffffffffffffffff
[   19.844000] binder: transaction release 32934 bad node ffffffffffffffff
[   19.844279] binder: transaction release 32935 bad node ffffffffffffffff
[   19.844528] binder: transaction release 32936 bad node ffffffffffffffff
[   19.844773] binder: transaction release 32937 bad node ffffffffffffffff
[   19.845150] binder: transaction release 32938 bad node ffffffffffffffff
[   19.845412] binder: transaction release 32939 bad node ffffffffffffffff
[   19.845670] binder: transaction release 32940 bad node ffffffffffffffff
[   19.846029] binder: transaction release 32941 bad node ffffffffffffffff
[   19.846314] binder: transaction release 32942 bad node ffffffffffffffff
[   19.846584] binder: transaction release 32943 bad node ffffffffffffffff
[   19.846850] binder: transaction release 32944 bad node ffffffffffffffff
[   19.847215] binder: transaction release 32945 bad node ffffffffffffffff
[   19.847484] binder: transaction release 32946 bad node ffffffffffffffff
[   19.847748] binder: transaction release 32947 bad node ffffffffffffffff
[   19.848155] binder: transaction release 32948 bad node ffffffffffffffff
[   19.848433] binder: transaction release 32949 bad node ffffffffffffffff
[   19.848710] binder: transaction release 32950 bad node ffffffffffffffff
[   19.849211] binder: transaction release 32951 bad node ffffffffffffffff
[   19.849486] binder: transaction release 32952 bad node ffffffffffffffff
[   19.849755] binder: transaction release 32953 bad node ffffffffffffffff
[   19.850207] binder: transaction release 32954 bad node ffffffffffffffff
[   19.850497] binder: transaction release 32955 bad node ffffffffffffffff
[   19.850782] binder: transaction release 32956 bad node ffffffffffffffff
[   19.851251] binder: transaction release 32957 bad node ffffffffffffffff
[   19.851535] binder: transaction release 32958 bad node ffffffffffffffff
[   19.851798] binder: transaction release 32959 bad node ffffffffffffffff
[   19.852224] binder: transaction release 32960 bad node ffffffffffffffff
[   19.852553] binder: transaction release 32961 bad node ffffffffffffffff
[   19.852820] binder: transaction release 32962 bad node ffffffffffffffff
[   19.853228] binder: transaction release 32963 bad node ffffffffffffffff
[   19.853514] binder: transaction release 32964 bad node ffffffffffffffff
[   19.853783] binder: transaction release 32965 bad node ffffffffffffffff
[   19.854194] binder: transaction release 32966 bad node ffffffffffffffff
[   19.854473] binder: transaction release 32967 bad node ffffffffffffffff
[   19.854737] binder: transaction release 32968 bad node ffffffffffffffff
[   19.855151] binder: transaction release 32969 bad node ffffffffffffffff
[   19.855441] binder: transaction release 32970 bad node ffffffffffffffff
[   19.855708] binder: transaction release 32971 bad node ffffffffffffffff
[   19.856122] binder: transaction release 32972 bad node ffffffffffffffff
[   19.856404] binder: transaction release 32973 bad node ffffffffffffffff
[   19.856689] binder: transaction release 32974 bad node ffffffffffffffff
[   19.857103] binder: transaction release 32975 bad node ffffffffffffffff
[   19.857404] binder: transaction release 32976 bad node ffffffffffffffff
[   19.857670] binder: transaction release 32977 bad node ffffffffffffffff
[   19.858042] binder: transaction release 32978 bad node ffffffffffffffff
[   19.858343] binder: transaction release 32979 bad node ffffffffffffffff
[   19.858610] binder: transaction release 32980 bad node ffffffffffffffff
[   19.858870] binder: transaction release 32981 bad node ffffffffffffffff
[   19.859283] binder: transaction release 32982 bad node ffffffffffffffff
[   19.859555] binder: transaction release 32983 bad node ffffffffffffffff
[   19.859826] binder: transaction release 32984 bad node ffffffffffffffff
[   19.860213] binder: transaction release 32985 bad node ffffffffffffffff
[   19.860482] binder: transaction release 32986 bad node ffffffffffffffff
[   19.860743] binder: transaction release 32987 bad node ffffffffffffffff
[   19.861134] binder: transaction release 32988 bad node ffffffffffffffff
[   19.861414] binder: transaction release 32989 bad node ffffffffffffffff
[   19.861676] binder: transaction release 32990 bad node ffffffffffffffff
[   19.862160] binder: transaction release 32991 bad node ffffffffffffffff
[   19.862471] binder: transaction release 32992 bad node ffffffffffffffff
[   19.862742] binder: transaction release 32993 bad node ffffffffffffffff
[   19.863223] binder: transaction release 32994 bad node ffffffffffffffff
[   19.863494] binder: transaction release 32995 bad node ffffffffffffffff
[   19.863756] binder: transaction release 32996 bad node ffffffffffffffff
[   19.864278] binder: transaction release 32997 bad node ffffffffffffffff
[   19.864576] binder: transaction release 32998 bad node ffffffffffffffff
[   19.864887] binder: transaction release 32999 bad node ffffffffffffffff
[   19.865303] binder: transaction release 33000 bad node ffffffffffffffff
[   19.865586] binder: transaction release 33001 bad node ffffffffffffffff
[   19.865865] binder: transaction release 33002 bad node ffffffffffffffff
[   19.866283] binder: transaction release 33003 bad node ffffffffffffffff
[   19.866580] binder: transaction release 33004 bad node ffffffffffffffff
[   19.866861] binder: transaction release 33005 bad node ffffffffffffffff
[   19.867305] binder: transaction release 33006 bad node ffffffffffffffff
[   19.867600] binder: transaction release 33007 bad node ffffffffffffffff
[   19.867874] binder: transaction release 33008 bad node ffffffffffffffff
[   19.868309] binder: transaction release 33009 bad node ffffffffffffffff
[   19.868650] binder: transaction release 33010 bad node ffffffffffffffff
[   19.869150] binder: transaction release 33011 bad node ffffffffffffffff
[   19.869516] binder: transaction release 33012 bad node ffffffffffffffff
[   19.869808] binder: transaction release 33013 bad node ffffffffffffffff
[   19.870275] binder: transaction release 33014 bad node ffffffffffffffff
[   19.870571] binder: transaction release 33015 bad node ffffffffffffffff
[   19.870847] binder: transaction release 33016 bad node ffffffffffffffff
[   19.871249] binder: transaction release 33017 bad node ffffffffffffffff
[   19.871516] binder: transaction release 33018 bad node ffffffffffffffff
[   19.871776] binder: transaction release 33019 bad node ffffffffffffffff
[   19.872176] binder: transaction release 33020 bad node ffffffffffffffff
[   19.872454] binder: transaction release 33021 bad node ffffffffffffffff
[   19.872716] binder: transaction release 33022 bad node ffffffffffffffff
[   19.873126] binder: transaction release 33023 bad node ffffffffffffffff
[   19.873427] binder: transaction release 33024 bad node ffffffffffffffff
[   19.873692] binder: transaction release 33025 bad node ffffffffffffffff
[   19.874080] binder: transaction release 33026 bad node ffffffffffffffff
[   19.874367] binder: transaction release 33027 bad node ffffffffffffffff
[   19.874644] binder: transaction release 33028 bad node ffffffffffffffff
[   19.875105] binder: transaction release 33029 bad node ffffffffffffffff
[   19.875403] binder: transaction release 33030 bad node ffffffffffffffff
[   19.875671] binder: transaction release 33031 bad node ffffffffffffffff
[   19.876053] binder: transaction release 33032 bad node ffffffffffffffff
[   19.876360] binder: transaction release 33033 bad node ffffffffffffffff
[   19.876622] binder: transaction release 33034 bad node ffffffffffffffff
[   19.876881] binder: transaction release 33035 bad node ffffffffffffffff
[   19.877275] binder: transaction release 33036 bad node ffffffffffffffff
[   19.877540] binder: transaction release 33037 bad node ffffffffffffffff
[   19.877803] binder: transaction release 33038 bad node ffffffffffffffff
[   19.878173] binder: transaction release 33039 bad node ffffffffffffffff
[   19.878427] binder: transaction release 33040 bad node ffffffffffffffff
[   19.878674] binder: transaction release 33041 bad node ffffffffffffffff
[   19.879034] binder: transaction release 33042 bad node ffffffffffffffff
[   19.879329] binder: transaction release 33043 bad node ffffffffffffffff
[   19.879593] binder: transaction release 33044 bad node ffffffffffffffff
[   19.879850] binder: transaction release 33045 bad node ffffffffffffffff
[   19.880284] binder: transaction release 33046 bad node ffffffffffffffff
[   19.880551] binder: transaction release 33047 bad node ffffffffffffffff
[   19.880851] binder: transaction release 33048 bad node ffffffffffffffff
[   19.881246] binder: transaction release 33049 bad node ffffffffffffffff
[   19.881558] binder: transaction release 33050 bad node ffffffffffffffff
[   19.881820] binder: transaction release 33051 bad node ffffffffffffffff
[   19.882240] binder: transaction release 33052 bad node ffffffffffffffff
[   19.882524] binder: transaction release 33053 bad node ffffffffffffffff
[   19.882785] binder: transaction release 33054 bad node ffffffffffffffff
[   19.883198] binder: transaction release 33055 bad node ffffffffffffffff
[   19.883495] binder: transaction release 33056 bad node ffffffffffffffff
[   19.883798] binder: transaction release 33057 bad node ffffffffffffffff
[   19.884300] binder: transaction release 33058 bad node ffffffffffffffff
[   19.884574] binder: transaction release 33059 bad node ffffffffffffffff
[   19.884837] binder: transaction release 33060 bad node ffffffffffffffff
[   19.885230] binder: transaction release 33061 bad node ffffffffffffffff
[   19.885502] binder: transaction release 33062 bad node ffffffffffffffff
[   19.885762] binder: transaction release 33063 bad node ffffffffffffffff
[   19.886194] binder: transaction release 33064 bad node ffffffffffffffff
[   19.886480] binder: transaction release 33065 bad node ffffffffffffffff
[   19.886757] binder: transaction release 33066 bad node ffffffffffffffff
[   19.887181] binder: transaction release 33067 bad node ffffffffffffffff
[   19.887468] binder: transaction release 33068 bad node ffffffffffffffff
[   19.887729] binder: transaction release 33069 bad node ffffffffffffffff
[   19.888109] binder: transaction release 33070 bad node ffffffffffffffff
[   19.888385] binder: transaction release 33071 bad node ffffffffffffffff
[   19.888662] binder: transaction release 33072 bad node ffffffffffffffff
[   19.889038] binder: transaction release 33073 bad node ffffffffffffffff
[   19.889332] binder: transaction release 33074 bad node ffffffffffffffff
[   19.889596] binder: transaction release 33075 bad node ffffffffffffffff
[   19.889860] binder: transaction release 33076 bad node ffffffffffffffff
[   19.890307] binder: transaction release 33077 bad node ffffffffffffffff
[   19.890598] binder: transaction release 33078 bad node ffffffffffffffff
[   19.890880] binder: transaction release 33079 bad node ffffffffffffffff
[   19.891328] binder: transaction release 33080 bad node ffffffffffffffff
[   19.891612] binder: transaction release 33081 bad node ffffffffffffffff
[   19.891878] binder: transaction release 33082 bad node ffffffffffffffff
[   19.892263] binder: transaction release 33083 bad node ffffffffffffffff
[   19.892535] binder: transaction release 33084 bad node ffffffffffffffff
[   19.892804] binder: transaction release 33085 bad node ffffffffffffffff
[   19.893194] binder: transaction release 33086 bad node ffffffffffffffff
[   19.893478] binder: transaction release 33087 bad node ffffffffffffffff
[   19.893743] binder: transaction release 33088 bad node ffffffffffffffff
[   19.894160] binder: transaction release 33089 bad node ffffffffffffffff
[   19.894456] binder: transaction release 33090 bad node ffffffffffffffff
[   19.894723] binder: transaction release 33091 bad node ffffffffffffffff
[   19.895122] binder: transaction release 33092 bad node ffffffffffffffff
[   19.895424] binder: transaction release 33093 bad node ffffffffffffffff
[   19.895686] binder: transaction release 33094 bad node ffffffffffffffff
[   19.896104] binder: transaction release 33095 bad node ffffffffffffffff
[   19.896394] binder: transaction release 33096 bad node ffffffffffffffff
