c[?7l[2J[0mSeaBIOS (version rel-1.17.0-0-gb52ca86e094d-prebuilt.qemu.org)
Booting from ROM..c[?7l[2J[0m.[    0.000000] Linux version 5.10.107+ (jack@bd5f2b454abc) (gcc (Ubuntu 10.5.0-1ubuntu1~20.04) 10.5.0, GNU ld (GNU Binutils for Ubuntu) 2.34) #1 SMP PREEMPT Tue May 26 07:46:52 UTC 2026
[    0.000000] Command line: console=ttyS0 rdinit=/init testvm_autorun=/run_badnode.sh nokaslr panic=-1
[    0.000000] x86/fpu: x87 FPU will use FXSAVE
[    0.000000] BIOS-provided physical RAM map:
[    0.000000] BIOS-e820: [mem 0x0000000000000000-0x000000000009fbff] usable
[    0.000000] BIOS-e820: [mem 0x000000000009fc00-0x000000000009ffff] reserved
[    0.000000] BIOS-e820: [mem 0x00000000000f0000-0x00000000000fffff] reserved
[    0.000000] BIOS-e820: [mem 0x0000000000100000-0x000000003ffdffff] usable
[    0.000000] BIOS-e820: [mem 0x000000003ffe0000-0x000000003fffffff] reserved
[    0.000000] BIOS-e820: [mem 0x00000000fffc0000-0x00000000ffffffff] reserved
[    0.000000] BIOS-e820: [mem 0x000000fd00000000-0x000000ffffffffff] reserved
[    0.000000] NX (Execute Disable) protection: active
[    0.000000] SMBIOS 2.8 present.
[    0.000000] DMI: QEMU Standard PC (i440FX + PIIX, 1996), BIOS rel-1.17.0-0-gb52ca86e094d-prebuilt.qemu.org 04/01/2014
[    0.000000] tsc: Fast TSC calibration using PIT
[    0.000000] tsc: Detected 2304.040 MHz processor
[    0.028906] AGP: No AGP bridge found
[    0.029615] last_pfn = 0x3ffe0 max_arch_pfn = 0x400000000
[    0.033346] x86/PAT: Configuration [0-7]: WB  WC  UC- UC  WB  WP  UC- WT  
[    0.088771] found SMP MP-table at [mem 0x000f54c0-0x000f54cf]
[    0.093423] check: Scanning 1 areas for low memory corruption
[    0.106555] RAMDISK: [mem 0x3fd63000-0x3ffdffff]
[    0.107319] ACPI: Early table checksum verification disabled
[    0.108416] ACPI: RSDP 0x00000000000F52E0 000014 (v00 BOCHS )
[    0.109134] ACPI: RSDT 0x000000003FFE238A 000034 (v01 BOCHS  BXPC     00000001 BXPC 00000001)
[    0.110826] ACPI: FACP 0x000000003FFE2236 000074 (v01 BOCHS  BXPC     00000001 BXPC 00000001)
[    0.112312] ACPI: DSDT 0x000000003FFE0040 0021F6 (v01 BOCHS  BXPC     00000001 BXPC 00000001)
[    0.112582] ACPI: FACS 0x000000003FFE0000 000040
[    0.112764] ACPI: APIC 0x000000003FFE22AA 000080 (v03 BOCHS  BXPC     00000001 BXPC 00000001)
[    0.112872] ACPI: HPET 0x000000003FFE232A 000038 (v01 BOCHS  BXPC     00000001 BXPC 00000001)
[    0.112974] ACPI: WAET 0x000000003FFE2362 000028 (v01 BOCHS  BXPC     00000001 BXPC 00000001)
[    0.113231] ACPI: Reserving FACP table memory at [mem 0x3ffe2236-0x3ffe22a9]
[    0.113330] ACPI: Reserving DSDT table memory at [mem 0x3ffe0040-0x3ffe2235]
[    0.113371] ACPI: Reserving FACS table memory at [mem 0x3ffe0000-0x3ffe003f]
[    0.113407] ACPI: Reserving APIC table memory at [mem 0x3ffe22aa-0x3ffe2329]
[    0.113440] ACPI: Reserving HPET table memory at [mem 0x3ffe232a-0x3ffe2361]
[    0.113471] ACPI: Reserving WAET table memory at [mem 0x3ffe2362-0x3ffe2389]
[    0.119392] No NUMA configuration found
[    0.119519] Faking a node at [mem 0x0000000000000000-0x000000003ffdffff]
[    0.121854] NODE_DATA(0) allocated [mem 0x3fd5e000-0x3fd62fff]
[    0.128593] Zone ranges:
[    0.128770]   DMA      [mem 0x0000000000001000-0x0000000000ffffff]
[    0.128926]   DMA32    [mem 0x0000000001000000-0x000000003ffdffff]
[    0.128994]   Normal   empty
[    0.129065]   Device   empty
[    0.129117] Movable zone start for each node
[    0.129223] Early memory node ranges
[    0.129327]   node   0: [mem 0x0000000000001000-0x000000000009efff]
[    0.129701]   node   0: [mem 0x0000000000100000-0x000000003ffdffff]
[    0.130338] Initmem setup node 0 [mem 0x0000000000001000-0x000000003ffdffff]
[    0.133359] On node 0, zone DMA: 1 pages in unavailable ranges
[    0.134333] On node 0, zone DMA: 97 pages in unavailable ranges
[    0.165441] On node 0, zone DMA32: 32 pages in unavailable ranges
[    0.168168] ACPI: LAPIC_NMI (acpi_id[0xff] dfl dfl lint[0x1])
[    0.169347] IOAPIC[0]: apic_id 0, version 32, address 0xfec00000, GSI 0-23
[    0.169681] ACPI: INT_SRC_OVR (bus 0 bus_irq 0 global_irq 2 dfl dfl)
[    0.170419] ACPI: INT_SRC_OVR (bus 0 bus_irq 5 global_irq 5 high level)
[    0.170523] ACPI: INT_SRC_OVR (bus 0 bus_irq 9 global_irq 9 high level)
[    0.170813] ACPI: INT_SRC_OVR (bus 0 bus_irq 10 global_irq 10 high level)
[    0.170856] ACPI: INT_SRC_OVR (bus 0 bus_irq 11 global_irq 11 high level)
[    0.171470] Using ACPI (MADT) for SMP configuration information
[    0.171635] ACPI: HPET id: 0x8086a201 base: 0xfed00000
[    0.172588] smpboot: Allowing 2 CPUs, 0 hotplug CPUs
[    0.174851] [mem 0x40000000-0xfffbffff] available for PCI devices
[    0.174988] Booting paravirtualized kernel on bare hardware
[    0.176168] clocksource: refined-jiffies: mask: 0xffffffff max_cycles: 0xffffffff, max_idle_ns: 1910969940391419 ns
[    0.205935] setup_percpu: NR_CPUS:512 nr_cpumask_bits:512 nr_cpu_ids:2 nr_node_ids:1
[    0.220369] percpu: Embedded 63 pages/cpu s221184 r8192 d28672 u1048576
[    0.225808] Built 1 zonelists, mobility grouping on.  Total pages: 257897
[    0.225881] Policy zone: DMA32
[    0.226487] Kernel command line: console=ttyS0 rdinit=/init testvm_autorun=/run_badnode.sh nokaslr panic=-1
[    0.234857] Dentry cache hash table entries: 131072 (order: 8, 1048576 bytes, linear)
[    0.237284] Inode-cache hash table entries: 65536 (order: 7, 524288 bytes, linear)
[    0.242326] mem auto-init: stack:off, heap alloc:off, heap free:off
[    0.243475] AGP: Checking aperture...
[    0.247374] AGP: No AGP bridge found
[    0.281176] bad_dst_dbg page_alloc pcp_alloc page=ffffea0000120000 pfn=4800 mt=0 pcp_count=0 zone=DMA32 cpu=0
[    0.282260] bad_dst_dbg page_alloc pcp_alloc page=ffffea0000120040 pfn=4801 mt=0 pcp_count=0 zone=DMA32 cpu=0
[    0.282336] bad_dst_dbg page_alloc pcp_alloc page=ffffea0000120080 pfn=4802 mt=0 pcp_count=0 zone=DMA32 cpu=0
[    0.282398] bad_dst_dbg page_alloc pcp_alloc page=ffffea00001200c0 pfn=4803 mt=0 pcp_count=0 zone=DMA32 cpu=0
[    0.282452] bad_dst_dbg page_alloc pcp_alloc page=ffffea0000120100 pfn=4804 mt=0 pcp_count=0 zone=DMA32 cpu=0
[    0.282505] bad_dst_dbg page_alloc pcp_alloc page=ffffea0000120140 pfn=4805 mt=0 pcp_count=0 zone=DMA32 cpu=0
[    0.282555] bad_dst_dbg page_alloc pcp_alloc page=ffffea0000120180 pfn=4806 mt=0 pcp_count=0 zone=DMA32 cpu=0
[    0.282603] bad_dst_dbg page_alloc pcp_alloc page=ffffea00001201c0 pfn=4807 mt=0 pcp_count=0 zone=DMA32 cpu=0
[    0.282653] bad_dst_dbg page_alloc pcp_alloc page=ffffea0000120200 pfn=4808 mt=0 pcp_count=0 zone=DMA32 cpu=0
[    0.282701] bad_dst_dbg page_alloc pcp_alloc page=ffffea0000120240 pfn=4809 mt=0 pcp_count=0 zone=DMA32 cpu=0
[    0.283707] Memory: 208112K/1048056K available (18452K kernel code, 3390K rwdata, 15468K rodata, 1904K init, 4920K bss, 74424K reserved, 0K cma-reserved)
[    0.285852] random: get_random_u64 called from __kmem_cache_create+0x2a/0x4d0 with crng_init=0
[    0.300938] SLUB: HWalign=64, Order=0-3, MinObjects=0, CPUs=2, Nodes=1
[    0.304820] ftrace: allocating 57808 entries in 226 pages
[    0.552718] ftrace: allocated 226 pages with 4 groups
[    0.577746] rcu: Preemptible hierarchical RCU implementation.
[    0.577869] rcu: 	RCU restricting CPUs from NR_CPUS=512 to nr_cpu_ids=2.
[    0.578160] 	Trampoline variant of Tasks RCU enabled.
[    0.578197] 	Rude variant of Tasks RCU enabled.
[    0.578228] 	Tracing variant of Tasks RCU enabled.
[    0.578505] rcu: RCU calculated value of scheduler-enlistment delay is 100 jiffies.
[    0.578613] rcu: Adjusting geometry for rcu_fanout_leaf=16, nr_cpu_ids=2
[    0.650272] NR_IRQS: 33024, nr_irqs: 440, preallocated irqs: 16
[    0.689031] Console: colour VGA+ 80x25
[    0.712358] printk: console [ttyS0] enabled
[    0.715223] ACPI: Core revision 20200925
[    0.729819] clocksource: hpet: mask: 0xffffffff max_cycles: 0xffffffff, max_idle_ns: 19112604467 ns
[    0.742052] APIC: Switch to symmetric I/O mode setup
[    0.755161] ..TIMER: vector=0x30 apic1=0 pin1=2 apic2=-1 pin2=-1
[    0.762272] tsc: Marking TSC unstable due to TSCs unsynchronized
[    0.764125] Calibrating delay loop (skipped), value calculated using timer frequency.. 4608.08 BogoMIPS (lpj=2304040)
[    0.765031] pid_max: default: 32768 minimum: 301
[    0.767900] LSM: Security Framework initializing
[    0.770946] Yama: becoming mindful.
[    0.773431] LoadPin: ready to pin (currently enforcing)
[    0.779093] AppArmor: AppArmor initialized
[    0.779370] LSM support for eBPF active
[    0.780945] Mount-cache hash table entries: 2048 (order: 2, 16384 bytes, linear)
[    0.781257] Mountpoint-cache hash table entries: 2048 (order: 2, 16384 bytes, linear)
[    0.841787] process: using AMD E400 aware idle routine
[    0.842700] Last level iTLB entries: 4KB 512, 2MB 255, 4MB 127
[    0.842873] Last level dTLB entries: 4KB 512, 2MB 255, 4MB 127, 1GB 0
[    0.843533] Spectre V1 : Mitigation: usercopy/swapgs barriers and __user pointer sanitization
[    0.844161] Spectre V2 : Mitigation: Retpolines
[    0.844867] Spectre V2 : Spectre v2 / SpectreRSB mitigation: Filling RSB on context switch
[    0.852604] bad_dst_dbg page_alloc pcp_free page=ffffea00000fc8c0 pfn=3f23 mt=1 pcp_count=20 pcp_high=90 zone=DMA32 cpu=0
[    0.852957] bad_dst_dbg page_alloc pcp_free page=ffffea00000fc900 pfn=3f24 mt=1 pcp_count=21 pcp_high=90 zone=DMA32 cpu=0
[    0.853849] bad_dst_dbg page_alloc pcp_free page=ffffea00000fc940 pfn=3f25 mt=1 pcp_count=22 pcp_high=90 zone=DMA32 cpu=0
[    0.854227] bad_dst_dbg page_alloc pcp_free page=ffffea00000fc980 pfn=3f26 mt=1 pcp_count=23 pcp_high=90 zone=DMA32 cpu=0
[    0.854616] bad_dst_dbg page_alloc pcp_free page=ffffea00000fc9c0 pfn=3f27 mt=1 pcp_count=24 pcp_high=90 zone=DMA32 cpu=0
[    0.854843] bad_dst_dbg page_alloc pcp_free page=ffffea00000fca00 pfn=3f28 mt=1 pcp_count=25 pcp_high=90 zone=DMA32 cpu=0
[    0.855190] bad_dst_dbg page_alloc pcp_free page=ffffea00000fca40 pfn=3f29 mt=1 pcp_count=26 pcp_high=90 zone=DMA32 cpu=0
[    0.855850] bad_dst_dbg page_alloc pcp_free page=ffffea00000fca80 pfn=3f2a mt=1 pcp_count=27 pcp_high=90 zone=DMA32 cpu=0
[    0.856183] bad_dst_dbg page_alloc pcp_free page=ffffea00000fcac0 pfn=3f2b mt=1 pcp_count=28 pcp_high=90 zone=DMA32 cpu=0
[    0.856519] bad_dst_dbg page_alloc pcp_free page=ffffea00000fcb00 pfn=3f2c mt=1 pcp_count=29 pcp_high=90 zone=DMA32 cpu=0
[    0.856972] Freeing SMP alternatives memory: 60K
[    1.001211] random: fast init done
[    1.117805] smpboot: CPU0: AMD QEMU Virtual CPU version 2.5+ (family: 0xf, model: 0x6b, stepping: 0x1)
[    1.133603] Performance Events: PMU not available due to virtualization, using software events only.
[    1.139337] rcu: Hierarchical SRCU implementation.
[    1.156400] NMI watchdog: Perf NMI watchdog permanently disabled
[    1.166462] smp: Bringing up secondary CPUs ...
[    1.177043] x86: Booting SMP configuration:
[    1.177322] .... node  #0, CPUs:      #1
[    1.260386] smp: Brought up 1 node, 2 CPUs
[    1.261061] smpboot: Max logical packages: 1
[    1.261380] smpboot: Total of 2 processors activated (9147.56 BogoMIPS)
[    1.305364] node 0 deferred pages initialised in 23ms
[    1.330361] devtmpfs: initialized
[    1.340414] x86/mm: Memory block size: 128MB
[    1.360664] clocksource: jiffies: mask: 0xffffffff max_cycles: 0xffffffff, max_idle_ns: 1911260446275000 ns
[    1.361253] futex hash table entries: 512 (order: 3, 32768 bytes, linear)
[    1.374805] PM: RTC time: 08:18:38, date: 2026-05-26
[    1.404348] NET: Registered protocol family 16
[    1.416731] DMA: preallocated 128 KiB GFP_KERNEL pool for atomic allocations
[    1.417227] DMA: preallocated 128 KiB GFP_KERNEL|GFP_DMA pool for atomic allocations
[    1.417991] DMA: preallocated 128 KiB GFP_KERNEL|GFP_DMA32 pool for atomic allocations
[    1.419475] audit: initializing netlink subsys (disabled)
[    1.424773] audit: type=2000 audit(1779783517.679:1): state=initialized audit_enabled=0 res=1
[    1.432904] thermal_sys: Registered thermal governor 'step_wise'
[    1.433020] thermal_sys: Registered thermal governor 'user_space'
[    1.434162] cpuidle: using governor ladder
[    1.437144] cpuidle: using governor menu
[    1.440109] ACPI: bus type PCI registered
[    1.440540] acpiphp: ACPI Hot Plug PCI Controller Driver version: 0.5
[    1.446935] PCI: Using configuration type 1 for base access
[    1.453129] mtrr: your CPUs had inconsistent fixed MTRR settings
[    1.453375] mtrr: your CPUs had inconsistent variable MTRR settings
[    1.453584] mtrr: your CPUs had inconsistent MTRRdefType settings
[    1.453871] mtrr: probably your BIOS does not setup all CPUs.
[    1.454140] mtrr: corrected configuration.
[    1.510088] Kprobes globally optimized
[    1.520093] HugeTLB registered 2.00 MiB page size, pre-allocated 0 pages
[    1.547964] cryptd: max_cpu_qlen set to 1000
[    1.600966] raid6: sse2x4   gen()   583 MB/s
[    1.617991] raid6: sse2x4   xor()   364 MB/s
[    1.634849] raid6: sse2x2   gen()   663 MB/s
[    1.651836] raid6: sse2x2   xor()   386 MB/s
[    1.668909] raid6: sse2x1   gen()   644 MB/s
[    1.685910] raid6: sse2x1   xor()   326 MB/s
[    1.686165] raid6: using algorithm sse2x2 gen() 663 MB/s
[    1.686377] raid6: .... xor() 386 MB/s, rmw enabled
[    1.687190] raid6: using intx1 recovery algorithm
[    1.688892] ACPI: Added _OSI(Module Device)
[    1.689190] ACPI: Added _OSI(Processor Device)
[    1.689338] ACPI: Added _OSI(3.0 _SCP Extensions)
[    1.689486] ACPI: Added _OSI(Processor Aggregator Device)
[    1.689928] ACPI: Added _OSI(Linux-Dell-Video)
[    1.690155] ACPI: Added _OSI(Linux-Lenovo-NV-HDMI-Audio)
[    1.690322] ACPI: Added _OSI(Linux-HPI-Hybrid-Graphics)
[    1.731234] ACPI: 1 ACPI AML tables successfully acquired and loaded
[    1.771005] ACPI: Interpreter enabled
[    1.773334] ACPI: (supports S0 S3 S5)
[    1.773562] ACPI: Using IOAPIC for interrupt routing
[    1.775052] PCI: Using host bridge windows from ACPI; if necessary, use "pci=nocrs" and report a bug
[    1.778805] ACPI: Enabled 2 GPEs in block 00 to 0F
[    1.869722] ACPI: PCI Root Bridge [PCI0] (domain 0000 [bus 00-ff])
[    1.871776] acpi PNP0A03:00: _OSC: OS supports [ASPM ClockPM Segments MSI HPX-Type3]
[    1.874494] acpi PNP0A03:00: fail to add MMCONFIG information, can't access extended PCI configuration space under this bridge.
[    1.885299] acpiphp: Slot [3] registered
[    1.886051] acpiphp: Slot [4] registered
[    1.886532] acpiphp: Slot [5] registered
[    1.887080] acpiphp: Slot [6] registered
[    1.887432] acpiphp: Slot [7] registered
[    1.888014] acpiphp: Slot [8] registered
[    1.888458] acpiphp: Slot [9] registered
[    1.889028] acpiphp: Slot [10] registered
[    1.889398] acpiphp: Slot [11] registered
[    1.889998] acpiphp: Slot [12] registered
[    1.890512] acpiphp: Slot [13] registered
[    1.891135] acpiphp: Slot [14] registered
[    1.891580] acpiphp: Slot [15] registered
[    1.892224] acpiphp: Slot [16] registered
[    1.892639] acpiphp: Slot [17] registered
[    1.893200] acpiphp: Slot [18] registered
[    1.893565] acpiphp: Slot [19] registered
[    1.894100] acpiphp: Slot [20] registered
[    1.894456] acpiphp: Slot [21] registered
[    1.895122] acpiphp: Slot [22] registered
[    1.895536] acpiphp: Slot [23] registered
[    1.896186] acpiphp: Slot [24] registered
[    1.896574] acpiphp: Slot [25] registered
[    1.897121] acpiphp: Slot [26] registered
[    1.897508] acpiphp: Slot [27] registered
[    1.898036] acpiphp: Slot [28] registered
[    1.898482] acpiphp: Slot [29] registered
[    1.899115] acpiphp: Slot [30] registered
[    1.899497] acpiphp: Slot [31] registered
[    1.900434] PCI host bridge to bus 0000:00
[    1.901323] pci_bus 0000:00: root bus resource [io  0x0000-0x0cf7 window]
[    1.901587] pci_bus 0000:00: root bus resource [io  0x0d00-0xffff window]
[    1.902039] pci_bus 0000:00: root bus resource [mem 0x000a0000-0x000bffff window]
[    1.902282] pci_bus 0000:00: root bus resource [mem 0x40000000-0xfebfffff window]
[    1.902508] pci_bus 0000:00: root bus resource [mem 0x100000000-0x17fffffff window]
[    1.903300] pci_bus 0000:00: root bus resource [bus 00-ff]
[    1.906457] pci 0000:00:00.0: [8086:1237] type 00 class 0x060000
[    1.918471] pci 0000:00:01.0: [8086:7000] type 00 class 0x060100
[    1.921107] pci 0000:00:01.1: [8086:7010] type 00 class 0x010180
[    1.926995] pci 0000:00:01.1: reg 0x20: [io  0xc000-0xc00f]
[    1.929009] pci 0000:00:01.1: legacy IDE quirk: reg 0x10: [io  0x01f0-0x01f7]
[    1.929371] pci 0000:00:01.1: legacy IDE quirk: reg 0x14: [io  0x03f6]
[    1.929925] pci 0000:00:01.1: legacy IDE quirk: reg 0x18: [io  0x0170-0x0177]
[    1.930198] pci 0000:00:01.1: legacy IDE quirk: reg 0x1c: [io  0x0376]
[    1.933937] pci 0000:00:01.3: [8086:7113] type 00 class 0x068000
[    1.935381] pci 0000:00:01.3: quirk: [io  0x0600-0x063f] claimed by PIIX4 ACPI
[    1.935883] pci 0000:00:01.3: quirk: [io  0x0700-0x070f] claimed by PIIX4 SMB
[    1.938257] pci 0000:00:02.0: [1234:1111] type 00 class 0x030000
[    1.938805] pci 0000:00:02.0: reg 0x10: [mem 0xfd000000-0xfdffffff pref]
[    1.939805] pci 0000:00:02.0: reg 0x18: [mem 0xfebf0000-0xfebf0fff]
[    1.942773] pci 0000:00:02.0: reg 0x30: [mem 0xfebe0000-0xfebeffff pref]
[    1.956658] ACPI: PCI Interrupt Link [LNKA] (IRQs 5 *10 11)
[    1.958928] ACPI: PCI Interrupt Link [LNKB] (IRQs 5 *10 11)
[    1.960410] ACPI: PCI Interrupt Link [LNKC] (IRQs 5 10 *11)
[    1.962017] ACPI: PCI Interrupt Link [LNKD] (IRQs 5 10 *11)
[    1.962694] ACPI: PCI Interrupt Link [LNKS] (IRQs *9)
[    1.976082] iommu: Default domain type: Translated 
[    1.980995] SCSI subsystem initialized
[    1.987046] pps_core: LinuxPPS API ver. 1 registered
[    1.987353] pps_core: Software ver. 5.3.6 - Copyright 2005-2007 Rodolfo Giometti <giometti@linux.it>
[    1.987949] PTP clock support registered
[    2.017382] PCI: Using ACPI for IRQ routing
[    2.023898] hpet: 3 channels of 0 reserved for per-cpu timers
[    2.025242] hpet0: at MMIO 0xfed00000, IRQs 2, 8, 0
[    2.025941] hpet0: 3 comparators, 64-bit 100.000000 MHz counter
[    2.032740] clocksource: Switched to clocksource hpet
[    4.273522] VFS: Disk quotas dquot_6.6.0
[    4.274425] VFS: Dquot-cache hash table entries: 512 (order 0, 4096 bytes)
[    4.278395] FS-Cache: Loaded
[    4.291791] CacheFiles: Loaded
[    4.298461] AppArmor: AppArmor Filesystem Enabled
[    4.302105] pnp: PnP ACPI init
[    4.316544] pnp: PnP ACPI: found 6 devices
[    4.418697] NET: Registered protocol family 2
[    4.421681] IP idents hash table entries: 16384 (order: 5, 131072 bytes, linear)
[    4.450747] tcp_listen_portaddr_hash hash table entries: 512 (order: 1, 8192 bytes, linear)
[    4.451649] TCP established hash table entries: 8192 (order: 4, 65536 bytes, linear)
[    4.452604] TCP bind hash table entries: 8192 (order: 5, 131072 bytes, linear)
[    4.453516] TCP: Hash tables configured (established 8192 bind 8192)
[    4.457649] UDP hash table entries: 512 (order: 2, 16384 bytes, linear)
[    4.458599] UDP-Lite hash table entries: 512 (order: 2, 16384 bytes, linear)
[    4.463248] NET: Registered protocol family 1
[    4.472547] RPC: Registered named UNIX socket transport module.
[    4.473007] RPC: Registered udp transport module.
[    4.473233] RPC: Registered tcp transport module.
[    4.473413] RPC: Registered tcp NFSv4.1 backchannel transport module.
[    4.473774] NET: Registered protocol family 44
[    4.476391] pci_bus 0000:00: resource 4 [io  0x0000-0x0cf7 window]
[    4.476664] pci_bus 0000:00: resource 5 [io  0x0d00-0xffff window]
[    4.476990] pci_bus 0000:00: resource 6 [mem 0x000a0000-0x000bffff window]
[    4.477239] pci_bus 0000:00: resource 7 [mem 0x40000000-0xfebfffff window]
[    4.477453] pci_bus 0000:00: resource 8 [mem 0x100000000-0x17fffffff window]
[    4.479013] pci 0000:00:01.0: PIIX3: Enabling Passive Release
[    4.479508] pci 0000:00:00.0: Limiting direct PCI/PCI transfers
[    4.480173] pci 0000:00:01.0: Activating ISA DMA hang workarounds
[    4.481044] pci 0000:00:02.0: Video device with shadowed ROM at [mem 0x000c0000-0x000dffff]
[    4.481466] PCI: CLS 0 bytes, default 64
[    4.493706] Trying to unpack rootfs image as initramfs...
[    4.876588] Freeing initrd memory: 2548K
[    4.879342] kvm: no hardware support
[    4.884307] kvm: Nested Virtualization enabled
[    4.885148] SVM: kvm: Nested Paging disabled
[    4.900378] check: Scanning for low memory corruption every 60 seconds
[    4.912343] Initialise system trusted keyrings
[    4.917573] Key type blacklist registered
[    4.920358] workingset: timestamp_bits=40 max_order=18 bucket_order=0
[    4.971097] squashfs: version 4.0 (2009/01/31) Phillip Lougher
[    4.976018] FS-Cache: Netfs 'nfs' registered for caching
[    4.981541] NFS: Registering the id_resolver key type
[    4.982374] Key type id_resolver registered
[    4.982571] Key type id_legacy registered
[    4.984033] nfs4filelayout_init: NFSv4 File Layout Driver Registering...
[    4.985305] nfs4flexfilelayout_init: NFSv4 Flexfile Layout Driver Registering...
[    4.985586] Installing knfsd (copyright (C) 1996 okir@monad.swb.de).
[    5.001560] Key type cifs.spnego registered
[    5.002378] Key type cifs.idmap registered
[    5.002752] ntfs: driver 2.1.32 [Flags: R/O].
[    5.006709] fuse: init (API version 7.32)
[    5.011049] SGI XFS with ACLs, security attributes, quota, no debug enabled
[    5.024774] 9p: Installing v9fs 9p2000 file system support
[    5.030697] integrity: Platform Keyring initialized
[    5.078396] NET: Registered protocol family 38
[    5.079246] xor: measuring software checksum speed
[    5.102186]    prefetch64-sse  :   496 MB/sec
[    5.127585]    generic_sse     :   413 MB/sec
[    5.128109] xor: using function: prefetch64-sse (496 MB/sec)
[    5.128521] Key type asymmetric registered
[    5.129145] Asymmetric key parser 'x509' registered
[    5.129988] Block layer SCSI generic (bsg) driver version 0.4 loaded (major 248)
[    5.131658] io scheduler mq-deadline registered
[    5.132119] io scheduler kyber registered
[    5.133692] io scheduler bfq registered
[    5.145119] input: Power Button as /devices/LNXSYSTM:00/LNXPWRBN:00/input/input0
[    5.154382] bad_dst_dbg slub __slab_free_state cache=kmalloc-256 page=ffffea0000ffe480 pfn=3ff92 head=ffff88803ff92e00 cnt=1 prior=0000000000000000 old_inuse=16 new_inuse=15 was_frozen=1 new_frozen=1 objects=16 cpu=1
[    5.155684] bad_dst_dbg slub __slab_free_state cache=kmalloc-256 page=ffffea0000ffe480 pfn=3ff92 head=ffff88803ff92b00 cnt=1 prior=ffff88803ff92e00 old_inuse=15 new_inuse=14 was_frozen=1 new_frozen=1 objects=16 cpu=1
[    5.156432] ACPI: Power Button [PWRF]
[    5.169101] Serial: 8250/16550 driver, 4 ports, IRQ sharing disabled
[    5.174719] 00:04: ttyS0 at I/O 0x3f8 (irq = 4, base_baud = 115200) is a 16550A
[    5.189270] Non-volatile memory driver v1.3
[    5.191849] AMD-Vi: AMD IOMMUv2 functionality not available on this system - This is not a bug.
[    5.296535] brd: module loaded
[    5.394475] loop: module loaded
[    5.400227] zram: Added device: zram0
[    5.401171] Guest personality initialized and is inactive
[    5.403124] VMCI host device registered (name=vmci, major=10, minor=62)
[    5.403401] Initialized host personality
[    5.405234] Loading iSCSI transport class v2.0-870.
[    5.412118] iscsi: registered transport (tcp)
[    5.413300] VMware PVSCSI driver - version 1.0.7.0-k
[    5.414160] hv_vmbus: registering driver hv_storvsc
[    5.449346] scsi host0: ata_piix
[    5.457776] scsi host1: ata_piix
[    5.459765] ata1: PATA max MWDMA2 cmd 0x1f0 ctl 0x3f6 bmdma 0xc000 irq 14
[    5.460308] ata2: PATA max MWDMA2 cmd 0x170 ctl 0x376 bmdma 0xc008 irq 15
[    5.478185] Rounding down aligned max_sectors from 4294967295 to 4294967288
[    5.481707] db_root: cannot open: /etc/target
[    5.528181] wireguard: WireGuard 1.0.0 loaded. See www.wireguard.com for information.
[    5.528493] wireguard: Copyright (C) 2015-2019 Jason A. Donenfeld <Jason@zx2c4.com>. All Rights Reserved.
[    5.539609] tun: Universal TUN/TAP device driver, 1.6
[    5.544624] ixgbevf: Intel(R) 10 Gigabit PCI Express Virtual Function Network Driver
[    5.545149] ixgbevf: Copyright (c) 2009 - 2018 Intel Corporation.
[    5.547210] PPP generic driver version 2.4.2
[    5.549211] VMware vmxnet3 virtual NIC driver - version 1.5.0.0-k-NAPI
[    5.549801] hv_vmbus: registering driver hv_netvsc
[    5.552213] VFIO - User Level meta-driver version: 0.3
[    5.557842] i8042: PNP: PS/2 Controller [PNP0303:KBD,PNP0f13:MOU] at 0x60,0x64 irq 1,12
[    5.566387] serio: i8042 KBD port at 0x60,0x64 irq 1
[    5.568609] serio: i8042 AUX port at 0x60,0x64 irq 12
[    5.570696] hv_vmbus: registering driver hyperv_keyboard
[    5.576841] rtc_cmos 00:05: RTC can wake from S4
[    5.581287] input: AT Translated Set 2 keyboard as /devices/platform/i8042/serio0/input/input1
[    5.586362] rtc_cmos 00:05: registered as rtc0
[    5.588621] rtc_cmos 00:05: alarms up to one day, y3k, 242 bytes nvram, hpet irqs
[    5.589666] iTCO_wdt: Intel TCO WatchDog Timer Driver v1.11
[    5.590198] iTCO_vendor_support: vendor-support=0
[    5.600143] device-mapper: ioctl: 4.43.0-ioctl (2020-10-01) initialised: dm-devel@redhat.com
[    5.606115] device-mapper: multipath round-robin: version 1.2.0 loaded
[    5.606516] device-mapper: multipath queue-length: version 0.2.0 loaded
[    5.606792] device-mapper: multipath service-time: version 0.3.0 loaded
[    5.607210] device-mapper: multipath historical-service-time: version 0.1.1 loaded
[    5.609523] device-mapper: raid: Loading target version 1.15.1
[    5.620273] hv_utils: Registering HyperV Utility Driver
[    5.620591] hv_vmbus: registering driver hv_utils
[    5.620761] hv_vmbus: registering driver hv_balloon
[    5.623811] GACT probability NOT on
[    5.624791] Mirror/redirect action on
[    5.628512] netem: version 1.3
[    5.629403] u32 classifier
[    5.629552]     input device check on
[    5.629682]     Actions configured
[    5.639443] bad_dst_dbg slub __slab_free_state cache=kmalloc-256 page=ffffea0000ffc600 pfn=3ff18 head=ffff88803ff18800 cnt=5 prior=0000000000000000 old_inuse=16 new_inuse=11 was_frozen=0 new_frozen=1 objects=16 cpu=0
[    5.640416] bad_dst_dbg slub put_cpu_partial cache=kmalloc-256 page=ffffea0000ffc600 pfn=3ff18 drain=1 pages=1 pobjects=5 inuse=11 objects=16 cpu=0
[    5.640987] bad_dst_dbg slub __slab_free_state cache=kmalloc-256 page=ffffea0000191e00 pfn=6478 head=ffff888006478000 cnt=1 prior=0000000000000000 old_inuse=16 new_inuse=15 was_frozen=0 new_frozen=1 objects=16 cpu=0
[    5.641618] bad_dst_dbg slub put_cpu_partial cache=kmalloc-256 page=ffffea0000191e00 pfn=6478 drain=1 pages=2 pobjects=6 inuse=15 objects=16 cpu=0
[    5.642182] ata2.00: ATAPI: QEMU DVD-ROM, 2.5+, max UDMA/100
[    5.654368] xt_time: kernel timezone is -0000
[    5.656468] IPVS: Registered protocols (TCP, UDP, SCTP, AH, ESP)
[    5.657739] IPVS: Connection hash table configured (size=4096, memory=64Kbytes)
[    5.661418] IPVS: ipvs loaded.
[    5.661777] IPVS: [rr] scheduler registered.
[    5.662188] IPVS: [wrr] scheduler registered.
[    5.662364] IPVS: [lc] scheduler registered.
[    5.662510] IPVS: [wlc] scheduler registered.
[    5.662661] IPVS: [fo] scheduler registered.
[    5.662806] IPVS: [ovf] scheduler registered.
[    5.663362] IPVS: [lblc] scheduler registered.
[    5.663693] IPVS: [lblcr] scheduler registered.
[    5.664035] IPVS: [dh] scheduler registered.
[    5.664209] IPVS: [sh] scheduler registered.
[    5.664412] IPVS: [sed] scheduler registered.
[    5.664561] IPVS: [nq] scheduler registered.
[    5.665877] IPVS: ftp: loaded support on port[0] = 21
[    5.666406] IPVS: [sip] pe registered.
[    5.667427] ipip: IPv4 and MPLS over IPv4 tunneling driver
[    5.668147] bad_dst_dbg slub __slab_free_state cache=kmalloc-256 page=ffffea0000ffc600 pfn=3ff18 head=ffff88803ff18600 cnt=1 prior=0000000000000000 old_inuse=16 new_inuse=15 was_frozen=0 new_frozen=1 objects=16 cpu=0
[    5.668745] bad_dst_dbg slub put_cpu_partial cache=kmalloc-256 page=ffffea0000ffc600 pfn=3ff18 drain=1 pages=1 pobjects=1 inuse=15 objects=16 cpu=0
[    5.669355] bad_dst_dbg slub __slab_free_state cache=kmalloc-256 page=ffffea0000191e00 pfn=6478 head=ffff888006478000 cnt=1 prior=0000000000000000 old_inuse=16 new_inuse=15 was_frozen=0 new_frozen=1 objects=16 cpu=0
[    5.670033] bad_dst_dbg slub put_cpu_partial cache=kmalloc-256 page=ffffea0000191e00 pfn=6478 drain=1 pages=2 pobjects=2 inuse=15 objects=16 cpu=0
[    5.670432] bad_dst_dbg slub __slab_free_state cache=kmalloc-256 page=ffffea0000ffc0c0 pfn=3ff03 head=ffff88803ff03900 cnt=6 prior=0000000000000000 old_inuse=16 new_inuse=10 was_frozen=0 new_frozen=1 objects=16 cpu=0
[    5.671086] bad_dst_dbg slub put_cpu_partial cache=kmalloc-256 page=ffffea0000ffc0c0 pfn=3ff03 drain=1 pages=3 pobjects=8 inuse=10 objects=16 cpu=0
[    5.677031] gre: GRE over IPv4 demultiplexor driver
[    5.677394] ip_gre: GRE over IPv4 tunneling driver
[    5.684151] bad_dst_dbg slub __slab_free_state cache=kmalloc-256 page=ffffea0000ffc600 pfn=3ff18 head=ffff88803ff18200 cnt=1 prior=ffff88803ff18600 old_inuse=15 new_inuse=14 was_frozen=1 new_frozen=1 objects=16 cpu=0
[    5.685807] scsi 1:0:0:0: CD-ROM            QEMU     QEMU DVD-ROM     2.5+ PQ: 0 ANSI: 5
[    5.698374] ipt_CLUSTERIP: ClusterIP Version 0.8 loaded successfully
[    5.704172] Initializing XFRM netlink socket
[    5.705131] IPsec XFRM device driver
[    5.711497] NET: Registered protocol family 10
[    5.725453] sr 1:0:0:0: [sr0] scsi3-mmc drive: 4x/4x cd/rw xa/form2 tray
[    5.726433] cdrom: Uniform CD-ROM driver Revision: 3.20
[    5.737615] Segment Routing with IPv6
[    5.746484] rmqueue_pcplist: 4728 callbacks suppressed
[    5.746623] bad_dst_dbg page_alloc pcp_alloc page=ffffea0000196b80 pfn=65ae mt=0 pcp_count=185 zone=DMA32 cpu=0
[    5.748582] bad_dst_dbg page_alloc pcp_alloc page=ffffea0000192d40 pfn=64b5 mt=0 pcp_count=14 zone=DMA32 cpu=1
[    5.751555] bad_dst_dbg page_alloc pcp_alloc page=ffffea0000196bc0 pfn=65af mt=0 pcp_count=184 zone=DMA32 cpu=0
[    5.752437] bad_dst_dbg page_alloc pcp_alloc page=ffffea0000196c00 pfn=65b0 mt=0 pcp_count=183 zone=DMA32 cpu=0
[    5.753317] bad_dst_dbg page_alloc pcp_alloc page=ffffea0000197640 pfn=65d9 mt=0 pcp_count=76 zone=DMA32 cpu=1
[    5.753403] bad_dst_dbg page_alloc pcp_alloc page=ffffea0000196c40 pfn=65b1 mt=0 pcp_count=182 zone=DMA32 cpu=0
[    5.754670] bad_dst_dbg page_alloc pcp_alloc page=ffffea0000196c80 pfn=65b2 mt=0 pcp_count=181 zone=DMA32 cpu=0
[    5.755486] bad_dst_dbg page_alloc pcp_alloc page=ffffea0000197680 pfn=65da mt=0 pcp_count=75 zone=DMA32 cpu=1
[    5.759096] ip6_gre: GRE over IPv6 tunneling driver
[    5.760652] bad_dst_dbg page_alloc pcp_alloc page=ffffea0000197680 pfn=65da mt=0 pcp_count=75 zone=DMA32 cpu=1
[    5.761305] bad_dst_dbg page_alloc pcp_alloc page=ffffea00001976c0 pfn=65db mt=0 pcp_count=74 zone=DMA32 cpu=1
[    5.764409] NET: Registered protocol family 17
[    5.765600] NET: Registered protocol family 15
[    5.767746] Bridge firewalling registered
[    5.773791] RPC: Registered rdma transport module.
[    5.774192] RPC: Registered rdma backchannel transport module.
[    5.776193] 8021q: 802.1Q VLAN Support v1.8
[    5.779737] 9pnet: Installing 9P2000 support
[    5.780781] Key type dns_resolver registered
[    5.783146] NET: Registered protocol family 40
[    5.791562] IPI shorthand broadcast: enabled
[    5.794778] registered taskstats version 1
[    5.795412] Loading compiled-in X.509 certificates
[    5.847227] Loaded X.509 cert 'Build time autogenerated kernel key: 4504323df522a808911f4e0c6cd5fa52b82306a3'
[    5.851499] AppArmor: AppArmor sha1 policy hashing enabled
[    5.853122] ima: No TPM chip found, activating TPM-bypass!
[    5.853585] ima: Allocated hash algorithm: sha256
[    5.859700] ima: No architecture policies found
[    5.868367] PM:   Magic number: 10:67:322
[    5.869179] tty tty47: hash matches
[    5.873650] Unstable clock detected, switching default tracing clock to "global"
[    5.873650] If you want to keep using the local clock, then add:
[    5.873650]   "trace_clock=local"
[    5.873650] on the kernel command line
[    5.889486] integrity: Unable to open file: /etc/ima/pubkey.x509 (-2)
[    5.910876] free_unref_page_commit: 866 callbacks suppressed
[    5.910876] bad_dst_dbg page_alloc pcp_free page=ffffea000019a240 pfn=6689 mt=0 pcp_count=13 pcp_high=378 zone=DMA32 cpu=1
[    5.910876] bad_dst_dbg page_alloc pcp_free page=ffffea000019a200 pfn=6688 mt=0 pcp_count=14 pcp_high=378 zone=DMA32 cpu=1
[    5.910876] bad_dst_dbg page_alloc pcp_free page=ffffea000019a1c0 pfn=6687 mt=0 pcp_count=15 pcp_high=378 zone=DMA32 cpu=1
[    5.910876] bad_dst_dbg page_alloc pcp_free page=ffffea000019a180 pfn=6686 mt=0 pcp_count=16 pcp_high=378 zone=DMA32 cpu=1
[    5.910876] bad_dst_dbg page_alloc pcp_free page=ffffea000019a140 pfn=6685 mt=0 pcp_count=17 pcp_high=378 zone=DMA32 cpu=1
[    5.910876] bad_dst_dbg page_alloc pcp_free page=ffffea000019a100 pfn=6684 mt=0 pcp_count=18 pcp_high=378 zone=DMA32 cpu=1
[    5.910876] bad_dst_dbg page_alloc pcp_free page=ffffea000019a0c0 pfn=6683 mt=0 pcp_count=19 pcp_high=378 zone=DMA32 cpu=1
[    5.910876] bad_dst_dbg page_alloc pcp_free page=ffffea000019a080 pfn=6682 mt=0 pcp_count=20 pcp_high=378 zone=DMA32 cpu=1
[    5.910876] bad_dst_dbg page_alloc pcp_free page=ffffea000019a040 pfn=6681 mt=0 pcp_count=21 pcp_high=378 zone=DMA32 cpu=1
[    5.910876] bad_dst_dbg page_alloc pcp_free page=ffffea000019a000 pfn=6680 mt=0 pcp_count=22 pcp_high=378 zone=DMA32 cpu=1
[    5.925346] Freeing unused decrypted memory: 2036K
[    6.108087] Freeing unused kernel image (initmem) memory: 1904K
[    6.109081] Write protecting the kernel read-only data: 36864k
[    6.119796] Freeing unused kernel image (text/rodata gap) memory: 2024K
[    6.123697] Freeing unused kernel image (rodata/data gap) memory: 916K
[    6.124629] Run /init as init process
testvm busybox initrd ready
+ mkdir -p /dev/binderfs
+ mount -t binder binder /dev/binderfs
[    6.756409] bad_dst_dbg slub __slab_free_state cache=kmalloc-256 page=ffffea0000198100 pfn=6604 head=ffff888006604e00 cnt=1 prior=0000000000000000 old_inuse=16 new_inuse=15 was_frozen=0 new_frozen=1 objects=16 cpu=1
[    6.757414] bad_dst_dbg slub put_cpu_partial cache=kmalloc-256 page=ffffea0000198100 pfn=6604 drain=1 pages=1 pobjects=1 inuse=15 objects=16 cpu=1
+ ln -sf /dev/binderfs/binder /dev/binder
+ ln -sf /dev/binderfs/hwbinder /dev/hwbinder
+ ln -sf /dev/binderfs/vndbinder /dev/vndbinder
+ exec /badnode
Starting static exploit...
root payload: local shell
test context manager: ready
[    6.940748] bad_dst_dbg slub __slab_free_state cache=kmalloc-256 page=ffffea0000199500 pfn=6654 head=ffff888006654400 cnt=1 prior=0000000000000000 old_inuse=16 new_inuse=15 was_frozen=1 new_frozen=1 objects=16 cpu=0
Binder context created
Token manager found
B: listening for next command...
test context manager: registered handle 1
Binder node registered in token manager
C: reacquired context
A: received C's handle
C: reacquired context
A: received C's handle
[    7.005971] bad_dst_dbg slub put_cpu_partial cache=kmalloc-256 page=ffffea000019bc00 pfn=66f0 drain=1 pages=1 pobjects=1 inuse=15 objects=16 cpu=0
Opened file descriptors...
[    7.013501] bad_dst_dbg slub put_cpu_partial cache=kmalloc-256 page=ffffea000019e780 pfn=679e drain=1 pages=1 pobjects=1 inuse=15 objects=16 cpu=0
[   10.749493] rmqueue_pcplist: 1790 callbacks suppressed
[   10.749537] bad_dst_dbg page_alloc pcp_alloc page=ffffea00001a19c0 pfn=6867 mt=0 pcp_count=39 zone=DMA32 cpu=0
[   10.773581] bad_dst_dbg page_alloc pcp_alloc page=ffffea00001a1a00 pfn=6868 mt=0 pcp_count=38 zone=DMA32 cpu=0
[   10.806595] bad_dst_dbg page_alloc pcp_alloc page=ffffea00001a1a40 pfn=6869 mt=0 pcp_count=37 zone=DMA32 cpu=0
[   10.823093] bad_dst_dbg page_alloc pcp_alloc page=ffffea00001a1a80 pfn=686a mt=0 pcp_count=36 zone=DMA32 cpu=0
[   10.825219] bad_dst_dbg page_alloc pcp_alloc page=ffffea00001a1ac0 pfn=686b mt=0 pcp_count=35 zone=DMA32 cpu=0
[   10.828667] bad_dst_dbg page_alloc pcp_alloc page=ffffea00001a1b00 pfn=686c mt=0 pcp_count=34 zone=DMA32 cpu=0
[   10.848731] bad_dst_dbg page_alloc pcp_alloc page=ffffea00001a1b40 pfn=686d mt=0 pcp_count=33 zone=DMA32 cpu=0
[   10.868298] bad_dst_dbg page_alloc pcp_alloc page=ffffea00001a1b80 pfn=686e mt=0 pcp_count=32 zone=DMA32 cpu=0
[   10.887596] bad_dst_dbg page_alloc pcp_alloc page=ffffea00001a1bc0 pfn=686f mt=0 pcp_count=94 zone=DMA32 cpu=0
[   10.905772] bad_dst_dbg page_alloc pcp_alloc page=ffffea00001a1c00 pfn=6870 mt=0 pcp_count=93 zone=DMA32 cpu=0
[   15.753559] rmqueue_pcplist: 257 callbacks suppressed
[   15.753606] bad_dst_dbg page_alloc pcp_alloc page=ffffea00001a5c80 pfn=6972 mt=0 pcp_count=87 zone=DMA32 cpu=0
[   15.773445] bad_dst_dbg page_alloc pcp_alloc page=ffffea00001a5cc0 pfn=6973 mt=0 pcp_count=86 zone=DMA32 cpu=0
[   15.795234] bad_dst_dbg page_alloc pcp_alloc page=ffffea00001a5d00 pfn=6974 mt=0 pcp_count=85 zone=DMA32 cpu=0
[   15.815089] bad_dst_dbg page_alloc pcp_alloc page=ffffea00001a5d40 pfn=6975 mt=0 pcp_count=84 zone=DMA32 cpu=0
[   15.837273] bad_dst_dbg page_alloc pcp_alloc page=ffffea00001a5d80 pfn=6976 mt=0 pcp_count=83 zone=DMA32 cpu=0
[   15.858490] bad_dst_dbg page_alloc pcp_alloc page=ffffea00001a5dc0 pfn=6977 mt=0 pcp_count=82 zone=DMA32 cpu=0
[   15.881513] bad_dst_dbg page_alloc pcp_alloc page=ffffea00001a5e00 pfn=6978 mt=0 pcp_count=81 zone=DMA32 cpu=0
[   15.901178] bad_dst_dbg page_alloc pcp_alloc page=ffffea00001a5e40 pfn=6979 mt=0 pcp_count=80 zone=DMA32 cpu=0
[   15.917843] bad_dst_dbg page_alloc pcp_alloc page=ffffea00001a5e80 pfn=697a mt=0 pcp_count=79 zone=DMA32 cpu=0
[   15.920254] bad_dst_dbg page_alloc pcp_alloc page=ffffea00001a5ec0 pfn=697b mt=0 pcp_count=78 zone=DMA32 cpu=0
Allocated from binder allocator...
Created gaps in binder allocator...
B: got UAF command base id: 10000000, count: 4096
[   19.862423] __slab_free: 8 callbacks suppressed
[   19.862483] bad_dst_dbg slub __slab_free_state cache=kmalloc-256 page=ffffea000019e800 pfn=67a0 head=ffff8880067a0f00 cnt=1 prior=0000000000000000 old_inuse=16 new_inuse=15 was_frozen=1 new_frozen=1 objects=16 cpu=1
[   19.862634] bad_dst_dbg slub __slab_free_state cache=kmalloc-256 page=ffffea0000199500 pfn=6654 head=ffff888006654700 cnt=1 prior=ffff888006654000 old_inuse=12 new_inuse=11 was_frozen=1 new_frozen=1 objects=16 cpu=0
B: acquired A handle
[   20.754742] rmqueue_pcplist: 517 callbacks suppressed
[   20.754819] bad_dst_dbg page_alloc pcp_alloc page=ffffea00001ad480 pfn=6b52 mt=0 pcp_count=66 zone=DMA32 cpu=0
[   20.762849] bad_dst_dbg page_alloc pcp_alloc page=ffffea00001ad4c0 pfn=6b53 mt=0 pcp_count=65 zone=DMA32 cpu=0
[   20.772187] bad_dst_dbg page_alloc pcp_alloc page=ffffea00001ad500 pfn=6b54 mt=0 pcp_count=64 zone=DMA32 cpu=0
[   20.780451] bad_dst_dbg page_alloc pcp_alloc page=ffffea00001ad540 pfn=6b55 mt=0 pcp_count=63 zone=DMA32 cpu=0
[   20.789302] bad_dst_dbg page_alloc pcp_alloc page=ffffea00001ad580 pfn=6b56 mt=0 pcp_count=62 zone=DMA32 cpu=0
[   20.798163] bad_dst_dbg page_alloc pcp_alloc page=ffffea00001ad5c0 pfn=6b57 mt=0 pcp_count=61 zone=DMA32 cpu=0
[   20.806847] bad_dst_dbg page_alloc pcp_alloc page=ffffea00001ad600 pfn=6b58 mt=0 pcp_count=60 zone=DMA32 cpu=0
[   20.815669] bad_dst_dbg page_alloc pcp_alloc page=ffffea00001ad640 pfn=6b59 mt=0 pcp_count=59 zone=DMA32 cpu=0
[   20.824844] bad_dst_dbg page_alloc pcp_alloc page=ffffea00001ad680 pfn=6b5a mt=0 pcp_count=58 zone=DMA32 cpu=0
[   20.834772] bad_dst_dbg page_alloc pcp_alloc page=ffffea00001ad6c0 pfn=6b5b mt=0 pcp_count=57 zone=DMA32 cpu=0
[   20.900227] free_unref_page_commit: 2762 callbacks suppressed
[   20.900310] bad_dst_dbg page_alloc pcp_free page=ffffea000008f540 pfn=23d5 mt=1 pcp_count=54 pcp_high=378 zone=DMA32 cpu=0
[   20.900902] bad_dst_dbg page_alloc pcp_free page=ffffea000008f500 pfn=23d4 mt=1 pcp_count=55 pcp_high=378 zone=DMA32 cpu=0
[   20.900902] bad_dst_dbg page_alloc pcp_free page=ffffea0000ff6b40 pfn=3fdad mt=1 pcp_count=56 pcp_high=378 zone=DMA32 cpu=0
[   20.900902] bad_dst_dbg page_alloc pcp_free page=ffffea0000ff6b00 pfn=3fdac mt=1 pcp_count=57 pcp_high=378 zone=DMA32 cpu=0
[   20.900902] bad_dst_dbg page_alloc pcp_free page=ffffea0000fa3cc0 pfn=3e8f3 mt=1 pcp_count=58 pcp_high=378 zone=DMA32 cpu=0
[   20.900902] bad_dst_dbg page_alloc pcp_free page=ffffea0000fa3c80 pfn=3e8f2 mt=1 pcp_count=59 pcp_high=378 zone=DMA32 cpu=0
[   20.900902] bad_dst_dbg page_alloc pcp_free page=ffffea00000fc840 pfn=3f21 mt=1 pcp_count=60 pcp_high=378 zone=DMA32 cpu=0
[   20.900902] bad_dst_dbg page_alloc pcp_free page=ffffea00000fc800 pfn=3f20 mt=1 pcp_count=61 pcp_high=378 zone=DMA32 cpu=0
[   20.912200] bad_dst_dbg page_alloc pcp_free page=ffffea0000ff6a00 pfn=3fda8 mt=1 pcp_count=62 pcp_high=378 zone=DMA32 cpu=0
[   20.912873] bad_dst_dbg page_alloc pcp_free page=ffffea0000fa3dc0 pfn=3e8f7 mt=1 pcp_count=63 pcp_high=378 zone=DMA32 cpu=0
B: received handles
B: sent fake messages
[   21.530636] binder: 155:155 got transaction with invalid offsets size, 15
[   21.531576] binder: transaction release 32314 bad node ffffffffffffffff
[   21.532320] binder: 155:155 transaction failed 29201/-22, size 48-15 line 3196
[   21.533217] binder: 155:155 got transaction with invalid offsets size, 15
[   21.533491] binder: transaction release 32315 bad node ffffffffffffffff
[   21.533730] binder: 155:155 transaction failed 29201/-22, size 48-15 line 3196
[   21.534161] binder: 155:155 got transaction with invalid offsets size, 15
[   21.534542] binder: transaction release 32316 bad node ffffffffffffffff
[   21.535042] binder: 155:155 transaction failed 29201/-22, size 48-15 line 3196
[   21.535468] binder: 155:155 got transaction with invalid offsets size, 15
[   21.535736] binder: transaction release 32317 bad node ffffffffffffffff
[   21.536133] binder: 155:155 transaction failed 29201/-22, size 48-15 line 3196
[   21.536461] binder: 155:155 got transaction with invalid offsets size, 15
[   21.536718] binder: transaction release 32318 bad node ffffffffffffffff
[   21.537074] binder: 155:155 transaction failed 29201/-22, size 48-15 line 3196
[   21.537510] binder: 155:155 got transaction with invalid offsets size, 15
[   21.537775] binder: transaction release 32319 bad node ffffffffffffffff
[   21.538195] binder: 155:155 transaction failed 29201/-22, size 48-15 line 3196
[   21.538542] binder: 155:155 got transaction with invalid offsets size, 15
[   21.538811] binder: transaction release 32320 bad node ffffffffffffffff
[   21.539288] binder: 155:155 transaction failed 29201/-22, size 48-15 line 3196
[   21.539618] binder: 155:155 got transaction with invalid offsets size, 15
[   21.540049] binder: transaction release 32321 bad node ffffffffffffffff
[   21.540334] binder: 155:155 transaction failed 29201/-22, size 48-15 line 3196
[   21.540652] binder: 155:155 got transaction with invalid offsets size, 15
[   21.541053] binder: transaction release 32322 bad node ffffffffffffffff
[   21.541344] binder: 155:155 transaction failed 29201/-22, size 48-15 line 3196
[   21.541675] binder: 155:155 got transaction with invalid offsets size, 15
[   21.542046] binder: transaction release 32323 bad node ffffffffffffffff
[   21.542337] binder: 155:155 transaction failed 29201/-22, size 48-15 line 3196
[   21.542677] binder: transaction release 32324 bad node ffffffffffffffff
[   21.543125] binder: transaction release 32325 bad node ffffffffffffffff
[   21.543453] binder: transaction release 32326 bad node ffffffffffffffff
[   21.543747] binder: transaction release 32327 bad node ffffffffffffffff
[   21.544183] binder: transaction release 32328 bad node ffffffffffffffff
[   21.544569] binder: transaction release 32329 bad node ffffffffffffffff
[   21.545030] binder: transaction release 32330 bad node ffffffffffffffff
[   21.545387] binder: transaction release 32331 bad node ffffffffffffffff
[   21.545703] binder: transaction release 32332 bad node ffffffffffffffff
[   21.546186] binder: transaction release 32333 bad node ffffffffffffffff
[   21.546488] binder: transaction release 32334 bad node ffffffffffffffff
[   21.546791] binder: transaction release 32335 bad node ffffffffffffffff
[   21.547245] binder: transaction release 32336 bad node ffffffffffffffff
[   21.547567] binder: transaction release 32337 bad node ffffffffffffffff
[   21.547998] binder: transaction release 32338 bad node ffffffffffffffff
[   21.548323] binder: transaction release 32339 bad node ffffffffffffffff
[   21.548608] binder: transaction release 32340 bad node ffffffffffffffff
[   21.549022] binder: transaction release 32341 bad node ffffffffffffffff
[   21.549354] binder: transaction release 32342 bad node ffffffffffffffff
[   21.549643] binder: transaction release 32343 bad node ffffffffffffffff
[   21.550097] binder: transaction release 32344 bad node ffffffffffffffff
[   21.550701] binder: transaction release 32345 bad node ffffffffffffffff
[   21.551276] binder: transaction release 32346 bad node ffffffffffffffff
[   21.551629] binder: transaction release 32347 bad node ffffffffffffffff
[   21.552111] binder: transaction release 32348 bad node ffffffffffffffff
[   21.552548] binder: transaction release 32349 bad node ffffffffffffffff
[   21.553159] binder: transaction release 32350 bad node ffffffffffffffff
[   21.553516] binder: transaction release 32351 bad node ffffffffffffffff
[   21.554118] binder: transaction release 32352 bad node ffffffffffffffff
[   21.554515] binder: transaction release 32353 bad node ffffffffffffffff
[   21.554834] binder: transaction release 32354 bad node ffffffffffffffff
[   21.555319] binder: transaction release 32355 bad node ffffffffffffffff
[   21.555636] binder: transaction release 32356 bad node ffffffffffffffff
[   21.556072] binder: transaction release 32357 bad node ffffffffffffffff
[   21.556410] binder: transaction release 32358 bad node ffffffffffffffff
[   21.556754] binder: transaction release 32359 bad node ffffffffffffffff
[   21.557226] binder: transaction release 32360 bad node ffffffffffffffff
[   21.557543] binder: transaction release 32361 bad node ffffffffffffffff
[   21.558085] binder: transaction release 32362 bad node ffffffffffffffff
[   21.558470] binder: transaction release 32363 bad node ffffffffffffffff
[   21.558949] binder: transaction release 32364 bad node ffffffffffffffff
[   21.559441] binder: transaction release 32365 bad node ffffffffffffffff
[   21.559807] binder: transaction release 32366 bad node ffffffffffffffff
[   21.560351] binder: transaction release 32367 bad node ffffffffffffffff
[   21.560648] binder: transaction release 32368 bad node ffffffffffffffff
[   21.561070] binder: transaction release 32369 bad node ffffffffffffffff
[   21.561411] binder: transaction release 32370 bad node ffffffffffffffff
[   21.561717] binder: transaction release 32371 bad node ffffffffffffffff
[   21.562173] binder: transaction release 32372 bad node ffffffffffffffff
[   21.562492] binder: transaction release 32373 bad node ffffffffffffffff
[   21.562801] binder: transaction release 32374 bad node ffffffffffffffff
[   21.563325] binder: transaction release 32375 bad node ffffffffffffffff
[   21.563623] binder: transaction release 32376 bad node ffffffffffffffff
[   21.564058] binder: transaction release 32377 bad node ffffffffffffffff
[   21.564410] binder: transaction release 32378 bad node ffffffffffffffff
[   21.564723] binder: transaction release 32379 bad node ffffffffffffffff
[   21.565231] binder: transaction release 32380 bad node ffffffffffffffff
[   21.565660] binder: transaction release 32381 bad node ffffffffffffffff
[   21.566218] binder: transaction release 32382 bad node ffffffffffffffff
[   21.566584] binder: transaction release 32383 bad node ffffffffffffffff
[   21.567300] binder: transaction release 32384 bad node ffffffffffffffff
[   21.567696] binder: transaction release 32385 bad node ffffffffffffffff
[   21.568251] binder: transaction release 32386 bad node ffffffffffffffff
[   21.568587] binder: transaction release 32387 bad node ffffffffffffffff
[   21.569035] binder: transaction release 32388 bad node ffffffffffffffff
[   21.569390] binder: transaction release 32389 bad node ffffffffffffffff
[   21.569778] binder: transaction release 32390 bad node ffffffffffffffff
[   21.570227] binder: transaction release 32391 bad node ffffffffffffffff
[   21.570555] binder: transaction release 32392 bad node ffffffffffffffff
[   21.570976] binder: transaction release 32393 bad node ffffffffffffffff
[   21.571325] binder: transaction release 32394 bad node ffffffffffffffff
[   21.571634] binder: transaction release 32395 bad node ffffffffffffffff
[   21.572115] binder: transaction release 32396 bad node ffffffffffffffff
[   21.572472] binder: transaction release 32397 bad node ffffffffffffffff
[   21.572793] binder: transaction release 32398 bad node ffffffffffffffff
[   21.573260] binder: transaction release 32399 bad node ffffffffffffffff
[   21.573691] binder: transaction release 32400 bad node ffffffffffffffff
[   21.574169] binder: transaction release 32401 bad node ffffffffffffffff
[   21.574529] binder: transaction release 32402 bad node ffffffffffffffff
[   21.574986] binder: transaction release 32403 bad node ffffffffffffffff
[   21.575336] binder: transaction release 32404 bad node ffffffffffffffff
[   21.575623] binder: transaction release 32405 bad node ffffffffffffffff
[   21.576086] binder: transaction release 32406 bad node ffffffffffffffff
[   21.576452] binder: transaction release 32407 bad node ffffffffffffffff
[   21.576762] binder: transaction release 32408 bad node ffffffffffffffff
[   21.577245] binder: transaction release 32409 bad node ffffffffffffffff
[   21.577557] binder: transaction release 32410 bad node ffffffffffffffff
[   21.577961] binder: transaction release 32411 bad node ffffffffffffffff
[   21.578300] binder: transaction release 32412 bad node ffffffffffffffff
[   21.578593] binder: transaction release 32413 bad node ffffffffffffffff
[   21.579034] binder: transaction release 32414 bad node ffffffffffffffff
[   21.579375] binder: transaction release 32415 bad node ffffffffffffffff
[   21.579683] binder: transaction release 32416 bad node ffffffffffffffff
[   21.580385] binder: transaction release 32417 bad node ffffffffffffffff
[   21.580768] binder: transaction release 32418 bad node ffffffffffffffff
[   21.581226] binder: transaction release 32419 bad node ffffffffffffffff
[   21.581525] binder: transaction release 32420 bad node ffffffffffffffff
[   21.581829] binder: transaction release 32421 bad node ffffffffffffffff
[   21.582233] binder: transaction release 32422 bad node ffffffffffffffff
[   21.582519] binder: transaction release 32423 bad node ffffffffffffffff
[   21.582805] binder: transaction release 32424 bad node ffffffffffffffff
[   21.583231] binder: transaction release 32425 bad node ffffffffffffffff
[   21.583525] binder: transaction release 32426 bad node ffffffffffffffff
[   21.583829] binder: transaction release 32427 bad node ffffffffffffffff
[   21.584470] binder: transaction release 32428 bad node ffffffffffffffff
[   21.585127] binder: transaction release 32429 bad node ffffffffffffffff
[   21.585484] binder: transaction release 32430 bad node ffffffffffffffff
[   21.585787] binder: transaction release 32431 bad node ffffffffffffffff
[   21.586407] binder: transaction release 32432 bad node ffffffffffffffff
[   21.587054] binder: transaction release 32433 bad node ffffffffffffffff
[   21.587437] binder: transaction release 32434 bad node ffffffffffffffff
[   21.587799] binder: transaction release 32435 bad node ffffffffffffffff
[   21.588297] binder: transaction release 32436 bad node ffffffffffffffff
[   21.588612] binder: transaction release 32437 bad node ffffffffffffffff
[   21.589064] binder: transaction release 32438 bad node ffffffffffffffff
[   21.589426] binder: transaction release 32439 bad node ffffffffffffffff
[   21.589723] binder: transaction release 32440 bad node ffffffffffffffff
[   21.590234] binder: transaction release 32441 bad node ffffffffffffffff
[   21.590564] binder: transaction release 32442 bad node ffffffffffffffff
[   21.590948] binder: transaction release 32443 bad node ffffffffffffffff
[   21.591368] binder: transaction release 32444 bad node ffffffffffffffff
[   21.591680] binder: transaction release 32445 bad node ffffffffffffffff
[   21.592157] binder: transaction release 32446 bad node ffffffffffffffff
[   21.592514] binder: transaction release 32447 bad node ffffffffffffffff
[   21.592817] binder: transaction release 32448 bad node ffffffffffffffff
[   21.593383] binder: transaction release 32449 bad node ffffffffffffffff
[   21.593707] binder: transaction release 32450 bad node ffffffffffffffff
[   21.594220] binder: transaction release 32451 bad node ffffffffffffffff
[   21.594557] binder: transaction release 32452 bad node ffffffffffffffff
[   21.595058] binder: transaction release 32453 bad node ffffffffffffffff
[   21.595427] binder: transaction release 32454 bad node ffffffffffffffff
[   21.595730] binder: transaction release 32455 bad node ffffffffffffffff
[   21.596179] binder: transaction release 32456 bad node ffffffffffffffff
[   21.596498] binder: transaction release 32457 bad node ffffffffffffffff
[   21.596800] binder: transaction release 32458 bad node ffffffffffffffff
[   21.597270] binder: transaction release 32459 bad node ffffffffffffffff
[   21.597604] binder: transaction release 32460 bad node ffffffffffffffff
[   21.598070] binder: transaction release 32461 bad node ffffffffffffffff
[   21.598453] binder: transaction release 32462 bad node ffffffffffffffff
[   21.598753] binder: transaction release 32463 bad node ffffffffffffffff
[   21.599183] binder: transaction release 32464 bad node ffffffffffffffff
[   21.599494] binder: transaction release 32465 bad node ffffffffffffffff
[   21.600062] binder: transaction release 32466 bad node ffffffffffffffff
[   21.600566] binder: transaction release 32467 bad node ffffffffffffffff
[   21.601205] binder: transaction release 32468 bad node ffffffffffffffff
[   21.601618] binder: transaction release 32469 bad node ffffffffffffffff
[   21.602096] binder: transaction release 32470 bad node ffffffffffffffff
[   21.602438] binder: transaction release 32471 bad node ffffffffffffffff
[   21.602742] binder: transaction release 32472 bad node ffffffffffffffff
[   21.603261] binder: transaction release 32473 bad node ffffffffffffffff
[   21.603580] binder: transaction release 32474 bad node ffffffffffffffff
[   21.604011] binder: transaction release 32475 bad node ffffffffffffffff
[   21.604354] binder: transaction release 32476 bad node ffffffffffffffff
[   21.604661] binder: transaction release 32477 bad node ffffffffffffffff
[   21.605153] binder: transaction release 32478 bad node ffffffffffffffff
[   21.605499] binder: transaction release 32479 bad node ffffffffffffffff
[   21.605930] binder: transaction release 32480 bad node ffffffffffffffff
[   21.606336] binder: transaction release 32481 bad node ffffffffffffffff
[   21.606661] binder: transaction release 32482 bad node ffffffffffffffff
[   21.607285] binder: transaction release 32483 bad node ffffffffffffffff
[   21.607663] binder: transaction release 32484 bad node ffffffffffffffff
[   21.608349] binder: transaction release 32485 bad node ffffffffffffffff
[   21.608719] binder: transaction release 32486 bad node ffffffffffffffff
[   21.609228] binder: transaction release 32487 bad node ffffffffffffffff
[   21.609540] binder: transaction release 32488 bad node ffffffffffffffff
[   21.609996] binder: transaction release 32489 bad node ffffffffffffffff
[   21.610370] binder: transaction release 32490 bad node ffffffffffffffff
[   21.610655] binder: transaction release 32491 bad node ffffffffffffffff
[   21.611081] binder: transaction release 32492 bad node ffffffffffffffff
[   21.611419] binder: transaction release 32493 bad node ffffffffffffffff
[   21.611704] binder: transaction release 32494 bad node ffffffffffffffff
[   21.612129] binder: transaction release 32495 bad node ffffffffffffffff
[   21.612453] binder: transaction release 32496 bad node ffffffffffffffff
[   21.612740] binder: transaction release 32497 bad node ffffffffffffffff
[   21.613169] binder: transaction release 32498 bad node ffffffffffffffff
[   21.613472] binder: transaction release 32499 bad node ffffffffffffffff
[   21.614007] binder: transaction release 32500 bad node ffffffffffffffff
[   21.614377] binder: transaction release 32501 bad node ffffffffffffffff
[   21.614690] binder: transaction release 32502 bad node ffffffffffffffff
[   21.615229] binder: transaction release 32503 bad node ffffffffffffffff
[   21.615585] binder: transaction release 32504 bad node ffffffffffffffff
[   21.616174] binder: transaction release 32505 bad node ffffffffffffffff
[   21.616490] binder: transaction release 32506 bad node ffffffffffffffff
[   21.616773] binder: transaction release 32507 bad node ffffffffffffffff
[   21.617307] binder: transaction release 32508 bad node ffffffffffffffff
[   21.617624] binder: transaction release 32509 bad node ffffffffffffffff
[   21.618381] binder: transaction release 32510 bad node ffffffffffffffff
[   21.618772] binder: transaction release 32511 bad node ffffffffffffffff
[   21.619251] binder: transaction release 32512 bad node ffffffffffffffff
[   21.619545] binder: transaction release 32513 bad node ffffffffffffffff
[   21.620097] binder: transaction release 32514 bad node ffffffffffffffff
[   21.620498] binder: transaction release 32515 bad node ffffffffffffffff
[   21.621013] binder: transaction release 32516 bad node ffffffffffffffff
[   21.621464] binder: transaction release 32517 bad node ffffffffffffffff
[   21.621794] binder: transaction release 32518 bad node ffffffffffffffff
[   21.622300] binder: transaction release 32519 bad node ffffffffffffffff
[   21.622593] binder: transaction release 32520 bad node ffffffffffffffff
[   21.623010] binder: transaction release 32521 bad node ffffffffffffffff
[   21.623370] binder: transaction release 32522 bad node ffffffffffffffff
[   21.623703] binder: transaction release 32523 bad node ffffffffffffffff
[   21.624150] binder: transaction release 32524 bad node ffffffffffffffff
[   21.624470] binder: transaction release 32525 bad node ffffffffffffffff
[   21.624960] binder: transaction release 32526 bad node ffffffffffffffff
[   21.625357] binder: transaction release 32527 bad node ffffffffffffffff
[   21.625643] binder: transaction release 32528 bad node ffffffffffffffff
[   21.626143] binder: transaction release 32529 bad node ffffffffffffffff
[   21.626450] binder: transaction release 32530 bad node ffffffffffffffff
[   21.626733] binder: transaction release 32531 bad node ffffffffffffffff
[   21.627171] binder: transaction release 32532 bad node ffffffffffffffff
[   21.627481] binder: transaction release 32533 bad node ffffffffffffffff
[   21.627836] binder: transaction release 32534 bad node ffffffffffffffff
[   21.628341] binder: transaction release 32535 bad node ffffffffffffffff
[   21.628657] binder: transaction release 32536 bad node ffffffffffffffff
[   21.629117] binder: transaction release 32537 bad node ffffffffffffffff
[   21.629475] binder: transaction release 32538 bad node ffffffffffffffff
[   21.629769] binder: transaction release 32539 bad node ffffffffffffffff
[   21.630215] binder: transaction release 32540 bad node ffffffffffffffff
[   21.630511] binder: transaction release 32541 bad node ffffffffffffffff
[   21.630794] binder: transaction release 32542 bad node ffffffffffffffff
[   21.631229] binder: transaction release 32543 bad node ffffffffffffffff
[   21.631520] binder: transaction release 32544 bad node ffffffffffffffff
[   21.631806] binder: transaction release 32545 bad node ffffffffffffffff
[   21.632258] binder: transaction release 32546 bad node ffffffffffffffff
[   21.632574] binder: transaction release 32547 bad node ffffffffffffffff
[   21.633259] binder: transaction release 32548 bad node ffffffffffffffff
[   21.633613] binder: transaction release 32549 bad node ffffffffffffffff
[   21.634429] binder: transaction release 32550 bad node ffffffffffffffff
[   21.635244] binder: transaction release 32551 bad node ffffffffffffffff
[   21.635628] binder: transaction release 32552 bad node ffffffffffffffff
[   21.636143] binder: transaction release 32553 bad node ffffffffffffffff
[   21.636604] binder: transaction release 32554 bad node ffffffffffffffff
[   21.637122] binder: transaction release 32555 bad node ffffffffffffffff
[   21.637457] binder: transaction release 32556 bad node ffffffffffffffff
[   21.637761] binder: transaction release 32557 bad node ffffffffffffffff
[   21.638206] binder: transaction release 32558 bad node ffffffffffffffff
[   21.638517] binder: transaction release 32559 bad node ffffffffffffffff
[   21.638839] binder: transaction release 32560 bad node ffffffffffffffff
[   21.639263] binder: transaction release 32561 bad node ffffffffffffffff
[   21.639567] binder: transaction release 32562 bad node ffffffffffffffff
[   21.640013] binder: transaction release 32563 bad node ffffffffffffffff
[   21.640452] binder: transaction release 32564 bad node ffffffffffffffff
[   21.640956] binder: transaction release 32565 bad node ffffffffffffffff
[   21.641425] binder: transaction release 32566 bad node ffffffffffffffff
[   21.641760] binder: transaction release 32567 bad node ffffffffffffffff
[   21.642232] binder: transaction release 32568 bad node ffffffffffffffff
[   21.642549] binder: transaction release 32569 bad node ffffffffffffffff
[   21.642957] binder: transaction release 32570 bad node ffffffffffffffff
[   21.643323] binder: transaction release 32571 bad node ffffffffffffffff
[   21.643628] binder: transaction release 32572 bad node ffffffffffffffff
[   21.644059] binder: transaction release 32573 bad node ffffffffffffffff
[   21.644402] binder: transaction release 32574 bad node ffffffffffffffff
[   21.644692] binder: transaction release 32575 bad node ffffffffffffffff
[   21.645129] binder: transaction release 32576 bad node ffffffffffffffff
[   21.645444] binder: transaction release 32577 bad node ffffffffffffffff
[   21.645729] binder: transaction release 32578 bad node ffffffffffffffff
[   21.646173] binder: transaction release 32579 bad node ffffffffffffffff
[   21.646508] binder: transaction release 32580 bad node ffffffffffffffff
[   21.646844] binder: transaction release 32581 bad node ffffffffffffffff
[   21.647411] binder: transaction release 32582 bad node ffffffffffffffff
[   21.647732] binder: transaction release 32583 bad node ffffffffffffffff
[   21.648203] binder: transaction release 32584 bad node ffffffffffffffff
[   21.648522] binder: transaction release 32585 bad node ffffffffffffffff
[   21.649001] binder: transaction release 32586 bad node ffffffffffffffff
[   21.649392] binder: transaction release 32587 bad node ffffffffffffffff
[   21.649735] binder: transaction release 32588 bad node ffffffffffffffff
[   21.650269] binder: transaction release 32589 bad node ffffffffffffffff
[   21.650700] binder: transaction release 32590 bad node ffffffffffffffff
[   21.651327] binder: transaction release 32591 bad node ffffffffffffffff
[   21.651634] binder: transaction release 32592 bad node ffffffffffffffff
[   21.652124] binder: transaction release 32593 bad node ffffffffffffffff
[   21.652457] binder: transaction release 32594 bad node ffffffffffffffff
[   21.652760] binder: transaction release 32595 bad node ffffffffffffffff
[   21.653220] binder: transaction release 32596 bad node ffffffffffffffff
[   21.653532] binder: transaction release 32597 bad node ffffffffffffffff
[   21.653938] binder: transaction release 32598 bad node ffffffffffffffff
[   21.654307] binder: transaction release 32599 bad node ffffffffffffffff
[   21.654616] binder: transaction release 32600 bad node ffffffffffffffff
[   21.655059] binder: transaction release 32601 bad node ffffffffffffffff
[   21.655409] binder: transaction release 32602 bad node ffffffffffffffff
[   21.655717] binder: transaction release 32603 bad node ffffffffffffffff
[   21.656208] binder: transaction release 32604 bad node ffffffffffffffff
[   21.656527] binder: transaction release 32605 bad node ffffffffffffffff
[   21.656978] binder: transaction release 32606 bad node ffffffffffffffff
[   21.657438] binder: transaction release 32607 bad node ffffffffffffffff
[   21.657748] binder: transaction release 32608 bad node ffffffffffffffff
[   21.658293] binder: transaction release 32609 bad node ffffffffffffffff
[   21.658617] binder: transaction release 32610 bad node ffffffffffffffff
[   21.659135] binder: transaction release 32611 bad node ffffffffffffffff
[   21.659473] binder: transaction release 32612 bad node ffffffffffffffff
[   21.659774] binder: transaction release 32613 bad node ffffffffffffffff
[   21.660279] binder: transaction release 32614 bad node ffffffffffffffff
[   21.660593] binder: transaction release 32615 bad node ffffffffffffffff
[   21.661028] binder: transaction release 32616 bad node ffffffffffffffff
[   21.661355] binder: transaction release 32617 bad node ffffffffffffffff
[   21.661654] binder: transaction release 32618 bad node ffffffffffffffff
[   21.662078] binder: transaction release 32619 bad node ffffffffffffffff
[   21.662402] binder: transaction release 32620 bad node ffffffffffffffff
[   21.662685] binder: transaction release 32621 bad node ffffffffffffffff
[   21.663112] binder: transaction release 32622 bad node ffffffffffffffff
[   21.663434] binder: transaction release 32623 bad node ffffffffffffffff
[   21.663722] binder: transaction release 32624 bad node ffffffffffffffff
[   21.664175] binder: transaction release 32625 bad node ffffffffffffffff
[   21.664495] binder: transaction release 32626 bad node ffffffffffffffff
[   21.664805] binder: transaction release 32627 bad node ffffffffffffffff
[   21.665253] binder: transaction release 32628 bad node ffffffffffffffff
[   21.665557] binder: transaction release 32629 bad node ffffffffffffffff
[   21.666218] binder: transaction release 32630 bad node ffffffffffffffff
[   21.666549] binder: transaction release 32631 bad node ffffffffffffffff
[   21.666848] binder: transaction release 32632 bad node ffffffffffffffff
[   21.667617] binder: transaction release 32633 bad node ffffffffffffffff
[   21.668172] binder: transaction release 32634 bad node ffffffffffffffff
[   21.668529] binder: transaction release 32635 bad node ffffffffffffffff
[   21.669049] binder: transaction release 32636 bad node ffffffffffffffff
[   21.669434] binder: transaction release 32637 bad node ffffffffffffffff
[   21.670077] binder: transaction release 32638 bad node ffffffffffffffff
[   21.670474] binder: transaction release 32639 bad node ffffffffffffffff
[   21.670801] binder: transaction release 32640 bad node ffffffffffffffff
[   21.671283] binder: transaction release 32641 bad node ffffffffffffffff
[   21.671652] binder: transaction release 32642 bad node ffffffffffffffff
[   21.672136] binder: transaction release 32643 bad node ffffffffffffffff
[   21.672436] binder: transaction release 32644 bad node ffffffffffffffff
[   21.672718] binder: transaction release 32645 bad node ffffffffffffffff
[   21.673158] binder: transaction release 32646 bad node ffffffffffffffff
[   21.673581] binder: transaction release 32647 bad node ffffffffffffffff
[   21.674099] binder: transaction release 32648 bad node ffffffffffffffff
[   21.674460] binder: transaction release 32649 bad node ffffffffffffffff
[   21.674925] binder: transaction release 32650 bad node ffffffffffffffff
[   21.675345] binder: transaction release 32651 bad node ffffffffffffffff
[   21.675652] binder: transaction release 32652 bad node ffffffffffffffff
[   21.676088] binder: transaction release 32653 bad node ffffffffffffffff
[   21.676412] binder: transaction release 32654 bad node ffffffffffffffff
[   21.676694] binder: transaction release 32655 bad node ffffffffffffffff
[   21.677122] binder: transaction release 32656 bad node ffffffffffffffff
[   21.677445] binder: transaction release 32657 bad node ffffffffffffffff
[   21.677728] binder: transaction release 32658 bad node ffffffffffffffff
[   21.678151] binder: transaction release 32659 bad node ffffffffffffffff
[   21.678458] binder: transaction release 32660 bad node ffffffffffffffff
[   21.678759] binder: transaction release 32661 bad node ffffffffffffffff
[   21.679254] binder: transaction release 32662 bad node ffffffffffffffff
[   21.679548] binder: transaction release 32663 bad node ffffffffffffffff
[   21.679919] binder: transaction release 32664 bad node ffffffffffffffff
[   21.680250] binder: transaction release 32665 bad node ffffffffffffffff
[   21.680536] binder: transaction release 32666 bad node ffffffffffffffff
[   21.680953] binder: transaction release 32667 bad node ffffffffffffffff
[   21.681320] binder: transaction release 32668 bad node ffffffffffffffff
[   21.681639] binder: transaction release 32669 bad node ffffffffffffffff
[   21.682137] binder: transaction release 32670 bad node ffffffffffffffff
[   21.682438] binder: transaction release 32671 bad node ffffffffffffffff
[   21.682724] binder: transaction release 32672 bad node ffffffffffffffff
[   21.683159] binder: transaction release 32673 bad node ffffffffffffffff
[   21.683461] binder: transaction release 32674 bad node ffffffffffffffff
[   21.683745] binder: transaction release 32675 bad node ffffffffffffffff
[   21.684449] binder: transaction release 32676 bad node ffffffffffffffff
[   21.684985] binder: transaction release 32677 bad node ffffffffffffffff
[   21.685344] binder: transaction release 32678 bad node ffffffffffffffff
[   21.685653] binder: transaction release 32679 bad node ffffffffffffffff
[   21.686155] binder: transaction release 32680 bad node ffffffffffffffff
[   21.686506] binder: transaction release 32681 bad node ffffffffffffffff
[   21.686838] binder: transaction release 32682 bad node ffffffffffffffff
[   21.687296] binder: transaction release 32683 bad node ffffffffffffffff
[   21.687606] binder: transaction release 32684 bad node ffffffffffffffff
[   21.688099] binder: transaction release 32685 bad node ffffffffffffffff
[   21.688460] binder: transaction release 32686 bad node ffffffffffffffff
[   21.688780] binder: transaction release 32687 bad node ffffffffffffffff
[   21.689369] binder: transaction release 32688 bad node ffffffffffffffff
[   21.689708] binder: transaction release 32689 bad node ffffffffffffffff
[   21.690151] binder: transaction release 32690 bad node ffffffffffffffff
[   21.690536] binder: transaction release 32691 bad node ffffffffffffffff
[   21.690977] binder: transaction release 32692 bad node ffffffffffffffff
[   21.691344] binder: transaction release 32693 bad node ffffffffffffffff
[   21.691760] binder: transaction release 32694 bad node ffffffffffffffff
[   21.692245] binder: transaction release 32695 bad node ffffffffffffffff
[   21.692536] binder: transaction release 32696 bad node ffffffffffffffff
[   21.692980] binder: transaction release 32697 bad node ffffffffffffffff
[   21.693356] binder: transaction release 32698 bad node ffffffffffffffff
[   21.693653] binder: transaction release 32699 bad node ffffffffffffffff
[   21.694080] binder: transaction release 32700 bad node ffffffffffffffff
[   21.694415] binder: transaction release 32701 bad node ffffffffffffffff
[   21.694710] binder: transaction release 32702 bad node ffffffffffffffff
[   21.695220] binder: transaction release 32703 bad node ffffffffffffffff
[   21.695529] binder: transaction release 32704 bad node ffffffffffffffff
[   21.695842] binder: transaction release 32705 bad node ffffffffffffffff
[   21.696256] binder: transaction release 32706 bad node ffffffffffffffff
[   21.696543] binder: transaction release 32707 bad node ffffffffffffffff
[   21.696927] binder: transaction release 32708 bad node ffffffffffffffff
[   21.697257] binder: transaction release 32709 bad node ffffffffffffffff
[   21.697545] binder: transaction release 32710 bad node ffffffffffffffff
[   21.697989] binder: transaction release 32711 bad node ffffffffffffffff
[   21.698359] binder: transaction release 32712 bad node ffffffffffffffff
[   21.698648] binder: transaction release 32713 bad node ffffffffffffffff
[   21.699065] binder: transaction release 32714 bad node ffffffffffffffff
[   21.699402] binder: transaction release 32715 bad node ffffffffffffffff
[   21.699685] binder: transaction release 32716 bad node ffffffffffffffff
[   21.700118] binder: transaction release 32717 bad node ffffffffffffffff
[   21.700446] binder: transaction release 32718 bad node ffffffffffffffff
[   21.700731] binder: transaction release 32719 bad node ffffffffffffffff
[   21.701185] binder: transaction release 32720 bad node ffffffffffffffff
[   21.701717] binder: transaction release 32721 bad node ffffffffffffffff
[   21.702231] binder: transaction release 32722 bad node ffffffffffffffff
[   21.702543] binder: transaction release 32723 bad node ffffffffffffffff
[   21.702994] binder: transaction release 32724 bad node ffffffffffffffff
[   21.703419] binder: transaction release 32725 bad node ffffffffffffffff
[   21.703780] binder: transaction release 32726 bad node ffffffffffffffff
[   21.704241] binder: transaction release 32727 bad node ffffffffffffffff
[   21.704533] binder: transaction release 32728 bad node ffffffffffffffff
[   21.705064] binder: transaction release 32729 bad node ffffffffffffffff
[   21.705412] binder: transaction release 32730 bad node ffffffffffffffff
[   21.705696] binder: transaction release 32731 bad node ffffffffffffffff
[   21.706112] binder: transaction release 32732 bad node ffffffffffffffff
[   21.706435] binder: transaction release 32733 bad node ffffffffffffffff
[   21.706725] binder: transaction release 32734 bad node ffffffffffffffff
[   21.707209] binder: transaction release 32735 bad node ffffffffffffffff
[   21.707543] binder: transaction release 32736 bad node ffffffffffffffff
[   21.707973] binder: transaction release 32737 bad node ffffffffffffffff
[   21.708504] binder: transaction release 32738 bad node ffffffffffffffff
[   21.708827] binder: transaction release 32739 bad node ffffffffffffffff
[   21.709264] binder: transaction release 32740 bad node ffffffffffffffff
[   21.709563] binder: transaction release 32741 bad node ffffffffffffffff
[   21.709946] binder: transaction release 32742 bad node ffffffffffffffff
[   21.710305] binder: transaction release 32743 bad node ffffffffffffffff
[   21.710613] binder: transaction release 32744 bad node ffffffffffffffff
[   21.711060] binder: transaction release 32745 bad node ffffffffffffffff
[   21.711421] binder: transaction release 32746 bad node ffffffffffffffff
[   21.711726] binder: transaction release 32747 bad node ffffffffffffffff
[   21.712166] binder: transaction release 32748 bad node ffffffffffffffff
[   21.712476] binder: transaction release 32749 bad node ffffffffffffffff
[   21.712757] binder: transaction release 32750 bad node ffffffffffffffff
[   21.713166] binder: transaction release 32751 bad node ffffffffffffffff
[   21.713440] binder: transaction release 32752 bad node ffffffffffffffff
[   21.713704] binder: transaction release 32753 bad node ffffffffffffffff
[   21.714094] binder: transaction release 32754 bad node ffffffffffffffff
[   21.714443] binder: transaction release 32755 bad node ffffffffffffffff
[   21.714752] binder: transaction release 32756 bad node ffffffffffffffff
[   21.715308] binder: transaction release 32757 bad node ffffffffffffffff
[   21.716051] binder: transaction release 32758 bad node ffffffffffffffff
[   21.716635] binder: transaction release 32759 bad node ffffffffffffffff
[   21.717288] binder: transaction release 32760 bad node ffffffffffffffff
[   21.717981] binder: transaction release 32761 bad node ffffffffffffffff
[   21.718449] binder: transaction release 32762 bad node ffffffffffffffff
[   21.718765] binder: transaction release 32763 bad node ffffffffffffffff
[   21.719274] binder: transaction release 32764 bad node ffffffffffffffff
[   21.719593] binder: transaction release 32765 bad node ffffffffffffffff
[   21.720132] binder: transaction release 32766 bad node ffffffffffffffff
[   21.720452] binder: transaction release 32767 bad node ffffffffffffffff
[   21.720750] binder: transaction release 32768 bad node ffffffffffffffff
[   21.721202] binder: transaction release 32769 bad node ffffffffffffffff
[   21.721526] binder: transaction release 32770 bad node ffffffffffffffff
[   21.722094] binder: transaction release 32771 bad node ffffffffffffffff
[   21.722502] binder: transaction release 32772 bad node ffffffffffffffff
[   21.722810] binder: transaction release 32773 bad node ffffffffffffffff
[   21.723348] binder: transaction release 32774 bad node ffffffffffffffff
[   21.723678] binder: transaction release 32775 bad node ffffffffffffffff
[   21.724195] binder: transaction release 32776 bad node ffffffffffffffff
[   21.724497] binder: transaction release 32777 bad node ffffffffffffffff
[   21.724781] binder: transaction release 32778 bad node ffffffffffffffff
[   21.725343] binder: transaction release 32779 bad node ffffffffffffffff
[   21.725661] binder: transaction release 32780 bad node ffffffffffffffff
[   21.726136] binder: transaction release 32781 bad node ffffffffffffffff
[   21.726443] binder: transaction release 32782 bad node ffffffffffffffff
[   21.726747] binder: transaction release 32783 bad node ffffffffffffffff
[   21.727160] binder: transaction release 32784 bad node ffffffffffffffff
[   21.727462] binder: transaction release 32785 bad node ffffffffffffffff
[   21.727753] binder: transaction release 32786 bad node ffffffffffffffff
[   21.728196] binder: transaction release 32787 bad node ffffffffffffffff
[   21.728488] binder: transaction release 32788 bad node ffffffffffffffff
[   21.728770] binder: transaction release 32789 bad node ffffffffffffffff
[   21.729191] binder: transaction release 32790 bad node ffffffffffffffff
[   21.729487] binder: transaction release 32791 bad node ffffffffffffffff
[   21.729775] binder: transaction release 32792 bad node ffffffffffffffff
[   21.730226] binder: transaction release 32793 bad node ffffffffffffffff
[   21.730586] binder: transaction release 32794 bad node ffffffffffffffff
[   21.731042] binder: transaction release 32795 bad node ffffffffffffffff
[   21.731373] binder: transaction release 32796 bad node ffffffffffffffff
[   21.731660] binder: transaction release 32797 bad node ffffffffffffffff
[   21.732119] binder: transaction release 32798 bad node ffffffffffffffff
[   21.732442] binder: transaction release 32799 bad node ffffffffffffffff
[   21.732733] binder: transaction release 32800 bad node ffffffffffffffff
[   21.733167] binder: transaction release 32801 bad node ffffffffffffffff
[   21.733473] binder: transaction release 32802 bad node ffffffffffffffff
[   21.733760] binder: transaction release 32803 bad node ffffffffffffffff
[   21.734206] binder: transaction release 32804 bad node ffffffffffffffff
[   21.734544] binder: transaction release 32805 bad node ffffffffffffffff
[   21.735236] binder: transaction release 32806 bad node ffffffffffffffff
[   21.735639] binder: transaction release 32807 bad node ffffffffffffffff
[   21.736115] binder: transaction release 32808 bad node ffffffffffffffff
[   21.736458] binder: transaction release 32809 bad node ffffffffffffffff
[   21.736756] binder: transaction release 32810 bad node ffffffffffffffff
[   21.737304] binder: transaction release 32811 bad node ffffffffffffffff
[   21.737626] binder: transaction release 32812 bad node ffffffffffffffff
[   21.738060] binder: transaction release 32813 bad node ffffffffffffffff
[   21.738479] binder: transaction release 32814 bad node ffffffffffffffff
[   21.738839] binder: transaction release 32815 bad node ffffffffffffffff
[   21.739332] binder: transaction release 32816 bad node ffffffffffffffff
[   21.739647] binder: transaction release 32817 bad node ffffffffffffffff
[   21.740083] binder: transaction release 32818 bad node ffffffffffffffff
[   21.740436] binder: transaction release 32819 bad node ffffffffffffffff
[   21.740786] binder: transaction release 32820 bad node ffffffffffffffff
[   21.741248] binder: transaction release 32821 bad node ffffffffffffffff
[   21.741540] binder: transaction release 32822 bad node ffffffffffffffff
[   21.742176] binder: transaction release 32823 bad node ffffffffffffffff
[   21.742508] binder: transaction release 32824 bad node ffffffffffffffff
[   21.742841] binder: transaction release 32825 bad node ffffffffffffffff
[   21.743365] binder: transaction release 32826 bad node ffffffffffffffff
[   21.743655] binder: transaction release 32827 bad node ffffffffffffffff
[   21.744066] binder: transaction release 32828 bad node ffffffffffffffff
[   21.744394] binder: transaction release 32829 bad node ffffffffffffffff
[   21.744683] binder: transaction release 32830 bad node ffffffffffffffff
[   21.745109] binder: transaction release 32831 bad node ffffffffffffffff
[   21.745433] binder: transaction release 32832 bad node ffffffffffffffff
[   21.745721] binder: transaction release 32833 bad node ffffffffffffffff
[   21.746135] binder: transaction release 32834 bad node ffffffffffffffff
[   21.746440] binder: transaction release 32835 bad node ffffffffffffffff
[   21.746723] binder: transaction release 32836 bad node ffffffffffffffff
[   21.747145] binder: transaction release 32837 bad node ffffffffffffffff
[   21.747457] binder: transaction release 32838 bad node ffffffffffffffff
[   21.747740] binder: transaction release 32839 bad node ffffffffffffffff
[   21.748209] binder: transaction release 32840 bad node ffffffffffffffff
[   21.748552] binder: transaction release 32841 bad node ffffffffffffffff
[   21.748925] binder: transaction release 32842 bad node ffffffffffffffff
[   21.749247] binder: transaction release 32843 bad node ffffffffffffffff
[   21.749532] binder: transaction release 32844 bad node ffffffffffffffff
[   21.749835] binder: transaction release 32845 bad node ffffffffffffffff
[   21.750237] binder: transaction release 32846 bad node ffffffffffffffff
[   21.750525] binder: transaction release 32847 bad node ffffffffffffffff
[   21.751112] binder: transaction release 32848 bad node ffffffffffffffff
[   21.751563] binder: transaction release 32849 bad node ffffffffffffffff
[   21.752136] binder: transaction release 32850 bad node ffffffffffffffff
[   21.752462] binder: transaction release 32851 bad node ffffffffffffffff
[   21.752745] binder: transaction release 32852 bad node ffffffffffffffff
[   21.753302] binder: transaction release 32853 bad node ffffffffffffffff
[   21.753622] binder: transaction release 32854 bad node ffffffffffffffff
[   21.754074] binder: transaction release 32855 bad node ffffffffffffffff
[   21.754418] binder: transaction release 32856 bad node ffffffffffffffff
[   21.754735] binder: transaction release 32857 bad node ffffffffffffffff
[   21.755218] binder: transaction release 32858 bad node ffffffffffffffff
[   21.755512] binder: transaction release 32859 bad node ffffffffffffffff
[   21.756267] binder: transaction release 32860 bad node ffffffffffffffff
[   21.757048] binder: transaction release 32861 bad node ffffffffffffffff
[   21.757647] binder: transaction release 32862 bad node ffffffffffffffff
[   21.758308] binder: transaction release 32863 bad node ffffffffffffffff
[   21.758673] binder: transaction release 32864 bad node ffffffffffffffff
[   21.759195] binder: transaction release 32865 bad node ffffffffffffffff
[   21.759515] binder: transaction release 32866 bad node ffffffffffffffff
[   21.759800] binder: transaction release 32867 bad node ffffffffffffffff
[   21.760222] binder: transaction release 32868 bad node ffffffffffffffff
[   21.760515] binder: transaction release 32869 bad node ffffffffffffffff
[   21.760799] binder: transaction release 32870 bad node ffffffffffffffff
[   21.761202] binder: transaction release 32871 bad node ffffffffffffffff
[   21.761495] binder: transaction release 32872 bad node ffffffffffffffff
[   21.761779] binder: transaction release 32873 bad node ffffffffffffffff
[   21.762195] binder: transaction release 32874 bad node ffffffffffffffff
[   21.762492] binder: transaction release 32875 bad node ffffffffffffffff
[   21.762775] binder: transaction release 32876 bad node ffffffffffffffff
[   21.763195] binder: transaction release 32877 bad node ffffffffffffffff
[   21.763540] binder: transaction release 32878 bad node ffffffffffffffff
[   21.763837] binder: transaction release 32879 bad node ffffffffffffffff
[   21.764239] binder: transaction release 32880 bad node ffffffffffffffff
[   21.764510] binder: transaction release 32881 bad node ffffffffffffffff
[   21.764779] binder: transaction release 32882 bad node ffffffffffffffff
[   21.765177] binder: transaction release 32883 bad node ffffffffffffffff
[   21.765457] binder: transaction release 32884 bad node ffffffffffffffff
[   21.765742] binder: transaction release 32885 bad node ffffffffffffffff
[   21.766149] binder: transaction release 32886 bad node ffffffffffffffff
[   21.766470] binder: transaction release 32887 bad node ffffffffffffffff
[   21.766745] binder: transaction release 32888 bad node ffffffffffffffff
[   21.767123] binder: transaction release 32889 bad node ffffffffffffffff
[   21.767498] binder: transaction release 32890 bad node ffffffffffffffff
[   21.768082] binder: transaction release 32891 bad node ffffffffffffffff
[   21.768445] binder: transaction release 32892 bad node ffffffffffffffff
[   21.768726] binder: transaction release 32893 bad node ffffffffffffffff
[   21.769158] binder: transaction release 32894 bad node ffffffffffffffff
[   21.769460] binder: transaction release 32895 bad node ffffffffffffffff
[   21.769748] binder: transaction release 32896 bad node ffffffffffffffff
[   21.770178] binder: transaction release 32897 bad node ffffffffffffffff
[   21.770474] binder: transaction release 32898 bad node ffffffffffffffff
[   21.770775] binder: transaction release 32899 bad node ffffffffffffffff
[   21.771205] binder: transaction release 32900 bad node ffffffffffffffff
[   21.771500] binder: transaction release 32901 bad node ffffffffffffffff
[   21.771784] binder: transaction release 32902 bad node ffffffffffffffff
[   21.772263] binder: transaction release 32903 bad node ffffffffffffffff
[   21.772557] binder: transaction release 32904 bad node ffffffffffffffff
[   21.773060] binder: transaction release 32905 bad node ffffffffffffffff
[   21.773421] binder: transaction release 32906 bad node ffffffffffffffff
[   21.773716] binder: transaction release 32907 bad node ffffffffffffffff
[   21.774233] binder: transaction release 32908 bad node ffffffffffffffff
[   21.774527] binder: transaction release 32909 bad node ffffffffffffffff
[   21.774810] binder: transaction release 32910 bad node ffffffffffffffff
[   21.775334] binder: transaction release 32911 bad node ffffffffffffffff
[   21.775626] binder: transaction release 32912 bad node ffffffffffffffff
[   21.776058] binder: transaction release 32913 bad node ffffffffffffffff
[   21.776401] binder: transaction release 32914 bad node ffffffffffffffff
[   21.776685] binder: transaction release 32915 bad node ffffffffffffffff
[   21.777139] binder: transaction release 32916 bad node ffffffffffffffff
[   21.777439] binder: transaction release 32917 bad node ffffffffffffffff
[   21.777723] binder: transaction release 32918 bad node ffffffffffffffff
[   21.778149] binder: transaction release 32919 bad node ffffffffffffffff
[   21.778457] binder: transaction release 32920 bad node ffffffffffffffff
[   21.778740] binder: transaction release 32921 bad node ffffffffffffffff
[   21.779156] binder: transaction release 32922 bad node ffffffffffffffff
[   21.779459] binder: transaction release 32923 bad node ffffffffffffffff
[   21.779742] binder: transaction release 32924 bad node ffffffffffffffff
[   21.780209] binder: transaction release 32925 bad node ffffffffffffffff
[   21.780528] binder: transaction release 32926 bad node ffffffffffffffff
[   21.780855] binder: transaction release 32927 bad node ffffffffffffffff
[   21.781410] binder: transaction release 32928 bad node ffffffffffffffff
[   21.781699] binder: transaction release 32929 bad node ffffffffffffffff
[   21.782124] binder: transaction release 32930 bad node ffffffffffffffff
[   21.782460] binder: transaction release 32931 bad node ffffffffffffffff
[   21.782732] binder: transaction release 32932 bad node ffffffffffffffff
[   21.783108] binder: transaction release 32933 bad node ffffffffffffffff
[   21.783415] binder: transaction release 32934 bad node ffffffffffffffff
[   21.783692] binder: transaction release 32935 bad node ffffffffffffffff
[   21.784092] binder: transaction release 32936 bad node ffffffffffffffff
[   21.784520] binder: transaction release 32937 bad node ffffffffffffffff
[   21.785050] binder: transaction release 32938 bad node ffffffffffffffff
[   21.785411] binder: transaction release 32939 bad node ffffffffffffffff
[   21.785697] binder: transaction release 32940 bad node ffffffffffffffff
[   21.786084] binder: transaction release 32941 bad node ffffffffffffffff
[   21.786413] binder: transaction release 32942 bad node ffffffffffffffff
[   21.786764] binder: transaction release 32943 bad node ffffffffffffffff
[   21.787209] binder: transaction release 32944 bad node ffffffffffffffff
[   21.787501] binder: transaction release 32945 bad node ffffffffffffffff
[   21.787782] binder: transaction release 32946 bad node ffffffffffffffff
[   21.788321] binder: transaction release 32947 bad node ffffffffffffffff
[   21.788626] binder: transaction release 32948 bad node ffffffffffffffff
[   21.789043] binder: transaction release 32949 bad node ffffffffffffffff
[   21.789358] binder: transaction release 32950 bad node ffffffffffffffff
[   21.789650] binder: transaction release 32951 bad node ffffffffffffffff
[   21.790041] binder: transaction release 32952 bad node ffffffffffffffff
[   21.790373] binder: transaction release 32953 bad node ffffffffffffffff
[   21.790724] binder: transaction release 32954 bad node ffffffffffffffff
[   21.791214] binder: transaction release 32955 bad node ffffffffffffffff
[   21.791549] binder: transaction release 32956 bad node ffffffffffffffff
[   21.792136] binder: transaction release 32957 bad node ffffffffffffffff
[   21.792467] binder: transaction release 32958 bad node ffffffffffffffff
[   21.792761] binder: transaction release 32959 bad node ffffffffffffffff
[   21.793238] binder: transaction release 32960 bad node ffffffffffffffff
[   21.793546] binder: transaction release 32961 bad node ffffffffffffffff
[   21.793958] binder: transaction release 32962 bad node ffffffffffffffff
[   21.794342] binder: transaction release 32963 bad node ffffffffffffffff
[   21.794664] binder: transaction release 32964 bad node ffffffffffffffff
[   21.795104] binder: transaction release 32965 bad node ffffffffffffffff
[   21.795531] binder: transaction release 32966 bad node ffffffffffffffff
[   21.795938] binder: transaction release 32967 bad node ffffffffffffffff
[   21.796266] binder: transaction release 32968 bad node ffffffffffffffff
[   21.796558] binder: transaction release 32969 bad node ffffffffffffffff
[   21.796944] binder: transaction release 32970 bad node ffffffffffffffff
[   21.797278] binder: transaction release 32971 bad node ffffffffffffffff
[   21.797561] binder: transaction release 32972 bad node ffffffffffffffff
[   21.797955] binder: transaction release 32973 bad node ffffffffffffffff
[   21.798321] binder: transaction release 32974 bad node ffffffffffffffff
[   21.798609] binder: transaction release 32975 bad node ffffffffffffffff
[   21.799019] binder: transaction release 32976 bad node ffffffffffffffff
[   21.799359] binder: transaction release 32977 bad node ffffffffffffffff
[   21.799650] binder: transaction release 32978 bad node ffffffffffffffff
[   21.800056] binder: transaction release 32979 bad node ffffffffffffffff
[   21.800386] binder: transaction release 32980 bad node ffffffffffffffff
[   21.800670] binder: transaction release 32981 bad node ffffffffffffffff
[   21.801229] binder: transaction release 32982 bad node ffffffffffffffff
[   21.801590] binder: transaction release 32983 bad node ffffffffffffffff
[   21.802067] binder: transaction release 32984 bad node ffffffffffffffff
[   21.802460] binder: transaction release 32985 bad node ffffffffffffffff
[   21.802750] binder: transaction release 32986 bad node ffffffffffffffff
[   21.803258] binder: transaction release 32987 bad node ffffffffffffffff
[   21.803600] binder: transaction release 32988 bad node ffffffffffffffff
[   21.804095] binder: transaction release 32989 bad node ffffffffffffffff
[   21.804495] binder: transaction release 32990 bad node ffffffffffffffff
[   21.805273] binder: transaction release 32991 bad node ffffffffffffffff
[   21.806054] binder: transaction release 32992 bad node ffffffffffffffff
[   21.806493] binder: transaction release 32993 bad node ffffffffffffffff
[   21.806842] binder: transaction release 32994 bad node ffffffffffffffff
[   21.807327] binder: transaction release 32995 bad node ffffffffffffffff
[   21.807686] binder: transaction release 32996 bad node ffffffffffffffff
[   21.808172] binder: transaction release 32997 bad node ffffffffffffffff
[   21.808549] binder: transaction release 32998 bad node ffffffffffffffff
[   21.809132] binder: transaction release 32999 bad node ffffffffffffffff
[   21.809461] binder: transaction release 33000 bad node ffffffffffffffff
[   21.809750] binder: transaction release 33001 bad node ffffffffffffffff
[   21.810252] binder: transaction release 33002 bad node ffffffffffffffff
[   21.810556] binder: transaction release 33003 bad node ffffffffffffffff
[   21.810947] binder: transaction release 33004 bad node ffffffffffffffff
[   21.811308] binder: transaction release 33005 bad node ffffffffffffffff
[   21.811595] binder: transaction release 33006 bad node ffffffffffffffff
[   21.812009] binder: transaction release 33007 bad node ffffffffffffffff
[   21.812324] binder: transaction release 33008 bad node ffffffffffffffff
[   21.812607] binder: transaction release 33009 bad node ffffffffffffffff
[   21.813128] binder: transaction release 33010 bad node ffffffffffffffff
[   21.813459] binder: transaction release 33011 bad node ffffffffffffffff
[   21.813745] binder: transaction release 33012 bad node ffffffffffffffff
[   21.814242] binder: transaction release 33013 bad node ffffffffffffffff
[   21.814553] binder: transaction release 33014 bad node ffffffffffffffff
[   21.814986] binder: transaction release 33015 bad node ffffffffffffffff
[   21.815334] binder: transaction release 33016 bad node ffffffffffffffff
[   21.815623] binder: transaction release 33017 bad node ffffffffffffffff
[   21.816041] binder: transaction release 33018 bad node ffffffffffffffff
[   21.816367] binder: transaction release 33019 bad node ffffffffffffffff
[   21.816651] binder: transaction release 33020 bad node ffffffffffffffff
[   21.817036] binder: transaction release 33021 bad node ffffffffffffffff
[   21.817341] binder: transaction release 33022 bad node ffffffffffffffff
[   21.817609] binder: transaction release 33023 bad node ffffffffffffffff
[   21.818027] binder: transaction release 33024 bad node ffffffffffffffff
[   21.818587] binder: transaction release 33025 bad node ffffffffffffffff
[   21.819099] binder: transaction release 33026 bad node ffffffffffffffff
[   21.819428] binder: transaction release 33027 bad node ffffffffffffffff
[   21.819729] binder: transaction release 33028 bad node ffffffffffffffff
[   21.820147] binder: transaction release 33029 bad node ffffffffffffffff
[   21.820538] binder: transaction release 33030 bad node ffffffffffffffff
[   21.821037] binder: transaction release 33031 bad node ffffffffffffffff
[   21.821419] binder: transaction release 33032 bad node ffffffffffffffff
[   21.821718] binder: transaction release 33033 bad node ffffffffffffffff
[   21.822218] binder: transaction release 33034 bad node ffffffffffffffff
[   21.822513] binder: transaction release 33035 bad node ffffffffffffffff
[   21.822794] binder: transaction release 33036 bad node ffffffffffffffff
[   21.823218] binder: transaction release 33037 bad node ffffffffffffffff
[   21.823508] binder: transaction release 33038 bad node ffffffffffffffff
[   21.823943] binder: transaction release 33039 bad node ffffffffffffffff
[   21.824343] binder: transaction release 33040 bad node ffffffffffffffff
[   21.824631] binder: transaction release 33041 bad node ffffffffffffffff
[   21.825059] binder: transaction release 33042 bad node ffffffffffffffff
[   21.825522] binder: transaction release 33043 bad node ffffffffffffffff
[   21.825934] binder: transaction release 33044 bad node ffffffffffffffff
[   21.826312] binder: transaction release 33045 bad node ffffffffffffffff
[   21.826611] binder: transaction release 33046 bad node ffffffffffffffff
[   21.827012] binder: transaction release 33047 bad node ffffffffffffffff
[   21.827337] binder: transaction release 33048 bad node ffffffffffffffff
[   21.827615] binder: transaction release 33049 bad node ffffffffffffffff
[   21.828097] binder: transaction release 33050 bad node ffffffffffffffff
[   21.828428] binder: transaction release 33051 bad node ffffffffffffffff
[   21.828712] binder: transaction release 33052 bad node ffffffffffffffff
[   21.829216] binder: transaction release 33053 bad node ffffffffffffffff
[   21.829522] binder: transaction release 33054 bad node ffffffffffffffff
[   21.829804] binder: transaction release 33055 bad node ffffffffffffffff
[   21.830199] binder: transaction release 33056 bad node ffffffffffffffff
[   21.830480] binder: transaction release 33057 bad node ffffffffffffffff
[   21.830767] binder: transaction release 33058 bad node ffffffffffffffff
[   21.831190] binder: transaction release 33059 bad node ffffffffffffffff
