c[?7l[2J[0mSeaBIOS (version rel-1.17.0-0-gb52ca86e094d-prebuilt.qemu.org)
Booting from ROM..c[?7l[2J[    0.000000] Linux version 5.10.107+ (jack@bd5f2b454abc) (gcc (Ubuntu 10.5.0-1ubuntu1~20.04) 10.5.0, GNU ld (GNU Binutils for Ubuntu) 2.34) #1 SMP PREEMPT Tue May 26 07:46:52 UTC 2026
[    0.000000] Command line: console=ttyS0 rdinit=/init testvm_autorun=/run_badnode.sh nokaslr panic=-1
[    0.000000] x86/fpu: x87 FPU will use FXSAVE
[    0.000000] BIOS-provided physical RAM map:
[    0.000000] BIOS-e820: [mem 0x0000000000000000-0x000000000009fbff] usable
[    0.000000] BIOS-e820: [mem 0x000000000009fc00-0x000000000009ffff] reserved
[    0.000000] BIOS-e820: [mem 0x00000000000f0000-0x00000000000fffff] reserved
[    0.000000] BIOS-e820: [mem 0x0000000000100000-0x000000003ffdffff] usable
[    0.000000] BIOS-e820: [mem 0x000000003ffe0000-0x000000003fffffff] reserved
[    0.000000] BIOS-e820: [mem 0x00000000fffc0000-0x00000000ffffffff] reserved
[    0.000000] BIOS-e820: [mem 0x000000fd00000000-0x000000ffffffffff] reserved
[    0.000000] NX (Execute Disable) protection: active
[    0.000000] SMBIOS 2.8 present.
[    0.000000] DMI: QEMU Standard PC (i440FX + PIIX, 1996), BIOS rel-1.17.0-0-gb52ca86e094d-prebuilt.qemu.org 04/01/2014
[    0.000000] tsc: Fast TSC calibration using PIT
[    0.000000] tsc: Detected 2304.025 MHz processor
[    0.027470] AGP: No AGP bridge found
[    0.028149] last_pfn = 0x3ffe0 max_arch_pfn = 0x400000000
[    0.031393] x86/PAT: Configuration [0-7]: WB  WC  UC- UC  WB  WP  UC- WT  
[    0.093539] found SMP MP-table at [mem 0x000f54c0-0x000f54cf]
[    0.098369] check: Scanning 1 areas for low memory corruption
[    0.111715] RAMDISK: [mem 0x3fd02000-0x3ffdffff]
[    0.112524] ACPI: Early table checksum verification disabled
[    0.113669] ACPI: RSDP 0x00000000000F52E0 000014 (v00 BOCHS )
[    0.114346] ACPI: RSDT 0x000000003FFE238A 000034 (v01 BOCHS  BXPC     00000001 BXPC 00000001)
[    0.115941] ACPI: FACP 0x000000003FFE2236 000074 (v01 BOCHS  BXPC     00000001 BXPC 00000001)
[    0.117376] ACPI: DSDT 0x000000003FFE0040 0021F6 (v01 BOCHS  BXPC     00000001 BXPC 00000001)
[    0.117622] ACPI: FACS 0x000000003FFE0000 000040
[    0.117793] ACPI: APIC 0x000000003FFE22AA 000080 (v03 BOCHS  BXPC     00000001 BXPC 00000001)
[    0.117893] ACPI: HPET 0x000000003FFE232A 000038 (v01 BOCHS  BXPC     00000001 BXPC 00000001)
[    0.117982] ACPI: WAET 0x000000003FFE2362 000028 (v01 BOCHS  BXPC     00000001 BXPC 00000001)
[    0.118236] ACPI: Reserving FACP table memory at [mem 0x3ffe2236-0x3ffe22a9]
[    0.118316] ACPI: Reserving DSDT table memory at [mem 0x3ffe0040-0x3ffe2235]
[    0.118352] ACPI: Reserving FACS table memory at [mem 0x3ffe0000-0x3ffe003f]
[    0.118383] ACPI: Reserving APIC table memory at [mem 0x3ffe22aa-0x3ffe2329]
[    0.118412] ACPI: Reserving HPET table memory at [mem 0x3ffe232a-0x3ffe2361]
[    0.118440] ACPI: Reserving WAET table memory at [mem 0x3ffe2362-0x3ffe2389]
[    0.123577] No NUMA configuration found
[    0.123663] Faking a node at [mem 0x0000000000000000-0x000000003ffdffff]
[    0.125756] NODE_DATA(0) allocated [mem 0x3fcfd000-0x3fd01fff]
[    0.132240] Zone ranges:
[    0.132422]   DMA      [mem 0x0000000000001000-0x0000000000ffffff]
[    0.132558]   DMA32    [mem 0x0000000001000000-0x000000003ffdffff]
[    0.132607]   Normal   empty
[    0.132668]   Device   empty
[    0.132718] Movable zone start for each node
[    0.132810] Early memory node ranges
[    0.132902]   node   0: [mem 0x0000000000001000-0x000000000009efff]
[    0.133289]   node   0: [mem 0x0000000000100000-0x000000003ffdffff]
[    0.133840] Initmem setup node 0 [mem 0x0000000000001000-0x000000003ffdffff]
[    0.136566] On node 0, zone DMA: 1 pages in unavailable ranges
[    0.137288] On node 0, zone DMA: 97 pages in unavailable ranges
[    0.168241] On node 0, zone DMA32: 32 pages in unavailable ranges
[    0.170874] ACPI: LAPIC_NMI (acpi_id[0xff] dfl dfl lint[0x1])
[    0.172031] IOAPIC[0]: apic_id 0, version 32, address 0xfec00000, GSI 0-23
[    0.172382] ACPI: INT_SRC_OVR (bus 0 bus_irq 0 global_irq 2 dfl dfl)
[    0.173098] ACPI: INT_SRC_OVR (bus 0 bus_irq 5 global_irq 5 high level)
[    0.173215] ACPI: INT_SRC_OVR (bus 0 bus_irq 9 global_irq 9 high level)
[    0.173517] ACPI: INT_SRC_OVR (bus 0 bus_irq 10 global_irq 10 high level)
[    0.173560] ACPI: INT_SRC_OVR (bus 0 bus_irq 11 global_irq 11 high level)
[    0.174159] Using ACPI (MADT) for SMP configuration information
[    0.174318] ACPI: HPET id: 0x8086a201 base: 0xfed00000
[    0.175240] smpboot: Allowing 2 CPUs, 0 hotplug CPUs
[    0.177254] [mem 0x40000000-0xfffbffff] available for PCI devices
[    0.177372] Booting paravirtualized kernel on bare hardware
[    0.178475] clocksource: refined-jiffies: mask: 0xffffffff max_cycles: 0xffffffff, max_idle_ns: 1910969940391419 ns
[    0.210533] setup_percpu: NR_CPUS:512 nr_cpumask_bits:512 nr_cpu_ids:2 nr_node_ids:1
[    0.224678] percpu: Embedded 63 pages/cpu s221184 r8192 d28672 u1048576
[    0.230916] Built 1 zonelists, mobility grouping on.  Total pages: 257897
[    0.231013] Policy zone: DMA32
[    0.231761] Kernel command line: console=ttyS0 rdinit=/init testvm_autorun=/run_badnode.sh nokaslr panic=-1
[    0.241637] Dentry cache hash table entries: 131072 (order: 8, 1048576 bytes, linear)
[    0.244455] Inode-cache hash table entries: 65536 (order: 7, 524288 bytes, linear)
[    0.250030] mem auto-init: stack:off, heap alloc:off, heap free:off
[    0.251292] AGP: Checking aperture...
[    0.255625] AGP: No AGP bridge found
[    0.290954] bad_dst_dbg page_alloc pcp_alloc page=ffffea0000120000 pfn=4800 mt=0 pcp_count=0 zone=DMA32 cpu=0
[    0.292087] bad_dst_dbg page_alloc pcp_alloc page=ffffea0000120040 pfn=4801 mt=0 pcp_count=0 zone=DMA32 cpu=0
[    0.292182] bad_dst_dbg page_alloc pcp_alloc page=ffffea0000120080 pfn=4802 mt=0 pcp_count=0 zone=DMA32 cpu=0
[    0.292237] bad_dst_dbg page_alloc pcp_alloc page=ffffea00001200c0 pfn=4803 mt=0 pcp_count=0 zone=DMA32 cpu=0
[    0.292289] bad_dst_dbg page_alloc pcp_alloc page=ffffea0000120100 pfn=4804 mt=0 pcp_count=0 zone=DMA32 cpu=0
[    0.292336] bad_dst_dbg page_alloc pcp_alloc page=ffffea0000120140 pfn=4805 mt=0 pcp_count=0 zone=DMA32 cpu=0
[    0.292381] bad_dst_dbg page_alloc pcp_alloc page=ffffea0000120180 pfn=4806 mt=0 pcp_count=0 zone=DMA32 cpu=0
[    0.292425] bad_dst_dbg page_alloc pcp_alloc page=ffffea00001201c0 pfn=4807 mt=0 pcp_count=0 zone=DMA32 cpu=0
[    0.292468] bad_dst_dbg page_alloc pcp_alloc page=ffffea0000120200 pfn=4808 mt=0 pcp_count=0 zone=DMA32 cpu=0
[    0.292511] bad_dst_dbg page_alloc pcp_alloc page=ffffea0000120240 pfn=4809 mt=0 pcp_count=0 zone=DMA32 cpu=0
[    0.293775] Memory: 208112K/1048056K available (18452K kernel code, 3390K rwdata, 15468K rodata, 1904K init, 4920K bss, 74812K reserved, 0K cma-reserved)
[    0.296114] random: get_random_u64 called from __kmem_cache_create+0x2a/0x4d0 with crng_init=0
[    0.312899] SLUB: HWalign=64, Order=0-3, MinObjects=0, CPUs=2, Nodes=1
[    0.317547] ftrace: allocating 57808 entries in 226 pages
[    0.554812] ftrace: allocated 226 pages with 4 groups
[    0.577535] rcu: Preemptible hierarchical RCU implementation.
[    0.577639] rcu: 	RCU restricting CPUs from NR_CPUS=512 to nr_cpu_ids=2.
[    0.577878] 	Trampoline variant of Tasks RCU enabled.
[    0.577908] 	Rude variant of Tasks RCU enabled.
[    0.577934] 	Tracing variant of Tasks RCU enabled.
[    0.578255] rcu: RCU calculated value of scheduler-enlistment delay is 100 jiffies.
[    0.578370] rcu: Adjusting geometry for rcu_fanout_leaf=16, nr_cpu_ids=2
[    0.658691] NR_IRQS: 33024, nr_irqs: 440, preallocated irqs: 16
[    0.695762] Console: colour VGA+ 80x25
[    0.718481] printk: console [ttyS0] enabled
[    0.720764] ACPI: Core revision 20200925
[    0.735203] clocksource: hpet: mask: 0xffffffff max_cycles: 0xffffffff, max_idle_ns: 19112604467 ns
[    0.747496] APIC: Switch to symmetric I/O mode setup
[    0.760773] ..TIMER: vector=0x30 apic1=0 pin1=2 apic2=-1 pin2=-1
[    0.768394] tsc: Marking TSC unstable due to TSCs unsynchronized
[    0.770335] Calibrating delay loop (skipped), value calculated using timer frequency.. 4608.05 BogoMIPS (lpj=2304025)
[    0.771249] pid_max: default: 32768 minimum: 301
[    0.774451] LSM: Security Framework initializing
[    0.777281] Yama: becoming mindful.
[    0.779786] LoadPin: ready to pin (currently enforcing)
[    0.785465] AppArmor: AppArmor initialized
[    0.785743] LSM support for eBPF active
[    0.787299] Mount-cache hash table entries: 2048 (order: 2, 16384 bytes, linear)
[    0.787659] Mountpoint-cache hash table entries: 2048 (order: 2, 16384 bytes, linear)
[    0.856615] process: using AMD E400 aware idle routine
[    0.857750] Last level iTLB entries: 4KB 512, 2MB 255, 4MB 127
[    0.858061] Last level dTLB entries: 4KB 512, 2MB 255, 4MB 127, 1GB 0
[    0.858693] Spectre V1 : Mitigation: usercopy/swapgs barriers and __user pointer sanitization
[    0.859328] Spectre V2 : Mitigation: Retpolines
[    0.859517] Spectre V2 : Spectre v2 / SpectreRSB mitigation: Filling RSB on context switch
[    0.867592] bad_dst_dbg page_alloc pcp_free page=ffffea00000fc8c0 pfn=3f23 mt=1 pcp_count=20 pcp_high=90 zone=DMA32 cpu=0
[    0.868131] bad_dst_dbg page_alloc pcp_free page=ffffea00000fc900 pfn=3f24 mt=1 pcp_count=21 pcp_high=90 zone=DMA32 cpu=0
[    0.868450] bad_dst_dbg page_alloc pcp_free page=ffffea00000fc940 pfn=3f25 mt=1 pcp_count=22 pcp_high=90 zone=DMA32 cpu=0
[    0.868775] bad_dst_dbg page_alloc pcp_free page=ffffea00000fc980 pfn=3f26 mt=1 pcp_count=23 pcp_high=90 zone=DMA32 cpu=0
[    0.869040] bad_dst_dbg page_alloc pcp_free page=ffffea00000fc9c0 pfn=3f27 mt=1 pcp_count=24 pcp_high=90 zone=DMA32 cpu=0
[    0.869348] bad_dst_dbg page_alloc pcp_free page=ffffea00000fca00 pfn=3f28 mt=1 pcp_count=25 pcp_high=90 zone=DMA32 cpu=0
[    0.869663] bad_dst_dbg page_alloc pcp_free page=ffffea00000fca40 pfn=3f29 mt=1 pcp_count=26 pcp_high=90 zone=DMA32 cpu=0
[    0.870039] bad_dst_dbg page_alloc pcp_free page=ffffea00000fca80 pfn=3f2a mt=1 pcp_count=27 pcp_high=90 zone=DMA32 cpu=0
[    0.870367] bad_dst_dbg page_alloc pcp_free page=ffffea00000fcac0 pfn=3f2b mt=1 pcp_count=28 pcp_high=90 zone=DMA32 cpu=0
[    0.871059] bad_dst_dbg page_alloc pcp_free page=ffffea00000fcb00 pfn=3f2c mt=1 pcp_count=29 pcp_high=90 zone=DMA32 cpu=0
[    0.871470] Freeing SMP alternatives memory: 60K
[    1.006391] random: fast init done
[    1.134004] smpboot: CPU0: AMD QEMU Virtual CPU version 2.5+ (family: 0xf, model: 0x6b, stepping: 0x1)
[    1.158786] Performance Events: PMU not available due to virtualization, using software events only.
[    1.168869] rcu: Hierarchical SRCU implementation.
[    1.192853] NMI watchdog: Perf NMI watchdog permanently disabled
[    1.203198] smp: Bringing up secondary CPUs ...
[    1.217255] x86: Booting SMP configuration:
[    1.217588] .... node  #0, CPUs:      #1
[    1.303662] smp: Brought up 1 node, 2 CPUs
[    1.304339] smpboot: Max logical packages: 1
[    1.304757] smpboot: Total of 2 processors activated (9194.78 BogoMIPS)
[    1.348742] node 0 deferred pages initialised in 23ms
[    1.373135] devtmpfs: initialized
[    1.383646] x86/mm: Memory block size: 128MB
[    1.407184] clocksource: jiffies: mask: 0xffffffff max_cycles: 0xffffffff, max_idle_ns: 1911260446275000 ns
[    1.408652] futex hash table entries: 512 (order: 3, 32768 bytes, linear)
[    1.427562] PM: RTC time: 08:29:25, date: 2026-05-26
[    1.456439] NET: Registered protocol family 16
[    1.470991] DMA: preallocated 128 KiB GFP_KERNEL pool for atomic allocations
[    1.472343] DMA: preallocated 128 KiB GFP_KERNEL|GFP_DMA pool for atomic allocations
[    1.473075] DMA: preallocated 128 KiB GFP_KERNEL|GFP_DMA32 pool for atomic allocations
[    1.474701] audit: initializing netlink subsys (disabled)
[    1.482386] audit: type=2000 audit(1779784164.730:1): state=initialized audit_enabled=0 res=1
[    1.491376] thermal_sys: Registered thermal governor 'step_wise'
[    1.491512] thermal_sys: Registered thermal governor 'user_space'
[    1.494587] cpuidle: using governor ladder
[    1.495871] cpuidle: using governor menu
[    1.499373] ACPI: bus type PCI registered
[    1.499858] acpiphp: ACPI Hot Plug PCI Controller Driver version: 0.5
[    1.507283] PCI: Using configuration type 1 for base access
[    1.514149] mtrr: your CPUs had inconsistent fixed MTRR settings
[    1.514452] mtrr: your CPUs had inconsistent variable MTRR settings
[    1.514787] mtrr: your CPUs had inconsistent MTRRdefType settings
[    1.515058] mtrr: probably your BIOS does not setup all CPUs.
[    1.515262] mtrr: corrected configuration.
[    1.581420] Kprobes globally optimized
[    1.592394] HugeTLB registered 2.00 MiB page size, pre-allocated 0 pages
[    1.621227] cryptd: max_cpu_qlen set to 1000
[    1.673761] raid6: sse2x4   gen()   534 MB/s
[    1.690751] raid6: sse2x4   xor()   308 MB/s
[    1.707630] raid6: sse2x2   gen()   596 MB/s
[    1.724666] raid6: sse2x2   xor()   350 MB/s
[    1.741584] raid6: sse2x1   gen()   645 MB/s
[    1.758761] raid6: sse2x1   xor()   328 MB/s
[    1.759129] raid6: using algorithm sse2x1 gen() 645 MB/s
[    1.759354] raid6: .... xor() 328 MB/s, rmw enabled
[    1.759916] raid6: using intx1 recovery algorithm
[    1.761953] ACPI: Added _OSI(Module Device)
[    1.762245] ACPI: Added _OSI(Processor Device)
[    1.762389] ACPI: Added _OSI(3.0 _SCP Extensions)
[    1.762533] ACPI: Added _OSI(Processor Aggregator Device)
[    1.762916] ACPI: Added _OSI(Linux-Dell-Video)
[    1.763051] ACPI: Added _OSI(Linux-Lenovo-NV-HDMI-Audio)
[    1.763229] ACPI: Added _OSI(Linux-HPI-Hybrid-Graphics)
[    1.809467] ACPI: 1 ACPI AML tables successfully acquired and loaded
[    1.853656] ACPI: Interpreter enabled
[    1.856485] ACPI: (supports S0 S3 S5)
[    1.856793] ACPI: Using IOAPIC for interrupt routing
[    1.858144] PCI: Using host bridge windows from ACPI; if necessary, use "pci=nocrs" and report a bug
[    1.862004] ACPI: Enabled 2 GPEs in block 00 to 0F
[    1.962004] ACPI: PCI Root Bridge [PCI0] (domain 0000 [bus 00-ff])
[    1.964936] acpi PNP0A03:00: _OSC: OS supports [ASPM ClockPM Segments MSI HPX-Type3]
[    1.967447] acpi PNP0A03:00: fail to add MMCONFIG information, can't access extended PCI configuration space under this bridge.
[    1.978875] acpiphp: Slot [3] registered
[    1.979646] acpiphp: Slot [4] registered
[    1.980422] acpiphp: Slot [5] registered
[    1.981203] acpiphp: Slot [6] registered
[    1.981898] acpiphp: Slot [7] registered
[    1.982341] acpiphp: Slot [8] registered
[    1.982795] acpiphp: Slot [9] registered
[    1.983409] acpiphp: Slot [10] registered
[    1.984234] acpiphp: Slot [11] registered
[    1.984775] acpiphp: Slot [12] registered
[    1.985482] acpiphp: Slot [13] registered
[    1.986431] acpiphp: Slot [14] registered
[    1.987199] acpiphp: Slot [15] registered
[    1.987694] acpiphp: Slot [16] registered
[    1.988316] acpiphp: Slot [17] registered
[    1.988752] acpiphp: Slot [18] registered
[    1.989283] acpiphp: Slot [19] registered
[    1.989736] acpiphp: Slot [20] registered
[    1.990385] acpiphp: Slot [21] registered
[    1.990904] acpiphp: Slot [22] registered
[    1.991480] acpiphp: Slot [23] registered
[    1.992281] acpiphp: Slot [24] registered
[    1.992742] acpiphp: Slot [25] registered
[    1.993355] acpiphp: Slot [26] registered
[    1.994254] acpiphp: Slot [27] registered
[    1.994878] acpiphp: Slot [28] registered
[    1.995414] acpiphp: Slot [29] registered
[    1.996134] acpiphp: Slot [30] registered
[    1.996711] acpiphp: Slot [31] registered
[    1.997853] PCI host bridge to bus 0000:00
[    1.998788] pci_bus 0000:00: root bus resource [io  0x0000-0x0cf7 window]
[    1.999097] pci_bus 0000:00: root bus resource [io  0x0d00-0xffff window]
[    1.999556] pci_bus 0000:00: root bus resource [mem 0x000a0000-0x000bffff window]
[    2.000056] pci_bus 0000:00: root bus resource [mem 0x40000000-0xfebfffff window]
[    2.000305] pci_bus 0000:00: root bus resource [mem 0x100000000-0x17fffffff window]
[    2.001251] pci_bus 0000:00: root bus resource [bus 00-ff]
[    2.005120] pci 0000:00:00.0: [8086:1237] type 00 class 0x060000
[    2.017929] pci 0000:00:01.0: [8086:7000] type 00 class 0x060100
[    2.020867] pci 0000:00:01.1: [8086:7010] type 00 class 0x010180
[    2.025234] pci 0000:00:01.1: reg 0x20: [io  0xc000-0xc00f]
[    2.026190] pci 0000:00:01.1: legacy IDE quirk: reg 0x10: [io  0x01f0-0x01f7]
[    2.028119] pci 0000:00:01.1: legacy IDE quirk: reg 0x14: [io  0x03f6]
[    2.028449] pci 0000:00:01.1: legacy IDE quirk: reg 0x18: [io  0x0170-0x0177]
[    2.028819] pci 0000:00:01.1: legacy IDE quirk: reg 0x1c: [io  0x0376]
[    2.032166] pci 0000:00:01.3: [8086:7113] type 00 class 0x068000
[    2.034561] pci 0000:00:01.3: quirk: [io  0x0600-0x063f] claimed by PIIX4 ACPI
[    2.035126] pci 0000:00:01.3: quirk: [io  0x0700-0x070f] claimed by PIIX4 SMB
[    2.038142] pci 0000:00:02.0: [1234:1111] type 00 class 0x030000
[    2.039351] pci 0000:00:02.0: reg 0x10: [mem 0xfd000000-0xfdffffff pref]
[    2.042004] pci 0000:00:02.0: reg 0x18: [mem 0xfebf0000-0xfebf0fff]
[    2.043004] pci 0000:00:02.0: reg 0x30: [mem 0xfebe0000-0xfebeffff pref]
[    2.058710] ACPI: PCI Interrupt Link [LNKA] (IRQs 5 *10 11)
[    2.061502] ACPI: PCI Interrupt Link [LNKB] (IRQs 5 *10 11)
[    2.063268] ACPI: PCI Interrupt Link [LNKC] (IRQs 5 10 *11)
[    2.064754] ACPI: PCI Interrupt Link [LNKD] (IRQs 5 10 *11)
[    2.065549] ACPI: PCI Interrupt Link [LNKS] (IRQs *9)
[    2.081495] iommu: Default domain type: Translated 
[    2.087143] SCSI subsystem initialized
[    2.095277] pps_core: LinuxPPS API ver. 1 registered
[    2.095601] pps_core: Software ver. 5.3.6 - Copyright 2005-2007 Rodolfo Giometti <giometti@linux.it>
[    2.096281] PTP clock support registered
[    2.128833] PCI: Using ACPI for IRQ routing
[    2.135669] hpet: 3 channels of 0 reserved for per-cpu timers
[    2.137205] hpet0: at MMIO 0xfed00000, IRQs 2, 8, 0
[    2.137731] hpet0: 3 comparators, 64-bit 100.000000 MHz counter
[    2.145714] clocksource: Switched to clocksource hpet
[    4.206734] VFS: Disk quotas dquot_6.6.0
[    4.207550] VFS: Dquot-cache hash table entries: 512 (order 0, 4096 bytes)
[    4.211497] FS-Cache: Loaded
[    4.224251] CacheFiles: Loaded
[    4.229905] AppArmor: AppArmor Filesystem Enabled
[    4.233005] pnp: PnP ACPI init
[    4.247261] pnp: PnP ACPI: found 6 devices
[    4.354646] NET: Registered protocol family 2
[    4.358026] IP idents hash table entries: 16384 (order: 5, 131072 bytes, linear)
[    4.407477] tcp_listen_portaddr_hash hash table entries: 512 (order: 1, 8192 bytes, linear)
[    4.408285] TCP established hash table entries: 8192 (order: 4, 65536 bytes, linear)
[    4.409138] TCP bind hash table entries: 8192 (order: 5, 131072 bytes, linear)
[    4.409929] TCP: Hash tables configured (established 8192 bind 8192)
[    4.413926] UDP hash table entries: 512 (order: 2, 16384 bytes, linear)
[    4.414894] UDP-Lite hash table entries: 512 (order: 2, 16384 bytes, linear)
[    4.423552] NET: Registered protocol family 1
[    4.432905] RPC: Registered named UNIX socket transport module.
[    4.433453] RPC: Registered udp transport module.
[    4.433660] RPC: Registered tcp transport module.
[    4.433823] RPC: Registered tcp NFSv4.1 backchannel transport module.
[    4.434399] NET: Registered protocol family 44
[    4.436943] pci_bus 0000:00: resource 4 [io  0x0000-0x0cf7 window]
[    4.437332] pci_bus 0000:00: resource 5 [io  0x0d00-0xffff window]
[    4.437541] pci_bus 0000:00: resource 6 [mem 0x000a0000-0x000bffff window]
[    4.437771] pci_bus 0000:00: resource 7 [mem 0x40000000-0xfebfffff window]
[    4.438028] pci_bus 0000:00: resource 8 [mem 0x100000000-0x17fffffff window]
[    4.439683] pci 0000:00:01.0: PIIX3: Enabling Passive Release
[    4.440243] pci 0000:00:00.0: Limiting direct PCI/PCI transfers
[    4.440661] pci 0000:00:01.0: Activating ISA DMA hang workarounds
[    4.441514] pci 0000:00:02.0: Video device with shadowed ROM at [mem 0x000c0000-0x000dffff]
[    4.441908] PCI: CLS 0 bytes, default 64
[    4.454403] Trying to unpack rootfs image as initramfs...
[    4.875638] Freeing initrd memory: 2936K
[    4.878527] kvm: no hardware support
[    4.883987] kvm: Nested Virtualization enabled
[    4.884778] SVM: kvm: Nested Paging disabled
[    4.907267] check: Scanning for low memory corruption every 60 seconds
[    4.919699] Initialise system trusted keyrings
[    4.926407] Key type blacklist registered
[    4.929338] workingset: timestamp_bits=40 max_order=18 bucket_order=0
[    4.978749] squashfs: version 4.0 (2009/01/31) Phillip Lougher
[    4.982646] FS-Cache: Netfs 'nfs' registered for caching
[    4.987754] NFS: Registering the id_resolver key type
[    4.988637] Key type id_resolver registered
[    4.988851] Key type id_legacy registered
[    4.990025] nfs4filelayout_init: NFSv4 File Layout Driver Registering...
[    4.991355] nfs4flexfilelayout_init: NFSv4 Flexfile Layout Driver Registering...
[    4.991654] Installing knfsd (copyright (C) 1996 okir@monad.swb.de).
[    5.007232] Key type cifs.spnego registered
[    5.007803] Key type cifs.idmap registered
[    5.008324] ntfs: driver 2.1.32 [Flags: R/O].
[    5.011849] fuse: init (API version 7.32)
[    5.015836] SGI XFS with ACLs, security attributes, quota, no debug enabled
[    5.027603] 9p: Installing v9fs 9p2000 file system support
[    5.032780] integrity: Platform Keyring initialized
[    5.079872] NET: Registered protocol family 38
[    5.081314] xor: measuring software checksum speed
[    5.103860]    prefetch64-sse  :   523 MB/sec
[    5.133221]    generic_sse     :   391 MB/sec
[    5.133547] xor: using function: prefetch64-sse (523 MB/sec)
[    5.133893] Key type asymmetric registered
[    5.134370] Asymmetric key parser 'x509' registered
[    5.135230] Block layer SCSI generic (bsg) driver version 0.4 loaded (major 248)
[    5.137378] io scheduler mq-deadline registered
[    5.137768] io scheduler kyber registered
[    5.139429] io scheduler bfq registered
[    5.151486] input: Power Button as /devices/LNXSYSTM:00/LNXPWRBN:00/input/input0
[    5.164058] bad_dst_dbg slub __slab_free_state cache=kmalloc-256 page=ffffea0000ff80c0 pfn=3fe03 head=ffff88803fe03f00 cnt=1 prior=0000000000000000 old_inuse=16 new_inuse=15 was_frozen=1 new_frozen=1 objects=16 cpu=1
[    5.166199] bad_dst_dbg slub __slab_free_state cache=kmalloc-256 page=ffffea0000ff80c0 pfn=3fe03 head=ffff88803fe03100 cnt=1 prior=ffff88803fe03f00 old_inuse=15 new_inuse=14 was_frozen=1 new_frozen=1 objects=16 cpu=1
[    5.167477] ACPI: Power Button [PWRF]
[    5.183673] Serial: 8250/16550 driver, 4 ports, IRQ sharing disabled
[    5.189663] 00:04: ttyS0 at I/O 0x3f8 (irq = 4, base_baud = 115200) is a 16550A
[    5.205321] Non-volatile memory driver v1.3
[    5.207355] AMD-Vi: AMD IOMMUv2 functionality not available on this system - This is not a bug.
[    5.314728] brd: module loaded
[    5.420563] loop: module loaded
[    5.426626] zram: Added device: zram0
[    5.427810] Guest personality initialized and is inactive
[    5.430317] VMCI host device registered (name=vmci, major=10, minor=62)
[    5.430681] Initialized host personality
[    5.432999] Loading iSCSI transport class v2.0-870.
[    5.440282] iscsi: registered transport (tcp)
[    5.441508] VMware PVSCSI driver - version 1.0.7.0-k
[    5.442355] hv_vmbus: registering driver hv_storvsc
[    5.486685] scsi host0: ata_piix
[    5.504496] scsi host1: ata_piix
[    5.507519] ata1: PATA max MWDMA2 cmd 0x1f0 ctl 0x3f6 bmdma 0xc000 irq 14
[    5.507925] ata2: PATA max MWDMA2 cmd 0x170 ctl 0x376 bmdma 0xc008 irq 15
[    5.528983] Rounding down aligned max_sectors from 4294967295 to 4294967288
[    5.533527] db_root: cannot open: /etc/target
[    5.584457] wireguard: WireGuard 1.0.0 loaded. See www.wireguard.com for information.
[    5.584892] wireguard: Copyright (C) 2015-2019 Jason A. Donenfeld <Jason@zx2c4.com>. All Rights Reserved.
[    5.596926] tun: Universal TUN/TAP device driver, 1.6
[    5.604673] ixgbevf: Intel(R) 10 Gigabit PCI Express Virtual Function Network Driver
[    5.605324] ixgbevf: Copyright (c) 2009 - 2018 Intel Corporation.
[    5.608369] PPP generic driver version 2.4.2
[    5.611181] VMware vmxnet3 virtual NIC driver - version 1.5.0.0-k-NAPI
[    5.611888] hv_vmbus: registering driver hv_netvsc
[    5.614827] VFIO - User Level meta-driver version: 0.3
[    5.625567] i8042: PNP: PS/2 Controller [PNP0303:KBD,PNP0f13:MOU] at 0x60,0x64 irq 1,12
[    5.643949] serio: i8042 KBD port at 0x60,0x64 irq 1
[    5.648811] serio: i8042 AUX port at 0x60,0x64 irq 12
[    5.650844] hv_vmbus: registering driver hyperv_keyboard
[    5.659362] rtc_cmos 00:05: RTC can wake from S4
[    5.662847] input: AT Translated Set 2 keyboard as /devices/platform/i8042/serio0/input/input1
[    5.671439] rtc_cmos 00:05: registered as rtc0
[    5.674516] rtc_cmos 00:05: alarms up to one day, y3k, 242 bytes nvram, hpet irqs
[    5.675811] iTCO_wdt: Intel TCO WatchDog Timer Driver v1.11
[    5.676488] iTCO_vendor_support: vendor-support=0
[    5.696526] device-mapper: ioctl: 4.43.0-ioctl (2020-10-01) initialised: dm-devel@redhat.com
[    5.707688] ata2.00: ATAPI: QEMU DVD-ROM, 2.5+, max UDMA/100
[    5.714024] device-mapper: multipath round-robin: version 1.2.0 loaded
[    5.715012] device-mapper: multipath queue-length: version 0.2.0 loaded
[    5.715556] device-mapper: multipath service-time: version 0.3.0 loaded
[    5.715901] device-mapper: multipath historical-service-time: version 0.1.1 loaded
[    5.719335] device-mapper: raid: Loading target version 1.15.1
[    5.732534] hv_utils: Registering HyperV Utility Driver
[    5.733251] hv_vmbus: registering driver hv_utils
[    5.733478] hv_vmbus: registering driver hv_balloon
[    5.736642] GACT probability NOT on
[    5.737545] Mirror/redirect action on
[    5.741500] netem: version 1.3
[    5.742408] u32 classifier
[    5.742556]     input device check on
[    5.742722]     Actions configured
[    5.755734] bad_dst_dbg slub __slab_free_state cache=kmalloc-256 page=ffffea000018ee40 pfn=63b9 head=ffff8880063b9600 cnt=4 prior=0000000000000000 old_inuse=16 new_inuse=12 was_frozen=0 new_frozen=1 objects=16 cpu=1
[    5.756703] bad_dst_dbg slub put_cpu_partial cache=kmalloc-256 page=ffffea000018ee40 pfn=63b9 drain=1 pages=1 pobjects=4 inuse=12 objects=16 cpu=1
[    5.757332] bad_dst_dbg slub __slab_free_state cache=kmalloc-256 page=ffffea000018eb80 pfn=63ae head=ffff8880063aef00 cnt=1 prior=0000000000000000 old_inuse=16 new_inuse=15 was_frozen=0 new_frozen=1 objects=16 cpu=1
[    5.758030] bad_dst_dbg slub put_cpu_partial cache=kmalloc-256 page=ffffea000018eb80 pfn=63ae drain=1 pages=2 pobjects=5 inuse=15 objects=16 cpu=1
[    5.761529] bad_dst_dbg slub __slab_free_state cache=kmalloc-256 page=ffffea00001a0040 pfn=6801 head=ffff888006801e00 cnt=1 prior=0000000000000000 old_inuse=16 new_inuse=15 was_frozen=1 new_frozen=1 objects=16 cpu=1
[    5.767310] scsi 1:0:0:0: CD-ROM            QEMU     QEMU DVD-ROM     2.5+ PQ: 0 ANSI: 5
[    5.767381] rmqueue_pcplist: 4838 callbacks suppressed
[    5.767493] bad_dst_dbg page_alloc pcp_alloc page=ffffea00001a0700 pfn=681c mt=0 pcp_count=49 zone=DMA32 cpu=0
[    5.768703] bad_dst_dbg page_alloc pcp_alloc page=ffffea00001a0740 pfn=681d mt=0 pcp_count=48 zone=DMA32 cpu=0
[    5.769636] bad_dst_dbg page_alloc pcp_alloc page=ffffea00001a06c0 pfn=681b mt=0 pcp_count=180 zone=DMA32 cpu=1
[    5.769738] bad_dst_dbg page_alloc pcp_alloc page=ffffea00001a0780 pfn=681e mt=0 pcp_count=47 zone=DMA32 cpu=0
[    5.771358] bad_dst_dbg page_alloc pcp_alloc page=ffffea00001a07c0 pfn=681f mt=0 pcp_count=46 zone=DMA32 cpu=0
[    5.779785] bad_dst_dbg page_alloc pcp_alloc page=ffffea00001a0800 pfn=6820 mt=0 pcp_count=45 zone=DMA32 cpu=0
[    5.786829] bad_dst_dbg page_alloc pcp_alloc page=ffffea00001a06c0 pfn=681b mt=0 pcp_count=180 zone=DMA32 cpu=1
[    5.787795] xt_time: kernel timezone is -0000
[    5.788977] bad_dst_dbg page_alloc pcp_alloc page=ffffea00001a06c0 pfn=681b mt=0 pcp_count=180 zone=DMA32 cpu=1
[    5.790375] bad_dst_dbg slub __slab_free_state cache=kmalloc-256 page=ffffea00001a0040 pfn=6801 head=ffff888006801600 cnt=2 prior=0000000000000000 old_inuse=16 new_inuse=14 was_frozen=0 new_frozen=1 objects=16 cpu=0
[    5.791326] bad_dst_dbg slub put_cpu_partial cache=kmalloc-256 page=ffffea00001a0040 pfn=6801 drain=1 pages=1 pobjects=2 inuse=14 objects=16 cpu=0
[    5.791842] bad_dst_dbg slub __slab_free_state cache=kmalloc-256 page=ffffea000018f340 pfn=63cd head=ffff8880063cdf00 cnt=1 prior=0000000000000000 old_inuse=16 new_inuse=15 was_frozen=1 new_frozen=1 objects=16 cpu=0
[    5.791875] bad_dst_dbg page_alloc pcp_alloc page=ffffea00001a06c0 pfn=681b mt=0 pcp_count=180 zone=DMA32 cpu=1
[    5.792634] bad_dst_dbg page_alloc pcp_alloc page=ffffea000018f500 pfn=63d4 mt=0 pcp_count=179 zone=DMA32 cpu=1
[    5.794209] IPVS: Registered protocols (TCP, UDP, SCTP, AH, ESP)
[    5.795908] IPVS: Connection hash table configured (size=4096, memory=64Kbytes)
[    5.801568] IPVS: ipvs loaded.
[    5.802319] IPVS: [rr] scheduler registered.
[    5.802677] IPVS: [wrr] scheduler registered.
[    5.802953] IPVS: [lc] scheduler registered.
[    5.803293] IPVS: [wlc] scheduler registered.
[    5.803522] IPVS: [fo] scheduler registered.
[    5.803753] IPVS: [ovf] scheduler registered.
[    5.804514] IPVS: [lblc] scheduler registered.
[    5.805011] IPVS: [lblcr] scheduler registered.
[    5.805445] IPVS: [dh] scheduler registered.
[    5.805663] IPVS: [sh] scheduler registered.
[    5.805873] IPVS: [sed] scheduler registered.
[    5.806208] IPVS: [nq] scheduler registered.
[    5.808335] IPVS: ftp: loaded support on port[0] = 21
[    5.808847] IPVS: [sip] pe registered.
[    5.810009] ipip: IPv4 and MPLS over IPv4 tunneling driver
[    5.818547] gre: GRE over IPv4 demultiplexor driver
[    5.818886] ip_gre: GRE over IPv4 tunneling driver
[    5.822432] sr 1:0:0:0: [sr0] scsi3-mmc drive: 4x/4x cd/rw xa/form2 tray
[    5.823352] cdrom: Uniform CD-ROM driver Revision: 3.20
[    5.854246] bad_dst_dbg slub __slab_free_state cache=kmalloc-256 page=ffffea00001a0040 pfn=6801 head=ffff888006801b00 cnt=1 prior=0000000000000000 old_inuse=16 new_inuse=15 was_frozen=0 new_frozen=1 objects=16 cpu=1
[    5.854951] bad_dst_dbg slub put_cpu_partial cache=kmalloc-256 page=ffffea00001a0040 pfn=6801 drain=1 pages=1 pobjects=1 inuse=15 objects=16 cpu=1
[    5.856514] bad_dst_dbg slub __slab_free_state cache=kmalloc-256 page=ffffea000018eb80 pfn=63ae head=ffff8880063aef00 cnt=1 prior=0000000000000000 old_inuse=16 new_inuse=15 was_frozen=0 new_frozen=1 objects=16 cpu=1
[    5.856790] ipt_CLUSTERIP: ClusterIP Version 0.8 loaded successfully
[    5.857461] bad_dst_dbg slub put_cpu_partial cache=kmalloc-256 page=ffffea000018eb80 pfn=63ae drain=1 pages=2 pobjects=2 inuse=15 objects=16 cpu=1
[    5.864827] Initializing XFRM netlink socket
[    5.865874] IPsec XFRM device driver
[    5.871693] NET: Registered protocol family 10
[    5.909684] Segment Routing with IPv6
[    5.936174] ip6_gre: GRE over IPv6 tunneling driver
[    5.941323] NET: Registered protocol family 17
[    5.942602] NET: Registered protocol family 15
[    5.945230] Bridge firewalling registered
[    5.951023] RPC: Registered rdma transport module.
[    5.951400] RPC: Registered rdma backchannel transport module.
[    5.954453] 8021q: 802.1Q VLAN Support v1.8
[    5.957768] 9pnet: Installing 9P2000 support
[    5.958933] Key type dns_resolver registered
[    5.961550] NET: Registered protocol family 40
[    5.969960] IPI shorthand broadcast: enabled
[    5.973430] registered taskstats version 1
[    5.973822] Loading compiled-in X.509 certificates
[    6.023630] bad_dst_dbg slub __slab_free_state cache=kmalloc-256 page=ffffea00001a4f40 pfn=693d head=ffff88800693da00 cnt=1 prior=0000000000000000 old_inuse=16 new_inuse=15 was_frozen=0 new_frozen=1 objects=16 cpu=1
[    6.024395] bad_dst_dbg slub put_cpu_partial cache=kmalloc-256 page=ffffea00001a4f40 pfn=693d drain=1 pages=1 pobjects=1 inuse=15 objects=16 cpu=1
[    6.026688] Loaded X.509 cert 'Build time autogenerated kernel key: 4504323df522a808911f4e0c6cd5fa52b82306a3'
[    6.030841] AppArmor: AppArmor sha1 policy hashing enabled
[    6.032609] ima: No TPM chip found, activating TPM-bypass!
[    6.033239] ima: Allocated hash algorithm: sha256
[    6.038810] ima: No architecture policies found
[    6.054845] PM:   Magic number: 10:720:473
[    6.060236] Unstable clock detected, switching default tracing clock to "global"
[    6.060236] If you want to keep using the local clock, then add:
[    6.060236]   "trace_clock=local"
[    6.060236] on the kernel command line
[    6.075915] integrity: Unable to open file: /etc/ima/pubkey.x509 (-2)
[    6.103551] free_unref_page_commit: 947 callbacks suppressed
[    6.103617] bad_dst_dbg page_alloc pcp_free page=ffffea00001a83c0 pfn=6a0f mt=0 pcp_count=71 pcp_high=378 zone=DMA32 cpu=0
[    6.104071] bad_dst_dbg page_alloc pcp_free page=ffffea00001a8380 pfn=6a0e mt=0 pcp_count=72 pcp_high=378 zone=DMA32 cpu=0
[    6.104071] bad_dst_dbg page_alloc pcp_free page=ffffea00001a8340 pfn=6a0d mt=0 pcp_count=73 pcp_high=378 zone=DMA32 cpu=0
[    6.104071] bad_dst_dbg page_alloc pcp_free page=ffffea00001a8300 pfn=6a0c mt=0 pcp_count=74 pcp_high=378 zone=DMA32 cpu=0
[    6.104071] bad_dst_dbg page_alloc pcp_free page=ffffea00001a82c0 pfn=6a0b mt=0 pcp_count=75 pcp_high=378 zone=DMA32 cpu=0
[    6.104071] bad_dst_dbg page_alloc pcp_free page=ffffea00001a8280 pfn=6a0a mt=0 pcp_count=76 pcp_high=378 zone=DMA32 cpu=0
[    6.104071] bad_dst_dbg page_alloc pcp_free page=ffffea00001a8240 pfn=6a09 mt=0 pcp_count=77 pcp_high=378 zone=DMA32 cpu=0
[    6.104071] bad_dst_dbg page_alloc pcp_free page=ffffea00001a8200 pfn=6a08 mt=0 pcp_count=78 pcp_high=378 zone=DMA32 cpu=0
[    6.104071] bad_dst_dbg page_alloc pcp_free page=ffffea00001a81c0 pfn=6a07 mt=0 pcp_count=79 pcp_high=378 zone=DMA32 cpu=0
[    6.104071] bad_dst_dbg page_alloc pcp_free page=ffffea00001a8180 pfn=6a06 mt=0 pcp_count=80 pcp_high=378 zone=DMA32 cpu=0
[    6.117456] Freeing unused decrypted memory: 2036K
[    6.305460] Freeing unused kernel image (initmem) memory: 1904K
[    6.306562] Write protecting the kernel read-only data: 36864k
[    6.317898] Freeing unused kernel image (text/rodata gap) memory: 2024K
[    6.321434] Freeing unused kernel image (rodata/data gap) memory: 916K
[    6.322448] Run /init as init process
testvm busybox initrd ready
+ mkdir -p /dev/binderfs
+ mount -t binder binder /dev/binderfs
+ ln -sf /dev/binderfs/binder /dev/binder
+ ln -sf /dev/binderfs/hwbinder /dev/hwbinder
+ ln -sf /dev/binderfs/vndbinder /dev/vndbinder
+ exec /badnode
Starting static exploit...
root payload: local shell
[    7.217195] bad_dst_dbg slub put_cpu_partial cache=kmalloc-256 page=ffffea00001a93c0 pfn=6a4f drain=1 pages=1 pobjects=1 inuse=15 objects=16 cpu=0
Opened file descriptors...
[   10.775908] rmqueue_pcplist: 1802 callbacks suppressed
[   10.775955] bad_dst_dbg page_alloc pcp_alloc page=ffffea00001af680 pfn=6bda mt=0 pcp_count=305 zone=DMA32 cpu=0
[   10.798686] bad_dst_dbg page_alloc pcp_alloc page=ffffea00001af6c0 pfn=6bdb mt=0 pcp_count=304 zone=DMA32 cpu=0
[   10.818795] bad_dst_dbg page_alloc pcp_alloc page=ffffea00001af700 pfn=6bdc mt=0 pcp_count=303 zone=DMA32 cpu=0
[   10.840959] bad_dst_dbg page_alloc pcp_alloc page=ffffea00001af740 pfn=6bdd mt=0 pcp_count=302 zone=DMA32 cpu=0
[   10.859702] bad_dst_dbg page_alloc pcp_alloc page=ffffea00001af780 pfn=6bde mt=0 pcp_count=301 zone=DMA32 cpu=0
[   10.881923] bad_dst_dbg page_alloc pcp_alloc page=ffffea00001af7c0 pfn=6bdf mt=0 pcp_count=300 zone=DMA32 cpu=0
[   10.901071] bad_dst_dbg page_alloc pcp_alloc page=ffffea00001af800 pfn=6be0 mt=0 pcp_count=299 zone=DMA32 cpu=0
[   10.922555] bad_dst_dbg page_alloc pcp_alloc page=ffffea00001af840 pfn=6be1 mt=0 pcp_count=298 zone=DMA32 cpu=0
[   10.942460] bad_dst_dbg page_alloc pcp_alloc page=ffffea00001af880 pfn=6be2 mt=0 pcp_count=297 zone=DMA32 cpu=0
[   10.965685] bad_dst_dbg page_alloc pcp_alloc page=ffffea00001af8c0 pfn=6be3 mt=0 pcp_count=296 zone=DMA32 cpu=0
[   15.789761] rmqueue_pcplist: 265 callbacks suppressed
[   15.789813] bad_dst_dbg page_alloc pcp_alloc page=ffffea00001b3b40 pfn=6ced mt=0 pcp_count=282 zone=DMA32 cpu=0
[   15.810434] bad_dst_dbg page_alloc pcp_alloc page=ffffea00001b3b80 pfn=6cee mt=0 pcp_count=281 zone=DMA32 cpu=0
[   15.831450] bad_dst_dbg page_alloc pcp_alloc page=ffffea00001b3bc0 pfn=6cef mt=0 pcp_count=280 zone=DMA32 cpu=0
[   15.851783] bad_dst_dbg page_alloc pcp_alloc page=ffffea00001b3c00 pfn=6cf0 mt=0 pcp_count=279 zone=DMA32 cpu=0
[   15.871299] bad_dst_dbg page_alloc pcp_alloc page=ffffea00001b3c40 pfn=6cf1 mt=0 pcp_count=278 zone=DMA32 cpu=0
[   15.890385] bad_dst_dbg page_alloc pcp_alloc page=ffffea00001b3c80 pfn=6cf2 mt=0 pcp_count=277 zone=DMA32 cpu=0
[   15.910513] bad_dst_dbg page_alloc pcp_alloc page=ffffea00001b3cc0 pfn=6cf3 mt=0 pcp_count=276 zone=DMA32 cpu=0
[   15.931640] bad_dst_dbg page_alloc pcp_alloc page=ffffea00001b3d00 pfn=6cf4 mt=0 pcp_count=275 zone=DMA32 cpu=0
[   15.951086] bad_dst_dbg page_alloc pcp_alloc page=ffffea00001b3d40 pfn=6cf5 mt=0 pcp_count=274 zone=DMA32 cpu=0
[   15.972573] bad_dst_dbg page_alloc pcp_alloc page=ffffea00001b3d80 pfn=6cf6 mt=0 pcp_count=273 zone=DMA32 cpu=0
Allocated from binder allocator...
Created gaps in binder allocator...
[   19.608744] __slab_free: 7 callbacks suppressed
[   19.608824] bad_dst_dbg slub __slab_free_state cache=kmalloc-256 page=ffffea00001aca80 pfn=6b2a head=ffff888006b2a700 cnt=1 prior=0000000000000000 old_inuse=16 new_inuse=15 was_frozen=1 new_frozen=1 objects=16 cpu=1
[   19.608947] bad_dst_dbg slub __slab_free_state cache=kmalloc-256 page=ffffea00001a5ac0 pfn=696b head=ffff88800696b600 cnt=1 prior=ffff88800696b200 old_inuse=13 new_inuse=12 was_frozen=1 new_frozen=1 objects=16 cpu=0
[   20.607906] free_unref_page_commit: 2746 callbacks suppressed
[   20.607951] bad_dst_dbg page_alloc pcp_free page=ffffea00000ce900 pfn=33a4 mt=1 pcp_count=246 pcp_high=378 zone=DMA32 cpu=0
[   20.608073] bad_dst_dbg page_alloc pcp_free page=ffffea00000ce940 pfn=33a5 mt=1 pcp_count=247 pcp_high=378 zone=DMA32 cpu=0
[   20.608073] bad_dst_dbg page_alloc pcp_free page=ffffea00000ce980 pfn=33a6 mt=1 pcp_count=248 pcp_high=378 zone=DMA32 cpu=0
[   20.608073] bad_dst_dbg page_alloc pcp_free page=ffffea00000ce9c0 pfn=33a7 mt=1 pcp_count=249 pcp_high=378 zone=DMA32 cpu=0
[   20.608073] bad_dst_dbg page_alloc pcp_free page=ffffea00000cea00 pfn=33a8 mt=1 pcp_count=250 pcp_high=378 zone=DMA32 cpu=0
[   20.608073] bad_dst_dbg page_alloc pcp_free page=ffffea00000cea40 pfn=33a9 mt=1 pcp_count=251 pcp_high=378 zone=DMA32 cpu=0
[   20.608073] bad_dst_dbg page_alloc pcp_free page=ffffea00000cea80 pfn=33aa mt=1 pcp_count=252 pcp_high=378 zone=DMA32 cpu=0
[   20.608073] bad_dst_dbg page_alloc pcp_free page=ffffea00000ceac0 pfn=33ab mt=1 pcp_count=253 pcp_high=378 zone=DMA32 cpu=0
[   20.619414] bad_dst_dbg page_alloc pcp_free page=ffffea00000ce4c0 pfn=3393 mt=1 pcp_count=254 pcp_high=378 zone=DMA32 cpu=0
[   20.620004] bad_dst_dbg page_alloc pcp_free page=ffffea00000ce500 pfn=3394 mt=1 pcp_count=255 pcp_high=378 zone=DMA32 cpu=0
[   20.791077] rmqueue_pcplist: 1899 callbacks suppressed
[   20.791077] bad_dst_dbg page_alloc pcp_alloc page=ffffea000010b000 pfn=42c0 mt=1 pcp_count=102 zone=DMA32 cpu=0
[   20.808924] bad_dst_dbg page_alloc pcp_alloc page=ffffea000010b040 pfn=42c1 mt=1 pcp_count=101 zone=DMA32 cpu=0
[   20.809837] bad_dst_dbg page_alloc pcp_alloc page=ffffea000010b080 pfn=42c2 mt=1 pcp_count=100 zone=DMA32 cpu=0
[   20.810550] bad_dst_dbg page_alloc pcp_alloc page=ffffea000010b0c0 pfn=42c3 mt=1 pcp_count=99 zone=DMA32 cpu=0
[   20.811254] bad_dst_dbg page_alloc pcp_alloc page=ffffea000010b100 pfn=42c4 mt=1 pcp_count=98 zone=DMA32 cpu=0
[   20.811894] bad_dst_dbg page_alloc pcp_alloc page=ffffea000010b140 pfn=42c5 mt=1 pcp_count=97 zone=DMA32 cpu=0
[   20.812726] bad_dst_dbg page_alloc pcp_alloc page=ffffea000010b180 pfn=42c6 mt=1 pcp_count=96 zone=DMA32 cpu=0
[   20.815574] bad_dst_dbg page_alloc pcp_alloc page=ffffea000010b1c0 pfn=42c7 mt=1 pcp_count=95 zone=DMA32 cpu=0
[   20.816486] bad_dst_dbg page_alloc pcp_alloc page=ffffea000010b200 pfn=42c8 mt=1 pcp_count=94 zone=DMA32 cpu=0
[   20.817286] bad_dst_dbg page_alloc pcp_alloc page=ffffea000010b240 pfn=42c9 mt=1 pcp_count=93 zone=DMA32 cpu=0
[   21.140474] binder: 155:155 got transaction with invalid offsets size, 15
[   21.141454] binder: transaction release 32314 bad node ffffffffffffffff
[   21.142176] binder: 155:155 transaction failed 29201/-22, size 48-15 line 3196
[   21.142989] binder: 155:155 got transaction with invalid offsets size, 15
[   21.143382] binder: transaction release 32315 bad node ffffffffffffffff
[   21.143675] binder: 155:155 transaction failed 29201/-22, size 48-15 line 3196
[   21.144126] binder: 155:155 got transaction with invalid offsets size, 15
[   21.144375] binder: transaction release 32316 bad node ffffffffffffffff
[   21.144618] binder: 155:155 transaction failed 29201/-22, size 48-15 line 3196
[   21.144932] binder: 155:155 got transaction with invalid offsets size, 15
[   21.145281] binder: transaction release 32317 bad node ffffffffffffffff
[   21.145515] binder: 155:155 transaction failed 29201/-22, size 48-15 line 3196
[   21.145838] binder: 155:155 got transaction with invalid offsets size, 15
[   21.146158] binder: transaction release 32318 bad node ffffffffffffffff
[   21.146376] binder: 155:155 transaction failed 29201/-22, size 48-15 line 3196
[   21.146739] binder: 155:155 got transaction with invalid offsets size, 15
[   21.146980] binder: transaction release 32319 bad node ffffffffffffffff
[   21.147372] binder: 155:155 transaction failed 29201/-22, size 48-15 line 3196
[   21.147712] binder: 155:155 got transaction with invalid offsets size, 15
[   21.147970] binder: transaction release 32320 bad node ffffffffffffffff
[   21.148267] binder: 155:155 transaction failed 29201/-22, size 48-15 line 3196
[   21.148557] binder: 155:155 got transaction with invalid offsets size, 15
[   21.148843] binder: transaction release 32321 bad node ffffffffffffffff
[   21.149191] binder: 155:155 transaction failed 29201/-22, size 48-15 line 3196
[   21.149503] binder: 155:155 got transaction with invalid offsets size, 15
[   21.149780] binder: transaction release 32322 bad node ffffffffffffffff
[   21.150145] binder: 155:155 transaction failed 29201/-22, size 48-15 line 3196
[   21.150480] binder: 155:155 got transaction with invalid offsets size, 15
[   21.150769] binder: transaction release 32323 bad node ffffffffffffffff
[   21.151132] binder: 155:155 transaction failed 29201/-22, size 48-15 line 3196
[   21.151453] binder: transaction release 32324 bad node ffffffffffffffff
[   21.151781] binder: transaction release 32325 bad node ffffffffffffffff
[   21.152191] binder: transaction release 32326 bad node ffffffffffffffff
[   21.152523] binder: transaction release 32327 bad node ffffffffffffffff
[   21.152830] binder: transaction release 32328 bad node ffffffffffffffff
[   21.153245] binder: transaction release 32329 bad node ffffffffffffffff
[   21.153553] binder: transaction release 32330 bad node ffffffffffffffff
[   21.153866] binder: transaction release 32331 bad node ffffffffffffffff
[   21.154276] binder: transaction release 32332 bad node ffffffffffffffff
[   21.154637] binder: transaction release 32333 bad node ffffffffffffffff
[   21.154937] binder: transaction release 32334 bad node ffffffffffffffff
[   21.155347] binder: transaction release 32335 bad node ffffffffffffffff
[   21.155660] binder: transaction release 32336 bad node ffffffffffffffff
[   21.155991] binder: transaction release 32337 bad node ffffffffffffffff
[   21.156394] binder: transaction release 32338 bad node ffffffffffffffff
[   21.156756] binder: transaction release 32339 bad node ffffffffffffffff
[   21.157161] binder: transaction release 32340 bad node ffffffffffffffff
[   21.157470] binder: transaction release 32341 bad node ffffffffffffffff
[   21.157785] binder: transaction release 32342 bad node ffffffffffffffff
[   21.158270] binder: transaction release 32343 bad node ffffffffffffffff
[   21.158581] binder: transaction release 32344 bad node ffffffffffffffff
[   21.158924] binder: transaction release 32345 bad node ffffffffffffffff
[   21.159465] binder: transaction release 32346 bad node ffffffffffffffff
[   21.159886] binder: transaction release 32347 bad node ffffffffffffffff
[   21.160383] binder: transaction release 32348 bad node ffffffffffffffff
[   21.160743] binder: transaction release 32349 bad node ffffffffffffffff
[   21.161278] binder: transaction release 32350 bad node ffffffffffffffff
[   21.161629] binder: transaction release 32351 bad node ffffffffffffffff
[   21.161997] binder: transaction release 32352 bad node ffffffffffffffff
[   21.162454] binder: transaction release 32353 bad node ffffffffffffffff
[   21.162763] binder: transaction release 32354 bad node ffffffffffffffff
[   21.163217] binder: transaction release 32355 bad node ffffffffffffffff
[   21.163514] binder: transaction release 32356 bad node ffffffffffffffff
[   21.163825] binder: transaction release 32357 bad node ffffffffffffffff
[   21.164294] binder: transaction release 32358 bad node ffffffffffffffff
[   21.164604] binder: transaction release 32359 bad node ffffffffffffffff
[   21.164906] binder: transaction release 32360 bad node ffffffffffffffff
[   21.165336] binder: transaction release 32361 bad node ffffffffffffffff
[   21.165676] binder: transaction release 32362 bad node ffffffffffffffff
[   21.165988] binder: transaction release 32363 bad node ffffffffffffffff
[   21.166450] binder: transaction release 32364 bad node ffffffffffffffff
[   21.166805] binder: transaction release 32365 bad node ffffffffffffffff
[   21.167244] binder: transaction release 32366 bad node ffffffffffffffff
[   21.167545] binder: transaction release 32367 bad node ffffffffffffffff
[   21.167855] binder: transaction release 32368 bad node ffffffffffffffff
[   21.168346] binder: transaction release 32369 bad node ffffffffffffffff
[   21.168664] binder: transaction release 32370 bad node ffffffffffffffff
[   21.168998] binder: transaction release 32371 bad node ffffffffffffffff
[   21.169423] binder: transaction release 32372 bad node ffffffffffffffff
[   21.169723] binder: transaction release 32373 bad node ffffffffffffffff
[   21.170194] binder: transaction release 32374 bad node ffffffffffffffff
[   21.170501] binder: transaction release 32375 bad node ffffffffffffffff
[   21.170819] binder: transaction release 32376 bad node ffffffffffffffff
[   21.171244] binder: transaction release 32377 bad node ffffffffffffffff
[   21.171532] binder: transaction release 32378 bad node ffffffffffffffff
[   21.171880] binder: transaction release 32379 bad node ffffffffffffffff
[   21.172310] binder: transaction release 32380 bad node ffffffffffffffff
[   21.172605] binder: transaction release 32381 bad node ffffffffffffffff
[   21.173053] binder: transaction release 32382 bad node ffffffffffffffff
[   21.173755] binder: transaction release 32383 bad node ffffffffffffffff
[   21.174573] binder: transaction release 32384 bad node ffffffffffffffff
[   21.175298] binder: transaction release 32385 bad node ffffffffffffffff
[   21.175643] binder: transaction release 32386 bad node ffffffffffffffff
[   21.175981] binder: transaction release 32387 bad node ffffffffffffffff
[   21.176485] binder: transaction release 32388 bad node ffffffffffffffff
[   21.176820] binder: transaction release 32389 bad node ffffffffffffffff
[   21.177235] binder: transaction release 32390 bad node ffffffffffffffff
[   21.177547] binder: transaction release 32391 bad node ffffffffffffffff
[   21.177855] binder: transaction release 32392 bad node ffffffffffffffff
[   21.178254] binder: transaction release 32393 bad node ffffffffffffffff
[   21.178541] binder: transaction release 32394 bad node ffffffffffffffff
[   21.178831] binder: transaction release 32395 bad node ffffffffffffffff
[   21.179215] binder: transaction release 32396 bad node ffffffffffffffff
[   21.179498] binder: transaction release 32397 bad node ffffffffffffffff
[   21.179792] binder: transaction release 32398 bad node ffffffffffffffff
[   21.180232] binder: transaction release 32399 bad node ffffffffffffffff
[   21.180530] binder: transaction release 32400 bad node ffffffffffffffff
[   21.180821] binder: transaction release 32401 bad node ffffffffffffffff
[   21.181234] binder: transaction release 32402 bad node ffffffffffffffff
[   21.181581] binder: transaction release 32403 bad node ffffffffffffffff
[   21.181872] binder: transaction release 32404 bad node ffffffffffffffff
[   21.182247] binder: transaction release 32405 bad node ffffffffffffffff
[   21.182546] binder: transaction release 32406 bad node ffffffffffffffff
[   21.182854] binder: transaction release 32407 bad node ffffffffffffffff
[   21.183283] binder: transaction release 32408 bad node ffffffffffffffff
[   21.183569] binder: transaction release 32409 bad node ffffffffffffffff
[   21.183895] binder: transaction release 32410 bad node ffffffffffffffff
[   21.184303] binder: transaction release 32411 bad node ffffffffffffffff
[   21.184585] binder: transaction release 32412 bad node ffffffffffffffff
[   21.184894] binder: transaction release 32413 bad node ffffffffffffffff
[   21.185307] binder: transaction release 32414 bad node ffffffffffffffff
[   21.185632] binder: transaction release 32415 bad node ffffffffffffffff
[   21.185940] binder: transaction release 32416 bad node ffffffffffffffff
[   21.186422] binder: transaction release 32417 bad node ffffffffffffffff
[   21.186772] binder: transaction release 32418 bad node ffffffffffffffff
[   21.187285] binder: transaction release 32419 bad node ffffffffffffffff
[   21.187608] binder: transaction release 32420 bad node ffffffffffffffff
[   21.187935] binder: transaction release 32421 bad node ffffffffffffffff
[   21.188325] binder: transaction release 32422 bad node ffffffffffffffff
[   21.188633] binder: transaction release 32423 bad node ffffffffffffffff
[   21.188958] binder: transaction release 32424 bad node ffffffffffffffff
[   21.189472] binder: transaction release 32425 bad node ffffffffffffffff
[   21.189792] binder: transaction release 32426 bad node ffffffffffffffff
[   21.190233] binder: transaction release 32427 bad node ffffffffffffffff
[   21.190521] binder: transaction release 32428 bad node ffffffffffffffff
[   21.190823] binder: transaction release 32429 bad node ffffffffffffffff
[   21.191222] binder: transaction release 32430 bad node ffffffffffffffff
[   21.191504] binder: transaction release 32431 bad node ffffffffffffffff
[   21.191853] binder: transaction release 32432 bad node ffffffffffffffff
[   21.192251] binder: transaction release 32433 bad node ffffffffffffffff
[   21.192530] binder: transaction release 32434 bad node ffffffffffffffff
[   21.192821] binder: transaction release 32435 bad node ffffffffffffffff
[   21.193229] binder: transaction release 32436 bad node ffffffffffffffff
[   21.193508] binder: transaction release 32437 bad node ffffffffffffffff
[   21.193821] binder: transaction release 32438 bad node ffffffffffffffff
[   21.194246] binder: transaction release 32439 bad node ffffffffffffffff
[   21.194551] binder: transaction release 32440 bad node ffffffffffffffff
[   21.194852] binder: transaction release 32441 bad node ffffffffffffffff
[   21.195240] binder: transaction release 32442 bad node ffffffffffffffff
[   21.195520] binder: transaction release 32443 bad node ffffffffffffffff
[   21.195822] binder: transaction release 32444 bad node ffffffffffffffff
[   21.196209] binder: transaction release 32445 bad node ffffffffffffffff
[   21.196493] binder: transaction release 32446 bad node ffffffffffffffff
[   21.196792] binder: transaction release 32447 bad node ffffffffffffffff
[   21.197212] binder: transaction release 32448 bad node ffffffffffffffff
[   21.197496] binder: transaction release 32449 bad node ffffffffffffffff
[   21.197789] binder: transaction release 32450 bad node ffffffffffffffff
[   21.198465] binder: transaction release 32451 bad node ffffffffffffffff
[   21.198853] binder: transaction release 32452 bad node ffffffffffffffff
[   21.199563] binder: transaction release 32453 bad node ffffffffffffffff
[   21.199880] binder: transaction release 32454 bad node ffffffffffffffff
[   21.200275] binder: transaction release 32455 bad node ffffffffffffffff
[   21.200559] binder: transaction release 32456 bad node ffffffffffffffff
[   21.200853] binder: transaction release 32457 bad node ffffffffffffffff
[   21.201247] binder: transaction release 32458 bad node ffffffffffffffff
[   21.201535] binder: transaction release 32459 bad node ffffffffffffffff
[   21.201869] binder: transaction release 32460 bad node ffffffffffffffff
[   21.202393] binder: transaction release 32461 bad node ffffffffffffffff
[   21.202739] binder: transaction release 32462 bad node ffffffffffffffff
[   21.203266] binder: transaction release 32463 bad node ffffffffffffffff
[   21.203555] binder: transaction release 32464 bad node ffffffffffffffff
[   21.203863] binder: transaction release 32465 bad node ffffffffffffffff
[   21.204309] binder: transaction release 32466 bad node ffffffffffffffff
[   21.204658] binder: transaction release 32467 bad node ffffffffffffffff
[   21.204985] binder: transaction release 32468 bad node ffffffffffffffff
[   21.205421] binder: transaction release 32469 bad node ffffffffffffffff
[   21.205747] binder: transaction release 32470 bad node ffffffffffffffff
[   21.206171] binder: transaction release 32471 bad node ffffffffffffffff
[   21.206487] binder: transaction release 32472 bad node ffffffffffffffff
[   21.206799] binder: transaction release 32473 bad node ffffffffffffffff
[   21.207219] binder: transaction release 32474 bad node ffffffffffffffff
[   21.207500] binder: transaction release 32475 bad node ffffffffffffffff
[   21.207790] binder: transaction release 32476 bad node ffffffffffffffff
[   21.208223] binder: transaction release 32477 bad node ffffffffffffffff
[   21.208512] binder: transaction release 32478 bad node ffffffffffffffff
[   21.208813] binder: transaction release 32479 bad node ffffffffffffffff
[   21.209224] binder: transaction release 32480 bad node ffffffffffffffff
[   21.209505] binder: transaction release 32481 bad node ffffffffffffffff
[   21.209798] binder: transaction release 32482 bad node ffffffffffffffff
[   21.210293] binder: transaction release 32483 bad node ffffffffffffffff
[   21.210573] binder: transaction release 32484 bad node ffffffffffffffff
[   21.210850] binder: transaction release 32485 bad node ffffffffffffffff
[   21.211212] binder: transaction release 32486 bad node ffffffffffffffff
[   21.211480] binder: transaction release 32487 bad node ffffffffffffffff
[   21.211757] binder: transaction release 32488 bad node ffffffffffffffff
[   21.212134] binder: transaction release 32489 bad node ffffffffffffffff
[   21.212418] binder: transaction release 32490 bad node ffffffffffffffff
[   21.212878] binder: transaction release 32491 bad node ffffffffffffffff
[   21.213458] binder: transaction release 32492 bad node ffffffffffffffff
[   21.213770] binder: transaction release 32493 bad node ffffffffffffffff
[   21.214169] binder: transaction release 32494 bad node ffffffffffffffff
[   21.214459] binder: transaction release 32495 bad node ffffffffffffffff
[   21.214750] binder: transaction release 32496 bad node ffffffffffffffff
[   21.215114] binder: transaction release 32497 bad node ffffffffffffffff
[   21.215431] binder: transaction release 32498 bad node ffffffffffffffff
[   21.215741] binder: transaction release 32499 bad node ffffffffffffffff
[   21.216167] binder: transaction release 32500 bad node ffffffffffffffff
[   21.216468] binder: transaction release 32501 bad node ffffffffffffffff
[   21.216789] binder: transaction release 32502 bad node ffffffffffffffff
[   21.217226] binder: transaction release 32503 bad node ffffffffffffffff
[   21.217530] binder: transaction release 32504 bad node ffffffffffffffff
[   21.217841] binder: transaction release 32505 bad node ffffffffffffffff
[   21.218270] binder: transaction release 32506 bad node ffffffffffffffff
[   21.218604] binder: transaction release 32507 bad node ffffffffffffffff
[   21.218882] binder: transaction release 32508 bad node ffffffffffffffff
[   21.219259] binder: transaction release 32509 bad node ffffffffffffffff
[   21.219536] binder: transaction release 32510 bad node ffffffffffffffff
[   21.219880] binder: transaction release 32511 bad node ffffffffffffffff
[   21.220296] binder: transaction release 32512 bad node ffffffffffffffff
[   21.220584] binder: transaction release 32513 bad node ffffffffffffffff
[   21.220911] binder: transaction release 32514 bad node ffffffffffffffff
[   21.221611] binder: transaction release 32515 bad node ffffffffffffffff
[   21.222283] binder: transaction release 32516 bad node ffffffffffffffff
[   21.222749] binder: transaction release 32517 bad node ffffffffffffffff
[   21.223487] binder: transaction release 32518 bad node ffffffffffffffff
[   21.224302] binder: transaction release 32519 bad node ffffffffffffffff
[   21.224872] binder: transaction release 32520 bad node ffffffffffffffff
[   21.225527] binder: transaction release 32521 bad node ffffffffffffffff
[   21.226079] binder: transaction release 32522 bad node ffffffffffffffff
[   21.226808] binder: transaction release 32523 bad node ffffffffffffffff
[   21.227577] binder: transaction release 32524 bad node ffffffffffffffff
[   21.228401] binder: transaction release 32525 bad node ffffffffffffffff
[   21.229023] binder: transaction release 32526 bad node ffffffffffffffff
[   21.229732] binder: transaction release 32527 bad node ffffffffffffffff
[   21.230438] binder: transaction release 32528 bad node ffffffffffffffff
[   21.230986] binder: transaction release 32529 bad node ffffffffffffffff
[   21.231720] binder: transaction release 32530 bad node ffffffffffffffff
[   21.232646] binder: transaction release 32531 bad node ffffffffffffffff
[   21.233313] binder: transaction release 32532 bad node ffffffffffffffff
[   21.233847] binder: transaction release 32533 bad node ffffffffffffffff
[   21.234543] binder: transaction release 32534 bad node ffffffffffffffff
[   21.235233] binder: transaction release 32535 bad node ffffffffffffffff
[   21.235817] binder: transaction release 32536 bad node ffffffffffffffff
[   21.236520] binder: transaction release 32537 bad node ffffffffffffffff
[   21.237268] binder: transaction release 32538 bad node ffffffffffffffff
[   21.237822] binder: transaction release 32539 bad node ffffffffffffffff
[   21.238516] binder: transaction release 32540 bad node ffffffffffffffff
[   21.239217] binder: transaction release 32541 bad node ffffffffffffffff
[   21.239773] binder: transaction release 32542 bad node ffffffffffffffff
[   21.240469] binder: transaction release 32543 bad node ffffffffffffffff
[   21.241000] binder: transaction release 32544 bad node ffffffffffffffff
[   21.241733] binder: transaction release 32545 bad node ffffffffffffffff
[   21.242578] binder: transaction release 32546 bad node ffffffffffffffff
[   21.243269] binder: transaction release 32547 bad node ffffffffffffffff
[   21.243761] binder: transaction release 32548 bad node ffffffffffffffff
[   21.244513] binder: transaction release 32549 bad node ffffffffffffffff
[   21.245788] binder: transaction release 32550 bad node ffffffffffffffff
[   21.246763] binder: transaction release 32551 bad node ffffffffffffffff
[   21.247602] binder: transaction release 32552 bad node ffffffffffffffff
[   21.248404] binder: transaction release 32553 bad node ffffffffffffffff
[   21.248993] binder: transaction release 32554 bad node ffffffffffffffff
[   21.249795] binder: transaction release 32555 bad node ffffffffffffffff
[   21.250546] binder: transaction release 32556 bad node ffffffffffffffff
[   21.251480] binder: transaction release 32557 bad node ffffffffffffffff
[   21.252340] binder: transaction release 32558 bad node ffffffffffffffff
[   21.252973] binder: transaction release 32559 bad node ffffffffffffffff
[   21.253951] binder: transaction release 32560 bad node ffffffffffffffff
[   21.254719] binder: transaction release 32561 bad node ffffffffffffffff
[   21.255477] binder: transaction release 32562 bad node ffffffffffffffff
[   21.256366] binder: transaction release 32563 bad node ffffffffffffffff
[   21.257342] binder: transaction release 32564 bad node ffffffffffffffff
[   21.257961] binder: transaction release 32565 bad node ffffffffffffffff
[   21.258753] binder: transaction release 32566 bad node ffffffffffffffff
[   21.259454] binder: transaction release 32567 bad node ffffffffffffffff
[   21.259807] binder: transaction release 32568 bad node ffffffffffffffff
[   21.260418] binder: transaction release 32569 bad node ffffffffffffffff
[   21.260903] binder: transaction release 32570 bad node ffffffffffffffff
[   21.261450] binder: transaction release 32571 bad node ffffffffffffffff
[   21.261778] binder: transaction release 32572 bad node ffffffffffffffff
[   21.262224] binder: transaction release 32573 bad node ffffffffffffffff
[   21.262795] binder: transaction release 32574 bad node ffffffffffffffff
[   21.263575] binder: transaction release 32575 bad node ffffffffffffffff
[   21.264402] binder: transaction release 32576 bad node ffffffffffffffff
[   21.264841] binder: transaction release 32577 bad node ffffffffffffffff
[   21.265279] binder: transaction release 32578 bad node ffffffffffffffff
[   21.265610] binder: transaction release 32579 bad node ffffffffffffffff
[   21.265936] binder: transaction release 32580 bad node ffffffffffffffff
[   21.266386] binder: transaction release 32581 bad node ffffffffffffffff
[   21.266866] binder: transaction release 32582 bad node ffffffffffffffff
[   21.267333] binder: transaction release 32583 bad node ffffffffffffffff
[   21.267677] binder: transaction release 32584 bad node ffffffffffffffff
[   21.268044] binder: transaction release 32585 bad node ffffffffffffffff
[   21.268468] binder: transaction release 32586 bad node ffffffffffffffff
[   21.268792] binder: transaction release 32587 bad node ffffffffffffffff
[   21.269239] binder: transaction release 32588 bad node ffffffffffffffff
[   21.269537] binder: transaction release 32589 bad node ffffffffffffffff
[   21.269862] binder: transaction release 32590 bad node ffffffffffffffff
[   21.270286] binder: transaction release 32591 bad node ffffffffffffffff
[   21.270604] binder: transaction release 32592 bad node ffffffffffffffff
[   21.270915] binder: transaction release 32593 bad node ffffffffffffffff
[   21.271313] binder: transaction release 32594 bad node ffffffffffffffff
[   21.271651] binder: transaction release 32595 bad node ffffffffffffffff
[   21.271973] binder: transaction release 32596 bad node ffffffffffffffff
[   21.272381] binder: transaction release 32597 bad node ffffffffffffffff
[   21.272710] binder: transaction release 32598 bad node ffffffffffffffff
[   21.273137] binder: transaction release 32599 bad node ffffffffffffffff
[   21.273449] binder: transaction release 32600 bad node ffffffffffffffff
[   21.273778] binder: transaction release 32601 bad node ffffffffffffffff
[   21.274275] binder: transaction release 32602 bad node ffffffffffffffff
[   21.274580] binder: transaction release 32603 bad node ffffffffffffffff
[   21.274893] binder: transaction release 32604 bad node ffffffffffffffff
[   21.275302] binder: transaction release 32605 bad node ffffffffffffffff
[   21.275617] binder: transaction release 32606 bad node ffffffffffffffff
[   21.275917] binder: transaction release 32607 bad node ffffffffffffffff
[   21.276356] binder: transaction release 32608 bad node ffffffffffffffff
[   21.276678] binder: transaction release 32609 bad node ffffffffffffffff
[   21.277002] binder: transaction release 32610 bad node ffffffffffffffff
[   21.277458] binder: transaction release 32611 bad node ffffffffffffffff
[   21.277790] binder: transaction release 32612 bad node ffffffffffffffff
[   21.278270] binder: transaction release 32613 bad node ffffffffffffffff
[   21.278579] binder: transaction release 32614 bad node ffffffffffffffff
[   21.278919] binder: transaction release 32615 bad node ffffffffffffffff
[   21.279341] binder: transaction release 32616 bad node ffffffffffffffff
[   21.279680] binder: transaction release 32617 bad node ffffffffffffffff
[   21.280002] binder: transaction release 32618 bad node ffffffffffffffff
[   21.280493] binder: transaction release 32619 bad node ffffffffffffffff
[   21.280889] binder: transaction release 32620 bad node ffffffffffffffff
[   21.281359] binder: transaction release 32621 bad node ffffffffffffffff
[   21.281700] binder: transaction release 32622 bad node ffffffffffffffff
[   21.282431] binder: transaction release 32623 bad node ffffffffffffffff
[   21.282825] binder: transaction release 32624 bad node ffffffffffffffff
[   21.283391] binder: transaction release 32625 bad node ffffffffffffffff
[   21.283761] binder: transaction release 32626 bad node ffffffffffffffff
[   21.284348] binder: transaction release 32627 bad node ffffffffffffffff
[   21.284720] binder: transaction release 32628 bad node ffffffffffffffff
[   21.285247] binder: transaction release 32629 bad node ffffffffffffffff
[   21.285578] binder: transaction release 32630 bad node ffffffffffffffff
[   21.285956] binder: transaction release 32631 bad node ffffffffffffffff
[   21.286409] binder: transaction release 32632 bad node ffffffffffffffff
[   21.286754] binder: transaction release 32633 bad node ffffffffffffffff
[   21.287113] binder: transaction release 32634 bad node ffffffffffffffff
[   21.287650] binder: transaction release 32635 bad node ffffffffffffffff
[   21.288393] binder: transaction release 32636 bad node ffffffffffffffff
[   21.288799] binder: transaction release 32637 bad node ffffffffffffffff
[   21.289375] binder: transaction release 32638 bad node ffffffffffffffff
[   21.289786] binder: transaction release 32639 bad node ffffffffffffffff
[   21.290252] binder: transaction release 32640 bad node ffffffffffffffff
[   21.290598] binder: transaction release 32641 bad node ffffffffffffffff
[   21.290921] binder: transaction release 32642 bad node ffffffffffffffff
[   21.291360] binder: transaction release 32643 bad node ffffffffffffffff
[   21.291675] binder: transaction release 32644 bad node ffffffffffffffff
[   21.291994] binder: transaction release 32645 bad node ffffffffffffffff
[   21.292397] binder: transaction release 32646 bad node ffffffffffffffff
[   21.292716] binder: transaction release 32647 bad node ffffffffffffffff
[   21.293147] binder: transaction release 32648 bad node ffffffffffffffff
[   21.293463] binder: transaction release 32649 bad node ffffffffffffffff
[   21.293803] binder: transaction release 32650 bad node ffffffffffffffff
[   21.294273] binder: transaction release 32651 bad node ffffffffffffffff
[   21.294615] binder: transaction release 32652 bad node ffffffffffffffff
[   21.294999] binder: transaction release 32653 bad node ffffffffffffffff
[   21.295515] binder: transaction release 32654 bad node ffffffffffffffff
[   21.295860] binder: transaction release 32655 bad node ffffffffffffffff
[   21.296279] binder: transaction release 32656 bad node ffffffffffffffff
[   21.296599] binder: transaction release 32657 bad node ffffffffffffffff
[   21.296901] binder: transaction release 32658 bad node ffffffffffffffff
[   21.297331] binder: transaction release 32659 bad node ffffffffffffffff
[   21.297640] binder: transaction release 32660 bad node ffffffffffffffff
[   21.297939] binder: transaction release 32661 bad node ffffffffffffffff
[   21.298352] binder: transaction release 32662 bad node ffffffffffffffff
[   21.298672] binder: transaction release 32663 bad node ffffffffffffffff
[   21.299257] binder: transaction release 32664 bad node ffffffffffffffff
[   21.299731] binder: transaction release 32665 bad node ffffffffffffffff
[   21.300217] binder: transaction release 32666 bad node ffffffffffffffff
[   21.300541] binder: transaction release 32667 bad node ffffffffffffffff
[   21.300905] binder: transaction release 32668 bad node ffffffffffffffff
[   21.301367] binder: transaction release 32669 bad node ffffffffffffffff
[   21.301706] binder: transaction release 32670 bad node ffffffffffffffff
[   21.302129] binder: transaction release 32671 bad node ffffffffffffffff
[   21.302445] binder: transaction release 32672 bad node ffffffffffffffff
[   21.302781] binder: transaction release 32673 bad node ffffffffffffffff
[   21.303229] binder: transaction release 32674 bad node ffffffffffffffff
[   21.303529] binder: transaction release 32675 bad node ffffffffffffffff
[   21.303912] binder: transaction release 32676 bad node ffffffffffffffff
[   21.304346] binder: transaction release 32677 bad node ffffffffffffffff
[   21.304672] binder: transaction release 32678 bad node ffffffffffffffff
[   21.305182] binder: transaction release 32679 bad node ffffffffffffffff
[   21.305522] binder: transaction release 32680 bad node ffffffffffffffff
[   21.305871] binder: transaction release 32681 bad node ffffffffffffffff
[   21.306271] binder: transaction release 32682 bad node ffffffffffffffff
[   21.306578] binder: transaction release 32683 bad node ffffffffffffffff
[   21.306893] binder: transaction release 32684 bad node ffffffffffffffff
[   21.307333] binder: transaction release 32685 bad node ffffffffffffffff
[   21.307660] binder: transaction release 32686 bad node ffffffffffffffff
[   21.307979] binder: transaction release 32687 bad node ffffffffffffffff
[   21.308380] binder: transaction release 32688 bad node ffffffffffffffff
[   21.308767] binder: transaction release 32689 bad node ffffffffffffffff
[   21.309322] binder: transaction release 32690 bad node ffffffffffffffff
[   21.309736] binder: transaction release 32691 bad node ffffffffffffffff
[   21.310203] binder: transaction release 32692 bad node ffffffffffffffff
[   21.310539] binder: transaction release 32693 bad node ffffffffffffffff
[   21.310858] binder: transaction release 32694 bad node ffffffffffffffff
[   21.311285] binder: transaction release 32695 bad node ffffffffffffffff
[   21.311584] binder: transaction release 32696 bad node ffffffffffffffff
[   21.311925] binder: transaction release 32697 bad node ffffffffffffffff
[   21.312413] binder: transaction release 32698 bad node ffffffffffffffff
[   21.312755] binder: transaction release 32699 bad node ffffffffffffffff
[   21.313220] binder: transaction release 32700 bad node ffffffffffffffff
[   21.313577] binder: transaction release 32701 bad node ffffffffffffffff
[   21.313887] binder: transaction release 32702 bad node ffffffffffffffff
[   21.314299] binder: transaction release 32703 bad node ffffffffffffffff
[   21.314611] binder: transaction release 32704 bad node ffffffffffffffff
[   21.314916] binder: transaction release 32705 bad node ffffffffffffffff
[   21.315300] binder: transaction release 32706 bad node ffffffffffffffff
[   21.315599] binder: transaction release 32707 bad node ffffffffffffffff
[   21.315881] binder: transaction release 32708 bad node ffffffffffffffff
[   21.316279] binder: transaction release 32709 bad node ffffffffffffffff
[   21.316579] binder: transaction release 32710 bad node ffffffffffffffff
[   21.316893] binder: transaction release 32711 bad node ffffffffffffffff
[   21.317375] binder: transaction release 32712 bad node ffffffffffffffff
[   21.317686] binder: transaction release 32713 bad node ffffffffffffffff
[   21.317983] binder: transaction release 32714 bad node ffffffffffffffff
[   21.318370] binder: transaction release 32715 bad node ffffffffffffffff
[   21.318684] binder: transaction release 32716 bad node ffffffffffffffff
[   21.319123] binder: transaction release 32717 bad node ffffffffffffffff
[   21.319442] binder: transaction release 32718 bad node ffffffffffffffff
[   21.319763] binder: transaction release 32719 bad node ffffffffffffffff
[   21.320176] binder: transaction release 32720 bad node ffffffffffffffff
[   21.320541] binder: transaction release 32721 bad node ffffffffffffffff
[   21.320870] binder: transaction release 32722 bad node ffffffffffffffff
[   21.321293] binder: transaction release 32723 bad node ffffffffffffffff
[   21.321612] binder: transaction release 32724 bad node ffffffffffffffff
[   21.321901] binder: transaction release 32725 bad node ffffffffffffffff
[   21.322297] binder: transaction release 32726 bad node ffffffffffffffff
[   21.322599] binder: transaction release 32727 bad node ffffffffffffffff
[   21.322890] binder: transaction release 32728 bad node ffffffffffffffff
[   21.323290] binder: transaction release 32729 bad node ffffffffffffffff
[   21.323570] binder: transaction release 32730 bad node ffffffffffffffff
[   21.323863] binder: transaction release 32731 bad node ffffffffffffffff
[   21.324248] binder: transaction release 32732 bad node ffffffffffffffff
[   21.324529] binder: transaction release 32733 bad node ffffffffffffffff
[   21.324817] binder: transaction release 32734 bad node ffffffffffffffff
[   21.325242] binder: transaction release 32735 bad node ffffffffffffffff
[   21.325521] binder: transaction release 32736 bad node ffffffffffffffff
[   21.325812] binder: transaction release 32737 bad node ffffffffffffffff
[   21.326214] binder: transaction release 32738 bad node ffffffffffffffff
[   21.326495] binder: transaction release 32739 bad node ffffffffffffffff
[   21.326787] binder: transaction release 32740 bad node ffffffffffffffff
[   21.327283] binder: transaction release 32741 bad node ffffffffffffffff
[   21.327575] binder: transaction release 32742 bad node ffffffffffffffff
[   21.327879] binder: transaction release 32743 bad node ffffffffffffffff
[   21.328334] binder: transaction release 32744 bad node ffffffffffffffff
[   21.328631] binder: transaction release 32745 bad node ffffffffffffffff
[   21.328914] binder: transaction release 32746 bad node ffffffffffffffff
[   21.329319] binder: transaction release 32747 bad node ffffffffffffffff
[   21.329609] binder: transaction release 32748 bad node ffffffffffffffff
[   21.329908] binder: transaction release 32749 bad node ffffffffffffffff
[   21.330340] binder: transaction release 32750 bad node ffffffffffffffff
[   21.330633] binder: transaction release 32751 bad node ffffffffffffffff
[   21.330943] binder: transaction release 32752 bad node ffffffffffffffff
[   21.331339] binder: transaction release 32753 bad node ffffffffffffffff
[   21.331675] binder: transaction release 32754 bad node ffffffffffffffff
[   21.331975] binder: transaction release 32755 bad node ffffffffffffffff
[   21.332412] binder: transaction release 32756 bad node ffffffffffffffff
[   21.332765] binder: transaction release 32757 bad node ffffffffffffffff
[   21.333434] binder: transaction release 32758 bad node ffffffffffffffff
[   21.333794] binder: transaction release 32759 bad node ffffffffffffffff
[   21.334283] binder: transaction release 32760 bad node ffffffffffffffff
[   21.334584] binder: transaction release 32761 bad node ffffffffffffffff
[   21.334897] binder: transaction release 32762 bad node ffffffffffffffff
[   21.335321] binder: transaction release 32763 bad node ffffffffffffffff
[   21.335611] binder: transaction release 32764 bad node ffffffffffffffff
[   21.335905] binder: transaction release 32765 bad node ffffffffffffffff
[   21.336278] binder: transaction release 32766 bad node ffffffffffffffff
[   21.336557] binder: transaction release 32767 bad node ffffffffffffffff
[   21.336844] binder: transaction release 32768 bad node ffffffffffffffff
[   21.337236] binder: transaction release 32769 bad node ffffffffffffffff
[   21.337519] binder: transaction release 32770 bad node ffffffffffffffff
[   21.337814] binder: transaction release 32771 bad node ffffffffffffffff
[   21.338397] binder: transaction release 32772 bad node ffffffffffffffff
[   21.338726] binder: transaction release 32773 bad node ffffffffffffffff
[   21.339147] binder: transaction release 32774 bad node ffffffffffffffff
[   21.339466] binder: transaction release 32775 bad node ffffffffffffffff
[   21.339804] binder: transaction release 32776 bad node ffffffffffffffff
[   21.340217] binder: transaction release 32777 bad node ffffffffffffffff
[   21.340498] binder: transaction release 32778 bad node ffffffffffffffff
[   21.340817] binder: transaction release 32779 bad node ffffffffffffffff
[   21.341202] binder: transaction release 32780 bad node ffffffffffffffff
[   21.341482] binder: transaction release 32781 bad node ffffffffffffffff
[   21.341782] binder: transaction release 32782 bad node ffffffffffffffff
[   21.342165] binder: transaction release 32783 bad node ffffffffffffffff
[   21.342447] binder: transaction release 32784 bad node ffffffffffffffff
[   21.342779] binder: transaction release 32785 bad node ffffffffffffffff
[   21.343236] binder: transaction release 32786 bad node ffffffffffffffff
[   21.343521] binder: transaction release 32787 bad node ffffffffffffffff
[   21.343815] binder: transaction release 32788 bad node ffffffffffffffff
[   21.344216] binder: transaction release 32789 bad node ffffffffffffffff
[   21.344498] binder: transaction release 32790 bad node ffffffffffffffff
[   21.344796] binder: transaction release 32791 bad node ffffffffffffffff
[   21.345179] binder: transaction release 32792 bad node ffffffffffffffff
[   21.345465] binder: transaction release 32793 bad node ffffffffffffffff
[   21.345767] binder: transaction release 32794 bad node ffffffffffffffff
[   21.346198] binder: transaction release 32795 bad node ffffffffffffffff
[   21.346496] binder: transaction release 32796 bad node ffffffffffffffff
[   21.346793] binder: transaction release 32797 bad node ffffffffffffffff
[   21.347254] binder: transaction release 32798 bad node ffffffffffffffff
[   21.347545] binder: transaction release 32799 bad node ffffffffffffffff
[   21.347841] binder: transaction release 32800 bad node ffffffffffffffff
[   21.348238] binder: transaction release 32801 bad node ffffffffffffffff
[   21.348522] binder: transaction release 32802 bad node ffffffffffffffff
[   21.348829] binder: transaction release 32803 bad node ffffffffffffffff
[   21.349262] binder: transaction release 32804 bad node ffffffffffffffff
[   21.349568] binder: transaction release 32805 bad node ffffffffffffffff
[   21.349899] binder: transaction release 32806 bad node ffffffffffffffff
[   21.350335] binder: transaction release 32807 bad node ffffffffffffffff
[   21.350656] binder: transaction release 32808 bad node ffffffffffffffff
[   21.350953] binder: transaction release 32809 bad node ffffffffffffffff
[   21.351345] binder: transaction release 32810 bad node ffffffffffffffff
[   21.351641] binder: transaction release 32811 bad node ffffffffffffffff
[   21.351920] binder: transaction release 32812 bad node ffffffffffffffff
[   21.352331] binder: transaction release 32813 bad node ffffffffffffffff
[   21.352619] binder: transaction release 32814 bad node ffffffffffffffff
[   21.352943] binder: transaction release 32815 bad node ffffffffffffffff
[   21.353379] binder: transaction release 32816 bad node ffffffffffffffff
[   21.353686] binder: transaction release 32817 bad node ffffffffffffffff
[   21.354034] binder: transaction release 32818 bad node ffffffffffffffff
[   21.354398] binder: transaction release 32819 bad node ffffffffffffffff
[   21.354693] binder: transaction release 32820 bad node ffffffffffffffff
[   21.355000] binder: transaction release 32821 bad node ffffffffffffffff
[   21.355388] binder: transaction release 32822 bad node ffffffffffffffff
[   21.355690] binder: transaction release 32823 bad node ffffffffffffffff
[   21.355985] binder: transaction release 32824 bad node ffffffffffffffff
[   21.356367] binder: transaction release 32825 bad node ffffffffffffffff
[   21.356660] binder: transaction release 32826 bad node ffffffffffffffff
[   21.356955] binder: transaction release 32827 bad node ffffffffffffffff
[   21.357307] binder: transaction release 32828 bad node ffffffffffffffff
[   21.357574] binder: transaction release 32829 bad node ffffffffffffffff
[   21.357853] binder: transaction release 32830 bad node ffffffffffffffff
[   21.358239] binder: transaction release 32831 bad node ffffffffffffffff
[   21.358508] binder: transaction release 32832 bad node ffffffffffffffff
[   21.358787] binder: transaction release 32833 bad node ffffffffffffffff
[   21.359156] binder: transaction release 32834 bad node ffffffffffffffff
[   21.359427] binder: transaction release 32835 bad node ffffffffffffffff
[   21.359705] binder: transaction release 32836 bad node ffffffffffffffff
[   21.359987] binder: transaction release 32837 bad node ffffffffffffffff
[   21.360354] binder: transaction release 32838 bad node ffffffffffffffff
[   21.360640] binder: transaction release 32839 bad node ffffffffffffffff
[   21.360903] binder: transaction release 32840 bad node ffffffffffffffff
[   21.361272] binder: transaction release 32841 bad node ffffffffffffffff
[   21.361536] binder: transaction release 32842 bad node ffffffffffffffff
[   21.361820] binder: transaction release 32843 bad node ffffffffffffffff
[   21.362189] binder: transaction release 32844 bad node ffffffffffffffff
[   21.362456] binder: transaction release 32845 bad node ffffffffffffffff
[   21.362728] binder: transaction release 32846 bad node ffffffffffffffff
[   21.363199] binder: transaction release 32847 bad node ffffffffffffffff
[   21.363497] binder: transaction release 32848 bad node ffffffffffffffff
[   21.363793] binder: transaction release 32849 bad node ffffffffffffffff
[   21.364200] binder: transaction release 32850 bad node ffffffffffffffff
[   21.364482] binder: transaction release 32851 bad node ffffffffffffffff
[   21.364780] binder: transaction release 32852 bad node ffffffffffffffff
[   21.365239] binder: transaction release 32853 bad node ffffffffffffffff
[   21.365563] binder: transaction release 32854 bad node ffffffffffffffff
[   21.365852] binder: transaction release 32855 bad node ffffffffffffffff
[   21.366308] binder: transaction release 32856 bad node ffffffffffffffff
[   21.366628] binder: transaction release 32857 bad node ffffffffffffffff
[   21.366936] binder: transaction release 32858 bad node ffffffffffffffff
[   21.367335] binder: transaction release 32859 bad node ffffffffffffffff
[   21.367629] binder: transaction release 32860 bad node ffffffffffffffff
[   21.367912] binder: transaction release 32861 bad node ffffffffffffffff
[   21.368292] binder: transaction release 32862 bad node ffffffffffffffff
[   21.368564] binder: transaction release 32863 bad node ffffffffffffffff
[   21.368861] binder: transaction release 32864 bad node ffffffffffffffff
[   21.369248] binder: transaction release 32865 bad node ffffffffffffffff
[   21.369532] binder: transaction release 32866 bad node ffffffffffffffff
[   21.369854] binder: transaction release 32867 bad node ffffffffffffffff
[   21.370249] binder: transaction release 32868 bad node ffffffffffffffff
[   21.370535] binder: transaction release 32869 bad node ffffffffffffffff
[   21.370835] binder: transaction release 32870 bad node ffffffffffffffff
[   21.371237] binder: transaction release 32871 bad node ffffffffffffffff
[   21.371535] binder: transaction release 32872 bad node ffffffffffffffff
[   21.371873] binder: transaction release 32873 bad node ffffffffffffffff
[   21.372296] binder: transaction release 32874 bad node ffffffffffffffff
[   21.372648] binder: transaction release 32875 bad node ffffffffffffffff
[   21.373062] binder: transaction release 32876 bad node ffffffffffffffff
[   21.373454] binder: transaction release 32877 bad node ffffffffffffffff
[   21.373783] binder: transaction release 32878 bad node ffffffffffffffff
[   21.374174] binder: transaction release 32879 bad node ffffffffffffffff
[   21.374458] binder: transaction release 32880 bad node ffffffffffffffff
[   21.374758] binder: transaction release 32881 bad node ffffffffffffffff
[   21.375342] binder: transaction release 32882 bad node ffffffffffffffff
[   21.375670] binder: transaction release 32883 bad node ffffffffffffffff
[   21.376034] binder: transaction release 32884 bad node ffffffffffffffff
[   21.376463] binder: transaction release 32885 bad node ffffffffffffffff
[   21.376774] binder: transaction release 32886 bad node ffffffffffffffff
[   21.377240] binder: transaction release 32887 bad node ffffffffffffffff
[   21.377535] binder: transaction release 32888 bad node ffffffffffffffff
[   21.377839] binder: transaction release 32889 bad node ffffffffffffffff
[   21.378233] binder: transaction release 32890 bad node ffffffffffffffff
[   21.378517] binder: transaction release 32891 bad node ffffffffffffffff
[   21.378811] binder: transaction release 32892 bad node ffffffffffffffff
[   21.379228] binder: transaction release 32893 bad node ffffffffffffffff
[   21.379517] binder: transaction release 32894 bad node ffffffffffffffff
[   21.379817] binder: transaction release 32895 bad node ffffffffffffffff
[   21.380216] binder: transaction release 32896 bad node ffffffffffffffff
[   21.380503] binder: transaction release 32897 bad node ffffffffffffffff
[   21.380798] binder: transaction release 32898 bad node ffffffffffffffff
[   21.381296] binder: transaction release 32899 bad node ffffffffffffffff
[   21.381649] binder: transaction release 32900 bad node ffffffffffffffff
[   21.381989] binder: transaction release 32901 bad node ffffffffffffffff
[   21.382415] binder: transaction release 32902 bad node ffffffffffffffff
[   21.382748] binder: transaction release 32903 bad node ffffffffffffffff
[   21.383244] binder: transaction release 32904 bad node ffffffffffffffff
[   21.383557] binder: transaction release 32905 bad node ffffffffffffffff
[   21.383861] binder: transaction release 32906 bad node ffffffffffffffff
[   21.384386] binder: transaction release 32907 bad node ffffffffffffffff
[   21.384726] binder: transaction release 32908 bad node ffffffffffffffff
[   21.385218] binder: transaction release 32909 bad node ffffffffffffffff
[   21.385572] binder: transaction release 32910 bad node ffffffffffffffff
[   21.385909] binder: transaction release 32911 bad node ffffffffffffffff
[   21.386313] binder: transaction release 32912 bad node ffffffffffffffff
[   21.386702] binder: transaction release 32913 bad node ffffffffffffffff
[   21.387129] binder: transaction release 32914 bad node ffffffffffffffff
[   21.387468] binder: transaction release 32915 bad node ffffffffffffffff
[   21.387799] binder: transaction release 32916 bad node ffffffffffffffff
[   21.388189] binder: transaction release 32917 bad node ffffffffffffffff
[   21.388488] binder: transaction release 32918 bad node ffffffffffffffff
[   21.388779] binder: transaction release 32919 bad node ffffffffffffffff
[   21.389260] binder: transaction release 32920 bad node ffffffffffffffff
[   21.389557] binder: transaction release 32921 bad node ffffffffffffffff
[   21.389853] binder: transaction release 32922 bad node ffffffffffffffff
[   21.390257] binder: transaction release 32923 bad node ffffffffffffffff
[   21.390523] binder: transaction release 32924 bad node ffffffffffffffff
[   21.390824] binder: transaction release 32925 bad node ffffffffffffffff
[   21.391194] binder: transaction release 32926 bad node ffffffffffffffff
[   21.391467] binder: transaction release 32927 bad node ffffffffffffffff
[   21.391749] binder: transaction release 32928 bad node ffffffffffffffff
[   21.392128] binder: transaction release 32929 bad node ffffffffffffffff
[   21.392406] binder: transaction release 32930 bad node ffffffffffffffff
[   21.392701] binder: transaction release 32931 bad node ffffffffffffffff
[   21.393008] binder: transaction release 32932 bad node ffffffffffffffff
[   21.393406] binder: transaction release 32933 bad node ffffffffffffffff
[   21.393700] binder: transaction release 32934 bad node ffffffffffffffff
[   21.393984] binder: transaction release 32935 bad node ffffffffffffffff
[   21.394389] binder: transaction release 32936 bad node ffffffffffffffff
[   21.394692] binder: transaction release 32937 bad node ffffffffffffffff
[   21.395007] binder: transaction release 32938 bad node ffffffffffffffff
[   21.395394] binder: transaction release 32939 bad node ffffffffffffffff
[   21.395710] binder: transaction release 32940 bad node ffffffffffffffff
[   21.396229] binder: transaction release 32941 bad node ffffffffffffffff
[   21.396541] binder: transaction release 32942 bad node ffffffffffffffff
[   21.396844] binder: transaction release 32943 bad node ffffffffffffffff
[   21.397268] binder: transaction release 32944 bad node ffffffffffffffff
[   21.397555] binder: transaction release 32945 bad node ffffffffffffffff
[   21.397844] binder: transaction release 32946 bad node ffffffffffffffff
[   21.398242] binder: transaction release 32947 bad node ffffffffffffffff
[   21.398523] binder: transaction release 32948 bad node ffffffffffffffff
[   21.398829] binder: transaction release 32949 bad node ffffffffffffffff
[   21.399321] binder: transaction release 32950 bad node ffffffffffffffff
[   21.399633] binder: transaction release 32951 bad node ffffffffffffffff
[   21.399983] binder: transaction release 32952 bad node ffffffffffffffff
[   21.400435] binder: transaction release 32953 bad node ffffffffffffffff
[   21.400772] binder: transaction release 32954 bad node ffffffffffffffff
[   21.401218] binder: transaction release 32955 bad node ffffffffffffffff
[   21.401524] binder: transaction release 32956 bad node ffffffffffffffff
[   21.401840] binder: transaction release 32957 bad node ffffffffffffffff
[   21.402214] binder: transaction release 32958 bad node ffffffffffffffff
[   21.402498] binder: transaction release 32959 bad node ffffffffffffffff
[   21.402829] binder: transaction release 32960 bad node ffffffffffffffff
[   21.403224] binder: transaction release 32961 bad node ffffffffffffffff
[   21.403528] binder: transaction release 32962 bad node ffffffffffffffff
[   21.403802] binder: transaction release 32963 bad node ffffffffffffffff
[   21.404317] binder: transaction release 32964 bad node ffffffffffffffff
[   21.404614] binder: transaction release 32965 bad node ffffffffffffffff
[   21.404897] binder: transaction release 32966 bad node ffffffffffffffff
[   21.405291] binder: transaction release 32967 bad node ffffffffffffffff
[   21.405582] binder: transaction release 32968 bad node ffffffffffffffff
[   21.405853] binder: transaction release 32969 bad node ffffffffffffffff
[   21.406223] binder: transaction release 32970 bad node ffffffffffffffff
[   21.406489] binder: transaction release 32971 bad node ffffffffffffffff
[   21.406780] binder: transaction release 32972 bad node ffffffffffffffff
[   21.407151] binder: transaction release 32973 bad node ffffffffffffffff
[   21.407420] binder: transaction release 32974 bad node ffffffffffffffff
[   21.407694] binder: transaction release 32975 bad node ffffffffffffffff
[   21.407973] binder: transaction release 32976 bad node ffffffffffffffff
[   21.408333] binder: transaction release 32977 bad node ffffffffffffffff
[   21.408611] binder: transaction release 32978 bad node ffffffffffffffff
[   21.408874] binder: transaction release 32979 bad node ffffffffffffffff
[   21.409240] binder: transaction release 32980 bad node ffffffffffffffff
[   21.409506] binder: transaction release 32981 bad node ffffffffffffffff
[   21.409787] binder: transaction release 32982 bad node ffffffffffffffff
[   21.410168] binder: transaction release 32983 bad node ffffffffffffffff
[   21.410442] binder: transaction release 32984 bad node ffffffffffffffff
[   21.410729] binder: transaction release 32985 bad node ffffffffffffffff
[   21.411110] binder: transaction release 32986 bad node ffffffffffffffff
[   21.411389] binder: transaction release 32987 bad node ffffffffffffffff
[   21.411670] binder: transaction release 32988 bad node ffffffffffffffff
[   21.411953] binder: transaction release 32989 bad node ffffffffffffffff
[   21.412305] binder: transaction release 32990 bad node ffffffffffffffff
[   21.412573] binder: transaction release 32991 bad node ffffffffffffffff
[   21.412893] binder: transaction release 32992 bad node ffffffffffffffff
[   21.413282] binder: transaction release 32993 bad node ffffffffffffffff
[   21.413562] binder: transaction release 32994 bad node ffffffffffffffff
[   21.413853] binder: transaction release 32995 bad node ffffffffffffffff
[   21.414236] binder: transaction release 32996 bad node ffffffffffffffff
[   21.414507] binder: transaction release 32997 bad node ffffffffffffffff
[   21.414785] binder: transaction release 32998 bad node ffffffffffffffff
[   21.415165] binder: transaction release 32999 bad node ffffffffffffffff
[   21.415513] binder: transaction release 33000 bad node ffffffffffffffff
[   21.415870] binder: transaction release 33001 bad node ffffffffffffffff
[   21.416309] binder: transaction release 33002 bad node ffffffffffffffff
[   21.416644] binder: transaction release 33003 bad node ffffffffffffffff
[   21.416926] binder: transaction release 33004 bad node ffffffffffffffff
[   21.417336] binder: transaction release 33005 bad node ffffffffffffffff
[   21.417668] binder: transaction release 33006 bad node ffffffffffffffff
[   21.417999] binder: transaction release 33007 bad node ffffffffffffffff
[   21.418410] binder: transaction release 33008 bad node ffffffffffffffff
[   21.418724] binder: transaction release 33009 bad node ffffffffffffffff
[   21.419165] binder: transaction release 33010 bad node ffffffffffffffff
[   21.419472] binder: transaction release 33011 bad node ffffffffffffffff
[   21.419804] binder: transaction release 33012 bad node ffffffffffffffff
[   21.420207] binder: transaction release 33013 bad node ffffffffffffffff
[   21.420489] binder: transaction release 33014 bad node ffffffffffffffff
[   21.420785] binder: transaction release 33015 bad node ffffffffffffffff
[   21.421189] binder: transaction release 33016 bad node ffffffffffffffff
[   21.421479] binder: transaction release 33017 bad node ffffffffffffffff
[   21.421778] binder: transaction release 33018 bad node ffffffffffffffff
[   21.422239] binder: transaction release 33019 bad node ffffffffffffffff
[   21.422506] binder: transaction release 33020 bad node ffffffffffffffff
[   21.422792] binder: transaction release 33021 bad node ffffffffffffffff
[   21.423163] binder: transaction release 33022 bad node ffffffffffffffff
[   21.423429] binder: transaction release 33023 bad node ffffffffffffffff
[   21.423708] binder: transaction release 33024 bad node ffffffffffffffff
[   21.424141] binder: transaction release 33025 bad node ffffffffffffffff
[   21.424439] binder: transaction release 33026 bad node ffffffffffffffff
[   21.424731] binder: transaction release 33027 bad node ffffffffffffffff
[   21.425114] binder: transaction release 33028 bad node ffffffffffffffff
[   21.425491] binder: transaction release 33029 bad node ffffffffffffffff
[   21.425802] binder: transaction release 33030 bad node ffffffffffffffff
[   21.426185] binder: transaction release 33031 bad node ffffffffffffffff
[   21.426465] binder: transaction release 33032 bad node ffffffffffffffff
[   21.426768] binder: transaction release 33033 bad node ffffffffffffffff
[   21.427184] binder: transaction release 33034 bad node ffffffffffffffff
[   21.427468] binder: transaction release 33035 bad node ffffffffffffffff
[   21.427747] binder: transaction release 33036 bad node ffffffffffffffff
[   21.428098] binder: transaction release 33037 bad node ffffffffffffffff
[   21.428388] binder: transaction release 33038 bad node ffffffffffffffff
[   21.428690] binder: transaction release 33039 bad node ffffffffffffffff
[   21.428986] binder: transaction release 33040 bad node ffffffffffffffff
[   21.429357] binder: transaction release 33041 bad node ffffffffffffffff
[   21.429644] binder: transaction release 33042 bad node ffffffffffffffff
[   21.429953] binder: transaction release 33043 bad node ffffffffffffffff
[   21.430310] binder: transaction release 33044 bad node ffffffffffffffff
[   21.430577] binder: transaction release 33045 bad node ffffffffffffffff
[   21.430912] binder: transaction release 33046 bad node ffffffffffffffff
[   21.431285] binder: transaction release 33047 bad node ffffffffffffffff
[   21.431549] binder: transaction release 33048 bad node ffffffffffffffff
[   21.431836] binder: transaction release 33049 bad node ffffffffffffffff
[   21.432239] binder: transaction release 33050 bad node ffffffffffffffff
[   21.432505] binder: transaction release 33051 bad node ffffffffffffffff
[   21.432779] binder: transaction release 33052 bad node ffffffffffffffff
[   21.433193] binder: transaction release 33053 bad node ffffffffffffffff
[   21.433486] binder: transaction release 33054 bad node ffffffffffffffff
[   21.433792] binder: transaction release 33055 bad node ffffffffffffffff
[   21.434186] binder: transaction release 33056 bad node ffffffffffffffff
[   21.434470] binder: transaction release 33057 bad node ffffffffffffffff
[   21.434762] binder: transaction release 33058 bad node ffffffffffffffff
[   21.435253] binder: transaction release 33059 bad node ffffffffffffffff
[   21.435538] binder: transaction release 33060 bad node ffffffffffffffff
[   21.435832] binder: transaction release 33061 bad node ffffffffffffffff
[   21.436261] binder: transaction release 33062 bad node ffffffffffffffff
[   21.436553] binder: transaction release 33063 bad node ffffffffffffffff
[   21.436852] binder: transaction release 33064 bad node ffffffffffffffff
[   21.437251] binder: transaction release 33065 bad node ffffffffffffffff
[   21.437556] binder: transaction release 33066 bad node ffffffffffffffff
[   21.437843] binder: transaction release 33067 bad node ffffffffffffffff
[   21.438314] binder: transaction release 33068 bad node ffffffffffffffff
[   21.438627] binder: transaction release 33069 bad node ffffffffffffffff
[   21.438895] binder: transaction release 33070 bad node ffffffffffffffff
[   21.439273] binder: transaction release 33071 bad node ffffffffffffffff
[   21.439541] binder: transaction release 33072 bad node ffffffffffffffff
[   21.439822] binder: transaction release 33073 bad node ffffffffffffffff
[   21.440190] binder: transaction release 33074 bad node ffffffffffffffff
[   21.440460] binder: transaction release 33075 bad node ffffffffffffffff
[   21.440743] binder: transaction release 33076 bad node ffffffffffffffff
[   21.441176] binder: transaction release 33077 bad node ffffffffffffffff
[   21.441477] binder: transaction release 33078 bad node ffffffffffffffff
[   21.441767] binder: transaction release 33079 bad node ffffffffffffffff
[   21.442145] binder: transaction release 33080 bad node ffffffffffffffff
[   21.442428] binder: transaction release 33081 bad node ffffffffffffffff
[   21.442718] binder: transaction release 33082 bad node ffffffffffffffff
[   21.443000] binder: transaction release 33083 bad node ffffffffffffffff
[   21.443375] binder: transaction release 33084 bad node ffffffffffffffff
