c[?7l[2J[0mSeaBIOS (version rel-1.17.0-0-gb52ca86e094d-prebuilt.qemu.org)
Booting from ROM..c[?7l[2J[    0.000000] Linux version 5.10.107+ (jack@bd5f2b454abc) (gcc (Ubuntu 10.5.0-1ubuntu1~20.04) 10.5.0, GNU ld (GNU Binutils for Ubuntu) 2.34) #1 SMP PREEMPT Tue May 26 07:46:52 UTC 2026
[    0.000000] Command line: console=ttyS0 rdinit=/init testvm_autorun=/run_badnode.sh nokaslr panic=-1 binder.debug_mask=4611
[    0.000000] x86/fpu: x87 FPU will use FXSAVE
[    0.000000] BIOS-provided physical RAM map:
[    0.000000] BIOS-e820: [mem 0x0000000000000000-0x000000000009fbff] usable
[    0.000000] BIOS-e820: [mem 0x000000000009fc00-0x000000000009ffff] reserved
[    0.000000] BIOS-e820: [mem 0x00000000000f0000-0x00000000000fffff] reserved
[    0.000000] BIOS-e820: [mem 0x0000000000100000-0x000000003ffdffff] usable
[    0.000000] BIOS-e820: [mem 0x000000003ffe0000-0x000000003fffffff] reserved
[    0.000000] BIOS-e820: [mem 0x00000000fffc0000-0x00000000ffffffff] reserved
[    0.000000] BIOS-e820: [mem 0x000000fd00000000-0x000000ffffffffff] reserved
[    0.000000] NX (Execute Disable) protection: active
[    0.000000] SMBIOS 2.8 present.
[    0.000000] DMI: QEMU Standard PC (i440FX + PIIX, 1996), BIOS rel-1.17.0-0-gb52ca86e094d-prebuilt.qemu.org 04/01/2014
[    0.000000] tsc: Fast TSC calibration using PIT
[    0.000000] tsc: Detected 2303.971 MHz processor
[    0.027393] AGP: No AGP bridge found
[    0.028089] last_pfn = 0x3ffe0 max_arch_pfn = 0x400000000
[    0.031455] x86/PAT: Configuration [0-7]: WB  WC  UC- UC  WB  WP  UC- WT  
[    0.088355] found SMP MP-table at [mem 0x000f54c0-0x000f54cf]
[    0.092846] check: Scanning 1 areas for low memory corruption
[    0.105693] RAMDISK: [mem 0x3fe39000-0x3ffdffff]
[    0.106487] ACPI: Early table checksum verification disabled
[    0.107733] ACPI: RSDP 0x00000000000F52E0 000014 (v00 BOCHS )
[    0.108438] ACPI: RSDT 0x000000003FFE238A 000034 (v01 BOCHS  BXPC     00000001 BXPC 00000001)
[    0.110322] ACPI: FACP 0x000000003FFE2236 000074 (v01 BOCHS  BXPC     00000001 BXPC 00000001)
[    0.111835] ACPI: DSDT 0x000000003FFE0040 0021F6 (v01 BOCHS  BXPC     00000001 BXPC 00000001)
[    0.112112] ACPI: FACS 0x000000003FFE0000 000040
[    0.112296] ACPI: APIC 0x000000003FFE22AA 000080 (v03 BOCHS  BXPC     00000001 BXPC 00000001)
[    0.112401] ACPI: HPET 0x000000003FFE232A 000038 (v01 BOCHS  BXPC     00000001 BXPC 00000001)
[    0.112499] ACPI: WAET 0x000000003FFE2362 000028 (v01 BOCHS  BXPC     00000001 BXPC 00000001)
[    0.112756] ACPI: Reserving FACP table memory at [mem 0x3ffe2236-0x3ffe22a9]
[    0.112851] ACPI: Reserving DSDT table memory at [mem 0x3ffe0040-0x3ffe2235]
[    0.112892] ACPI: Reserving FACS table memory at [mem 0x3ffe0000-0x3ffe003f]
[    0.112928] ACPI: Reserving APIC table memory at [mem 0x3ffe22aa-0x3ffe2329]
[    0.112961] ACPI: Reserving HPET table memory at [mem 0x3ffe232a-0x3ffe2361]
[    0.113001] ACPI: Reserving WAET table memory at [mem 0x3ffe2362-0x3ffe2389]
[    0.118387] No NUMA configuration found
[    0.118478] Faking a node at [mem 0x0000000000000000-0x000000003ffdffff]
[    0.120621] NODE_DATA(0) allocated [mem 0x3fe34000-0x3fe38fff]
[    0.127118] Zone ranges:
[    0.127295]   DMA      [mem 0x0000000000001000-0x0000000000ffffff]
[    0.127466]   DMA32    [mem 0x0000000001000000-0x000000003ffdffff]
[    0.127517]   Normal   empty
[    0.127580]   Device   empty
[    0.127632] Movable zone start for each node
[    0.127735] Early memory node ranges
[    0.127834]   node   0: [mem 0x0000000000001000-0x000000000009efff]
[    0.128234]   node   0: [mem 0x0000000000100000-0x000000003ffdffff]
[    0.128823] Initmem setup node 0 [mem 0x0000000000001000-0x000000003ffdffff]
[    0.131421] On node 0, zone DMA: 1 pages in unavailable ranges
[    0.132154] On node 0, zone DMA: 97 pages in unavailable ranges
[    0.165014] On node 0, zone DMA32: 32 pages in unavailable ranges
[    0.167585] ACPI: LAPIC_NMI (acpi_id[0xff] dfl dfl lint[0x1])
[    0.168707] IOAPIC[0]: apic_id 0, version 32, address 0xfec00000, GSI 0-23
[    0.169086] ACPI: INT_SRC_OVR (bus 0 bus_irq 0 global_irq 2 dfl dfl)
[    0.169761] ACPI: INT_SRC_OVR (bus 0 bus_irq 5 global_irq 5 high level)
[    0.169860] ACPI: INT_SRC_OVR (bus 0 bus_irq 9 global_irq 9 high level)
[    0.170152] ACPI: INT_SRC_OVR (bus 0 bus_irq 10 global_irq 10 high level)
[    0.170196] ACPI: INT_SRC_OVR (bus 0 bus_irq 11 global_irq 11 high level)
[    0.170777] Using ACPI (MADT) for SMP configuration information
[    0.170939] ACPI: HPET id: 0x8086a201 base: 0xfed00000
[    0.171809] smpboot: Allowing 2 CPUs, 0 hotplug CPUs
[    0.173979] [mem 0x40000000-0xfffbffff] available for PCI devices
[    0.174149] Booting paravirtualized kernel on bare hardware
[    0.175267] clocksource: refined-jiffies: mask: 0xffffffff max_cycles: 0xffffffff, max_idle_ns: 1910969940391419 ns
[    0.204898] setup_percpu: NR_CPUS:512 nr_cpumask_bits:512 nr_cpu_ids:2 nr_node_ids:1
[    0.219125] percpu: Embedded 63 pages/cpu s221184 r8192 d28672 u1048576
[    0.224301] Built 1 zonelists, mobility grouping on.  Total pages: 257897
[    0.224363] Policy zone: DMA32
[    0.224888] Kernel command line: console=ttyS0 rdinit=/init testvm_autorun=/run_badnode.sh nokaslr panic=-1 binder.debug_mask=4611
[    0.233680] Dentry cache hash table entries: 131072 (order: 8, 1048576 bytes, linear)
[    0.235834] Inode-cache hash table entries: 65536 (order: 7, 524288 bytes, linear)
[    0.240355] mem auto-init: stack:off, heap alloc:off, heap free:off
[    0.241364] AGP: Checking aperture...
[    0.245190] AGP: No AGP bridge found
[    0.275469] bad_dst_dbg page_alloc pcp_alloc page=ffffea0000120000 pfn=4800 mt=0 pcp_count=0 zone=DMA32 cpu=0
[    0.276338] bad_dst_dbg page_alloc pcp_alloc page=ffffea0000120040 pfn=4801 mt=0 pcp_count=0 zone=DMA32 cpu=0
[    0.276402] bad_dst_dbg page_alloc pcp_alloc page=ffffea0000120080 pfn=4802 mt=0 pcp_count=0 zone=DMA32 cpu=0
[    0.276453] bad_dst_dbg page_alloc pcp_alloc page=ffffea00001200c0 pfn=4803 mt=0 pcp_count=0 zone=DMA32 cpu=0
[    0.276499] bad_dst_dbg page_alloc pcp_alloc page=ffffea0000120100 pfn=4804 mt=0 pcp_count=0 zone=DMA32 cpu=0
[    0.276546] bad_dst_dbg page_alloc pcp_alloc page=ffffea0000120140 pfn=4805 mt=0 pcp_count=0 zone=DMA32 cpu=0
[    0.276620] bad_dst_dbg page_alloc pcp_alloc page=ffffea0000120180 pfn=4806 mt=0 pcp_count=0 zone=DMA32 cpu=0
[    0.276690] bad_dst_dbg page_alloc pcp_alloc page=ffffea00001201c0 pfn=4807 mt=0 pcp_count=0 zone=DMA32 cpu=0
[    0.276753] bad_dst_dbg page_alloc pcp_alloc page=ffffea0000120200 pfn=4808 mt=0 pcp_count=0 zone=DMA32 cpu=0
[    0.276796] bad_dst_dbg page_alloc pcp_alloc page=ffffea0000120240 pfn=4809 mt=0 pcp_count=0 zone=DMA32 cpu=0
[    0.277774] Memory: 208112K/1048056K available (18452K kernel code, 3390K rwdata, 15468K rodata, 1904K init, 4920K bss, 73568K reserved, 0K cma-reserved)
[    0.279736] random: get_random_u64 called from __kmem_cache_create+0x2a/0x4d0 with crng_init=0
[    0.293412] SLUB: HWalign=64, Order=0-3, MinObjects=0, CPUs=2, Nodes=1
[    0.297191] ftrace: allocating 57808 entries in 226 pages
[    0.535586] ftrace: allocated 226 pages with 4 groups
[    0.557777] rcu: Preemptible hierarchical RCU implementation.
[    0.557891] rcu: 	RCU restricting CPUs from NR_CPUS=512 to nr_cpu_ids=2.
[    0.558172] 	Trampoline variant of Tasks RCU enabled.
[    0.558207] 	Rude variant of Tasks RCU enabled.
[    0.558237] 	Tracing variant of Tasks RCU enabled.
[    0.558497] rcu: RCU calculated value of scheduler-enlistment delay is 100 jiffies.
[    0.558592] rcu: Adjusting geometry for rcu_fanout_leaf=16, nr_cpu_ids=2
[    0.624913] NR_IRQS: 33024, nr_irqs: 440, preallocated irqs: 16
[    0.661795] Console: colour VGA+ 80x25
[    0.701887] printk: console [ttyS0] enabled
[    0.704442] ACPI: Core revision 20200925
[    0.718181] clocksource: hpet: mask: 0xffffffff max_cycles: 0xffffffff, max_idle_ns: 19112604467 ns
[    0.730328] APIC: Switch to symmetric I/O mode setup
[    0.743375] ..TIMER: vector=0x30 apic1=0 pin1=2 apic2=-1 pin2=-1
[    0.750267] tsc: Marking TSC unstable due to TSCs unsynchronized
[    0.751389] Calibrating delay loop (skipped), value calculated using timer frequency.. 4607.94 BogoMIPS (lpj=2303971)
[    0.753163] pid_max: default: 32768 minimum: 301
[    0.755799] LSM: Security Framework initializing
[    0.758519] Yama: becoming mindful.
[    0.761031] LoadPin: ready to pin (currently enforcing)
[    0.766475] AppArmor: AppArmor initialized
[    0.766792] LSM support for eBPF active
[    0.768304] Mount-cache hash table entries: 2048 (order: 2, 16384 bytes, linear)
[    0.768757] Mountpoint-cache hash table entries: 2048 (order: 2, 16384 bytes, linear)
[    0.827162] process: using AMD E400 aware idle routine
[    0.828173] Last level iTLB entries: 4KB 512, 2MB 255, 4MB 127
[    0.828458] Last level dTLB entries: 4KB 512, 2MB 255, 4MB 127, 1GB 0
[    0.829300] Spectre V1 : Mitigation: usercopy/swapgs barriers and __user pointer sanitization
[    0.830056] Spectre V2 : Mitigation: Retpolines
[    0.830299] Spectre V2 : Spectre v2 / SpectreRSB mitigation: Filling RSB on context switch
[    0.838351] bad_dst_dbg page_alloc pcp_free page=ffffea00000fc8c0 pfn=3f23 mt=1 pcp_count=20 pcp_high=90 zone=DMA32 cpu=0
[    0.839105] bad_dst_dbg page_alloc pcp_free page=ffffea00000fc900 pfn=3f24 mt=1 pcp_count=21 pcp_high=90 zone=DMA32 cpu=0
[    0.839613] bad_dst_dbg page_alloc pcp_free page=ffffea00000fc940 pfn=3f25 mt=1 pcp_count=22 pcp_high=90 zone=DMA32 cpu=0
[    0.839989] bad_dst_dbg page_alloc pcp_free page=ffffea00000fc980 pfn=3f26 mt=1 pcp_count=23 pcp_high=90 zone=DMA32 cpu=0
[    0.840427] bad_dst_dbg page_alloc pcp_free page=ffffea00000fc9c0 pfn=3f27 mt=1 pcp_count=24 pcp_high=90 zone=DMA32 cpu=0
[    0.840987] bad_dst_dbg page_alloc pcp_free page=ffffea00000fca00 pfn=3f28 mt=1 pcp_count=25 pcp_high=90 zone=DMA32 cpu=0
[    0.841436] bad_dst_dbg page_alloc pcp_free page=ffffea00000fca40 pfn=3f29 mt=1 pcp_count=26 pcp_high=90 zone=DMA32 cpu=0
[    0.841987] bad_dst_dbg page_alloc pcp_free page=ffffea00000fca80 pfn=3f2a mt=1 pcp_count=27 pcp_high=90 zone=DMA32 cpu=0
[    0.842439] bad_dst_dbg page_alloc pcp_free page=ffffea00000fcac0 pfn=3f2b mt=1 pcp_count=28 pcp_high=90 zone=DMA32 cpu=0
[    0.842996] bad_dst_dbg page_alloc pcp_free page=ffffea00000fcb00 pfn=3f2c mt=1 pcp_count=29 pcp_high=90 zone=DMA32 cpu=0
[    0.843541] Freeing SMP alternatives memory: 60K
[    0.989393] random: fast init done
[    1.103954] smpboot: CPU0: AMD QEMU Virtual CPU version 2.5+ (family: 0xf, model: 0x6b, stepping: 0x1)
[    1.119542] Performance Events: PMU not available due to virtualization, using software events only.
[    1.125591] rcu: Hierarchical SRCU implementation.
[    1.142309] NMI watchdog: Perf NMI watchdog permanently disabled
[    1.152094] smp: Bringing up secondary CPUs ...
[    1.162652] x86: Booting SMP configuration:
[    1.163152] .... node  #0, CPUs:      #1
[    1.246196] smp: Brought up 1 node, 2 CPUs
[    1.247140] smpboot: Max logical packages: 1
[    1.247706] smpboot: Total of 2 processors activated (9146.65 BogoMIPS)
[    1.292290] node 0 deferred pages initialised in 25ms
[    1.316078] devtmpfs: initialized
[    1.326106] x86/mm: Memory block size: 128MB
[    1.344121] clocksource: jiffies: mask: 0xffffffff max_cycles: 0xffffffff, max_idle_ns: 1911260446275000 ns
[    1.345193] futex hash table entries: 512 (order: 3, 32768 bytes, linear)
[    1.357883] PM: RTC time: 09:08:42, date: 2026-05-26
[    1.377791] NET: Registered protocol family 16
[    1.387428] DMA: preallocated 128 KiB GFP_KERNEL pool for atomic allocations
[    1.388303] DMA: preallocated 128 KiB GFP_KERNEL|GFP_DMA pool for atomic allocations
[    1.388797] DMA: preallocated 128 KiB GFP_KERNEL|GFP_DMA32 pool for atomic allocations
[    1.390436] audit: initializing netlink subsys (disabled)
[    1.396591] audit: type=2000 audit(1779786521.662:1): state=initialized audit_enabled=0 res=1
[    1.403291] thermal_sys: Registered thermal governor 'step_wise'
[    1.403409] thermal_sys: Registered thermal governor 'user_space'
[    1.405178] cpuidle: using governor ladder
[    1.406354] cpuidle: using governor menu
[    1.409790] ACPI: bus type PCI registered
[    1.410242] acpiphp: ACPI Hot Plug PCI Controller Driver version: 0.5
[    1.416784] PCI: Using configuration type 1 for base access
[    1.423426] mtrr: your CPUs had inconsistent fixed MTRR settings
[    1.424065] mtrr: your CPUs had inconsistent variable MTRR settings
[    1.424717] mtrr: your CPUs had inconsistent MTRRdefType settings
[    1.425515] mtrr: probably your BIOS does not setup all CPUs.
[    1.426007] mtrr: corrected configuration.
[    1.484241] Kprobes globally optimized
[    1.493814] HugeTLB registered 2.00 MiB page size, pre-allocated 0 pages
[    1.524493] cryptd: max_cpu_qlen set to 1000
[    1.588188] raid6: sse2x4   gen()   580 MB/s
[    1.605078] raid6: sse2x4   xor()   383 MB/s
[    1.622007] raid6: sse2x2   gen()   667 MB/s
[    1.639038] raid6: sse2x2   xor()   373 MB/s
[    1.656104] raid6: sse2x1   gen()   618 MB/s
[    1.673012] raid6: sse2x1   xor()   324 MB/s
[    1.673431] raid6: using algorithm sse2x2 gen() 667 MB/s
[    1.673846] raid6: .... xor() 373 MB/s, rmw enabled
[    1.674422] raid6: using intx1 recovery algorithm
[    1.676766] ACPI: Added _OSI(Module Device)
[    1.677079] ACPI: Added _OSI(Processor Device)
[    1.677470] ACPI: Added _OSI(3.0 _SCP Extensions)
[    1.678015] ACPI: Added _OSI(Processor Aggregator Device)
[    1.678671] ACPI: Added _OSI(Linux-Dell-Video)
[    1.679002] ACPI: Added _OSI(Linux-Lenovo-NV-HDMI-Audio)
[    1.679312] ACPI: Added _OSI(Linux-HPI-Hybrid-Graphics)
[    1.725071] ACPI: 1 ACPI AML tables successfully acquired and loaded
[    1.768787] ACPI: Interpreter enabled
[    1.772186] ACPI: (supports S0 S3 S5)
[    1.772585] ACPI: Using IOAPIC for interrupt routing
[    1.774122] PCI: Using host bridge windows from ACPI; if necessary, use "pci=nocrs" and report a bug
[    1.778954] ACPI: Enabled 2 GPEs in block 00 to 0F
[    1.864850] ACPI: PCI Root Bridge [PCI0] (domain 0000 [bus 00-ff])
[    1.867160] acpi PNP0A03:00: _OSC: OS supports [ASPM ClockPM Segments MSI HPX-Type3]
[    1.869906] acpi PNP0A03:00: fail to add MMCONFIG information, can't access extended PCI configuration space under this bridge.
[    1.881379] acpiphp: Slot [3] registered
[    1.882382] acpiphp: Slot [4] registered
[    1.883111] acpiphp: Slot [5] registered
[    1.883702] acpiphp: Slot [6] registered
[    1.884271] acpiphp: Slot [7] registered
[    1.884801] acpiphp: Slot [8] registered
[    1.885354] acpiphp: Slot [9] registered
[    1.886362] acpiphp: Slot [10] registered
[    1.887185] acpiphp: Slot [11] registered
[    1.887777] acpiphp: Slot [12] registered
[    1.888285] acpiphp: Slot [13] registered
[    1.889062] acpiphp: Slot [14] registered
[    1.889733] acpiphp: Slot [15] registered
[    1.890336] acpiphp: Slot [16] registered
[    1.891286] acpiphp: Slot [17] registered
[    1.891827] acpiphp: Slot [18] registered
[    1.892231] acpiphp: Slot [19] registered
[    1.893220] acpiphp: Slot [20] registered
[    1.893868] acpiphp: Slot [21] registered
[    1.894266] acpiphp: Slot [22] registered
[    1.895415] acpiphp: Slot [23] registered
[    1.896081] acpiphp: Slot [24] registered
[    1.896630] acpiphp: Slot [25] registered
[    1.897212] acpiphp: Slot [26] registered
[    1.897836] acpiphp: Slot [27] registered
[    1.898230] acpiphp: Slot [28] registered
[    1.898701] acpiphp: Slot [29] registered
[    1.899485] acpiphp: Slot [30] registered
[    1.900247] acpiphp: Slot [31] registered
[    1.901630] PCI host bridge to bus 0000:00
[    1.902591] pci_bus 0000:00: root bus resource [io  0x0000-0x0cf7 window]
[    1.903045] pci_bus 0000:00: root bus resource [io  0x0d00-0xffff window]
[    1.903755] pci_bus 0000:00: root bus resource [mem 0x000a0000-0x000bffff window]
[    1.904539] pci_bus 0000:00: root bus resource [mem 0x40000000-0xfebfffff window]
[    1.904998] pci_bus 0000:00: root bus resource [mem 0x100000000-0x17fffffff window]
[    1.906250] pci_bus 0000:00: root bus resource [bus 00-ff]
[    1.909547] pci 0000:00:00.0: [8086:1237] type 00 class 0x060000
[    1.921444] pci 0000:00:01.0: [8086:7000] type 00 class 0x060100
[    1.924067] pci 0000:00:01.1: [8086:7010] type 00 class 0x010180
[    1.929399] pci 0000:00:01.1: reg 0x20: [io  0xc000-0xc00f]
[    1.931107] pci 0000:00:01.1: legacy IDE quirk: reg 0x10: [io  0x01f0-0x01f7]
[    1.931763] pci 0000:00:01.1: legacy IDE quirk: reg 0x14: [io  0x03f6]
[    1.932073] pci 0000:00:01.1: legacy IDE quirk: reg 0x18: [io  0x0170-0x0177]
[    1.933002] pci 0000:00:01.1: legacy IDE quirk: reg 0x1c: [io  0x0376]
[    1.937046] pci 0000:00:01.3: [8086:7113] type 00 class 0x068000
[    1.938546] pci 0000:00:01.3: quirk: [io  0x0600-0x063f] claimed by PIIX4 ACPI
[    1.939076] pci 0000:00:01.3: quirk: [io  0x0700-0x070f] claimed by PIIX4 SMB
[    1.941507] pci 0000:00:02.0: [1234:1111] type 00 class 0x030000
[    1.941954] pci 0000:00:02.0: reg 0x10: [mem 0xfd000000-0xfdffffff pref]
[    1.945954] pci 0000:00:02.0: reg 0x18: [mem 0xfebf0000-0xfebf0fff]
[    1.948954] pci 0000:00:02.0: reg 0x30: [mem 0xfebe0000-0xfebeffff pref]
[    1.961858] ACPI: PCI Interrupt Link [LNKA] (IRQs 5 *10 11)
[    1.964318] ACPI: PCI Interrupt Link [LNKB] (IRQs 5 *10 11)
[    1.966055] ACPI: PCI Interrupt Link [LNKC] (IRQs 5 10 *11)
[    1.967592] ACPI: PCI Interrupt Link [LNKD] (IRQs 5 10 *11)
[    1.968482] ACPI: PCI Interrupt Link [LNKS] (IRQs *9)
[    1.982393] iommu: Default domain type: Translated 
[    1.987726] SCSI subsystem initialized
[    1.994241] pps_core: LinuxPPS API ver. 1 registered
[    1.994661] pps_core: Software ver. 5.3.6 - Copyright 2005-2007 Rodolfo Giometti <giometti@linux.it>
[    1.995248] PTP clock support registered
[    2.024605] PCI: Using ACPI for IRQ routing
[    2.030577] hpet: 3 channels of 0 reserved for per-cpu timers
[    2.031708] hpet0: at MMIO 0xfed00000, IRQs 2, 8, 0
[    2.032357] hpet0: 3 comparators, 64-bit 100.000000 MHz counter
[    2.038864] clocksource: Switched to clocksource hpet
[    3.858271] VFS: Disk quotas dquot_6.6.0
[    3.863651] VFS: Dquot-cache hash table entries: 512 (order 0, 4096 bytes)
[    3.867945] FS-Cache: Loaded
[    3.879569] CacheFiles: Loaded
[    3.885979] AppArmor: AppArmor Filesystem Enabled
[    3.889176] pnp: PnP ACPI init
[    3.904200] pnp: PnP ACPI: found 6 devices
[    4.007861] NET: Registered protocol family 2
[    4.010941] IP idents hash table entries: 16384 (order: 5, 131072 bytes, linear)
[    4.039693] tcp_listen_portaddr_hash hash table entries: 512 (order: 1, 8192 bytes, linear)
[    4.040911] TCP established hash table entries: 8192 (order: 4, 65536 bytes, linear)
[    4.042230] TCP bind hash table entries: 8192 (order: 5, 131072 bytes, linear)
[    4.042919] TCP: Hash tables configured (established 8192 bind 8192)
[    4.047159] UDP hash table entries: 512 (order: 2, 16384 bytes, linear)
[    4.048120] UDP-Lite hash table entries: 512 (order: 2, 16384 bytes, linear)
[    4.052719] NET: Registered protocol family 1
[    4.062671] RPC: Registered named UNIX socket transport module.
[    4.063348] RPC: Registered udp transport module.
[    4.063689] RPC: Registered tcp transport module.
[    4.064110] RPC: Registered tcp NFSv4.1 backchannel transport module.
[    4.064636] NET: Registered protocol family 44
[    4.067253] pci_bus 0000:00: resource 4 [io  0x0000-0x0cf7 window]
[    4.067697] pci_bus 0000:00: resource 5 [io  0x0d00-0xffff window]
[    4.068193] pci_bus 0000:00: resource 6 [mem 0x000a0000-0x000bffff window]
[    4.068685] pci_bus 0000:00: resource 7 [mem 0x40000000-0xfebfffff window]
[    4.069294] pci_bus 0000:00: resource 8 [mem 0x100000000-0x17fffffff window]
[    4.071156] pci 0000:00:01.0: PIIX3: Enabling Passive Release
[    4.071848] pci 0000:00:00.0: Limiting direct PCI/PCI transfers
[    4.072526] pci 0000:00:01.0: Activating ISA DMA hang workarounds
[    4.073534] pci 0000:00:02.0: Video device with shadowed ROM at [mem 0x000c0000-0x000dffff]
[    4.074220] PCI: CLS 0 bytes, default 64
[    4.085913] Trying to unpack rootfs image as initramfs...
[    4.338454] Freeing initrd memory: 1692K
[    4.341191] kvm: no hardware support
[    4.346255] kvm: Nested Virtualization enabled
[    4.347280] SVM: kvm: Nested Paging disabled
[    4.361784] check: Scanning for low memory corruption every 60 seconds
[    4.373782] Initialise system trusted keyrings
[    4.379449] Key type blacklist registered
[    4.382831] workingset: timestamp_bits=40 max_order=18 bucket_order=0
[    4.433204] squashfs: version 4.0 (2009/01/31) Phillip Lougher
[    4.437942] FS-Cache: Netfs 'nfs' registered for caching
[    4.444308] NFS: Registering the id_resolver key type
[    4.445332] Key type id_resolver registered
[    4.445733] Key type id_legacy registered
[    4.447176] nfs4filelayout_init: NFSv4 File Layout Driver Registering...
[    4.448609] nfs4flexfilelayout_init: NFSv4 Flexfile Layout Driver Registering...
[    4.449259] Installing knfsd (copyright (C) 1996 okir@monad.swb.de).
[    4.465493] Key type cifs.spnego registered
[    4.466263] Key type cifs.idmap registered
[    4.466746] ntfs: driver 2.1.32 [Flags: R/O].
[    4.470712] fuse: init (API version 7.32)
[    4.475300] SGI XFS with ACLs, security attributes, quota, no debug enabled
[    4.489167] 9p: Installing v9fs 9p2000 file system support
[    4.494152] integrity: Platform Keyring initialized
[    4.544251] NET: Registered protocol family 38
[    4.545299] xor: measuring software checksum speed
[    4.568230]    prefetch64-sse  :   485 MB/sec
[    4.593796]    generic_sse     :   415 MB/sec
[    4.594240] xor: using function: prefetch64-sse (485 MB/sec)
[    4.594670] Key type asymmetric registered
[    4.595337] Asymmetric key parser 'x509' registered
[    4.596353] Block layer SCSI generic (bsg) driver version 0.4 loaded (major 248)
[    4.598718] io scheduler mq-deadline registered
[    4.599352] io scheduler kyber registered
[    4.600725] io scheduler bfq registered
[    4.612124] input: Power Button as /devices/LNXSYSTM:00/LNXPWRBN:00/input/input0
[    4.622646] bad_dst_dbg slub __slab_free_state cache=kmalloc-256 page=ffffea0000188d00 pfn=6234 head=ffff888006234900 cnt=1 prior=0000000000000000 old_inuse=16 new_inuse=15 was_frozen=1 new_frozen=1 objects=16 cpu=1
[    4.624215] bad_dst_dbg slub __slab_free_state cache=kmalloc-256 page=ffffea0000188d00 pfn=6234 head=ffff888006234500 cnt=1 prior=ffff888006234900 old_inuse=15 new_inuse=14 was_frozen=1 new_frozen=1 objects=16 cpu=1
[    4.625203] ACPI: Power Button [PWRF]
[    4.638181] Serial: 8250/16550 driver, 4 ports, IRQ sharing disabled
[    4.643188] 00:04: ttyS0 at I/O 0x3f8 (irq = 4, base_baud = 115200) is a 16550A
[    4.656599] Non-volatile memory driver v1.3
[    4.658841] AMD-Vi: AMD IOMMUv2 functionality not available on this system - This is not a bug.
[    4.752846] brd: module loaded
[    4.842410] loop: module loaded
[    4.847943] zram: Added device: zram0
[    4.849447] Guest personality initialized and is inactive
[    4.851656] VMCI host device registered (name=vmci, major=10, minor=62)
[    4.852242] Initialized host personality
[    4.853657] Loading iSCSI transport class v2.0-870.
[    4.859390] iscsi: registered transport (tcp)
[    4.860570] VMware PVSCSI driver - version 1.0.7.0-k
[    4.861643] hv_vmbus: registering driver hv_storvsc
[    4.898540] scsi host0: ata_piix
[    4.906316] scsi host1: ata_piix
[    4.908193] ata1: PATA max MWDMA2 cmd 0x1f0 ctl 0x3f6 bmdma 0xc000 irq 14
[    4.908637] ata2: PATA max MWDMA2 cmd 0x170 ctl 0x376 bmdma 0xc008 irq 15
[    4.926096] Rounding down aligned max_sectors from 4294967295 to 4294967288
[    4.929773] db_root: cannot open: /etc/target
[    4.974274] wireguard: WireGuard 1.0.0 loaded. See www.wireguard.com for information.
[    4.975162] wireguard: Copyright (C) 2015-2019 Jason A. Donenfeld <Jason@zx2c4.com>. All Rights Reserved.
[    4.987318] tun: Universal TUN/TAP device driver, 1.6
[    4.992577] ixgbevf: Intel(R) 10 Gigabit PCI Express Virtual Function Network Driver
[    4.993234] ixgbevf: Copyright (c) 2009 - 2018 Intel Corporation.
[    4.995576] PPP generic driver version 2.4.2
[    4.998209] VMware vmxnet3 virtual NIC driver - version 1.5.0.0-k-NAPI
[    4.998972] hv_vmbus: registering driver hv_netvsc
[    5.001312] VFIO - User Level meta-driver version: 0.3
[    5.007409] i8042: PNP: PS/2 Controller [PNP0303:KBD,PNP0f13:MOU] at 0x60,0x64 irq 1,12
[    5.016248] serio: i8042 KBD port at 0x60,0x64 irq 1
[    5.019149] serio: i8042 AUX port at 0x60,0x64 irq 12
[    5.021552] hv_vmbus: registering driver hyperv_keyboard
[    5.027843] rtc_cmos 00:05: RTC can wake from S4
[    5.031661] input: AT Translated Set 2 keyboard as /devices/platform/i8042/serio0/input/input1
[    5.038652] rtc_cmos 00:05: registered as rtc0
[    5.040595] rtc_cmos 00:05: alarms up to one day, y3k, 242 bytes nvram, hpet irqs
[    5.041763] iTCO_wdt: Intel TCO WatchDog Timer Driver v1.11
[    5.042367] iTCO_vendor_support: vendor-support=0
[    5.053184] device-mapper: ioctl: 4.43.0-ioctl (2020-10-01) initialised: dm-devel@redhat.com
[    5.059359] device-mapper: multipath round-robin: version 1.2.0 loaded
[    5.059823] device-mapper: multipath queue-length: version 0.2.0 loaded
[    5.060273] device-mapper: multipath service-time: version 0.3.0 loaded
[    5.060827] device-mapper: multipath historical-service-time: version 0.1.1 loaded
[    5.063324] device-mapper: raid: Loading target version 1.15.1
[    5.073891] hv_utils: Registering HyperV Utility Driver
[    5.074517] hv_vmbus: registering driver hv_utils
[    5.074743] hv_vmbus: registering driver hv_balloon
[    5.077489] GACT probability NOT on
[    5.078507] Mirror/redirect action on
[    5.083818] netem: version 1.3
[    5.084682] u32 classifier
[    5.084887]     input device check on
[    5.085186]     Actions configured
[    5.092387] bad_dst_dbg slub __slab_free_state cache=kmalloc-256 page=ffffea00001988c0 pfn=6623 head=ffff888006623000 cnt=1 prior=0000000000000000 old_inuse=16 new_inuse=15 was_frozen=0 new_frozen=1 objects=16 cpu=0
[    5.092834] ata2.00: ATAPI: QEMU DVD-ROM, 2.5+, max UDMA/100
[    5.093810] bad_dst_dbg slub put_cpu_partial cache=kmalloc-256 page=ffffea00001988c0 pfn=6623 drain=1 pages=1 pobjects=1 inuse=15 objects=16 cpu=0
[    5.095544] bad_dst_dbg slub __slab_free_state cache=kmalloc-256 page=ffffea0000198700 pfn=661c head=ffff88800661c800 cnt=1 prior=0000000000000000 old_inuse=16 new_inuse=15 was_frozen=0 new_frozen=1 objects=16 cpu=0
[    5.097024] bad_dst_dbg slub put_cpu_partial cache=kmalloc-256 page=ffffea0000198700 pfn=661c drain=1 pages=2 pobjects=2 inuse=15 objects=16 cpu=0
[    5.114830] xt_time: kernel timezone is -0000
[    5.117199] IPVS: Registered protocols (TCP, UDP, SCTP, AH, ESP)
[    5.118261] IPVS: Connection hash table configured (size=4096, memory=64Kbytes)
[    5.122136] IPVS: ipvs loaded.
[    5.122559] IPVS: [rr] scheduler registered.
[    5.122823] IPVS: [wrr] scheduler registered.
[    5.123315] bad_dst_dbg slub __slab_free_state cache=kmalloc-256 page=ffffea00001988c0 pfn=6623 head=ffff888006623000 cnt=1 prior=0000000000000000 old_inuse=16 new_inuse=15 was_frozen=0 new_frozen=1 objects=16 cpu=0
[    5.124327] bad_dst_dbg slub put_cpu_partial cache=kmalloc-256 page=ffffea00001988c0 pfn=6623 drain=1 pages=1 pobjects=1 inuse=15 objects=16 cpu=0
[    5.124902] bad_dst_dbg slub __slab_free_state cache=kmalloc-256 page=ffffea0000198700 pfn=661c head=ffff88800661c800 cnt=1 prior=0000000000000000 old_inuse=16 new_inuse=15 was_frozen=0 new_frozen=1 objects=16 cpu=0
[    5.125824] bad_dst_dbg slub put_cpu_partial cache=kmalloc-256 page=ffffea0000198700 pfn=661c drain=1 pages=2 pobjects=2 inuse=15 objects=16 cpu=0
[    5.126576] bad_dst_dbg slub __slab_free_state cache=kmalloc-256 page=ffffea0000199140 pfn=6645 head=ffff888006645900 cnt=4 prior=0000000000000000 old_inuse=16 new_inuse=12 was_frozen=0 new_frozen=1 objects=16 cpu=0
[    5.127582] bad_dst_dbg slub put_cpu_partial cache=kmalloc-256 page=ffffea0000199140 pfn=6645 drain=1 pages=3 pobjects=6 inuse=12 objects=16 cpu=0
[    5.128497] IPVS: [lc] scheduler registered.
[    5.128952] IPVS: [wlc] scheduler registered.
[    5.129441] IPVS: [fo] scheduler registered.
[    5.130157] IPVS: [ovf] scheduler registered.
[    5.130948] IPVS: [lblc] scheduler registered.
[    5.131828] IPVS: [lblcr] scheduler registered.
[    5.132593] IPVS: [dh] scheduler registered.
[    5.132881] IPVS: [sh] scheduler registered.
[    5.133203] IPVS: [sed] scheduler registered.
[    5.133420] IPVS: [nq] scheduler registered.
[    5.134642] IPVS: ftp: loaded support on port[0] = 21
[    5.135194] IPVS: [sip] pe registered.
[    5.136189] ipip: IPv4 and MPLS over IPv4 tunneling driver
[    5.140513] scsi 1:0:0:0: CD-ROM            QEMU     QEMU DVD-ROM     2.5+ PQ: 0 ANSI: 5
[    5.141690] gre: GRE over IPv4 demultiplexor driver
[    5.142169] ip_gre: GRE over IPv4 tunneling driver
[    5.164724] ipt_CLUSTERIP: ClusterIP Version 0.8 loaded successfully
[    5.170788] Initializing XFRM netlink socket
[    5.171771] IPsec XFRM device driver
[    5.175853] NET: Registered protocol family 10
[    5.179332] sr 1:0:0:0: [sr0] scsi3-mmc drive: 4x/4x cd/rw xa/form2 tray
[    5.180332] cdrom: Uniform CD-ROM driver Revision: 3.20
[    5.200348] Segment Routing with IPv6
[    5.212418] bad_dst_dbg slub __slab_free_state cache=kmalloc-256 page=ffffea0000199d00 pfn=6674 head=ffff888006674200 cnt=1 prior=0000000000000000 old_inuse=16 new_inuse=15 was_frozen=0 new_frozen=1 objects=16 cpu=1
[    5.213494] bad_dst_dbg slub put_cpu_partial cache=kmalloc-256 page=ffffea0000199d00 pfn=6674 drain=1 pages=1 pobjects=1 inuse=15 objects=16 cpu=1
[    5.215851] ip6_gre: GRE over IPv6 tunneling driver
[    5.220331] NET: Registered protocol family 17
[    5.221341] NET: Registered protocol family 15
[    5.223527] Bridge firewalling registered
[    5.228792] RPC: Registered rdma transport module.
[    5.229235] RPC: Registered rdma backchannel transport module.
[    5.231251] 8021q: 802.1Q VLAN Support v1.8
[    5.234576] 9pnet: Installing 9P2000 support
[    5.235614] Key type dns_resolver registered
[    5.237668] NET: Registered protocol family 40
[    5.245734] IPI shorthand broadcast: enabled
[    5.248719] registered taskstats version 1
[    5.249389] Loading compiled-in X.509 certificates
[    5.296632] Loaded X.509 cert 'Build time autogenerated kernel key: 4504323df522a808911f4e0c6cd5fa52b82306a3'
[    5.300679] AppArmor: AppArmor sha1 policy hashing enabled
[    5.302490] ima: No TPM chip found, activating TPM-bypass!
[    5.303161] ima: Allocated hash algorithm: sha256
[    5.308359] ima: No architecture policies found
[    5.317631] PM:   Magic number: 10:964:121
[    5.321879] Unstable clock detected, switching default tracing clock to "global"
[    5.321879] If you want to keep using the local clock, then add:
[    5.321879]   "trace_clock=local"
[    5.321879] on the kernel command line
[    5.336539] integrity: Unable to open file: /etc/ima/pubkey.x509 (-2)
[    5.365759] Freeing unused decrypted memory: 2036K
[    5.539878] Freeing unused kernel image (initmem) memory: 1904K
[    5.540950] Write protecting the kernel read-only data: 36864k
[    5.552328] Freeing unused kernel image (text/rodata gap) memory: 2024K
[    5.555932] Freeing unused kernel image (rodata/data gap) memory: 916K
[    5.557241] Run /init as init process
[    5.737567] rmqueue_pcplist: 4405 callbacks suppressed
[    5.737672] bad_dst_dbg page_alloc pcp_alloc page=ffffea00001a0ec0 pfn=683b mt=0 pcp_count=355 zone=DMA32 cpu=0
[    5.744576] bad_dst_dbg page_alloc pcp_alloc page=ffffea00001a0ec0 pfn=683b mt=0 pcp_count=371 zone=DMA32 cpu=0
[    5.745267] bad_dst_dbg page_alloc pcp_alloc page=ffffea000019f4c0 pfn=67d3 mt=0 pcp_count=370 zone=DMA32 cpu=0
[    5.746288] bad_dst_dbg page_alloc pcp_alloc page=ffffea000019f5c0 pfn=67d7 mt=0 pcp_count=371 zone=DMA32 cpu=0
[    5.746806] bad_dst_dbg page_alloc pcp_alloc page=ffffea000019f580 pfn=67d6 mt=0 pcp_count=370 zone=DMA32 cpu=0
[    5.747379] bad_dst_dbg page_alloc pcp_alloc page=ffffea0000fff740 pfn=3ffdd mt=1 pcp_count=369 zone=DMA32 cpu=0
[    5.747870] bad_dst_dbg page_alloc pcp_alloc page=ffffea00001a1840 pfn=6861 mt=0 pcp_count=368 zone=DMA32 cpu=0
[    5.749359] bad_dst_dbg page_alloc pcp_alloc page=ffffea00001a1880 pfn=6862 mt=0 pcp_count=367 zone=DMA32 cpu=0
[    5.759206] bad_dst_dbg page_alloc pcp_alloc page=ffffea0000fff700 pfn=3ffdc mt=1 pcp_count=366 zone=DMA32 cpu=0
[    5.759994] bad_dst_dbg page_alloc pcp_alloc page=ffffea0000fff780 pfn=3ffde mt=1 pcp_count=365 zone=DMA32 cpu=0
[    5.840194] free_unref_page_commit: 2454 callbacks suppressed
[    5.840240] bad_dst_dbg page_alloc pcp_free page=ffffea00001a1840 pfn=6861 mt=0 pcp_count=297 pcp_high=378 zone=DMA32 cpu=0
[    5.841040] bad_dst_dbg page_alloc pcp_free page=ffffea000019f5c0 pfn=67d7 mt=0 pcp_count=298 pcp_high=378 zone=DMA32 cpu=0
[    5.841040] bad_dst_dbg page_alloc pcp_free page=ffffea00001a1880 pfn=6862 mt=0 pcp_count=299 pcp_high=378 zone=DMA32 cpu=0
[    5.841040] bad_dst_dbg page_alloc pcp_free page=ffffea000019f580 pfn=67d6 mt=0 pcp_count=300 pcp_high=378 zone=DMA32 cpu=0
[    5.841040] bad_dst_dbg page_alloc pcp_free page=ffffea00001a1800 pfn=6860 mt=0 pcp_count=301 pcp_high=378 zone=DMA32 cpu=0
[    5.841040] bad_dst_dbg page_alloc pcp_free page=ffffea00001a2600 pfn=6898 mt=0 pcp_count=302 pcp_high=378 zone=DMA32 cpu=0
[    5.841040] bad_dst_dbg page_alloc pcp_free page=ffffea00001a2640 pfn=6899 mt=0 pcp_count=303 pcp_high=378 zone=DMA32 cpu=0
[    5.841040] bad_dst_dbg page_alloc pcp_free page=ffffea00001a2680 pfn=689a mt=0 pcp_count=304 pcp_high=378 zone=DMA32 cpu=0
[    5.841040] bad_dst_dbg page_alloc pcp_free page=ffffea0000fff6c0 pfn=3ffdb mt=1 pcp_count=305 pcp_high=378 zone=DMA32 cpu=0
[    5.841040] bad_dst_dbg page_alloc pcp_free page=ffffea00000cfc80 pfn=33f2 mt=1 pcp_count=306 pcp_high=378 zone=DMA32 cpu=0
testvm busybox initrd ready
+ mkdir -p /dev/binderfs
+ mount -t binder binder /dev/binderfs
[    6.180150] bad_dst_dbg slub __slab_free_state cache=kmalloc-256 page=ffffea000019efc0 pfn=67bf head=ffff8880067bfa00 cnt=1 prior=0000000000000000 old_inuse=16 new_inuse=15 was_frozen=0 new_frozen=1 objects=16 cpu=0
[    6.181275] bad_dst_dbg slub put_cpu_partial cache=kmalloc-256 page=ffffea000019efc0 pfn=67bf drain=1 pages=1 pobjects=1 inuse=15 objects=16 cpu=0
+ ln -sf /dev/binderfs/binder /dev/binder
+ ln -sf /dev/binderfs/hwbinder /dev/hwbinder
+ ln -sf /dev/binderfs/vndbinder /dev/vndbinder
+ exec /badnode
Starting static exploit...
root payload: local shell
[    6.287492] binder: 153:153 node 1 u0000000000000000 c0000000000000000 created
[    6.320632] binder: 152:152 BC_TRANSACTION 2 -> 153 - node 1, data 00000000022a89a0-00000000022a99b0 size 24-8-0
[    6.325779] binder: 152:152 node 3 u0000000000000014 c0000000000000000 created
[    6.327161] binder: 153 new ref 4 desc 1 for node 3
[    6.328258] binder:         node 3 u0000000000000014 -> ref 4 desc 1
[    6.332200] binder: 153:153 BR_TRANSACTION 2 152:152, cmd -2143260158 size 24-8 ptr 00007a15462fa000-00007a15462fa018
[    6.338205] binder: 153:153 BC_REPLY 5 -> 152:152, data 00000000022a8980-0000000000000000 size 0-0-0
[    6.339634] bad_dst_dbg slub __slab_free_state cache=kmalloc-256 page=ffffea00001a32c0 pfn=68cb head=ffff8880068cb800 cnt=1 prior=0000000000000000 old_inuse=16 new_inuse=15 was_frozen=1 new_frozen=1 objects=16 cpu=1
[    6.341273] binder: 152:152 BR_REPLY 5 0:0, cmd -2143260157 size 0-0 ptr 00007a15462fa000-00007a15462fa000
[    6.342340] binder: 153 buffer release 2, size 24-8, failed at 0
[    6.343283] binder:         ref 4 desc 1
[    6.346374] binder: 156:156 BC_TRANSACTION 6 -> 153 - node 1, data 00000000022a89a0-0000000000000000 size 0-0-0
[    6.347918] binder: 153:153 BR_TRANSACTION 6 156:156, cmd -2143260158 size 0-0 ptr 00007a15462fa000-00007a15462fa000
[    6.349679] binder: 153:153 BC_REPLY 7 -> 156:156, data 00000000022a8980-00000000022a9990 size 24-8-0
[    6.350930] binder: 156 new ref 8 desc 1 for node 3
[    6.351424] binder:         ref 4 desc 1 -> ref 8 desc 1 (node 3)
[    6.351991] binder: 153 buffer release 6, size 0-0, failed at 0
[    6.352372] binder: 156:156 BR_REPLY 7 0:0, cmd -2143260157 size 24-8 ptr 00007a15462fa000-00007a15462fa018
[    6.353715] binder: 156 buffer release 7, size 24-8, failed at 0
[    6.354327] binder:         ref 8 desc 1
[    6.355495] binder: 156:156 BC_TRANSACTION 9 -> 152 - node 3, data 00000000022a89a0-00000000022a99b0 size 24-8-0
[    6.356646] binder: 156:156 node 10 u0000000000000028 c0000000069696969 created
[    6.357231] binder: 152 new ref 11 desc 1 for node 10
[    6.357636] binder:         node 10 u0000000000000028 -> ref 11 desc 1
[    6.358542] binder: 152:152 BR_TRANSACTION 9 0:0, cmd -2143260158 size 24-8 ptr 00007a15462fa008-00007a15462fa020
[    6.359955] binder: 152 buffer release 9, size 24-8, failed at 0
[    6.360651] binder:         ref 11 desc 1
[    6.365323] binder: 154:154 BC_TRANSACTION 12 -> 153 - node 1, data 00000000022a89a0-0000000000000000 size 0-0-0
[    6.366346] binder: 153:153 BR_TRANSACTION 12 154:154, cmd -2143260158 size 0-0 ptr 00007a15462fa000-00007a15462fa000
[    6.367361] binder: 153:153 BC_REPLY 13 -> 154:154, data 00000000022a8980-00000000022a9990 size 24-8-0
[    6.368275] binder: 154 new ref 14 desc 1 for node 3
[    6.368677] binder:         ref 4 desc 1 -> ref 14 desc 1 (node 3)
[    6.369317] binder: 153 buffer release 12, size 0-0, failed at 0
[    6.369517] binder: 154:154 BR_REPLY 13 0:0, cmd -2143260157 size 24-8 ptr 00007a15462fa000-00007a15462fa018
[    6.371201] binder: 154 buffer release 13, size 24-8, failed at 0
[    6.371725] binder:         ref 14 desc 1
[    6.372417] binder: 154:154 BC_TRANSACTION 15 -> 152 - node 3, data 00000000022a89a0-00000000022a99b0 size 24-8-0
[    6.373268] binder: 154:154 node 16 u0000000000000028 c0000000069696969 created
[    6.374255] binder: 152 new ref 17 desc 2 for node 16
[    6.374685] binder:         node 16 u0000000000000028 -> ref 17 desc 2
[    6.375498] binder: 152:152 BR_TRANSACTION 15 0:0, cmd -2143260158 size 24-8 ptr 00007a15462fa008-00007a15462fa020
[    6.376774] binder: 152 buffer release 15, size 24-8, failed at 0
[    6.377453] binder:         ref 17 desc 2
Opened file descriptors...
[    6.383977] binder: 156:156 BC_TRANSACTION 18 -> 152 - node 3, data 00000000022a89a0-0000000000000000 size 0-0-0
[    6.385859] binder: 152:152 BR_TRANSACTION 18 156:156, cmd -2143260158 size 0-0 ptr 00007a15462fa008-00007a15462fa008
[    6.387345] binder: 152:152 BC_REPLY 19 -> 156:156, data 00000000022a89a0-0000000000000000 size 0-0-0
[    6.388354] binder: 156:156 BR_REPLY 19 0:0, cmd -2143260157 size 0-0 ptr 00007a15462fa000-00007a15462fa000
[    6.390613] binder: 156:156 BC_TRANSACTION 20 -> 152 - node 3, data 00000000022a89a0-0000000000000000 size 0-0-0
[    6.391924] binder: 152:152 BC_REPLY 21 -> 156:156, data 00000000022a89a0-0000000000000000 size 0-0-0
[    6.393708] binder: 156:156 BC_TRANSACTION 22 -> 152 - node 3, data 00000000022a89a0-0000000000000000 size 0-0-0
[    6.394970] binder: 152:152 BC_REPLY 23 -> 156:156, data 00000000022a89a0-0000000000000000 size 0-0-0
[    6.396663] binder: 156:156 BC_TRANSACTION 24 -> 152 - node 3, data 00000000022a89a0-0000000000000000 size 0-0-0
[    6.397787] binder: 152:152 BC_REPLY 25 -> 156:156, data 00000000022a89a0-0000000000000000 size 0-0-0
[    6.399381] binder: 156:156 BC_TRANSACTION 26 -> 152 - node 3, data 00000000022a89a0-0000000000000000 size 0-0-0
[    6.400469] binder: 152:152 BC_REPLY 27 -> 156:156, data 00000000022a89a0-0000000000000000 size 0-0-0
[    6.402291] binder: 152:152 BC_REPLY 29 -> 156:156, data 00000000022a89a0-0000000000000000 size 0-0-0
[    6.404268] binder: 152:152 BC_REPLY 31 -> 156:156, data 00000000022a89a0-0000000000000000 size 0-0-0
Allocated from binder allocator...
[    6.433805] binder: 152 buffer release 18, size 0-0, failed at 0
[    6.434837] binder: 152 buffer release 22, size 0-0, failed at 0
[    6.435357] binder: 152 buffer release 26, size 0-0, failed at 0
Created gaps in binder allocator...
[    6.440806] binder: 155 new ref 84 desc 1 for node 3
[    6.441277] binder:         ref 4 desc 1 -> ref 84 desc 1 (node 3)
[    6.442277] binder:         ref 84 desc 1
[    6.442858] binder: 155:155 node 86 u0000000000000028 c0000000069696969 created
[    6.443744] binder: 152 new ref 87 desc 3 for node 86
[    6.444279] binder:         node 86 u0000000000000028 -> ref 87 desc 3
[    6.445301] binder:         ref 87 desc 3
[    6.446194] binder: 152:152 node 89 u0000000000989680 c0000000069696969 created
[    6.446703] binder: 155 new ref 90 desc 2 for node 89
[    6.447211] binder:         node 89 u0000000000989680 -> ref 90 desc 2
[    6.447749] binder: 152:152 node 91 u0000000000989681 c0000000069696969 created
[    6.448433] binder: 155 new ref 92 desc 3 for node 91
[    6.448824] binder:         node 91 u0000000000989681 -> ref 92 desc 3
[    6.449397] binder: 152:152 node 93 u0000000000989682 c0000000069696969 created
[    6.449853] binder: 155 new ref 94 desc 4 for node 93
[    6.450674] binder:         node 93 u0000000000989682 -> ref 94 desc 4
[    6.451433] binder: 152:152 node 95 u0000000000989683 c0000000069696969 created
[    6.452103] binder:         node 95 u0000000000989683 -> ref 96 desc 5
[    6.453490] binder:         ref 90 desc 2
[    6.453792] binder:         ref 92 desc 3
[    6.454170] binder:         ref 94 desc 4
[    6.459392] binder: 155:155 got transaction with invalid offset (144, min 80 max 128) or object.
[    6.460629] binder: 155:155 transaction failed 29201/-22, size 128-24 line 3242
[    6.462097] binder: 155:155 got transaction with invalid offset (144, min 80 max 128) or object.
[    6.462788] binder: 155:155 transaction failed 29201/-22, size 128-24 line 3242
[    6.463542] binder: 155:155 got transaction with invalid offset (144, min 80 max 128) or object.
[    6.464288] binder: 155:155 transaction failed 29201/-22, size 128-24 line 3242
[    6.464890] binder: 155:155 got transaction with invalid offset (144, min 80 max 128) or object.
[    6.465631] binder: 155:155 transaction failed 29201/-22, size 128-24 line 3242
[    6.473949] binder: 155 delete ref 84 desc 1 for node 3
[    6.475193] binder: 155 delete ref 90 desc 2 for node 89
[    6.475704] binder: 155 delete ref 92 desc 3 for node 91
[    6.476189] binder: 155 delete ref 94 desc 4 for node 93
[    6.476541] binder: 155 delete ref 96 desc 5 for node 95
UAF nodes done...
Reclaimed with ep_item...
Could not succeed with cross cache attack
[    7.499454] bad_dst_dbg slub put_cpu_partial cache=kmalloc-256 page=ffffea00001a32c0 pfn=68cb drain=1 pages=1 pobjects=1 inuse=15 objects=16 cpu=0
[    7.501300] binder: 152 delete ref 11 desc 1 for node 10
[    7.501696] binder: 152 delete ref 17 desc 2 for node 16
[    7.502122] binder: 152 delete ref 87 desc 3 for node 86
[    7.502761] binder: dead node 86 deleted
[    7.525196] bad_dst_dbg slub put_cpu_partial cache=kmalloc-256 page=ffffea000019efc0 pfn=67bf drain=1 pages=2 pobjects=2 inuse=15 objects=16 cpu=0
qemu-system-x86_64: terminating on signal 15 from pid 281063 (timeout)
