c[?7l[2J[0mSeaBIOS (version rel-1.17.0-0-gb52ca86e094d-prebuilt.qemu.org)
Booting from ROM...
c[?7l[2J[    0.000000] Linux version 5.10.107+ (jack@bd5f2b454abc) (gcc (Ubuntu 10.5.0-1ubuntu1~20.04) 10.5.0, GNU ld (GNU Binutils for Ubuntu) 2.34) #1 SMP PREEMPT Tue May 26 07:46:52 UTC 2026
[    0.000000] Command line: console=ttyS0 rdinit=/init testvm_autorun=/run_badnode.sh nokaslr panic=-1
[    0.000000] x86/fpu: x87 FPU will use FXSAVE
[    0.000000] BIOS-provided physical RAM map:
[    0.000000] BIOS-e820: [mem 0x0000000000000000-0x000000000009fbff] usable
[    0.000000] BIOS-e820: [mem 0x000000000009fc00-0x000000000009ffff] reserved
[    0.000000] BIOS-e820: [mem 0x00000000000f0000-0x00000000000fffff] reserved
[    0.000000] BIOS-e820: [mem 0x0000000000100000-0x000000003ffdffff] usable
[    0.000000] BIOS-e820: [mem 0x000000003ffe0000-0x000000003fffffff] reserved
[    0.000000] BIOS-e820: [mem 0x00000000fffc0000-0x00000000ffffffff] reserved
[    0.000000] BIOS-e820: [mem 0x000000fd00000000-0x000000ffffffffff] reserved
[    0.000000] NX (Execute Disable) protection: active
[    0.000000] SMBIOS 2.8 present.
[    0.000000] DMI: QEMU Standard PC (i440FX + PIIX, 1996), BIOS rel-1.17.0-0-gb52ca86e094d-prebuilt.qemu.org 04/01/2014
[    0.000000] tsc: Fast TSC calibration using PIT
[    0.000000] tsc: Detected 2303.992 MHz processor
[    0.028575] AGP: No AGP bridge found
[    0.029293] last_pfn = 0x3ffe0 max_arch_pfn = 0x400000000
[    0.032894] x86/PAT: Configuration [0-7]: WB  WC  UC- UC  WB  WP  UC- WT  
[    0.087963] found SMP MP-table at [mem 0x000f54c0-0x000f54cf]
[    0.092019] check: Scanning 1 areas for low memory corruption
[    0.110909] RAMDISK: [mem 0x3fe39000-0x3ffdffff]
[    0.111728] ACPI: Early table checksum verification disabled
[    0.112881] ACPI: RSDP 0x00000000000F52E0 000014 (v00 BOCHS )
[    0.113567] ACPI: RSDT 0x000000003FFE238A 000034 (v01 BOCHS  BXPC     00000001 BXPC 00000001)
[    0.115342] ACPI: FACP 0x000000003FFE2236 000074 (v01 BOCHS  BXPC     00000001 BXPC 00000001)
[    0.116808] ACPI: DSDT 0x000000003FFE0040 0021F6 (v01 BOCHS  BXPC     00000001 BXPC 00000001)
[    0.117076] ACPI: FACS 0x000000003FFE0000 000040
[    0.117261] ACPI: APIC 0x000000003FFE22AA 000080 (v03 BOCHS  BXPC     00000001 BXPC 00000001)
[    0.117370] ACPI: HPET 0x000000003FFE232A 000038 (v01 BOCHS  BXPC     00000001 BXPC 00000001)
[    0.117475] ACPI: WAET 0x000000003FFE2362 000028 (v01 BOCHS  BXPC     00000001 BXPC 00000001)
[    0.117725] ACPI: Reserving FACP table memory at [mem 0x3ffe2236-0x3ffe22a9]
[    0.117817] ACPI: Reserving DSDT table memory at [mem 0x3ffe0040-0x3ffe2235]
[    0.117858] ACPI: Reserving FACS table memory at [mem 0x3ffe0000-0x3ffe003f]
[    0.117892] ACPI: Reserving APIC table memory at [mem 0x3ffe22aa-0x3ffe2329]
[    0.117923] ACPI: Reserving HPET table memory at [mem 0x3ffe232a-0x3ffe2361]
[    0.117955] ACPI: Reserving WAET table memory at [mem 0x3ffe2362-0x3ffe2389]
[    0.123314] No NUMA configuration found
[    0.123414] Faking a node at [mem 0x0000000000000000-0x000000003ffdffff]
[    0.125714] NODE_DATA(0) allocated [mem 0x3fe34000-0x3fe38fff]
[    0.132107] Zone ranges:
[    0.132286]   DMA      [mem 0x0000000000001000-0x0000000000ffffff]
[    0.132444]   DMA32    [mem 0x0000000001000000-0x000000003ffdffff]
[    0.132503]   Normal   empty
[    0.132577]   Device   empty
[    0.132631] Movable zone start for each node
[    0.132735] Early memory node ranges
[    0.132838]   node   0: [mem 0x0000000000001000-0x000000000009efff]
[    0.133199]   node   0: [mem 0x0000000000100000-0x000000003ffdffff]
[    0.133800] Initmem setup node 0 [mem 0x0000000000001000-0x000000003ffdffff]
[    0.136389] On node 0, zone DMA: 1 pages in unavailable ranges
[    0.137149] On node 0, zone DMA: 97 pages in unavailable ranges
[    0.174200] On node 0, zone DMA32: 32 pages in unavailable ranges
[    0.176932] ACPI: LAPIC_NMI (acpi_id[0xff] dfl dfl lint[0x1])
[    0.178097] IOAPIC[0]: apic_id 0, version 32, address 0xfec00000, GSI 0-23
[    0.178435] ACPI: INT_SRC_OVR (bus 0 bus_irq 0 global_irq 2 dfl dfl)
[    0.179108] ACPI: INT_SRC_OVR (bus 0 bus_irq 5 global_irq 5 high level)
[    0.179210] ACPI: INT_SRC_OVR (bus 0 bus_irq 9 global_irq 9 high level)
[    0.179524] ACPI: INT_SRC_OVR (bus 0 bus_irq 10 global_irq 10 high level)
[    0.179575] ACPI: INT_SRC_OVR (bus 0 bus_irq 11 global_irq 11 high level)
[    0.180164] Using ACPI (MADT) for SMP configuration information
[    0.180325] ACPI: HPET id: 0x8086a201 base: 0xfed00000
[    0.181218] smpboot: Allowing 2 CPUs, 0 hotplug CPUs
[    0.183355] [mem 0x40000000-0xfffbffff] available for PCI devices
[    0.183482] Booting paravirtualized kernel on bare hardware
[    0.184611] clocksource: refined-jiffies: mask: 0xffffffff max_cycles: 0xffffffff, max_idle_ns: 1910969940391419 ns
[    0.213727] setup_percpu: NR_CPUS:512 nr_cpumask_bits:512 nr_cpu_ids:2 nr_node_ids:1
[    0.235713] percpu: Embedded 63 pages/cpu s221184 r8192 d28672 u1048576
[    0.241271] Built 1 zonelists, mobility grouping on.  Total pages: 257897
[    0.241346] Policy zone: DMA32
[    0.241999] Kernel command line: console=ttyS0 rdinit=/init testvm_autorun=/run_badnode.sh nokaslr panic=-1
[    0.254418] Dentry cache hash table entries: 131072 (order: 8, 1048576 bytes, linear)
[    0.256695] Inode-cache hash table entries: 65536 (order: 7, 524288 bytes, linear)
[    0.261568] mem auto-init: stack:off, heap alloc:off, heap free:off
[    0.262545] AGP: Checking aperture...
[    0.266355] AGP: No AGP bridge found
[    0.296743] bad_dst_dbg page_alloc pcp_alloc page=ffffea0000120000 pfn=4800 mt=0 pcp_count=0 zone=DMA32 cpu=0
[    0.297699] bad_dst_dbg page_alloc pcp_alloc page=ffffea0000120040 pfn=4801 mt=0 pcp_count=0 zone=DMA32 cpu=0
[    0.297769] bad_dst_dbg page_alloc pcp_alloc page=ffffea0000120080 pfn=4802 mt=0 pcp_count=0 zone=DMA32 cpu=0
[    0.297837] bad_dst_dbg page_alloc pcp_alloc page=ffffea00001200c0 pfn=4803 mt=0 pcp_count=0 zone=DMA32 cpu=0
[    0.297889] bad_dst_dbg page_alloc pcp_alloc page=ffffea0000120100 pfn=4804 mt=0 pcp_count=0 zone=DMA32 cpu=0
[    0.297937] bad_dst_dbg page_alloc pcp_alloc page=ffffea0000120140 pfn=4805 mt=0 pcp_count=0 zone=DMA32 cpu=0
[    0.297983] bad_dst_dbg page_alloc pcp_alloc page=ffffea0000120180 pfn=4806 mt=0 pcp_count=0 zone=DMA32 cpu=0
[    0.298028] bad_dst_dbg page_alloc pcp_alloc page=ffffea00001201c0 pfn=4807 mt=0 pcp_count=0 zone=DMA32 cpu=0
[    0.298073] bad_dst_dbg page_alloc pcp_alloc page=ffffea0000120200 pfn=4808 mt=0 pcp_count=0 zone=DMA32 cpu=0
[    0.298118] bad_dst_dbg page_alloc pcp_alloc page=ffffea0000120240 pfn=4809 mt=0 pcp_count=0 zone=DMA32 cpu=0
[    0.299065] Memory: 208112K/1048056K available (18452K kernel code, 3390K rwdata, 15468K rodata, 1904K init, 4920K bss, 73568K reserved, 0K cma-reserved)
[    0.300934] random: get_random_u64 called from __kmem_cache_create+0x2a/0x4d0 with crng_init=0
[    0.318811] SLUB: HWalign=64, Order=0-3, MinObjects=0, CPUs=2, Nodes=1
[    0.322512] ftrace: allocating 57808 entries in 226 pages
[    0.558923] ftrace: allocated 226 pages with 4 groups
[    0.581120] rcu: Preemptible hierarchical RCU implementation.
[    0.581228] rcu: 	RCU restricting CPUs from NR_CPUS=512 to nr_cpu_ids=2.
[    0.581498] 	Trampoline variant of Tasks RCU enabled.
[    0.581531] 	Rude variant of Tasks RCU enabled.
[    0.581561] 	Tracing variant of Tasks RCU enabled.
[    0.581820] rcu: RCU calculated value of scheduler-enlistment delay is 100 jiffies.
[    0.581916] rcu: Adjusting geometry for rcu_fanout_leaf=16, nr_cpu_ids=2
[    0.650069] NR_IRQS: 33024, nr_irqs: 440, preallocated irqs: 16
[    0.692003] Console: colour VGA+ 80x25
[    0.716294] printk: console [ttyS0] enabled
[    0.718633] ACPI: Core revision 20200925
[    0.732451] clocksource: hpet: mask: 0xffffffff max_cycles: 0xffffffff, max_idle_ns: 19112604467 ns
[    0.744386] APIC: Switch to symmetric I/O mode setup
[    0.756404] ..TIMER: vector=0x30 apic1=0 pin1=2 apic2=-1 pin2=-1
[    0.763367] tsc: Marking TSC unstable due to TSCs unsynchronized
[    0.764350] Calibrating delay loop (skipped), value calculated using timer frequency.. 4607.98 BogoMIPS (lpj=2303992)
[    0.765720] pid_max: default: 32768 minimum: 301
[    0.768267] LSM: Security Framework initializing
[    0.770510] Yama: becoming mindful.
[    0.772608] LoadPin: ready to pin (currently enforcing)
[    0.777611] AppArmor: AppArmor initialized
[    0.778074] LSM support for eBPF active
[    0.779406] Mount-cache hash table entries: 2048 (order: 2, 16384 bytes, linear)
[    0.779714] Mountpoint-cache hash table entries: 2048 (order: 2, 16384 bytes, linear)
[    0.838535] process: using AMD E400 aware idle routine
[    0.839437] Last level iTLB entries: 4KB 512, 2MB 255, 4MB 127
[    0.839658] Last level dTLB entries: 4KB 512, 2MB 255, 4MB 127, 1GB 0
[    0.840287] Spectre V1 : Mitigation: usercopy/swapgs barriers and __user pointer sanitization
[    0.840854] Spectre V2 : Mitigation: Retpolines
[    0.841041] Spectre V2 : Spectre v2 / SpectreRSB mitigation: Filling RSB on context switch
[    0.847975] bad_dst_dbg page_alloc pcp_free page=ffffea00000fc8c0 pfn=3f23 mt=1 pcp_count=20 pcp_high=90 zone=DMA32 cpu=0
[    0.848105] bad_dst_dbg page_alloc pcp_free page=ffffea00000fc900 pfn=3f24 mt=1 pcp_count=21 pcp_high=90 zone=DMA32 cpu=0
[    0.849017] bad_dst_dbg page_alloc pcp_free page=ffffea00000fc940 pfn=3f25 mt=1 pcp_count=22 pcp_high=90 zone=DMA32 cpu=0
[    0.849373] bad_dst_dbg page_alloc pcp_free page=ffffea00000fc980 pfn=3f26 mt=1 pcp_count=23 pcp_high=90 zone=DMA32 cpu=0
[    0.849729] bad_dst_dbg page_alloc pcp_free page=ffffea00000fc9c0 pfn=3f27 mt=1 pcp_count=24 pcp_high=90 zone=DMA32 cpu=0
[    0.850013] bad_dst_dbg page_alloc pcp_free page=ffffea00000fca00 pfn=3f28 mt=1 pcp_count=25 pcp_high=90 zone=DMA32 cpu=0
[    0.850358] bad_dst_dbg page_alloc pcp_free page=ffffea00000fca40 pfn=3f29 mt=1 pcp_count=26 pcp_high=90 zone=DMA32 cpu=0
[    0.851009] bad_dst_dbg page_alloc pcp_free page=ffffea00000fca80 pfn=3f2a mt=1 pcp_count=27 pcp_high=90 zone=DMA32 cpu=0
[    0.851335] bad_dst_dbg page_alloc pcp_free page=ffffea00000fcac0 pfn=3f2b mt=1 pcp_count=28 pcp_high=90 zone=DMA32 cpu=0
[    0.851667] bad_dst_dbg page_alloc pcp_free page=ffffea00000fcb00 pfn=3f2c mt=1 pcp_count=29 pcp_high=90 zone=DMA32 cpu=0
[    0.852092] Freeing SMP alternatives memory: 60K
[    1.002325] random: fast init done
[    1.109975] smpboot: CPU0: AMD QEMU Virtual CPU version 2.5+ (family: 0xf, model: 0x6b, stepping: 0x1)
[    1.124331] Performance Events: PMU not available due to virtualization, using software events only.
[    1.131203] rcu: Hierarchical SRCU implementation.
[    1.149798] NMI watchdog: Perf NMI watchdog permanently disabled
[    1.158757] smp: Bringing up secondary CPUs ...
[    1.167773] x86: Booting SMP configuration:
[    1.168308] .... node  #0, CPUs:      #1
[    1.250413] smp: Brought up 1 node, 2 CPUs
[    1.250808] smpboot: Max logical packages: 1
[    1.251250] smpboot: Total of 2 processors activated (9149.30 BogoMIPS)
[    1.302248] node 0 deferred pages initialised in 30ms
[    1.325343] devtmpfs: initialized
[    1.335382] x86/mm: Memory block size: 128MB
[    1.356793] clocksource: jiffies: mask: 0xffffffff max_cycles: 0xffffffff, max_idle_ns: 1911260446275000 ns
[    1.357434] futex hash table entries: 512 (order: 3, 32768 bytes, linear)
[    1.370741] PM: RTC time: 08:56:51, date: 2026-05-26
[    1.391197] NET: Registered protocol family 16
[    1.400954] DMA: preallocated 128 KiB GFP_KERNEL pool for atomic allocations
[    1.401696] DMA: preallocated 128 KiB GFP_KERNEL|GFP_DMA pool for atomic allocations
[    1.402135] DMA: preallocated 128 KiB GFP_KERNEL|GFP_DMA32 pool for atomic allocations
[    1.403612] audit: initializing netlink subsys (disabled)
[    1.408506] audit: type=2000 audit(1779785811.661:1): state=initialized audit_enabled=0 res=1
[    1.416350] thermal_sys: Registered thermal governor 'step_wise'
[    1.416444] thermal_sys: Registered thermal governor 'user_space'
[    1.417867] cpuidle: using governor ladder
[    1.418622] cpuidle: using governor menu
[    1.421833] ACPI: bus type PCI registered
[    1.422234] acpiphp: ACPI Hot Plug PCI Controller Driver version: 0.5
[    1.428097] PCI: Using configuration type 1 for base access
[    1.434172] mtrr: your CPUs had inconsistent fixed MTRR settings
[    1.434412] mtrr: your CPUs had inconsistent variable MTRR settings
[    1.434610] mtrr: your CPUs had inconsistent MTRRdefType settings
[    1.434792] mtrr: probably your BIOS does not setup all CPUs.
[    1.435038] mtrr: corrected configuration.
[    1.491229] Kprobes globally optimized
[    1.501769] HugeTLB registered 2.00 MiB page size, pre-allocated 0 pages
[    1.525327] cryptd: max_cpu_qlen set to 1000
[    1.579908] raid6: sse2x4   gen()   656 MB/s
[    1.596964] raid6: sse2x4   xor()   276 MB/s
[    1.613872] raid6: sse2x2   gen()   710 MB/s
[    1.630838] raid6: sse2x2   xor()   396 MB/s
[    1.647899] raid6: sse2x1   gen()   687 MB/s
[    1.664820] raid6: sse2x1   xor()   370 MB/s
[    1.665070] raid6: using algorithm sse2x2 gen() 710 MB/s
[    1.665303] raid6: .... xor() 396 MB/s, rmw enabled
[    1.665817] raid6: using intx1 recovery algorithm
[    1.667548] ACPI: Added _OSI(Module Device)
[    1.667798] ACPI: Added _OSI(Processor Device)
[    1.668015] ACPI: Added _OSI(3.0 _SCP Extensions)
[    1.668165] ACPI: Added _OSI(Processor Aggregator Device)
[    1.668529] ACPI: Added _OSI(Linux-Dell-Video)
[    1.668680] ACPI: Added _OSI(Linux-Lenovo-NV-HDMI-Audio)
[    1.668893] ACPI: Added _OSI(Linux-HPI-Hybrid-Graphics)
[    1.707670] ACPI: 1 ACPI AML tables successfully acquired and loaded
[    1.746106] ACPI: Interpreter enabled
[    1.748619] ACPI: (supports S0 S3 S5)
[    1.748894] ACPI: Using IOAPIC for interrupt routing
[    1.750191] PCI: Using host bridge windows from ACPI; if necessary, use "pci=nocrs" and report a bug
[    1.753975] ACPI: Enabled 2 GPEs in block 00 to 0F
[    1.846975] ACPI: PCI Root Bridge [PCI0] (domain 0000 [bus 00-ff])
[    1.849473] acpi PNP0A03:00: _OSC: OS supports [ASPM ClockPM Segments MSI HPX-Type3]
[    1.852087] acpi PNP0A03:00: fail to add MMCONFIG information, can't access extended PCI configuration space under this bridge.
[    1.861913] acpiphp: Slot [3] registered
[    1.862710] acpiphp: Slot [4] registered
[    1.863330] acpiphp: Slot [5] registered
[    1.863774] acpiphp: Slot [6] registered
[    1.864366] acpiphp: Slot [7] registered
[    1.864758] acpiphp: Slot [8] registered
[    1.865337] acpiphp: Slot [9] registered
[    1.865775] acpiphp: Slot [10] registered
[    1.866296] acpiphp: Slot [11] registered
[    1.866755] acpiphp: Slot [12] registered
[    1.867321] acpiphp: Slot [13] registered
[    1.867705] acpiphp: Slot [14] registered
[    1.868308] acpiphp: Slot [15] registered
[    1.868751] acpiphp: Slot [16] registered
[    1.869388] acpiphp: Slot [17] registered
[    1.869830] acpiphp: Slot [18] registered
[    1.870346] acpiphp: Slot [19] registered
[    1.870767] acpiphp: Slot [20] registered
[    1.871319] acpiphp: Slot [21] registered
[    1.871740] acpiphp: Slot [22] registered
[    1.872414] acpiphp: Slot [23] registered
[    1.872853] acpiphp: Slot [24] registered
[    1.873566] acpiphp: Slot [25] registered
[    1.874352] acpiphp: Slot [26] registered
[    1.875073] acpiphp: Slot [27] registered
[    1.875571] acpiphp: Slot [28] registered
[    1.876135] acpiphp: Slot [29] registered
[    1.876610] acpiphp: Slot [30] registered
[    1.877359] acpiphp: Slot [31] registered
[    1.878582] PCI host bridge to bus 0000:00
[    1.879580] pci_bus 0000:00: root bus resource [io  0x0000-0x0cf7 window]
[    1.880087] pci_bus 0000:00: root bus resource [io  0x0d00-0xffff window]
[    1.880522] pci_bus 0000:00: root bus resource [mem 0x000a0000-0x000bffff window]
[    1.880770] pci_bus 0000:00: root bus resource [mem 0x40000000-0xfebfffff window]
[    1.881023] pci_bus 0000:00: root bus resource [mem 0x100000000-0x17fffffff window]
[    1.881693] pci_bus 0000:00: root bus resource [bus 00-ff]
[    1.885159] pci 0000:00:00.0: [8086:1237] type 00 class 0x060000
[    1.896506] pci 0000:00:01.0: [8086:7000] type 00 class 0x060100
[    1.899308] pci 0000:00:01.1: [8086:7010] type 00 class 0x010180
[    1.900472] pci 0000:00:01.1: reg 0x20: [io  0xc000-0xc00f]
[    1.902084] pci 0000:00:01.1: legacy IDE quirk: reg 0x10: [io  0x01f0-0x01f7]
[    1.904074] pci 0000:00:01.1: legacy IDE quirk: reg 0x14: [io  0x03f6]
[    1.904338] pci 0000:00:01.1: legacy IDE quirk: reg 0x18: [io  0x0170-0x0177]
[    1.904579] pci 0000:00:01.1: legacy IDE quirk: reg 0x1c: [io  0x0376]
[    1.907246] pci 0000:00:01.3: [8086:7113] type 00 class 0x068000
[    1.910482] pci 0000:00:01.3: quirk: [io  0x0600-0x063f] claimed by PIIX4 ACPI
[    1.910885] pci 0000:00:01.3: quirk: [io  0x0700-0x070f] claimed by PIIX4 SMB
[    1.913419] pci 0000:00:02.0: [1234:1111] type 00 class 0x030000
[    1.913975] pci 0000:00:02.0: reg 0x10: [mem 0xfd000000-0xfdffffff pref]
[    1.913975] pci 0000:00:02.0: reg 0x18: [mem 0xfebf0000-0xfebf0fff]
[    1.916975] pci 0000:00:02.0: reg 0x30: [mem 0xfebe0000-0xfebeffff pref]
[    1.931669] ACPI: PCI Interrupt Link [LNKA] (IRQs 5 *10 11)
[    1.933862] ACPI: PCI Interrupt Link [LNKB] (IRQs 5 *10 11)
[    1.935771] ACPI: PCI Interrupt Link [LNKC] (IRQs 5 10 *11)
[    1.937387] ACPI: PCI Interrupt Link [LNKD] (IRQs 5 10 *11)
[    1.938286] ACPI: PCI Interrupt Link [LNKS] (IRQs *9)
[    1.952273] iommu: Default domain type: Translated 
[    1.957050] SCSI subsystem initialized
[    1.962721] pps_core: LinuxPPS API ver. 1 registered
[    1.963042] pps_core: Software ver. 5.3.6 - Copyright 2005-2007 Rodolfo Giometti <giometti@linux.it>
[    1.963529] PTP clock support registered
[    1.990875] PCI: Using ACPI for IRQ routing
[    1.996753] hpet: 3 channels of 0 reserved for per-cpu timers
[    1.997683] hpet0: at MMIO 0xfed00000, IRQs 2, 8, 0
[    1.998070] hpet0: 3 comparators, 64-bit 100.000000 MHz counter
[    2.010858] clocksource: Switched to clocksource hpet
[    3.930768] VFS: Disk quotas dquot_6.6.0
[    3.931556] VFS: Dquot-cache hash table entries: 512 (order 0, 4096 bytes)
[    3.935393] FS-Cache: Loaded
[    3.946747] CacheFiles: Loaded
[    3.951898] AppArmor: AppArmor Filesystem Enabled
[    3.954551] pnp: PnP ACPI init
[    3.967512] pnp: PnP ACPI: found 6 devices
[    4.065717] NET: Registered protocol family 2
[    4.068853] IP idents hash table entries: 16384 (order: 5, 131072 bytes, linear)
[    4.100435] tcp_listen_portaddr_hash hash table entries: 512 (order: 1, 8192 bytes, linear)
[    4.101146] TCP established hash table entries: 8192 (order: 4, 65536 bytes, linear)
[    4.101831] TCP bind hash table entries: 8192 (order: 5, 131072 bytes, linear)
[    4.104713] TCP: Hash tables configured (established 8192 bind 8192)
[    4.108707] UDP hash table entries: 512 (order: 2, 16384 bytes, linear)
[    4.109583] UDP-Lite hash table entries: 512 (order: 2, 16384 bytes, linear)
[    4.113524] NET: Registered protocol family 1
[    4.123277] RPC: Registered named UNIX socket transport module.
[    4.123696] RPC: Registered udp transport module.
[    4.123889] RPC: Registered tcp transport module.
[    4.124253] RPC: Registered tcp NFSv4.1 backchannel transport module.
[    4.124717] NET: Registered protocol family 44
[    4.127553] pci_bus 0000:00: resource 4 [io  0x0000-0x0cf7 window]
[    4.127855] pci_bus 0000:00: resource 5 [io  0x0d00-0xffff window]
[    4.128217] pci_bus 0000:00: resource 6 [mem 0x000a0000-0x000bffff window]
[    4.128445] pci_bus 0000:00: resource 7 [mem 0x40000000-0xfebfffff window]
[    4.128659] pci_bus 0000:00: resource 8 [mem 0x100000000-0x17fffffff window]
[    4.130383] pci 0000:00:01.0: PIIX3: Enabling Passive Release
[    4.130818] pci 0000:00:00.0: Limiting direct PCI/PCI transfers
[    4.131373] pci 0000:00:01.0: Activating ISA DMA hang workarounds
[    4.132245] pci 0000:00:02.0: Video device with shadowed ROM at [mem 0x000c0000-0x000dffff]
[    4.132627] PCI: CLS 0 bytes, default 64
[    4.144816] Trying to unpack rootfs image as initramfs...
[    4.407718] Freeing initrd memory: 1692K
[    4.410421] kvm: no hardware support
[    4.414991] kvm: Nested Virtualization enabled
[    4.415787] SVM: kvm: Nested Paging disabled
[    4.429786] check: Scanning for low memory corruption every 60 seconds
[    4.441626] Initialise system trusted keyrings
[    4.446733] Key type blacklist registered
[    4.448943] workingset: timestamp_bits=40 max_order=18 bucket_order=0
[    4.488151] squashfs: version 4.0 (2009/01/31) Phillip Lougher
[    4.492265] FS-Cache: Netfs 'nfs' registered for caching
[    4.501700] NFS: Registering the id_resolver key type
[    4.502503] Key type id_resolver registered
[    4.502687] Key type id_legacy registered
[    4.503802] nfs4filelayout_init: NFSv4 File Layout Driver Registering...
[    4.504962] nfs4flexfilelayout_init: NFSv4 Flexfile Layout Driver Registering...
[    4.505456] Installing knfsd (copyright (C) 1996 okir@monad.swb.de).
[    4.521324] Key type cifs.spnego registered
[    4.521786] Key type cifs.idmap registered
[    4.522290] ntfs: driver 2.1.32 [Flags: R/O].
[    4.525903] fuse: init (API version 7.32)
[    4.529676] SGI XFS with ACLs, security attributes, quota, no debug enabled
[    4.541211] 9p: Installing v9fs 9p2000 file system support
[    4.546072] integrity: Platform Keyring initialized
[    4.590889] NET: Registered protocol family 38
[    4.591833] xor: measuring software checksum speed
[    4.613002]    prefetch64-sse  :   514 MB/sec
[    4.640118]    generic_sse     :   451 MB/sec
[    4.640484] xor: using function: prefetch64-sse (514 MB/sec)
[    4.640827] Key type asymmetric registered
[    4.641375] Asymmetric key parser 'x509' registered
[    4.642366] Block layer SCSI generic (bsg) driver version 0.4 loaded (major 248)
[    4.644389] io scheduler mq-deadline registered
[    4.644738] io scheduler kyber registered
[    4.646293] io scheduler bfq registered
[    4.657621] input: Power Button as /devices/LNXSYSTM:00/LNXPWRBN:00/input/input0
[    4.668279] bad_dst_dbg slub __slab_free_state cache=kmalloc-256 page=ffffea0000188d80 pfn=6236 head=ffff888006236f00 cnt=1 prior=0000000000000000 old_inuse=16 new_inuse=15 was_frozen=1 new_frozen=1 objects=16 cpu=0
[    4.669514] bad_dst_dbg slub __slab_free_state cache=kmalloc-256 page=ffffea0000188d80 pfn=6236 head=ffff888006236100 cnt=1 prior=ffff888006236f00 old_inuse=15 new_inuse=14 was_frozen=1 new_frozen=1 objects=16 cpu=0
[    4.670378] ACPI: Power Button [PWRF]
[    4.682778] Serial: 8250/16550 driver, 4 ports, IRQ sharing disabled
[    4.687771] 00:04: ttyS0 at I/O 0x3f8 (irq = 4, base_baud = 115200) is a 16550A
[    4.700662] Non-volatile memory driver v1.3
[    4.702953] AMD-Vi: AMD IOMMUv2 functionality not available on this system - This is not a bug.
[    4.791926] brd: module loaded
[    4.883486] loop: module loaded
[    4.887708] zram: Added device: zram0
[    4.888681] Guest personality initialized and is inactive
[    4.890554] VMCI host device registered (name=vmci, major=10, minor=62)
[    4.890849] Initialized host personality
[    4.892450] Loading iSCSI transport class v2.0-870.
[    4.898333] iscsi: registered transport (tcp)
[    4.899404] VMware PVSCSI driver - version 1.0.7.0-k
[    4.900148] hv_vmbus: registering driver hv_storvsc
[    4.938936] scsi host0: ata_piix
[    4.947508] scsi host1: ata_piix
[    4.949024] ata1: PATA max MWDMA2 cmd 0x1f0 ctl 0x3f6 bmdma 0xc000 irq 14
[    4.949509] ata2: PATA max MWDMA2 cmd 0x170 ctl 0x376 bmdma 0xc008 irq 15
[    4.969278] Rounding down aligned max_sectors from 4294967295 to 4294967288
[    4.973548] db_root: cannot open: /etc/target
[    5.016822] wireguard: WireGuard 1.0.0 loaded. See www.wireguard.com for information.
[    5.017291] wireguard: Copyright (C) 2015-2019 Jason A. Donenfeld <Jason@zx2c4.com>. All Rights Reserved.
[    5.031574] tun: Universal TUN/TAP device driver, 1.6
[    5.038482] ixgbevf: Intel(R) 10 Gigabit PCI Express Virtual Function Network Driver
[    5.038797] ixgbevf: Copyright (c) 2009 - 2018 Intel Corporation.
[    5.041459] PPP generic driver version 2.4.2
[    5.043369] VMware vmxnet3 virtual NIC driver - version 1.5.0.0-k-NAPI
[    5.044217] hv_vmbus: registering driver hv_netvsc
[    5.046584] VFIO - User Level meta-driver version: 0.3
[    5.053463] i8042: PNP: PS/2 Controller [PNP0303:KBD,PNP0f13:MOU] at 0x60,0x64 irq 1,12
[    5.062686] serio: i8042 KBD port at 0x60,0x64 irq 1
[    5.064606] serio: i8042 AUX port at 0x60,0x64 irq 12
[    5.066537] hv_vmbus: registering driver hyperv_keyboard
[    5.075816] rtc_cmos 00:05: RTC can wake from S4
[    5.076521] input: AT Translated Set 2 keyboard as /devices/platform/i8042/serio0/input/input1
[    5.087795] rtc_cmos 00:05: registered as rtc0
[    5.090301] rtc_cmos 00:05: alarms up to one day, y3k, 242 bytes nvram, hpet irqs
[    5.091509] iTCO_wdt: Intel TCO WatchDog Timer Driver v1.11
[    5.091948] iTCO_vendor_support: vendor-support=0
[    5.103967] device-mapper: ioctl: 4.43.0-ioctl (2020-10-01) initialised: dm-devel@redhat.com
[    5.111751] device-mapper: multipath round-robin: version 1.2.0 loaded
[    5.112347] device-mapper: multipath queue-length: version 0.2.0 loaded
[    5.112638] device-mapper: multipath service-time: version 0.3.0 loaded
[    5.112904] device-mapper: multipath historical-service-time: version 0.1.1 loaded
[    5.121363] device-mapper: raid: Loading target version 1.15.1
[    5.128182] ata2.00: ATAPI: QEMU DVD-ROM, 2.5+, max UDMA/100
[    5.139603] hv_utils: Registering HyperV Utility Driver
[    5.139851] hv_vmbus: registering driver hv_utils
[    5.140265] hv_vmbus: registering driver hv_balloon
[    5.143922] GACT probability NOT on
[    5.144959] Mirror/redirect action on
[    5.149835] netem: version 1.3
[    5.150901] u32 classifier
[    5.151346]     input device check on
[    5.151505]     Actions configured
[    5.166469] bad_dst_dbg slub __slab_free_state cache=kmalloc-256 page=ffffea000019a200 pfn=6688 head=ffff888006688900 cnt=4 prior=0000000000000000 old_inuse=16 new_inuse=12 was_frozen=0 new_frozen=1 objects=16 cpu=0
[    5.167476] bad_dst_dbg slub put_cpu_partial cache=kmalloc-256 page=ffffea000019a200 pfn=6688 drain=1 pages=1 pobjects=4 inuse=12 objects=16 cpu=0
[    5.167921] bad_dst_dbg slub __slab_free_state cache=kmalloc-256 page=ffffea0000197680 pfn=65da head=ffff8880065daf00 cnt=1 prior=0000000000000000 old_inuse=16 new_inuse=15 was_frozen=0 new_frozen=1 objects=16 cpu=0
[    5.168707] bad_dst_dbg slub put_cpu_partial cache=kmalloc-256 page=ffffea0000197680 pfn=65da drain=1 pages=2 pobjects=5 inuse=15 objects=16 cpu=0
[    5.168825] scsi 1:0:0:0: CD-ROM            QEMU     QEMU DVD-ROM     2.5+ PQ: 0 ANSI: 5
[    5.178436] bad_dst_dbg slub __slab_free_state cache=kmalloc-256 page=ffffea000019a200 pfn=6688 head=ffff888006688000 cnt=1 prior=ffff888006688900 old_inuse=12 new_inuse=11 was_frozen=1 new_frozen=1 objects=16 cpu=0
[    5.184556] xt_time: kernel timezone is -0000
[    5.186481] IPVS: Registered protocols (TCP, UDP, SCTP, AH, ESP)
[    5.187667] IPVS: Connection hash table configured (size=4096, memory=64Kbytes)
[    5.191475] IPVS: ipvs loaded.
[    5.191859] IPVS: [rr] scheduler registered.
[    5.192361] IPVS: [wrr] scheduler registered.
[    5.192548] IPVS: [lc] scheduler registered.
[    5.192706] IPVS: [wlc] scheduler registered.
[    5.192864] IPVS: [fo] scheduler registered.
[    5.193232] IPVS: [ovf] scheduler registered.
[    5.193617] IPVS: [lblc] scheduler registered.
[    5.193947] IPVS: [lblcr] scheduler registered.
[    5.194387] IPVS: [dh] scheduler registered.
[    5.194557] IPVS: [sh] scheduler registered.
[    5.194711] IPVS: [sed] scheduler registered.
[    5.194861] IPVS: [nq] scheduler registered.
[    5.196293] IPVS: ftp: loaded support on port[0] = 21
[    5.196727] IPVS: [sip] pe registered.
[    5.197785] ipip: IPv4 and MPLS over IPv4 tunneling driver
[    5.204519] sr 1:0:0:0: [sr0] scsi3-mmc drive: 4x/4x cd/rw xa/form2 tray
[    5.205346] cdrom: Uniform CD-ROM driver Revision: 3.20
[    5.205422] bad_dst_dbg slub __slab_free_state cache=kmalloc-256 page=ffffea0000197680 pfn=65da head=ffff8880065daf00 cnt=1 prior=0000000000000000 old_inuse=16 new_inuse=15 was_frozen=0 new_frozen=1 objects=16 cpu=0
[    5.206459] bad_dst_dbg slub put_cpu_partial cache=kmalloc-256 page=ffffea0000197680 pfn=65da drain=1 pages=1 pobjects=1 inuse=15 objects=16 cpu=0
[    5.207287] bad_dst_dbg slub __slab_free_state cache=kmalloc-256 page=ffffea000019a640 pfn=6699 head=ffff888006699700 cnt=5 prior=0000000000000000 old_inuse=16 new_inuse=11 was_frozen=0 new_frozen=1 objects=16 cpu=0
[    5.207818] gre: GRE over IPv4 demultiplexor driver
[    5.207883] bad_dst_dbg slub put_cpu_partial cache=kmalloc-256 page=ffffea000019a640 pfn=6699 drain=1 pages=2 pobjects=6 inuse=11 objects=16 cpu=0
[    5.208315] ip_gre: GRE over IPv4 tunneling driver
[    5.227344] ipt_CLUSTERIP: ClusterIP Version 0.8 loaded successfully
[    5.231741] Initializing XFRM netlink socket
[    5.232590] IPsec XFRM device driver
[    5.236650] NET: Registered protocol family 10
[    5.240629] bad_dst_dbg slub __slab_free_state cache=kmalloc-256 page=ffffea0000198340 pfn=660d head=ffff88800660d000 cnt=1 prior=0000000000000000 old_inuse=16 new_inuse=15 was_frozen=0 new_frozen=1 objects=16 cpu=0
[    5.241545] bad_dst_dbg slub put_cpu_partial cache=kmalloc-256 page=ffffea0000198340 pfn=660d drain=1 pages=3 pobjects=7 inuse=15 objects=16 cpu=0
[    5.243579] bad_dst_dbg slub __slab_free_state cache=kmalloc-256 page=ffffea000019cc40 pfn=6731 head=ffff888006731100 cnt=1 prior=0000000000000000 old_inuse=16 new_inuse=15 was_frozen=1 new_frozen=1 objects=16 cpu=1
[    5.306898] Segment Routing with IPv6
[    5.333832] ip6_gre: GRE over IPv6 tunneling driver
[    5.342459] NET: Registered protocol family 17
[    5.343745] NET: Registered protocol family 15
[    5.347208] Bridge firewalling registered
[    5.355982] RPC: Registered rdma transport module.
[    5.356520] RPC: Registered rdma backchannel transport module.
[    5.358711] 8021q: 802.1Q VLAN Support v1.8
[    5.361662] 9pnet: Installing 9P2000 support
[    5.362665] Key type dns_resolver registered
[    5.364788] NET: Registered protocol family 40
[    5.373743] IPI shorthand broadcast: enabled
[    5.377630] registered taskstats version 1
[    5.378256] Loading compiled-in X.509 certificates
[    5.438817] Loaded X.509 cert 'Build time autogenerated kernel key: 4504323df522a808911f4e0c6cd5fa52b82306a3'
[    5.443402] AppArmor: AppArmor sha1 policy hashing enabled
[    5.445270] ima: No TPM chip found, activating TPM-bypass!
[    5.445801] ima: Allocated hash algorithm: sha256
[    5.451813] ima: No architecture policies found
[    5.463717] PM:   Magic number: 10:685:928
[    5.467434] Unstable clock detected, switching default tracing clock to "global"
[    5.467434] If you want to keep using the local clock, then add:
[    5.467434]   "trace_clock=local"
[    5.467434] on the kernel command line
[    5.480600] integrity: Unable to open file: /etc/ima/pubkey.x509 (-2)
[    5.507750] Freeing unused decrypted memory: 2036K
[    5.679260] Freeing unused kernel image (initmem) memory: 1904K
[    5.680152] Write protecting the kernel read-only data: 36864k
[    5.689898] Freeing unused kernel image (text/rodata gap) memory: 2024K
[    5.693500] Freeing unused kernel image (rodata/data gap) memory: 916K
[    5.694492] Run /init as init process
[    5.758596] rmqueue_pcplist: 4358 callbacks suppressed
[    5.758698] bad_dst_dbg page_alloc pcp_alloc page=ffffea00001a1c40 pfn=6871 mt=0 pcp_count=338 zone=DMA32 cpu=1
[    5.762193] bad_dst_dbg page_alloc pcp_alloc page=ffffea00000cfec0 pfn=33fb mt=1 pcp_count=337 zone=DMA32 cpu=1
[    5.763115] bad_dst_dbg page_alloc pcp_alloc page=ffffea00000cfe80 pfn=33fa mt=1 pcp_count=336 zone=DMA32 cpu=1
[    5.765251] bad_dst_dbg page_alloc pcp_alloc page=ffffea00000cfe40 pfn=33f9 mt=1 pcp_count=335 zone=DMA32 cpu=1
[    5.771182] bad_dst_dbg page_alloc pcp_alloc page=ffffea00000cfe00 pfn=33f8 mt=1 pcp_count=334 zone=DMA32 cpu=1
[    5.774141] bad_dst_dbg page_alloc pcp_alloc page=ffffea00000cfdc0 pfn=33f7 mt=1 pcp_count=333 zone=DMA32 cpu=1
[    5.778021] bad_dst_dbg page_alloc pcp_alloc page=ffffea00000cfd80 pfn=33f6 mt=1 pcp_count=332 zone=DMA32 cpu=1
[    5.791279] bad_dst_dbg page_alloc pcp_alloc page=ffffea00001a1c80 pfn=6872 mt=0 pcp_count=331 zone=DMA32 cpu=1
[    5.791691] bad_dst_dbg page_alloc pcp_alloc page=ffffea00000cfd40 pfn=33f5 mt=1 pcp_count=330 zone=DMA32 cpu=1
[    5.794456] bad_dst_dbg page_alloc pcp_alloc page=ffffea00000cfd00 pfn=33f4 mt=1 pcp_count=329 zone=DMA32 cpu=1
[    5.894338] free_unref_page_commit: 2385 callbacks suppressed
[    5.894385] bad_dst_dbg page_alloc pcp_free page=ffffea000019ec00 pfn=67b0 mt=0 pcp_count=39 pcp_high=378 zone=DMA32 cpu=0
[    5.895013] bad_dst_dbg page_alloc pcp_free page=ffffea000019ec40 pfn=67b1 mt=0 pcp_count=40 pcp_high=378 zone=DMA32 cpu=0
[    5.895038] bad_dst_dbg page_alloc pcp_free page=ffffea000019ec80 pfn=67b2 mt=0 pcp_count=41 pcp_high=378 zone=DMA32 cpu=0
[    5.895038] bad_dst_dbg page_alloc pcp_free page=ffffea000019ee00 pfn=67b8 mt=0 pcp_count=42 pcp_high=378 zone=DMA32 cpu=0
[    5.895038] bad_dst_dbg page_alloc pcp_free page=ffffea000019ee40 pfn=67b9 mt=0 pcp_count=43 pcp_high=378 zone=DMA32 cpu=0
[    5.895038] bad_dst_dbg page_alloc pcp_free page=ffffea000019eec0 pfn=67bb mt=0 pcp_count=44 pcp_high=378 zone=DMA32 cpu=0
[    5.895038] bad_dst_dbg page_alloc pcp_free page=ffffea000019ee80 pfn=67ba mt=0 pcp_count=45 pcp_high=378 zone=DMA32 cpu=0
[    5.895038] bad_dst_dbg page_alloc pcp_free page=ffffea00001a0980 pfn=6826 mt=0 pcp_count=46 pcp_high=378 zone=DMA32 cpu=0
[    5.895038] bad_dst_dbg page_alloc pcp_free page=ffffea00000cff00 pfn=33fc mt=1 pcp_count=47 pcp_high=378 zone=DMA32 cpu=0
[    5.895038] bad_dst_dbg page_alloc pcp_free page=ffffea00000cfc00 pfn=33f0 mt=1 pcp_count=48 pcp_high=378 zone=DMA32 cpu=0
[    6.233952] bad_dst_dbg slub __slab_free_state cache=kmalloc-256 page=ffffea000019cdc0 pfn=6737 head=ffff888006737f00 cnt=1 prior=0000000000000000 old_inuse=16 new_inuse=15 was_frozen=0 new_frozen=1 objects=16 cpu=1
[    6.234812] bad_dst_dbg slub put_cpu_partial cache=kmalloc-256 page=ffffea000019cdc0 pfn=6737 drain=1 pages=1 pobjects=1 inuse=15 objects=16 cpu=1
testvm busybox initrd ready
+ mkdir -p /dev/binderfs
+ mount -t binder binder /dev/binderfs
+ ln -sf /dev/binderfs/binder /dev/binder
+ ln -sf /dev/binderfs/hwbinder /dev/hwbinder
+ ln -sf /dev/binderfs/vndbinder /dev/vndbinder
+ exec /badnode
Starting static exploit...
root payload: local shell
[    6.573231] bad_dst_dbg slub put_cpu_partial cache=kmalloc-256 page=ffffea00001a0980 pfn=6826 drain=1 pages=1 pobjects=1 inuse=15 objects=16 cpu=0
Opened file descriptors...
[   10.763246] rmqueue_pcplist: 1609 callbacks suppressed
[   10.763292] bad_dst_dbg page_alloc pcp_alloc page=ffffea00001a9c40 pfn=6a71 mt=0 pcp_count=92 zone=DMA32 cpu=0
[   10.781876] bad_dst_dbg page_alloc pcp_alloc page=ffffea00001a9c80 pfn=6a72 mt=0 pcp_count=91 zone=DMA32 cpu=0
[   10.799349] bad_dst_dbg page_alloc pcp_alloc page=ffffea00001a9cc0 pfn=6a73 mt=0 pcp_count=90 zone=DMA32 cpu=0
[   10.817529] bad_dst_dbg page_alloc pcp_alloc page=ffffea00001a9d00 pfn=6a74 mt=0 pcp_count=89 zone=DMA32 cpu=0
[   10.835468] bad_dst_dbg page_alloc pcp_alloc page=ffffea00001a9d40 pfn=6a75 mt=0 pcp_count=88 zone=DMA32 cpu=0
[   10.852795] bad_dst_dbg page_alloc pcp_alloc page=ffffea00001a9d80 pfn=6a76 mt=0 pcp_count=87 zone=DMA32 cpu=0
[   10.872460] bad_dst_dbg page_alloc pcp_alloc page=ffffea00001a9dc0 pfn=6a77 mt=0 pcp_count=86 zone=DMA32 cpu=0
[   10.891641] bad_dst_dbg page_alloc pcp_alloc page=ffffea00001a9e00 pfn=6a78 mt=0 pcp_count=85 zone=DMA32 cpu=0
[   10.914768] bad_dst_dbg page_alloc pcp_alloc page=ffffea00001a9e40 pfn=6a79 mt=0 pcp_count=84 zone=DMA32 cpu=0
[   10.933536] bad_dst_dbg page_alloc pcp_alloc page=ffffea00001a9e80 pfn=6a7a mt=0 pcp_count=83 zone=DMA32 cpu=0
[   15.788645] rmqueue_pcplist: 276 callbacks suppressed
[   15.788731] bad_dst_dbg page_alloc pcp_alloc page=ffffea00001ae3c0 pfn=6b8f mt=0 pcp_count=58 zone=DMA32 cpu=0
[   15.816779] bad_dst_dbg page_alloc pcp_alloc page=ffffea00001ae400 pfn=6b90 mt=0 pcp_count=57 zone=DMA32 cpu=0
[   15.844381] bad_dst_dbg page_alloc pcp_alloc page=ffffea00001ae440 pfn=6b91 mt=0 pcp_count=56 zone=DMA32 cpu=0
[   15.867725] bad_dst_dbg page_alloc pcp_alloc page=ffffea00001ae480 pfn=6b92 mt=0 pcp_count=55 zone=DMA32 cpu=0
[   15.888533] bad_dst_dbg page_alloc pcp_alloc page=ffffea00001ae4c0 pfn=6b93 mt=0 pcp_count=54 zone=DMA32 cpu=0
[   15.909469] bad_dst_dbg page_alloc pcp_alloc page=ffffea00001ae500 pfn=6b94 mt=0 pcp_count=53 zone=DMA32 cpu=0
[   15.930058] bad_dst_dbg page_alloc pcp_alloc page=ffffea00001ae540 pfn=6b95 mt=0 pcp_count=52 zone=DMA32 cpu=0
[   15.951357] bad_dst_dbg page_alloc pcp_alloc page=ffffea00001ae580 pfn=6b96 mt=0 pcp_count=51 zone=DMA32 cpu=0
[   15.971455] bad_dst_dbg page_alloc pcp_alloc page=ffffea00001ae5c0 pfn=6b97 mt=0 pcp_count=50 zone=DMA32 cpu=0
[   15.972571] bad_dst_dbg page_alloc pcp_alloc page=ffffea00001ae600 pfn=6b98 mt=0 pcp_count=49 zone=DMA32 cpu=0
Allocated from binder allocator...
Created gaps in binder allocator...
[   18.139645] __slab_free: 8 callbacks suppressed
[   18.139729] bad_dst_dbg slub __slab_free_state cache=kmalloc-256 page=ffffea00001a5dc0 pfn=6977 head=ffff888006977b00 cnt=1 prior=0000000000000000 old_inuse=16 new_inuse=15 was_frozen=1 new_frozen=1 objects=16 cpu=1
[   18.139824] bad_dst_dbg slub __slab_free_state cache=kmalloc-256 page=ffffea000019e680 pfn=679a head=ffff88800679a000 cnt=1 prior=ffff88800679a900 old_inuse=13 new_inuse=12 was_frozen=1 new_frozen=1 objects=16 cpu=0
[   19.013987] free_unref_page_commit: 974 callbacks suppressed
[   19.014038] bad_dst_dbg page_alloc pcp_free page=ffffea0000088640 pfn=2219 mt=1 pcp_count=92 pcp_high=378 zone=DMA32 cpu=0
[   19.014038] bad_dst_dbg page_alloc pcp_free page=ffffea0000088600 pfn=2218 mt=1 pcp_count=93 pcp_high=378 zone=DMA32 cpu=0
[   19.014038] bad_dst_dbg page_alloc pcp_free page=ffffea00000885c0 pfn=2217 mt=1 pcp_count=94 pcp_high=378 zone=DMA32 cpu=0
[   19.014038] bad_dst_dbg page_alloc pcp_free page=ffffea0000088580 pfn=2216 mt=1 pcp_count=95 pcp_high=378 zone=DMA32 cpu=0
[   19.014038] bad_dst_dbg page_alloc pcp_free page=ffffea0000088540 pfn=2215 mt=1 pcp_count=96 pcp_high=378 zone=DMA32 cpu=0
[   19.014038] bad_dst_dbg page_alloc pcp_free page=ffffea0000088500 pfn=2214 mt=1 pcp_count=97 pcp_high=378 zone=DMA32 cpu=0
[   19.014038] bad_dst_dbg page_alloc pcp_free page=ffffea00000884c0 pfn=2213 mt=1 pcp_count=98 pcp_high=378 zone=DMA32 cpu=0
[   19.014038] bad_dst_dbg page_alloc pcp_free page=ffffea0000088480 pfn=2212 mt=1 pcp_count=99 pcp_high=378 zone=DMA32 cpu=0
[   19.017310] bad_dst_dbg page_alloc pcp_free page=ffffea00000f5680 pfn=3d5a mt=1 pcp_count=100 pcp_high=378 zone=DMA32 cpu=0
[   19.017672] bad_dst_dbg page_alloc pcp_free page=ffffea00000f5640 pfn=3d59 mt=1 pcp_count=101 pcp_high=378 zone=DMA32 cpu=0
[   19.547848] binder: 155:155 got transaction with invalid offset (56, min 24 max 48) or object.
[   19.549802] binder: 155:155 transaction failed 29201/-22, size 48-16 line 3242
[   19.550700] binder: 155:155 got transaction with invalid offset (56, min 24 max 48) or object.
[   19.551200] binder: 155:155 transaction failed 29201/-22, size 48-16 line 3242
[   19.551567] binder: 155:155 got transaction with invalid offset (56, min 24 max 48) or object.
[   19.551856] binder: 155:155 transaction failed 29201/-22, size 48-16 line 3242
[   19.552377] binder: 155:155 got transaction with invalid offset (56, min 24 max 48) or object.
[   19.552675] binder: 155:155 transaction failed 29201/-22, size 48-16 line 3242
[   19.552978] binder: 155:155 got transaction with invalid offset (56, min 24 max 48) or object.
[   19.553407] binder: 155:155 transaction failed 29201/-22, size 48-16 line 3242
[   19.553731] binder: 155:155 got transaction with invalid offset (56, min 24 max 48) or object.
[   19.554119] binder: 155:155 transaction failed 29201/-22, size 48-16 line 3242
[   19.554478] binder: 155:155 got transaction with invalid offset (56, min 24 max 48) or object.
[   19.554789] binder: 155:155 transaction failed 29201/-22, size 48-16 line 3242
[   19.555253] binder: 155:155 got transaction with invalid offset (56, min 24 max 48) or object.
[   19.555556] binder: 155:155 transaction failed 29201/-22, size 48-16 line 3242
[   19.555866] binder: 155:155 got transaction with invalid offset (56, min 24 max 48) or object.
[   19.556274] binder: 155:155 transaction failed 29201/-22, size 48-16 line 3242
[   19.556600] binder: 155:155 got transaction with invalid offset (56, min 24 max 48) or object.
[   19.556883] binder: 155:155 transaction failed 29201/-22, size 48-16 line 3242
[   19.973775] bad_dst_dbg slub __slab_free_state cache=kmalloc-256 page=ffffea00001a5dc0 pfn=6977 head=ffff888006977a00 cnt=1 prior=0000000000000000 old_inuse=16 new_inuse=15 was_frozen=0 new_frozen=1 objects=16 cpu=0
[   19.974728] bad_dst_dbg slub put_cpu_partial cache=kmalloc-256 page=ffffea00001a5dc0 pfn=6977 drain=1 pages=1 pobjects=1 inuse=15 objects=16 cpu=0
UAF nodes done...
Reclaimed with ep_item...
[   19.996021] bad_dst_dbg slub __slab_free_state cache=kmalloc-256 page=ffffea00001a5dc0 pfn=6977 head=ffff888006977e00 cnt=1 prior=ffff888006977a00 old_inuse=15 new_inuse=14 was_frozen=1 new_frozen=1 objects=16 cpu=0
[   19.997018] bad_dst_dbg slub __slab_free_state cache=kmalloc-256 page=ffffea00001a5dc0 pfn=6977 head=ffff888006977200 cnt=1 prior=ffff888006977e00 old_inuse=14 new_inuse=13 was_frozen=1 new_frozen=1 objects=16 cpu=0
[   19.997698] bad_dst_dbg slub __slab_free_state cache=kmalloc-256 page=ffffea00001a5dc0 pfn=6977 head=ffff888006977600 cnt=1 prior=ffff888006977200 old_inuse=13 new_inuse=12 was_frozen=1 new_frozen=1 objects=16 cpu=0
[   19.998395] bad_dst_dbg slub __slab_free_state cache=kmalloc-256 page=ffffea00001a5dc0 pfn=6977 head=ffff888006977800 cnt=1 prior=ffff888006977600 old_inuse=12 new_inuse=11 was_frozen=1 new_frozen=1 objects=16 cpu=0
[   19.998940] bad_dst_dbg slub __slab_free_state cache=kmalloc-256 page=ffffea00001a5dc0 pfn=6977 head=ffff888006977300 cnt=1 prior=ffff888006977800 old_inuse=11 new_inuse=10 was_frozen=1 new_frozen=1 objects=16 cpu=0
[   19.999597] bad_dst_dbg slub __slab_free_state cache=kmalloc-256 page=ffffea00001a5dc0 pfn=6977 head=ffff888006977100 cnt=1 prior=ffff888006977300 old_inuse=10 new_inuse=9 was_frozen=1 new_frozen=1 objects=16 cpu=0
[   20.000295] bad_dst_dbg slub __slab_free_state cache=kmalloc-256 page=ffffea00001a5dc0 pfn=6977 head=ffff888006977b00 cnt=1 prior=ffff888006977100 old_inuse=9 new_inuse=8 was_frozen=1 new_frozen=1 objects=16 cpu=0
[   20.000866] bad_dst_dbg slub put_cpu_partial cache=kmalloc-256 page=ffffea00001b4e40 pfn=6d39 drain=1 pages=2 pobjects=2 inuse=15 objects=16 cpu=0
[   20.001690] bad_dst_dbg slub put_cpu_partial cache=kmalloc-256 page=ffffea00001b4e80 pfn=6d3a drain=1 pages=3 pobjects=3 inuse=15 objects=16 cpu=0
[   20.002491] bad_dst_dbg slub put_cpu_partial cache=kmalloc-256 page=ffffea00001b4ec0 pfn=6d3b drain=1 pages=4 pobjects=4 inuse=15 objects=16 cpu=0
[   20.003256] bad_dst_dbg slub put_cpu_partial cache=kmalloc-256 page=ffffea00001b4f00 pfn=6d3c drain=1 pages=5 pobjects=5 inuse=15 objects=16 cpu=0
[   20.003898] bad_dst_dbg slub put_cpu_partial cache=kmalloc-256 page=ffffea00001b4f40 pfn=6d3d drain=1 pages=6 pobjects=6 inuse=15 objects=16 cpu=0
[   20.004641] bad_dst_dbg slub put_cpu_partial cache=kmalloc-256 page=ffffea00001b4f80 pfn=6d3e drain=1 pages=7 pobjects=7 inuse=15 objects=16 cpu=0
[   20.005408] bad_dst_dbg slub put_cpu_partial cache=kmalloc-256 page=ffffea00001b4fc0 pfn=6d3f drain=1 pages=8 pobjects=8 inuse=15 objects=16 cpu=0
[   20.006162] bad_dst_dbg slub put_cpu_partial cache=kmalloc-256 page=ffffea00001b5000 pfn=6d40 drain=1 pages=9 pobjects=9 inuse=15 objects=16 cpu=0
[   20.006769] bad_dst_dbg slub put_cpu_partial cache=kmalloc-256 page=ffffea00001b5040 pfn=6d41 drain=1 pages=10 pobjects=10 inuse=15 objects=16 cpu=0
[   20.008943] bad_dst_dbg slub unfreeze_empty_retained cache=kmalloc-256 page=ffffea00001b5140 pfn=6d45 nr_partial=0 min_partial=5 objects=16 cpu=0
[   20.009037] bad_dst_dbg slub unfreeze_empty_retained cache=kmalloc-256 page=ffffea00001b5100 pfn=6d44 nr_partial=1 min_partial=5 objects=16 cpu=0
[   20.009037] bad_dst_dbg slub unfreeze_empty_retained cache=kmalloc-256 page=ffffea00001b50c0 pfn=6d43 nr_partial=2 min_partial=5 objects=16 cpu=0
[   20.009037] bad_dst_dbg slub unfreeze_empty_retained cache=kmalloc-256 page=ffffea00001b5080 pfn=6d42 nr_partial=3 min_partial=5 objects=16 cpu=0
[   20.009037] bad_dst_dbg slub unfreeze_empty_retained cache=kmalloc-256 page=ffffea00001b5040 pfn=6d41 nr_partial=4 min_partial=5 objects=16 cpu=0
[   20.009037] bad_dst_dbg slub unfreeze_empty_discard cache=kmalloc-256 size=256 page=ffffea00001b5000 pfn=6d40 inuse=0 objects=16 frozen=0 freelist=ffff888006d40700 cpu=0
[   20.009037] bad_dst_dbg slub unfreeze_empty_discard cache=kmalloc-256 size=256 page=ffffea00001b4fc0 pfn=6d3f inuse=0 objects=16 frozen=0 freelist=ffff888006d3ff00 cpu=0
[   20.009037] bad_dst_dbg slub unfreeze_empty_discard cache=kmalloc-256 size=256 page=ffffea00001b4f80 pfn=6d3e inuse=0 objects=16 frozen=0 freelist=ffff888006d3ed00 cpu=0
[   20.009037] bad_dst_dbg slub unfreeze_empty_discard cache=kmalloc-256 size=256 page=ffffea00001b4f40 pfn=6d3d inuse=0 objects=16 frozen=0 freelist=ffff888006d3d000 cpu=0
[   20.009037] bad_dst_dbg slub unfreeze_empty_discard cache=kmalloc-256 size=256 page=ffffea00001b4f00 pfn=6d3c inuse=0 objects=16 frozen=0 freelist=ffff888006d3c600 cpu=0
[   20.009037] bad_dst_dbg slub unfreeze_empty_discard cache=kmalloc-256 size=256 page=ffffea00001b4ec0 pfn=6d3b inuse=0 objects=16 frozen=0 freelist=ffff888006d3bf00 cpu=0
[   20.009037] bad_dst_dbg slub unfreeze_empty_discard cache=kmalloc-256 size=256 page=ffffea00001b4e80 pfn=6d3a inuse=0 objects=16 frozen=0 freelist=ffff888006d3a700 cpu=0
[   20.009037] bad_dst_dbg slub unfreeze_empty_discard cache=kmalloc-256 size=256 page=ffffea00001b4e40 pfn=6d39 inuse=0 objects=16 frozen=0 freelist=ffff888006d39d00 cpu=0
[   20.019021] bad_dst_dbg slub unfreeze_empty_discard cache=kmalloc-256 size=256 page=ffffea00001b5500 pfn=6d54 inuse=0 objects=16 frozen=0 freelist=ffff888006d54300 cpu=0
[   20.019104] bad_dst_dbg slub unfreeze_empty_discard cache=kmalloc-256 size=256 page=ffffea00001b54c0 pfn=6d53 inuse=0 objects=16 frozen=0 freelist=ffff888006d53f00 cpu=0
Could not succeed with cross cache attack
[   21.086413] rmqueue_pcplist: 5023 callbacks suppressed
[   21.086464] bad_dst_dbg page_alloc pcp_alloc page=ffffea00001b8ec0 pfn=6e3b mt=0 pcp_count=310 zone=DMA32 cpu=0
qemu-system-x86_64: terminating on signal 15 from pid 278925 (timeout)
