c[?7l[2J[0mSeaBIOS (version rel-1.17.0-0-gb52ca86e094d-prebuilt.qemu.org)
Booting from ROM..c[?7l[2J[    0.000000] Linux version 5.10.107+ (jack@bd5f2b454abc) (gcc (Ubuntu 10.5.0-1ubuntu1~20.04) 10.5.0, GNU ld (GNU Binutils for Ubuntu) 2.34) #1 SMP PREEMPT Tue May 26 07:46:52 UTC 2026
[    0.000000] Command line: console=ttyS0 rdinit=/init testvm_autorun=/run_badnode.sh nokaslr panic=-1 binder.debug_mask=4611
[    0.000000] x86/fpu: x87 FPU will use FXSAVE
[    0.000000] BIOS-provided physical RAM map:
[    0.000000] BIOS-e820: [mem 0x0000000000000000-0x000000000009fbff] usable
[    0.000000] BIOS-e820: [mem 0x000000000009fc00-0x000000000009ffff] reserved
[    0.000000] BIOS-e820: [mem 0x00000000000f0000-0x00000000000fffff] reserved
[    0.000000] BIOS-e820: [mem 0x0000000000100000-0x000000003ffdffff] usable
[    0.000000] BIOS-e820: [mem 0x000000003ffe0000-0x000000003fffffff] reserved
[    0.000000] BIOS-e820: [mem 0x00000000fffc0000-0x00000000ffffffff] reserved
[    0.000000] BIOS-e820: [mem 0x000000fd00000000-0x000000ffffffffff] reserved
[    0.000000] NX (Execute Disable) protection: active
[    0.000000] SMBIOS 2.8 present.
[    0.000000] DMI: QEMU Standard PC (i440FX + PIIX, 1996), BIOS rel-1.17.0-0-gb52ca86e094d-prebuilt.qemu.org 04/01/2014
[    0.000000] tsc: Fast TSC calibration using PIT
[    0.000000] tsc: Detected 2304.007 MHz processor
[    0.025776] AGP: No AGP bridge found
[    0.026456] last_pfn = 0x3ffe0 max_arch_pfn = 0x400000000
[    0.029752] x86/PAT: Configuration [0-7]: WB  WC  UC- UC  WB  WP  UC- WT  
[    0.080672] found SMP MP-table at [mem 0x000f54c0-0x000f54cf]
[    0.084812] check: Scanning 1 areas for low memory corruption
[    0.097192] RAMDISK: [mem 0x3fe39000-0x3ffdffff]
[    0.098003] ACPI: Early table checksum verification disabled
[    0.099303] ACPI: RSDP 0x00000000000F52E0 000014 (v00 BOCHS )
[    0.100039] ACPI: RSDT 0x000000003FFE238A 000034 (v01 BOCHS  BXPC     00000001 BXPC 00000001)
[    0.101800] ACPI: FACP 0x000000003FFE2236 000074 (v01 BOCHS  BXPC     00000001 BXPC 00000001)
[    0.103289] ACPI: DSDT 0x000000003FFE0040 0021F6 (v01 BOCHS  BXPC     00000001 BXPC 00000001)
[    0.103571] ACPI: FACS 0x000000003FFE0000 000040
[    0.103758] ACPI: APIC 0x000000003FFE22AA 000080 (v03 BOCHS  BXPC     00000001 BXPC 00000001)
[    0.103864] ACPI: HPET 0x000000003FFE232A 000038 (v01 BOCHS  BXPC     00000001 BXPC 00000001)
[    0.103967] ACPI: WAET 0x000000003FFE2362 000028 (v01 BOCHS  BXPC     00000001 BXPC 00000001)
[    0.104217] ACPI: Reserving FACP table memory at [mem 0x3ffe2236-0x3ffe22a9]
[    0.104307] ACPI: Reserving DSDT table memory at [mem 0x3ffe0040-0x3ffe2235]
[    0.104348] ACPI: Reserving FACS table memory at [mem 0x3ffe0000-0x3ffe003f]
[    0.104381] ACPI: Reserving APIC table memory at [mem 0x3ffe22aa-0x3ffe2329]
[    0.104412] ACPI: Reserving HPET table memory at [mem 0x3ffe232a-0x3ffe2361]
[    0.104442] ACPI: Reserving WAET table memory at [mem 0x3ffe2362-0x3ffe2389]
[    0.109847] No NUMA configuration found
[    0.109952] Faking a node at [mem 0x0000000000000000-0x000000003ffdffff]
[    0.112331] NODE_DATA(0) allocated [mem 0x3fe34000-0x3fe38fff]
[    0.119534] Zone ranges:
[    0.119726]   DMA      [mem 0x0000000000001000-0x0000000000ffffff]
[    0.119889]   DMA32    [mem 0x0000000001000000-0x000000003ffdffff]
[    0.119945]   Normal   empty
[    0.120028]   Device   empty
[    0.120096] Movable zone start for each node
[    0.120204] Early memory node ranges
[    0.120315]   node   0: [mem 0x0000000000001000-0x000000000009efff]
[    0.120711]   node   0: [mem 0x0000000000100000-0x000000003ffdffff]
[    0.121366] Initmem setup node 0 [mem 0x0000000000001000-0x000000003ffdffff]
[    0.123979] On node 0, zone DMA: 1 pages in unavailable ranges
[    0.124820] On node 0, zone DMA: 97 pages in unavailable ranges
[    0.157441] On node 0, zone DMA32: 32 pages in unavailable ranges
[    0.160215] ACPI: LAPIC_NMI (acpi_id[0xff] dfl dfl lint[0x1])
[    0.161483] IOAPIC[0]: apic_id 0, version 32, address 0xfec00000, GSI 0-23
[    0.161834] ACPI: INT_SRC_OVR (bus 0 bus_irq 0 global_irq 2 dfl dfl)
[    0.162606] ACPI: INT_SRC_OVR (bus 0 bus_irq 5 global_irq 5 high level)
[    0.162717] ACPI: INT_SRC_OVR (bus 0 bus_irq 9 global_irq 9 high level)
[    0.163058] ACPI: INT_SRC_OVR (bus 0 bus_irq 10 global_irq 10 high level)
[    0.163110] ACPI: INT_SRC_OVR (bus 0 bus_irq 11 global_irq 11 high level)
[    0.163761] Using ACPI (MADT) for SMP configuration information
[    0.163928] ACPI: HPET id: 0x8086a201 base: 0xfed00000
[    0.164849] smpboot: Allowing 2 CPUs, 0 hotplug CPUs
[    0.167208] [mem 0x40000000-0xfffbffff] available for PCI devices
[    0.167322] Booting paravirtualized kernel on bare hardware
[    0.168507] clocksource: refined-jiffies: mask: 0xffffffff max_cycles: 0xffffffff, max_idle_ns: 1910969940391419 ns
[    0.199038] setup_percpu: NR_CPUS:512 nr_cpumask_bits:512 nr_cpu_ids:2 nr_node_ids:1
[    0.213754] percpu: Embedded 63 pages/cpu s221184 r8192 d28672 u1048576
[    0.219880] Built 1 zonelists, mobility grouping on.  Total pages: 257897
[    0.219997] Policy zone: DMA32
[    0.220821] Kernel command line: console=ttyS0 rdinit=/init testvm_autorun=/run_badnode.sh nokaslr panic=-1 binder.debug_mask=4611
[    0.229589] Dentry cache hash table entries: 131072 (order: 8, 1048576 bytes, linear)
[    0.231922] Inode-cache hash table entries: 65536 (order: 7, 524288 bytes, linear)
[    0.236623] mem auto-init: stack:off, heap alloc:off, heap free:off
[    0.237652] AGP: Checking aperture...
[    0.241381] AGP: No AGP bridge found
[    0.271826] bad_dst_dbg page_alloc pcp_alloc page=ffffea0000120000 pfn=4800 mt=0 pcp_count=0 zone=DMA32 cpu=0
[    0.272712] bad_dst_dbg page_alloc pcp_alloc page=ffffea0000120040 pfn=4801 mt=0 pcp_count=0 zone=DMA32 cpu=0
[    0.272779] bad_dst_dbg page_alloc pcp_alloc page=ffffea0000120080 pfn=4802 mt=0 pcp_count=0 zone=DMA32 cpu=0
[    0.272829] bad_dst_dbg page_alloc pcp_alloc page=ffffea00001200c0 pfn=4803 mt=0 pcp_count=0 zone=DMA32 cpu=0
[    0.272876] bad_dst_dbg page_alloc pcp_alloc page=ffffea0000120100 pfn=4804 mt=0 pcp_count=0 zone=DMA32 cpu=0
[    0.272920] bad_dst_dbg page_alloc pcp_alloc page=ffffea0000120140 pfn=4805 mt=0 pcp_count=0 zone=DMA32 cpu=0
[    0.272970] bad_dst_dbg page_alloc pcp_alloc page=ffffea0000120180 pfn=4806 mt=0 pcp_count=0 zone=DMA32 cpu=0
[    0.273012] bad_dst_dbg page_alloc pcp_alloc page=ffffea00001201c0 pfn=4807 mt=0 pcp_count=0 zone=DMA32 cpu=0
[    0.273053] bad_dst_dbg page_alloc pcp_alloc page=ffffea0000120200 pfn=4808 mt=0 pcp_count=0 zone=DMA32 cpu=0
[    0.273094] bad_dst_dbg page_alloc pcp_alloc page=ffffea0000120240 pfn=4809 mt=0 pcp_count=0 zone=DMA32 cpu=0
[    0.273976] Memory: 208112K/1048056K available (18452K kernel code, 3390K rwdata, 15468K rodata, 1904K init, 4920K bss, 73568K reserved, 0K cma-reserved)
[    0.275850] random: get_random_u64 called from __kmem_cache_create+0x2a/0x4d0 with crng_init=0
[    0.289738] SLUB: HWalign=64, Order=0-3, MinObjects=0, CPUs=2, Nodes=1
[    0.293318] ftrace: allocating 57808 entries in 226 pages
[    0.529537] ftrace: allocated 226 pages with 4 groups
[    0.552153] rcu: Preemptible hierarchical RCU implementation.
[    0.552262] rcu: 	RCU restricting CPUs from NR_CPUS=512 to nr_cpu_ids=2.
[    0.552509] 	Trampoline variant of Tasks RCU enabled.
[    0.552542] 	Rude variant of Tasks RCU enabled.
[    0.552570] 	Tracing variant of Tasks RCU enabled.
[    0.552849] rcu: RCU calculated value of scheduler-enlistment delay is 100 jiffies.
[    0.552952] rcu: Adjusting geometry for rcu_fanout_leaf=16, nr_cpu_ids=2
[    0.619142] NR_IRQS: 33024, nr_irqs: 440, preallocated irqs: 16
[    0.657355] Console: colour VGA+ 80x25
[    0.680673] printk: console [ttyS0] enabled
[    0.683207] ACPI: Core revision 20200925
[    0.697147] clocksource: hpet: mask: 0xffffffff max_cycles: 0xffffffff, max_idle_ns: 19112604467 ns
[    0.710015] APIC: Switch to symmetric I/O mode setup
[    0.724775] ..TIMER: vector=0x30 apic1=0 pin1=2 apic2=-1 pin2=-1
[    0.732421] tsc: Marking TSC unstable due to TSCs unsynchronized
[    0.734249] Calibrating delay loop (skipped), value calculated using timer frequency.. 4608.01 BogoMIPS (lpj=2304007)
[    0.735168] pid_max: default: 32768 minimum: 301
[    0.737832] LSM: Security Framework initializing
[    0.740543] Yama: becoming mindful.
[    0.743010] LoadPin: ready to pin (currently enforcing)
[    0.748579] AppArmor: AppArmor initialized
[    0.748832] LSM support for eBPF active
[    0.750312] Mount-cache hash table entries: 2048 (order: 2, 16384 bytes, linear)
[    0.750644] Mountpoint-cache hash table entries: 2048 (order: 2, 16384 bytes, linear)
[    0.809071] process: using AMD E400 aware idle routine
[    0.809900] Last level iTLB entries: 4KB 512, 2MB 255, 4MB 127
[    0.810191] Last level dTLB entries: 4KB 512, 2MB 255, 4MB 127, 1GB 0
[    0.810825] Spectre V1 : Mitigation: usercopy/swapgs barriers and __user pointer sanitization
[    0.811298] Spectre V2 : Mitigation: Retpolines
[    0.811527] Spectre V2 : Spectre v2 / SpectreRSB mitigation: Filling RSB on context switch
[    0.819814] bad_dst_dbg page_alloc pcp_free page=ffffea00000fc8c0 pfn=3f23 mt=1 pcp_count=20 pcp_high=90 zone=DMA32 cpu=0
[    0.820072] bad_dst_dbg page_alloc pcp_free page=ffffea00000fc900 pfn=3f24 mt=1 pcp_count=21 pcp_high=90 zone=DMA32 cpu=0
[    0.820401] bad_dst_dbg page_alloc pcp_free page=ffffea00000fc940 pfn=3f25 mt=1 pcp_count=22 pcp_high=90 zone=DMA32 cpu=0
[    0.820985] bad_dst_dbg page_alloc pcp_free page=ffffea00000fc980 pfn=3f26 mt=1 pcp_count=23 pcp_high=90 zone=DMA32 cpu=0
[    0.821292] bad_dst_dbg page_alloc pcp_free page=ffffea00000fc9c0 pfn=3f27 mt=1 pcp_count=24 pcp_high=90 zone=DMA32 cpu=0
[    0.821603] bad_dst_dbg page_alloc pcp_free page=ffffea00000fca00 pfn=3f28 mt=1 pcp_count=25 pcp_high=90 zone=DMA32 cpu=0
[    0.821985] bad_dst_dbg page_alloc pcp_free page=ffffea00000fca40 pfn=3f29 mt=1 pcp_count=26 pcp_high=90 zone=DMA32 cpu=0
[    0.822307] bad_dst_dbg page_alloc pcp_free page=ffffea00000fca80 pfn=3f2a mt=1 pcp_count=27 pcp_high=90 zone=DMA32 cpu=0
[    0.822634] bad_dst_dbg page_alloc pcp_free page=ffffea00000fcac0 pfn=3f2b mt=1 pcp_count=28 pcp_high=90 zone=DMA32 cpu=0
[    0.822982] bad_dst_dbg page_alloc pcp_free page=ffffea00000fcb00 pfn=3f2c mt=1 pcp_count=29 pcp_high=90 zone=DMA32 cpu=0
[    0.823414] Freeing SMP alternatives memory: 60K
[    0.969340] random: fast init done
[    1.086951] smpboot: CPU0: AMD QEMU Virtual CPU version 2.5+ (family: 0xf, model: 0x6b, stepping: 0x1)
[    1.102442] Performance Events: PMU not available due to virtualization, using software events only.
[    1.108464] rcu: Hierarchical SRCU implementation.
[    1.126471] NMI watchdog: Perf NMI watchdog permanently disabled
[    1.136359] smp: Bringing up secondary CPUs ...
[    1.146470] x86: Booting SMP configuration:
[    1.146726] .... node  #0, CPUs:      #1
[    1.229591] smp: Brought up 1 node, 2 CPUs
[    1.230457] smpboot: Max logical packages: 1
[    1.231055] smpboot: Total of 2 processors activated (9189.53 BogoMIPS)
[    1.271158] node 0 deferred pages initialised in 22ms
[    1.295073] devtmpfs: initialized
[    1.304443] x86/mm: Memory block size: 128MB
[    1.323208] clocksource: jiffies: mask: 0xffffffff max_cycles: 0xffffffff, max_idle_ns: 1911260446275000 ns
[    1.324203] futex hash table entries: 512 (order: 3, 32768 bytes, linear)
[    1.337441] PM: RTC time: 09:04:36, date: 2026-05-26
[    1.357177] NET: Registered protocol family 16
[    1.366717] DMA: preallocated 128 KiB GFP_KERNEL pool for atomic allocations
[    1.367366] DMA: preallocated 128 KiB GFP_KERNEL|GFP_DMA pool for atomic allocations
[    1.367731] DMA: preallocated 128 KiB GFP_KERNEL|GFP_DMA32 pool for atomic allocations
[    1.369243] audit: initializing netlink subsys (disabled)
[    1.375081] audit: type=2000 audit(1779786275.660:1): state=initialized audit_enabled=0 res=1
[    1.381558] thermal_sys: Registered thermal governor 'step_wise'
[    1.381671] thermal_sys: Registered thermal governor 'user_space'
[    1.383086] cpuidle: using governor ladder
[    1.383778] cpuidle: using governor menu
[    1.386578] ACPI: bus type PCI registered
[    1.387015] acpiphp: ACPI Hot Plug PCI Controller Driver version: 0.5
[    1.392765] PCI: Using configuration type 1 for base access
[    1.398585] mtrr: your CPUs had inconsistent fixed MTRR settings
[    1.398852] mtrr: your CPUs had inconsistent variable MTRR settings
[    1.399023] mtrr: your CPUs had inconsistent MTRRdefType settings
[    1.399265] mtrr: probably your BIOS does not setup all CPUs.
[    1.399452] mtrr: corrected configuration.
[    1.453292] Kprobes globally optimized
[    1.462294] HugeTLB registered 2.00 MiB page size, pre-allocated 0 pages
[    1.487479] cryptd: max_cpu_qlen set to 1000
[    1.536834] raid6: sse2x4   gen()   675 MB/s
[    1.553843] raid6: sse2x4   xor()   408 MB/s
[    1.570765] raid6: sse2x2   gen()   745 MB/s
[    1.587795] raid6: sse2x2   xor()   404 MB/s
[    1.604832] raid6: sse2x1   gen()   714 MB/s
[    1.621814] raid6: sse2x1   xor()   364 MB/s
[    1.622080] raid6: using algorithm sse2x2 gen() 745 MB/s
[    1.622324] raid6: .... xor() 404 MB/s, rmw enabled
[    1.622841] raid6: using intx1 recovery algorithm
[    1.624834] ACPI: Added _OSI(Module Device)
[    1.625103] ACPI: Added _OSI(Processor Device)
[    1.625268] ACPI: Added _OSI(3.0 _SCP Extensions)
[    1.625422] ACPI: Added _OSI(Processor Aggregator Device)
[    1.626014] ACPI: Added _OSI(Linux-Dell-Video)
[    1.626193] ACPI: Added _OSI(Linux-Lenovo-NV-HDMI-Audio)
[    1.626366] ACPI: Added _OSI(Linux-HPI-Hybrid-Graphics)
[    1.664104] ACPI: 1 ACPI AML tables successfully acquired and loaded
[    1.702223] ACPI: Interpreter enabled
[    1.704734] ACPI: (supports S0 S3 S5)
[    1.705051] ACPI: Using IOAPIC for interrupt routing
[    1.706476] PCI: Using host bridge windows from ACPI; if necessary, use "pci=nocrs" and report a bug
[    1.709951] ACPI: Enabled 2 GPEs in block 00 to 0F
[    1.813951] ACPI: PCI Root Bridge [PCI0] (domain 0000 [bus 00-ff])
[    1.816302] acpi PNP0A03:00: _OSC: OS supports [ASPM ClockPM Segments MSI HPX-Type3]
[    1.818502] acpi PNP0A03:00: fail to add MMCONFIG information, can't access extended PCI configuration space under this bridge.
[    1.828639] acpiphp: Slot [3] registered
[    1.829403] acpiphp: Slot [4] registered
[    1.829880] acpiphp: Slot [5] registered
[    1.830297] acpiphp: Slot [6] registered
[    1.830699] acpiphp: Slot [7] registered
[    1.831345] acpiphp: Slot [8] registered
[    1.831757] acpiphp: Slot [9] registered
[    1.832416] acpiphp: Slot [10] registered
[    1.832854] acpiphp: Slot [11] registered
[    1.833284] acpiphp: Slot [12] registered
[    1.833722] acpiphp: Slot [13] registered
[    1.834286] acpiphp: Slot [14] registered
[    1.834704] acpiphp: Slot [15] registered
[    1.835348] acpiphp: Slot [16] registered
[    1.835774] acpiphp: Slot [17] registered
[    1.836248] acpiphp: Slot [18] registered
[    1.836660] acpiphp: Slot [19] registered
[    1.837208] acpiphp: Slot [20] registered
[    1.837635] acpiphp: Slot [21] registered
[    1.838217] acpiphp: Slot [22] registered
[    1.838664] acpiphp: Slot [23] registered
[    1.839191] acpiphp: Slot [24] registered
[    1.839629] acpiphp: Slot [25] registered
[    1.840213] acpiphp: Slot [26] registered
[    1.840613] acpiphp: Slot [27] registered
[    1.841202] acpiphp: Slot [28] registered
[    1.841632] acpiphp: Slot [29] registered
[    1.842296] acpiphp: Slot [30] registered
[    1.842748] acpiphp: Slot [31] registered
[    1.843682] PCI host bridge to bus 0000:00
[    1.844579] pci_bus 0000:00: root bus resource [io  0x0000-0x0cf7 window]
[    1.844928] pci_bus 0000:00: root bus resource [io  0x0d00-0xffff window]
[    1.845334] pci_bus 0000:00: root bus resource [mem 0x000a0000-0x000bffff window]
[    1.845584] pci_bus 0000:00: root bus resource [mem 0x40000000-0xfebfffff window]
[    1.845840] pci_bus 0000:00: root bus resource [mem 0x100000000-0x17fffffff window]
[    1.846357] pci_bus 0000:00: root bus resource [bus 00-ff]
[    1.849245] pci 0000:00:00.0: [8086:1237] type 00 class 0x060000
[    1.860086] pci 0000:00:01.0: [8086:7000] type 00 class 0x060100
[    1.862507] pci 0000:00:01.1: [8086:7010] type 00 class 0x010180
[    1.865385] pci 0000:00:01.1: reg 0x20: [io  0xc000-0xc00f]
[    1.866087] pci 0000:00:01.1: legacy IDE quirk: reg 0x10: [io  0x01f0-0x01f7]
[    1.866436] pci 0000:00:01.1: legacy IDE quirk: reg 0x14: [io  0x03f6]
[    1.868262] pci 0000:00:01.1: legacy IDE quirk: reg 0x18: [io  0x0170-0x0177]
[    1.868548] pci 0000:00:01.1: legacy IDE quirk: reg 0x1c: [io  0x0376]
[    1.871716] pci 0000:00:01.3: [8086:7113] type 00 class 0x068000
[    1.873467] pci 0000:00:01.3: quirk: [io  0x0600-0x063f] claimed by PIIX4 ACPI
[    1.873880] pci 0000:00:01.3: quirk: [io  0x0700-0x070f] claimed by PIIX4 SMB
[    1.876115] pci 0000:00:02.0: [1234:1111] type 00 class 0x030000
[    1.876783] pci 0000:00:02.0: reg 0x10: [mem 0xfd000000-0xfdffffff pref]
[    1.878951] pci 0000:00:02.0: reg 0x18: [mem 0xfebf0000-0xfebf0fff]
[    1.881730] pci 0000:00:02.0: reg 0x30: [mem 0xfebe0000-0xfebeffff pref]
[    1.893705] ACPI: PCI Interrupt Link [LNKA] (IRQs 5 *10 11)
[    1.895856] ACPI: PCI Interrupt Link [LNKB] (IRQs 5 *10 11)
[    1.897399] ACPI: PCI Interrupt Link [LNKC] (IRQs 5 10 *11)
[    1.898754] ACPI: PCI Interrupt Link [LNKD] (IRQs 5 10 *11)
[    1.899449] ACPI: PCI Interrupt Link [LNKS] (IRQs *9)
[    1.912319] iommu: Default domain type: Translated 
[    1.917184] SCSI subsystem initialized
[    1.922231] pps_core: LinuxPPS API ver. 1 registered
[    1.922437] pps_core: Software ver. 5.3.6 - Copyright 2005-2007 Rodolfo Giometti <giometti@linux.it>
[    1.923001] PTP clock support registered
[    1.947153] PCI: Using ACPI for IRQ routing
[    1.952214] hpet: 3 channels of 0 reserved for per-cpu timers
[    1.953215] hpet0: at MMIO 0xfed00000, IRQs 2, 8, 0
[    1.953584] hpet0: 3 comparators, 64-bit 100.000000 MHz counter
[    1.962798] clocksource: Switched to clocksource hpet
[    3.918145] VFS: Disk quotas dquot_6.6.0
[    3.918806] VFS: Dquot-cache hash table entries: 512 (order 0, 4096 bytes)
[    3.922671] FS-Cache: Loaded
[    3.933871] CacheFiles: Loaded
[    3.939182] AppArmor: AppArmor Filesystem Enabled
[    3.941752] pnp: PnP ACPI init
[    3.954971] pnp: PnP ACPI: found 6 devices
[    4.044482] NET: Registered protocol family 2
[    4.047920] IP idents hash table entries: 16384 (order: 5, 131072 bytes, linear)
[    4.074840] tcp_listen_portaddr_hash hash table entries: 512 (order: 1, 8192 bytes, linear)
[    4.075606] TCP established hash table entries: 8192 (order: 4, 65536 bytes, linear)
[    4.076423] TCP bind hash table entries: 8192 (order: 5, 131072 bytes, linear)
[    4.077136] TCP: Hash tables configured (established 8192 bind 8192)
[    4.080689] UDP hash table entries: 512 (order: 2, 16384 bytes, linear)
[    4.081522] UDP-Lite hash table entries: 512 (order: 2, 16384 bytes, linear)
[    4.085567] NET: Registered protocol family 1
[    4.094269] RPC: Registered named UNIX socket transport module.
[    4.094600] RPC: Registered udp transport module.
[    4.094791] RPC: Registered tcp transport module.
[    4.094953] RPC: Registered tcp NFSv4.1 backchannel transport module.
[    4.095518] NET: Registered protocol family 44
[    4.097944] pci_bus 0000:00: resource 4 [io  0x0000-0x0cf7 window]
[    4.098334] pci_bus 0000:00: resource 5 [io  0x0d00-0xffff window]
[    4.098542] pci_bus 0000:00: resource 6 [mem 0x000a0000-0x000bffff window]
[    4.098768] pci_bus 0000:00: resource 7 [mem 0x40000000-0xfebfffff window]
[    4.099011] pci_bus 0000:00: resource 8 [mem 0x100000000-0x17fffffff window]
[    4.101329] pci 0000:00:01.0: PIIX3: Enabling Passive Release
[    4.101814] pci 0000:00:00.0: Limiting direct PCI/PCI transfers
[    4.102386] pci 0000:00:01.0: Activating ISA DMA hang workarounds
[    4.103262] pci 0000:00:02.0: Video device with shadowed ROM at [mem 0x000c0000-0x000dffff]
[    4.103643] PCI: CLS 0 bytes, default 64
[    4.115702] Trying to unpack rootfs image as initramfs...
[    4.374210] Freeing initrd memory: 1692K
[    4.376892] kvm: no hardware support
[    4.382395] kvm: Nested Virtualization enabled
[    4.383142] SVM: kvm: Nested Paging disabled
[    4.397629] check: Scanning for low memory corruption every 60 seconds
[    4.409195] Initialise system trusted keyrings
[    4.414802] Key type blacklist registered
[    4.417396] workingset: timestamp_bits=40 max_order=18 bucket_order=0
[    4.455746] squashfs: version 4.0 (2009/01/31) Phillip Lougher
[    4.460326] FS-Cache: Netfs 'nfs' registered for caching
[    4.465545] NFS: Registering the id_resolver key type
[    4.466334] Key type id_resolver registered
[    4.466511] Key type id_legacy registered
[    4.467737] nfs4filelayout_init: NFSv4 File Layout Driver Registering...
[    4.468888] nfs4flexfilelayout_init: NFSv4 Flexfile Layout Driver Registering...
[    4.469335] Installing knfsd (copyright (C) 1996 okir@monad.swb.de).
[    4.484546] Key type cifs.spnego registered
[    4.485168] Key type cifs.idmap registered
[    4.485459] ntfs: driver 2.1.32 [Flags: R/O].
[    4.488324] fuse: init (API version 7.32)
[    4.491677] SGI XFS with ACLs, security attributes, quota, no debug enabled
[    4.501881] 9p: Installing v9fs 9p2000 file system support
[    4.506651] integrity: Platform Keyring initialized
[    4.550511] NET: Registered protocol family 38
[    4.551240] xor: measuring software checksum speed
[    4.572215]    prefetch64-sse  :   510 MB/sec
[    4.594983]    generic_sse     :   463 MB/sec
[    4.595447] xor: using function: prefetch64-sse (510 MB/sec)
[    4.595767] Key type asymmetric registered
[    4.596302] Asymmetric key parser 'x509' registered
[    4.596940] Block layer SCSI generic (bsg) driver version 0.4 loaded (major 248)
[    4.598748] io scheduler mq-deadline registered
[    4.599195] io scheduler kyber registered
[    4.600474] io scheduler bfq registered
[    4.611814] input: Power Button as /devices/LNXSYSTM:00/LNXPWRBN:00/input/input0
[    4.622935] bad_dst_dbg slub __slab_free_state cache=kmalloc-256 page=ffffea0000188280 pfn=620a head=ffff88800620a400 cnt=1 prior=0000000000000000 old_inuse=16 new_inuse=15 was_frozen=1 new_frozen=1 objects=16 cpu=0
[    4.624157] bad_dst_dbg slub __slab_free_state cache=kmalloc-256 page=ffffea0000188280 pfn=620a head=ffff88800620af00 cnt=1 prior=ffff88800620a400 old_inuse=15 new_inuse=14 was_frozen=1 new_frozen=1 objects=16 cpu=0
[    4.624721] ACPI: Power Button [PWRF]
[    4.636167] Serial: 8250/16550 driver, 4 ports, IRQ sharing disabled
[    4.641250] 00:04: ttyS0 at I/O 0x3f8 (irq = 4, base_baud = 115200) is a 16550A
[    4.653315] Non-volatile memory driver v1.3
[    4.655331] AMD-Vi: AMD IOMMUv2 functionality not available on this system - This is not a bug.
[    4.740971] brd: module loaded
[    4.829448] loop: module loaded
[    4.834500] zram: Added device: zram0
[    4.835500] Guest personality initialized and is inactive
[    4.838261] VMCI host device registered (name=vmci, major=10, minor=62)
[    4.838576] Initialized host personality
[    4.840380] Loading iSCSI transport class v2.0-870.
[    4.846377] iscsi: registered transport (tcp)
[    4.847538] VMware PVSCSI driver - version 1.0.7.0-k
[    4.848375] hv_vmbus: registering driver hv_storvsc
[    4.880586] scsi host0: ata_piix
[    4.887927] scsi host1: ata_piix
[    4.889614] ata1: PATA max MWDMA2 cmd 0x1f0 ctl 0x3f6 bmdma 0xc000 irq 14
[    4.890016] ata2: PATA max MWDMA2 cmd 0x170 ctl 0x376 bmdma 0xc008 irq 15
[    4.906469] Rounding down aligned max_sectors from 4294967295 to 4294967288
[    4.909784] db_root: cannot open: /etc/target
[    4.957296] wireguard: WireGuard 1.0.0 loaded. See www.wireguard.com for information.
[    4.957589] wireguard: Copyright (C) 2015-2019 Jason A. Donenfeld <Jason@zx2c4.com>. All Rights Reserved.
[    4.969868] tun: Universal TUN/TAP device driver, 1.6
[    4.974602] ixgbevf: Intel(R) 10 Gigabit PCI Express Virtual Function Network Driver
[    4.974945] ixgbevf: Copyright (c) 2009 - 2018 Intel Corporation.
[    4.976849] PPP generic driver version 2.4.2
[    4.978459] VMware vmxnet3 virtual NIC driver - version 1.5.0.0-k-NAPI
[    4.979226] hv_vmbus: registering driver hv_netvsc
[    4.981617] VFIO - User Level meta-driver version: 0.3
[    4.987157] i8042: PNP: PS/2 Controller [PNP0303:KBD,PNP0f13:MOU] at 0x60,0x64 irq 1,12
[    4.995611] serio: i8042 KBD port at 0x60,0x64 irq 1
[    4.997525] serio: i8042 AUX port at 0x60,0x64 irq 12
[    4.999220] hv_vmbus: registering driver hyperv_keyboard
[    5.006633] rtc_cmos 00:05: RTC can wake from S4
[    5.008796] input: AT Translated Set 2 keyboard as /devices/platform/i8042/serio0/input/input1
[    5.016812] rtc_cmos 00:05: registered as rtc0
[    5.018736] rtc_cmos 00:05: alarms up to one day, y3k, 242 bytes nvram, hpet irqs
[    5.019779] iTCO_wdt: Intel TCO WatchDog Timer Driver v1.11
[    5.020267] iTCO_vendor_support: vendor-support=0
[    5.030185] device-mapper: ioctl: 4.43.0-ioctl (2020-10-01) initialised: dm-devel@redhat.com
[    5.035535] device-mapper: multipath round-robin: version 1.2.0 loaded
[    5.035905] device-mapper: multipath queue-length: version 0.2.0 loaded
[    5.036392] device-mapper: multipath service-time: version 0.3.0 loaded
[    5.036668] device-mapper: multipath historical-service-time: version 0.1.1 loaded
[    5.038815] device-mapper: raid: Loading target version 1.15.1
[    5.049577] hv_utils: Registering HyperV Utility Driver
[    5.049872] hv_vmbus: registering driver hv_utils
[    5.050228] hv_vmbus: registering driver hv_balloon
[    5.053010] GACT probability NOT on
[    5.053942] Mirror/redirect action on
[    5.057426] netem: version 1.3
[    5.058471] u32 classifier
[    5.058713]     input device check on
[    5.058879]     Actions configured
[    5.070407] bad_dst_dbg slub __slab_free_state cache=kmalloc-256 page=ffffea0000198bc0 pfn=662f head=ffff88800662fc00 cnt=5 prior=0000000000000000 old_inuse=16 new_inuse=11 was_frozen=0 new_frozen=1 objects=16 cpu=0
[    5.071432] bad_dst_dbg slub put_cpu_partial cache=kmalloc-256 page=ffffea0000198bc0 pfn=662f drain=1 pages=1 pobjects=5 inuse=11 objects=16 cpu=0
[    5.072110] bad_dst_dbg slub __slab_free_state cache=kmalloc-256 page=ffffea00001987c0 pfn=661f head=ffff88800661f000 cnt=1 prior=0000000000000000 old_inuse=16 new_inuse=15 was_frozen=0 new_frozen=1 objects=16 cpu=0
[    5.072832] bad_dst_dbg slub put_cpu_partial cache=kmalloc-256 page=ffffea00001987c0 pfn=661f drain=1 pages=2 pobjects=6 inuse=15 objects=16 cpu=0
[    5.076345] ata2.00: ATAPI: QEMU DVD-ROM, 2.5+, max UDMA/100
[    5.085697] xt_time: kernel timezone is -0000
[    5.087860] IPVS: Registered protocols (TCP, UDP, SCTP, AH, ESP)
[    5.088793] IPVS: Connection hash table configured (size=4096, memory=64Kbytes)
[    5.092191] bad_dst_dbg slub __slab_free_state cache=kmalloc-256 page=ffffea0000198bc0 pfn=662f head=ffff88800662f000 cnt=2 prior=0000000000000000 old_inuse=16 new_inuse=14 was_frozen=0 new_frozen=1 objects=16 cpu=0
[    5.092748] bad_dst_dbg slub put_cpu_partial cache=kmalloc-256 page=ffffea0000198bc0 pfn=662f drain=1 pages=1 pobjects=2 inuse=14 objects=16 cpu=0
[    5.093230] bad_dst_dbg slub __slab_free_state cache=kmalloc-256 page=ffffea00001987c0 pfn=661f head=ffff88800661f000 cnt=1 prior=0000000000000000 old_inuse=16 new_inuse=15 was_frozen=0 new_frozen=1 objects=16 cpu=0
[    5.093753] bad_dst_dbg slub put_cpu_partial cache=kmalloc-256 page=ffffea00001987c0 pfn=661f drain=1 pages=2 pobjects=3 inuse=15 objects=16 cpu=0
[    5.094228] bad_dst_dbg slub __slab_free_state cache=kmalloc-256 page=ffffea0000199b00 pfn=666c head=ffff88800666c700 cnt=5 prior=0000000000000000 old_inuse=16 new_inuse=11 was_frozen=0 new_frozen=1 objects=16 cpu=0
[    5.094773] bad_dst_dbg slub put_cpu_partial cache=kmalloc-256 page=ffffea0000199b00 pfn=666c drain=1 pages=3 pobjects=8 inuse=11 objects=16 cpu=0
[    5.095655] IPVS: ipvs loaded.
[    5.096157] IPVS: [rr] scheduler registered.
[    5.096389] IPVS: [wrr] scheduler registered.
[    5.096562] IPVS: [lc] scheduler registered.
[    5.096750] IPVS: [wlc] scheduler registered.
[    5.096904] IPVS: [fo] scheduler registered.
[    5.097220] IPVS: [ovf] scheduler registered.
[    5.097717] IPVS: [lblc] scheduler registered.
[    5.098257] IPVS: [lblcr] scheduler registered.
[    5.098461] IPVS: [dh] scheduler registered.
[    5.098620] IPVS: [sh] scheduler registered.
[    5.098790] IPVS: [sed] scheduler registered.
[    5.098945] IPVS: [nq] scheduler registered.
[    5.100299] IPVS: ftp: loaded support on port[0] = 21
[    5.100691] IPVS: [sip] pe registered.
[    5.101696] ipip: IPv4 and MPLS over IPv4 tunneling driver
[    5.107372] gre: GRE over IPv4 demultiplexor driver
[    5.107658] ip_gre: GRE over IPv4 tunneling driver
[    5.121028] scsi 1:0:0:0: CD-ROM            QEMU     QEMU DVD-ROM     2.5+ PQ: 0 ANSI: 5
[    5.127908] ipt_CLUSTERIP: ClusterIP Version 0.8 loaded successfully
[    5.134447] Initializing XFRM netlink socket
[    5.135439] IPsec XFRM device driver
[    5.139452] NET: Registered protocol family 10
[    5.154683] sr 1:0:0:0: [sr0] scsi3-mmc drive: 4x/4x cd/rw xa/form2 tray
[    5.155627] cdrom: Uniform CD-ROM driver Revision: 3.20
[    5.163860] Segment Routing with IPv6
[    5.179890] ip6_gre: GRE over IPv6 tunneling driver
[    5.185375] NET: Registered protocol family 17
[    5.186563] NET: Registered protocol family 15
[    5.188911] Bridge firewalling registered
[    5.188966] bad_dst_dbg slub __slab_free_state cache=kmalloc-256 page=ffffea00001979c0 pfn=65e7 head=ffff8880065e7100 cnt=1 prior=0000000000000000 old_inuse=16 new_inuse=15 was_frozen=0 new_frozen=1 objects=16 cpu=0
[    5.189346] bad_dst_dbg slub put_cpu_partial cache=kmalloc-256 page=ffffea00001979c0 pfn=65e7 drain=1 pages=1 pobjects=1 inuse=15 objects=16 cpu=0
[    5.191553] bad_dst_dbg slub __slab_free_state cache=kmalloc-256 page=ffffea000019cf40 pfn=673d head=ffff88800673d700 cnt=1 prior=0000000000000000 old_inuse=16 new_inuse=15 was_frozen=1 new_frozen=1 objects=16 cpu=1
[    5.197731] RPC: Registered rdma transport module.
[    5.198007] RPC: Registered rdma backchannel transport module.
[    5.199544] 8021q: 802.1Q VLAN Support v1.8
[    5.202540] 9pnet: Installing 9P2000 support
[    5.203498] Key type dns_resolver registered
[    5.205439] NET: Registered protocol family 40
[    5.213308] IPI shorthand broadcast: enabled
[    5.216279] registered taskstats version 1
[    5.216710] Loading compiled-in X.509 certificates
[    5.266576] Loaded X.509 cert 'Build time autogenerated kernel key: 4504323df522a808911f4e0c6cd5fa52b82306a3'
[    5.270195] AppArmor: AppArmor sha1 policy hashing enabled
[    5.271791] ima: No TPM chip found, activating TPM-bypass!
[    5.272390] ima: Allocated hash algorithm: sha256
[    5.277868] ima: No architecture policies found
[    5.286797] PM:   Magic number: 10:414:71
[    5.290779] Unstable clock detected, switching default tracing clock to "global"
[    5.290779] If you want to keep using the local clock, then add:
[    5.290779]   "trace_clock=local"
[    5.290779] on the kernel command line
[    5.305707] integrity: Unable to open file: /etc/ima/pubkey.x509 (-2)
[    5.334656] Freeing unused decrypted memory: 2036K
[    5.506802] Freeing unused kernel image (initmem) memory: 1904K
[    5.507743] Write protecting the kernel read-only data: 36864k
[    5.517924] Freeing unused kernel image (text/rodata gap) memory: 2024K
[    5.521437] Freeing unused kernel image (rodata/data gap) memory: 916K
[    5.522415] Run /init as init process
[    5.716526] rmqueue_pcplist: 4416 callbacks suppressed
[    5.716674] bad_dst_dbg page_alloc pcp_alloc page=ffffea00001a0040 pfn=6801 mt=0 pcp_count=341 zone=DMA32 cpu=0
[    5.723214] bad_dst_dbg page_alloc pcp_alloc page=ffffea00001a0040 pfn=6801 mt=0 pcp_count=357 zone=DMA32 cpu=0
[    5.723583] bad_dst_dbg page_alloc pcp_alloc page=ffffea000019fe80 pfn=67fa mt=0 pcp_count=356 zone=DMA32 cpu=0
[    5.724689] bad_dst_dbg page_alloc pcp_alloc page=ffffea000019ff80 pfn=67fe mt=0 pcp_count=357 zone=DMA32 cpu=0
[    5.725197] bad_dst_dbg page_alloc pcp_alloc page=ffffea000019ff40 pfn=67fd mt=0 pcp_count=356 zone=DMA32 cpu=0
[    5.725553] bad_dst_dbg page_alloc pcp_alloc page=ffffea0000fff740 pfn=3ffdd mt=1 pcp_count=355 zone=DMA32 cpu=0
[    5.725913] bad_dst_dbg page_alloc pcp_alloc page=ffffea00001a1a40 pfn=6869 mt=0 pcp_count=354 zone=DMA32 cpu=0
[    5.727314] bad_dst_dbg page_alloc pcp_alloc page=ffffea00001a1a80 pfn=686a mt=0 pcp_count=353 zone=DMA32 cpu=0
[    5.737170] bad_dst_dbg page_alloc pcp_alloc page=ffffea0000fff700 pfn=3ffdc mt=1 pcp_count=352 zone=DMA32 cpu=0
[    5.737741] bad_dst_dbg page_alloc pcp_alloc page=ffffea0000fff780 pfn=3ffde mt=1 pcp_count=351 zone=DMA32 cpu=0
[    5.823934] free_unref_page_commit: 2519 callbacks suppressed
[    5.824036] bad_dst_dbg page_alloc pcp_free page=ffffea00001a1700 pfn=685c mt=0 pcp_count=356 pcp_high=378 zone=DMA32 cpu=0
[    5.824036] bad_dst_dbg page_alloc pcp_free page=ffffea00001a1780 pfn=685e mt=0 pcp_count=357 pcp_high=378 zone=DMA32 cpu=0
[    5.824036] bad_dst_dbg page_alloc pcp_free page=ffffea00001a1740 pfn=685d mt=0 pcp_count=358 pcp_high=378 zone=DMA32 cpu=0
[    5.824036] bad_dst_dbg page_alloc pcp_free page=ffffea00001a1680 pfn=685a mt=0 pcp_count=359 pcp_high=378 zone=DMA32 cpu=0
[    5.824036] bad_dst_dbg page_alloc pcp_free page=ffffea00001a16c0 pfn=685b mt=0 pcp_count=360 pcp_high=378 zone=DMA32 cpu=0
[    5.824036] bad_dst_dbg page_alloc pcp_free page=ffffea00001a2100 pfn=6884 mt=0 pcp_count=361 pcp_high=378 zone=DMA32 cpu=0
[    5.824036] bad_dst_dbg page_alloc pcp_free page=ffffea00001a2140 pfn=6885 mt=0 pcp_count=362 pcp_high=378 zone=DMA32 cpu=0
[    5.824036] bad_dst_dbg page_alloc pcp_free page=ffffea00001a2180 pfn=6886 mt=0 pcp_count=363 pcp_high=378 zone=DMA32 cpu=0
[    5.824036] bad_dst_dbg page_alloc pcp_free page=ffffea00000cfcc0 pfn=33f3 mt=1 pcp_count=364 pcp_high=378 zone=DMA32 cpu=0
[    5.824036] bad_dst_dbg page_alloc pcp_free page=ffffea0000fff640 pfn=3ffd9 mt=1 pcp_count=365 pcp_high=378 zone=DMA32 cpu=0
[    5.845426] bad_dst_dbg slub __slab_free_state cache=kmalloc-256 page=ffffea000019cf40 pfn=673d head=ffff88800673d700 cnt=1 prior=0000000000000000 old_inuse=16 new_inuse=15 was_frozen=0 new_frozen=1 objects=16 cpu=0
[    5.846226] bad_dst_dbg slub put_cpu_partial cache=kmalloc-256 page=ffffea000019cf40 pfn=673d drain=1 pages=1 pobjects=1 inuse=15 objects=16 cpu=0
[    6.026326] bad_dst_dbg slub put_cpu_partial cache=kmalloc-256 page=ffffea00001979c0 pfn=65e7 drain=1 pages=1 pobjects=1 inuse=15 objects=16 cpu=0
[    6.064779] bad_dst_dbg slub put_cpu_partial cache=kmalloc-256 page=ffffea000019cf40 pfn=673d drain=1 pages=1 pobjects=1 inuse=15 objects=16 cpu=0
testvm busybox initrd ready
+ mkdir -p /dev/binderfs
+ mount -t binder binder /dev/binderfs
+ ln -sf /dev/binderfs/binder /dev/binder
+ ln -sf /dev/binderfs/hwbinder /dev/hwbinder
+ ln -sf /dev/binderfs/vndbinder /dev/vndbinder
+ exec /badnode
Starting static exploit...
root payload: local shell
[    6.223666] binder: 153:153 node 1 u0000000000000000 c0000000000000000 created
[    6.244652] bad_dst_dbg slub put_cpu_partial cache=kmalloc-256 page=ffffea00001979c0 pfn=65e7 drain=1 pages=1 pobjects=1 inuse=15 objects=16 cpu=0
[    6.255405] binder: 152:152 BC_TRANSACTION 2 -> 153 - node 1, data 0000000001d3e9a0-0000000001d3f9b0 size 24-8-0
[    6.260250] binder: 152:152 node 3 u0000000000000014 c0000000000000000 created
[    6.261407] binder: 153 new ref 4 desc 1 for node 3
[    6.262403] binder:         node 3 u0000000000000014 -> ref 4 desc 1
[    6.265851] binder: 153:153 BR_TRANSACTION 2 152:152, cmd -2143260158 size 24-8 ptr 00007f15865e0000-00007f15865e0018
[    6.271628] binder: 153:153 BC_REPLY 5 -> 152:152, data 0000000001d3e980-0000000000000000 size 0-0-0
[    6.274364] binder: 152:152 BR_REPLY 5 0:0, cmd -2143260157 size 0-0 ptr 00007f15865e0000-00007f15865e0000
[    6.274590] binder: 153 buffer release 2, size 24-8, failed at 0
[    6.275741] binder:         ref 4 desc 1
[    6.278951] binder: 156:156 BC_TRANSACTION 6 -> 153 - node 1, data 0000000001d3e9a0-0000000000000000 size 0-0-0
[    6.280156] binder: 153:153 BR_TRANSACTION 6 156:156, cmd -2143260158 size 0-0 ptr 00007f15865e0000-00007f15865e0000
[    6.281254] binder: 153:153 BC_REPLY 7 -> 156:156, data 0000000001d3e980-0000000001d3f990 size 24-8-0
[    6.282401] binder: 156 new ref 8 desc 1 for node 3
[    6.282749] binder:         ref 4 desc 1 -> ref 8 desc 1 (node 3)
[    6.283264] binder: 153 buffer release 6, size 0-0, failed at 0
[    6.283583] binder: 156:156 BR_REPLY 7 0:0, cmd -2143260157 size 24-8 ptr 00007f15865e0000-00007f15865e0018
[    6.284492] binder: 156 buffer release 7, size 24-8, failed at 0
[    6.284733] binder:         ref 8 desc 1
[    6.285653] binder: 156:156 BC_TRANSACTION 9 -> 152 - node 3, data 0000000001d3e9a0-0000000001d3f9b0 size 24-8-0
[    6.286358] binder: 156:156 node 10 u0000000000000028 c0000000069696969 created
[    6.286609] binder: 152 new ref 11 desc 1 for node 10
[    6.286797] binder:         node 10 u0000000000000028 -> ref 11 desc 1
[    6.287999] binder: 152:152 BR_TRANSACTION 9 0:0, cmd -2143260158 size 24-8 ptr 00007f15865e0008-00007f15865e0020
[    6.289228] binder: 152 buffer release 9, size 24-8, failed at 0
[    6.289471] binder:         ref 11 desc 1
[    6.292740] binder: 154:154 BC_TRANSACTION 12 -> 153 - node 1, data 0000000001d3e9a0-0000000000000000 size 0-0-0
[    6.293510] binder: 153:153 BR_TRANSACTION 12 154:154, cmd -2143260158 size 0-0 ptr 00007f15865e0000-00007f15865e0000
[    6.294213] binder: 153:153 BC_REPLY 13 -> 154:154, data 0000000001d3e980-0000000001d3f990 size 24-8-0
[    6.294589] binder: 154 new ref 14 desc 1 for node 3
[    6.294775] binder:         ref 4 desc 1 -> ref 14 desc 1 (node 3)
[    6.295245] binder: 153 buffer release 12, size 0-0, failed at 0
[    6.295570] binder: 154:154 BR_REPLY 13 0:0, cmd -2143260157 size 24-8 ptr 00007f15865e0000-00007f15865e0018
[    6.296481] binder: 154 buffer release 13, size 24-8, failed at 0
[    6.296756] binder:         ref 14 desc 1
[    6.297330] binder: 154:154 BC_TRANSACTION 15 -> 152 - node 3, data 0000000001d3e9a0-0000000001d3f9b0 size 24-8-0
[    6.297775] binder: 154:154 node 16 u0000000000000028 c0000000069696969 created
[    6.298499] binder: 152 new ref 17 desc 2 for node 16
[    6.298701] binder:         node 16 u0000000000000028 -> ref 17 desc 2
[    6.299555] binder: 152:152 BR_TRANSACTION 15 0:0, cmd -2143260158 size 24-8 ptr 00007f15865e0008-00007f15865e0020
[    6.300226] binder: 152 buffer release 15, size 24-8, failed at 0
[    6.300463] binder:         ref 17 desc 2
Opened file descriptors...
[    6.308451] binder: 156:156 BC_TRANSACTION 18 -> 152 - node 3, data 0000000001d3e9a0-0000000000000000 size 0-0-0
[    6.309815] binder: 152:152 BR_TRANSACTION 18 156:156, cmd -2143260158 size 0-0 ptr 00007f15865e0008-00007f15865e0008
[    6.310727] binder: 152:152 BC_REPLY 19 -> 156:156, data 0000000001d3e9a0-0000000000000000 size 0-0-0
[    6.311368] binder: 156:156 BR_REPLY 19 0:0, cmd -2143260157 size 0-0 ptr 00007f15865e0000-00007f15865e0000
[    6.312913] binder: 156:156 BC_TRANSACTION 20 -> 152 - node 3, data 0000000001d3e9a0-0000000000000000 size 0-0-0
[    6.313877] binder: 152:152 BC_REPLY 21 -> 156:156, data 0000000001d3e9a0-0000000000000000 size 0-0-0
[    6.315477] binder: 156:156 BC_TRANSACTION 22 -> 152 - node 3, data 0000000001d3e9a0-0000000000000000 size 0-0-0
[    6.316327] binder: 152:152 BC_REPLY 23 -> 156:156, data 0000000001d3e9a0-0000000000000000 size 0-0-0
[    6.317576] binder: 156:156 BC_TRANSACTION 24 -> 152 - node 3, data 0000000001d3e9a0-0000000000000000 size 0-0-0
[    6.318561] binder: 152:152 BC_REPLY 25 -> 156:156, data 0000000001d3e9a0-0000000000000000 size 0-0-0
[    6.319762] binder: 156:156 BC_TRANSACTION 26 -> 152 - node 3, data 0000000001d3e9a0-0000000000000000 size 0-0-0
[    6.320677] binder: 152:152 BC_REPLY 27 -> 156:156, data 0000000001d3e9a0-0000000000000000 size 0-0-0
[    6.322394] binder: 152:152 BC_REPLY 29 -> 156:156, data 0000000001d3e9a0-0000000000000000 size 0-0-0
[    6.323955] binder: 152:152 BC_REPLY 31 -> 156:156, data 0000000001d3e9a0-0000000000000000 size 0-0-0
Allocated from b[    6.355588] binder: 152 buffer release 18, size 0-0, failed at 0
inder allocator...
[    6.356247] binder: 152 buffer release 22, size 0-0, failed at 0
[    6.356493] binder: 152 buffer release 26, size 0-0, failed at 0
Created gaps in binder allocator...
[    6.361821] binder: 155 new ref 84 desc 1 for node 3
[    6.362201] binder:         ref 4 desc 1 -> ref 84 desc 1 (node 3)
[    6.362887] binder:         ref 84 desc 1
[    6.363582] binder: 155:155 node 86 u0000000000000028 c0000000069696969 created
[    6.363936] binder: 152 new ref 87 desc 3 for node 86
[    6.364223] binder:         node 86 u0000000000000028 -> ref 87 desc 3
[    6.364840] binder:         ref 87 desc 3
[    6.365612] binder: 152:152 node 89 u0000000000989680 c0000000069696969 created
[    6.366587] binder: 155 new ref 90 desc 2 for node 89
[    6.366834] binder:         node 89 u0000000000989680 -> ref 90 desc 2
[    6.367303] binder: 152:152 node 91 u0000000000989681 c0000000069696969 created
[    6.367578] binder: 155 new ref 92 desc 3 for node 91
[    6.367764] binder:         node 91 u0000000000989681 -> ref 92 desc 3
[    6.367997] binder: 152:152 node 93 u0000000000989682 c0000000069696969 created
[    6.368300] binder: 155 new ref 94 desc 4 for node 93
[    6.368463] binder:         node 93 u0000000000989682 -> ref 94 desc 4
[    6.368683] binder: 152:152 node 95 u0000000000989683 c0000000069696969 created
[    6.368930] binder:         node 95 u0000000000989683 -> ref 96 desc 5
[    6.369891] binder:         ref 90 desc 2
[    6.370274] binder:         ref 92 desc 3
[    6.370461] binder:         ref 94 desc 4
[    6.375616] binder: 155:155 got transaction with invalid offset (72, min 40 max 64) or object.
[    6.376590] binder: 155:155 transaction failed 29201/-22, size 64-16 line 3242
[    6.377404] binder: 155:155 got transaction with invalid offset (72, min 40 max 64) or object.
[    6.377694] binder: 155:155 transaction failed 29201/-22, size 64-16 line 3242
[    6.377966] binder: 155:155 got transaction with invalid offset (72, min 40 max 64) or object.
[    6.378380] binder: 155:155 transaction failed 29201/-22, size 64-16 line 3242
[    6.378699] binder: 155:155 got transaction with invalid offset (72, min 40 max 64) or object.
[    6.378989] binder: 155:155 transaction failed 29201/-22, size 64-16 line 3242
[    6.387276] binder: 155 delete ref 84 desc 1 for node 3
[    6.387782] binder: 155 delete ref 90 desc 2 for node 89
[    6.388156] binder: 155 delete ref 92 desc 3 for node 91
[    6.388333] binder: 155 delete ref 94 desc 4 for node 93
[    6.388491] binder: 155 delete ref 96 desc 5 for node 95
UAF nodes done...
Reclaimed with ep_item...
Could not succeed with cross cache attack
[    7.412601] binder: 152 delete ref 11 desc 1 for node 10
[    7.412906] binder: 152 delete ref 17 desc 2 for node 16
[    7.413260] binder: 152 delete ref 87 desc 3 for node 86
[    7.413749] binder: dead node 86 deleted
qemu-system-x86_64: terminating on signal 15 from pid 280289 (timeout)
