c[?7l[2J[0mSeaBIOS (version rel-1.17.0-0-gb52ca86e094d-prebuilt.qemu.org)
Booting from ROM...
c[?7l[2J[    0.000000] Linux version 5.10.107+ (jack@bd5f2b454abc) (gcc (Ubuntu 10.5.0-1ubuntu1~20.04) 10.5.0, GNU ld (GNU Binutils for Ubuntu) 2.34) #1 SMP PREEMPT Tue May 26 07:46:52 UTC 2026
[    0.000000] Command line: console=ttyS0 rdinit=/init testvm_autorun=/badnode nokaslr panic=-1
[    0.000000] x86/fpu: x87 FPU will use FXSAVE
[    0.000000] BIOS-provided physical RAM map:
[    0.000000] BIOS-e820: [mem 0x0000000000000000-0x000000000009fbff] usable
[    0.000000] BIOS-e820: [mem 0x000000000009fc00-0x000000000009ffff] reserved
[    0.000000] BIOS-e820: [mem 0x00000000000f0000-0x00000000000fffff] reserved
[    0.000000] BIOS-e820: [mem 0x0000000000100000-0x000000003ffdffff] usable
[    0.000000] BIOS-e820: [mem 0x000000003ffe0000-0x000000003fffffff] reserved
[    0.000000] BIOS-e820: [mem 0x00000000fffc0000-0x00000000ffffffff] reserved
[    0.000000] BIOS-e820: [mem 0x000000fd00000000-0x000000ffffffffff] reserved
[    0.000000] NX (Execute Disable) protection: active
[    0.000000] SMBIOS 2.8 present.
[    0.000000] DMI: QEMU Standard PC (i440FX + PIIX, 1996), BIOS rel-1.17.0-0-gb52ca86e094d-prebuilt.qemu.org 04/01/2014
[    0.000000] tsc: Fast TSC calibration using PIT
[    0.000000] tsc: Detected 2304.034 MHz processor
[    0.028056] AGP: No AGP bridge found
[    0.028791] last_pfn = 0x3ffe0 max_arch_pfn = 0x400000000
[    0.032334] x86/PAT: Configuration [0-7]: WB  WC  UC- UC  WB  WP  UC- WT  
[    0.086898] found SMP MP-table at [mem 0x000f54c0-0x000f54cf]
[    0.090934] check: Scanning 1 areas for low memory corruption
[    0.106875] RAMDISK: [mem 0x3fd63000-0x3ffdffff]
[    0.107635] ACPI: Early table checksum verification disabled
[    0.108740] ACPI: RSDP 0x00000000000F52E0 000014 (v00 BOCHS )
[    0.109409] ACPI: RSDT 0x000000003FFE238A 000034 (v01 BOCHS  BXPC     00000001 BXPC 00000001)
[    0.111207] ACPI: FACP 0x000000003FFE2236 000074 (v01 BOCHS  BXPC     00000001 BXPC 00000001)
[    0.112773] ACPI: DSDT 0x000000003FFE0040 0021F6 (v01 BOCHS  BXPC     00000001 BXPC 00000001)
[    0.113055] ACPI: FACS 0x000000003FFE0000 000040
[    0.113258] ACPI: APIC 0x000000003FFE22AA 000080 (v03 BOCHS  BXPC     00000001 BXPC 00000001)
[    0.113369] ACPI: HPET 0x000000003FFE232A 000038 (v01 BOCHS  BXPC     00000001 BXPC 00000001)
[    0.113468] ACPI: WAET 0x000000003FFE2362 000028 (v01 BOCHS  BXPC     00000001 BXPC 00000001)
[    0.113739] ACPI: Reserving FACP table memory at [mem 0x3ffe2236-0x3ffe22a9]
[    0.113838] ACPI: Reserving DSDT table memory at [mem 0x3ffe0040-0x3ffe2235]
[    0.113879] ACPI: Reserving FACS table memory at [mem 0x3ffe0000-0x3ffe003f]
[    0.113915] ACPI: Reserving APIC table memory at [mem 0x3ffe22aa-0x3ffe2329]
[    0.113948] ACPI: Reserving HPET table memory at [mem 0x3ffe232a-0x3ffe2361]
[    0.113981] ACPI: Reserving WAET table memory at [mem 0x3ffe2362-0x3ffe2389]
[    0.120221] No NUMA configuration found
[    0.120375] Faking a node at [mem 0x0000000000000000-0x000000003ffdffff]
[    0.122874] NODE_DATA(0) allocated [mem 0x3fd5e000-0x3fd62fff]
[    0.129732] Zone ranges:
[    0.129925]   DMA      [mem 0x0000000000001000-0x0000000000ffffff]
[    0.130073]   DMA32    [mem 0x0000000001000000-0x000000003ffdffff]
[    0.130126]   Normal   empty
[    0.130189]   Device   empty
[    0.130252] Movable zone start for each node
[    0.130353] Early memory node ranges
[    0.130461]   node   0: [mem 0x0000000000001000-0x000000000009efff]
[    0.130877]   node   0: [mem 0x0000000000100000-0x000000003ffdffff]
[    0.131472] Initmem setup node 0 [mem 0x0000000000001000-0x000000003ffdffff]
[    0.137140] On node 0, zone DMA: 1 pages in unavailable ranges
[    0.138036] On node 0, zone DMA: 97 pages in unavailable ranges
[    0.173414] On node 0, zone DMA32: 32 pages in unavailable ranges
[    0.176169] ACPI: LAPIC_NMI (acpi_id[0xff] dfl dfl lint[0x1])
[    0.177295] IOAPIC[0]: apic_id 0, version 32, address 0xfec00000, GSI 0-23
[    0.177629] ACPI: INT_SRC_OVR (bus 0 bus_irq 0 global_irq 2 dfl dfl)
[    0.178332] ACPI: INT_SRC_OVR (bus 0 bus_irq 5 global_irq 5 high level)
[    0.178435] ACPI: INT_SRC_OVR (bus 0 bus_irq 9 global_irq 9 high level)
[    0.178732] ACPI: INT_SRC_OVR (bus 0 bus_irq 10 global_irq 10 high level)
[    0.178774] ACPI: INT_SRC_OVR (bus 0 bus_irq 11 global_irq 11 high level)
[    0.179381] Using ACPI (MADT) for SMP configuration information
[    0.179538] ACPI: HPET id: 0x8086a201 base: 0xfed00000
[    0.180502] smpboot: Allowing 2 CPUs, 0 hotplug CPUs
[    0.182709] [mem 0x40000000-0xfffbffff] available for PCI devices
[    0.182827] Booting paravirtualized kernel on bare hardware
[    0.183983] clocksource: refined-jiffies: mask: 0xffffffff max_cycles: 0xffffffff, max_idle_ns: 1910969940391419 ns
[    0.214191] setup_percpu: NR_CPUS:512 nr_cpumask_bits:512 nr_cpu_ids:2 nr_node_ids:1
[    0.231266] percpu: Embedded 63 pages/cpu s221184 r8192 d28672 u1048576
[    0.236987] Built 1 zonelists, mobility grouping on.  Total pages: 257897
[    0.237056] Policy zone: DMA32
[    0.237642] Kernel command line: console=ttyS0 rdinit=/init testvm_autorun=/badnode nokaslr panic=-1
[    0.245944] Dentry cache hash table entries: 131072 (order: 8, 1048576 bytes, linear)
[    0.248372] Inode-cache hash table entries: 65536 (order: 7, 524288 bytes, linear)
[    0.253177] mem auto-init: stack:off, heap alloc:off, heap free:off
[    0.254250] AGP: Checking aperture...
[    0.258029] AGP: No AGP bridge found
[    0.290135] bad_dst_dbg page_alloc pcp_alloc page=ffffea0000120000 pfn=4800 mt=0 pcp_count=0 zone=DMA32 cpu=0
[    0.291138] bad_dst_dbg page_alloc pcp_alloc page=ffffea0000120040 pfn=4801 mt=0 pcp_count=0 zone=DMA32 cpu=0
[    0.291224] bad_dst_dbg page_alloc pcp_alloc page=ffffea0000120080 pfn=4802 mt=0 pcp_count=0 zone=DMA32 cpu=0
[    0.291292] bad_dst_dbg page_alloc pcp_alloc page=ffffea00001200c0 pfn=4803 mt=0 pcp_count=0 zone=DMA32 cpu=0
[    0.291342] bad_dst_dbg page_alloc pcp_alloc page=ffffea0000120100 pfn=4804 mt=0 pcp_count=0 zone=DMA32 cpu=0
[    0.291390] bad_dst_dbg page_alloc pcp_alloc page=ffffea0000120140 pfn=4805 mt=0 pcp_count=0 zone=DMA32 cpu=0
[    0.291438] bad_dst_dbg page_alloc pcp_alloc page=ffffea0000120180 pfn=4806 mt=0 pcp_count=0 zone=DMA32 cpu=0
[    0.291484] bad_dst_dbg page_alloc pcp_alloc page=ffffea00001201c0 pfn=4807 mt=0 pcp_count=0 zone=DMA32 cpu=0
[    0.291531] bad_dst_dbg page_alloc pcp_alloc page=ffffea0000120200 pfn=4808 mt=0 pcp_count=0 zone=DMA32 cpu=0
[    0.291575] bad_dst_dbg page_alloc pcp_alloc page=ffffea0000120240 pfn=4809 mt=0 pcp_count=0 zone=DMA32 cpu=0
[    0.292606] Memory: 208112K/1048056K available (18452K kernel code, 3390K rwdata, 15468K rodata, 1904K init, 4920K bss, 74424K reserved, 0K cma-reserved)
[    0.294697] random: get_random_u64 called from __kmem_cache_create+0x2a/0x4d0 with crng_init=0
[    0.315093] SLUB: HWalign=64, Order=0-3, MinObjects=0, CPUs=2, Nodes=1
[    0.319818] ftrace: allocating 57808 entries in 226 pages
[    0.642199] ftrace: allocated 226 pages with 4 groups
[    0.666838] rcu: Preemptible hierarchical RCU implementation.
[    0.666954] rcu: 	RCU restricting CPUs from NR_CPUS=512 to nr_cpu_ids=2.
[    0.667466] 	Trampoline variant of Tasks RCU enabled.
[    0.667535] 	Rude variant of Tasks RCU enabled.
[    0.667584] 	Tracing variant of Tasks RCU enabled.
[    0.668141] rcu: RCU calculated value of scheduler-enlistment delay is 100 jiffies.
[    0.668363] rcu: Adjusting geometry for rcu_fanout_leaf=16, nr_cpu_ids=2
[    0.747777] NR_IRQS: 33024, nr_irqs: 440, preallocated irqs: 16
[    0.793022] Console: colour VGA+ 80x25
[    0.820288] printk: console [ttyS0] enabled
[    0.823065] ACPI: Core revision 20200925
[    0.839857] clocksource: hpet: mask: 0xffffffff max_cycles: 0xffffffff, max_idle_ns: 19112604467 ns
[    0.853331] APIC: Switch to symmetric I/O mode setup
[    0.866840] ..TIMER: vector=0x30 apic1=0 pin1=2 apic2=-1 pin2=-1
[    0.874427] tsc: Marking TSC unstable due to TSCs unsynchronized
[    0.876394] Calibrating delay loop (skipped), value calculated using timer frequency.. 4608.06 BogoMIPS (lpj=2304034)
[    0.877289] pid_max: default: 32768 minimum: 301
[    0.880243] LSM: Security Framework initializing
[    0.883011] Yama: becoming mindful.
[    0.885574] LoadPin: ready to pin (currently enforcing)
[    0.891560] AppArmor: AppArmor initialized
[    0.891892] LSM support for eBPF active
[    0.893531] Mount-cache hash table entries: 2048 (order: 2, 16384 bytes, linear)
[    0.893935] Mountpoint-cache hash table entries: 2048 (order: 2, 16384 bytes, linear)
[    0.956129] process: using AMD E400 aware idle routine
[    0.957136] Last level iTLB entries: 4KB 512, 2MB 255, 4MB 127
[    0.957362] Last level dTLB entries: 4KB 512, 2MB 255, 4MB 127, 1GB 0
[    0.957995] Spectre V1 : Mitigation: usercopy/swapgs barriers and __user pointer sanitization
[    0.958341] Spectre V2 : Mitigation: Retpolines
[    0.958550] Spectre V2 : Spectre v2 / SpectreRSB mitigation: Filling RSB on context switch
[    0.967045] bad_dst_dbg page_alloc pcp_free page=ffffea00000fc8c0 pfn=3f23 mt=1 pcp_count=20 pcp_high=90 zone=DMA32 cpu=0
[    0.967194] bad_dst_dbg page_alloc pcp_free page=ffffea00000fc900 pfn=3f24 mt=1 pcp_count=21 pcp_high=90 zone=DMA32 cpu=0
[    0.968111] bad_dst_dbg page_alloc pcp_free page=ffffea00000fc940 pfn=3f25 mt=1 pcp_count=22 pcp_high=90 zone=DMA32 cpu=0
[    0.968498] bad_dst_dbg page_alloc pcp_free page=ffffea00000fc980 pfn=3f26 mt=1 pcp_count=23 pcp_high=90 zone=DMA32 cpu=0
[    0.969083] bad_dst_dbg page_alloc pcp_free page=ffffea00000fc9c0 pfn=3f27 mt=1 pcp_count=24 pcp_high=90 zone=DMA32 cpu=0
[    0.969442] bad_dst_dbg page_alloc pcp_free page=ffffea00000fca00 pfn=3f28 mt=1 pcp_count=25 pcp_high=90 zone=DMA32 cpu=0
[    0.970081] bad_dst_dbg page_alloc pcp_free page=ffffea00000fca40 pfn=3f29 mt=1 pcp_count=26 pcp_high=90 zone=DMA32 cpu=0
[    0.970405] bad_dst_dbg page_alloc pcp_free page=ffffea00000fca80 pfn=3f2a mt=1 pcp_count=27 pcp_high=90 zone=DMA32 cpu=0
[    0.970718] bad_dst_dbg page_alloc pcp_free page=ffffea00000fcac0 pfn=3f2b mt=1 pcp_count=28 pcp_high=90 zone=DMA32 cpu=0
[    0.971098] bad_dst_dbg page_alloc pcp_free page=ffffea00000fcb00 pfn=3f2c mt=1 pcp_count=29 pcp_high=90 zone=DMA32 cpu=0
[    0.971533] Freeing SMP alternatives memory: 60K
[    1.111458] random: fast init done
[    1.237045] smpboot: CPU0: AMD QEMU Virtual CPU version 2.5+ (family: 0xf, model: 0x6b, stepping: 0x1)
[    1.252629] Performance Events: PMU not available due to virtualization, using software events only.
[    1.259290] rcu: Hierarchical SRCU implementation.
[    1.277247] NMI watchdog: Perf NMI watchdog permanently disabled
[    1.286342] smp: Bringing up secondary CPUs ...
[    1.297274] x86: Booting SMP configuration:
[    1.297562] .... node  #0, CPUs:      #1
[    1.382540] smp: Brought up 1 node, 2 CPUs
[    1.383141] smpboot: Max logical packages: 1
[    1.383439] smpboot: Total of 2 processors activated (9169.98 BogoMIPS)
[    1.429354] node 0 deferred pages initialised in 27ms
[    1.452726] devtmpfs: initialized
[    1.463531] x86/mm: Memory block size: 128MB
[    1.483637] clocksource: jiffies: mask: 0xffffffff max_cycles: 0xffffffff, max_idle_ns: 1911260446275000 ns
[    1.484582] futex hash table entries: 512 (order: 3, 32768 bytes, linear)
[    1.501045] PM: RTC time: 08:15:19, date: 2026-05-26
[    1.525439] NET: Registered protocol family 16
[    1.537667] DMA: preallocated 128 KiB GFP_KERNEL pool for atomic allocations
[    1.538487] DMA: preallocated 128 KiB GFP_KERNEL|GFP_DMA pool for atomic allocations
[    1.538853] DMA: preallocated 128 KiB GFP_KERNEL|GFP_DMA32 pool for atomic allocations
[    1.540452] audit: initializing netlink subsys (disabled)
[    1.546940] audit: type=2000 audit(1779783318.689:1): state=initialized audit_enabled=0 res=1
[    1.555503] thermal_sys: Registered thermal governor 'step_wise'
[    1.555641] thermal_sys: Registered thermal governor 'user_space'
[    1.560185] cpuidle: using governor ladder
[    1.561428] cpuidle: using governor menu
[    1.564729] ACPI: bus type PCI registered
[    1.565245] acpiphp: ACPI Hot Plug PCI Controller Driver version: 0.5
[    1.572166] PCI: Using configuration type 1 for base access
[    1.578638] mtrr: your CPUs had inconsistent fixed MTRR settings
[    1.578896] mtrr: your CPUs had inconsistent variable MTRR settings
[    1.579184] mtrr: your CPUs had inconsistent MTRRdefType settings
[    1.579595] mtrr: probably your BIOS does not setup all CPUs.
[    1.580085] mtrr: corrected configuration.
[    1.641243] Kprobes globally optimized
[    1.651182] HugeTLB registered 2.00 MiB page size, pre-allocated 0 pages
[    1.677494] cryptd: max_cpu_qlen set to 1000
[    1.734211] raid6: sse2x4   gen()   645 MB/s
[    1.751315] raid6: sse2x4   xor()   361 MB/s
[    1.768083] raid6: sse2x2   gen()   676 MB/s
[    1.785110] raid6: sse2x2   xor()   364 MB/s
[    1.802185] raid6: sse2x1   gen()   638 MB/s
[    1.819219] raid6: sse2x1   xor()   317 MB/s
[    1.819683] raid6: using algorithm sse2x2 gen() 676 MB/s
[    1.820208] raid6: .... xor() 364 MB/s, rmw enabled
[    1.820868] raid6: using intx1 recovery algorithm
[    1.822752] ACPI: Added _OSI(Module Device)
[    1.822970] ACPI: Added _OSI(Processor Device)
[    1.823083] ACPI: Added _OSI(3.0 _SCP Extensions)
[    1.823316] ACPI: Added _OSI(Processor Aggregator Device)
[    1.823657] ACPI: Added _OSI(Linux-Dell-Video)
[    1.823809] ACPI: Added _OSI(Linux-Lenovo-NV-HDMI-Audio)
[    1.824083] ACPI: Added _OSI(Linux-HPI-Hybrid-Graphics)
[    1.864677] ACPI: 1 ACPI AML tables successfully acquired and loaded
[    1.906972] ACPI: Interpreter enabled
[    1.910219] ACPI: (supports S0 S3 S5)
[    1.910578] ACPI: Using IOAPIC for interrupt routing
[    1.911729] PCI: Using host bridge windows from ACPI; if necessary, use "pci=nocrs" and report a bug
[    1.915045] ACPI: Enabled 2 GPEs in block 00 to 0F
[    2.007045] ACPI: PCI Root Bridge [PCI0] (domain 0000 [bus 00-ff])
[    2.009275] acpi PNP0A03:00: _OSC: OS supports [ASPM ClockPM Segments MSI HPX-Type3]
[    2.011696] acpi PNP0A03:00: fail to add MMCONFIG information, can't access extended PCI configuration space under this bridge.
[    2.022112] acpiphp: Slot [3] registered
[    2.022723] acpiphp: Slot [4] registered
[    2.023217] acpiphp: Slot [5] registered
[    2.023595] acpiphp: Slot [6] registered
[    2.023931] acpiphp: Slot [7] registered
[    2.024309] acpiphp: Slot [8] registered
[    2.024758] acpiphp: Slot [9] registered
[    2.025282] acpiphp: Slot [10] registered
[    2.025646] acpiphp: Slot [11] registered
[    2.026165] acpiphp: Slot [12] registered
[    2.026574] acpiphp: Slot [13] registered
[    2.027121] acpiphp: Slot [14] registered
[    2.027546] acpiphp: Slot [15] registered
[    2.027868] acpiphp: Slot [16] registered
[    2.028307] acpiphp: Slot [17] registered
[    2.028689] acpiphp: Slot [18] registered
[    2.029168] acpiphp: Slot [19] registered
[    2.029550] acpiphp: Slot [20] registered
[    2.030157] acpiphp: Slot [21] registered
[    2.030609] acpiphp: Slot [22] registered
[    2.031012] acpiphp: Slot [23] registered
[    2.031441] acpiphp: Slot [24] registered
[    2.031854] acpiphp: Slot [25] registered
[    2.032311] acpiphp: Slot [26] registered
[    2.032690] acpiphp: Slot [27] registered
[    2.033339] acpiphp: Slot [28] registered
[    2.033764] acpiphp: Slot [29] registered
[    2.034295] acpiphp: Slot [30] registered
[    2.034710] acpiphp: Slot [31] registered
[    2.035642] PCI host bridge to bus 0000:00
[    2.037508] pci_bus 0000:00: root bus resource [io  0x0000-0x0cf7 window]
[    2.037799] pci_bus 0000:00: root bus resource [io  0x0d00-0xffff window]
[    2.038239] pci_bus 0000:00: root bus resource [mem 0x000a0000-0x000bffff window]
[    2.038545] pci_bus 0000:00: root bus resource [mem 0x40000000-0xfebfffff window]
[    2.038777] pci_bus 0000:00: root bus resource [mem 0x100000000-0x17fffffff window]
[    2.039513] pci_bus 0000:00: root bus resource [bus 00-ff]
[    2.042584] pci 0000:00:00.0: [8086:1237] type 00 class 0x060000
[    2.055328] pci 0000:00:01.0: [8086:7000] type 00 class 0x060100
[    2.057860] pci 0000:00:01.1: [8086:7010] type 00 class 0x010180
[    2.060613] pci 0000:00:01.1: reg 0x20: [io  0xc000-0xc00f]
[    2.063273] pci 0000:00:01.1: legacy IDE quirk: reg 0x10: [io  0x01f0-0x01f7]
[    2.064149] pci 0000:00:01.1: legacy IDE quirk: reg 0x14: [io  0x03f6]
[    2.064533] pci 0000:00:01.1: legacy IDE quirk: reg 0x18: [io  0x0170-0x0177]
[    2.064805] pci 0000:00:01.1: legacy IDE quirk: reg 0x1c: [io  0x0376]
[    2.068490] pci 0000:00:01.3: [8086:7113] type 00 class 0x068000
[    2.069973] pci 0000:00:01.3: quirk: [io  0x0600-0x063f] claimed by PIIX4 ACPI
[    2.070206] pci 0000:00:01.3: quirk: [io  0x0700-0x070f] claimed by PIIX4 SMB
[    2.072661] pci 0000:00:02.0: [1234:1111] type 00 class 0x030000
[    2.074016] pci 0000:00:02.0: reg 0x10: [mem 0xfd000000-0xfdffffff pref]
[    2.076045] pci 0000:00:02.0: reg 0x18: [mem 0xfebf0000-0xfebf0fff]
[    2.077045] pci 0000:00:02.0: reg 0x30: [mem 0xfebe0000-0xfebeffff pref]
[    2.091674] ACPI: PCI Interrupt Link [LNKA] (IRQs 5 *10 11)
[    2.094116] ACPI: PCI Interrupt Link [LNKB] (IRQs 5 *10 11)
[    2.095562] ACPI: PCI Interrupt Link [LNKC] (IRQs 5 10 *11)
[    2.096867] ACPI: PCI Interrupt Link [LNKD] (IRQs 5 10 *11)
[    2.097609] ACPI: PCI Interrupt Link [LNKS] (IRQs *9)
[    2.111486] iommu: Default domain type: Translated 
[    2.116636] SCSI subsystem initialized
[    2.123224] pps_core: LinuxPPS API ver. 1 registered
[    2.123535] pps_core: Software ver. 5.3.6 - Copyright 2005-2007 Rodolfo Giometti <giometti@linux.it>
[    2.124095] PTP clock support registered
[    2.153433] PCI: Using ACPI for IRQ routing
[    2.160291] hpet: 3 channels of 0 reserved for per-cpu timers
[    2.161366] hpet0: at MMIO 0xfed00000, IRQs 2, 8, 0
[    2.161782] hpet0: 3 comparators, 64-bit 100.000000 MHz counter
[    2.169683] clocksource: Switched to clocksource hpet
[    4.187377] VFS: Disk quotas dquot_6.6.0
[    4.188052] VFS: Dquot-cache hash table entries: 512 (order 0, 4096 bytes)
[    4.192000] FS-Cache: Loaded
[    4.203930] CacheFiles: Loaded
[    4.210247] AppArmor: AppArmor Filesystem Enabled
[    4.213265] pnp: PnP ACPI init
[    4.227996] pnp: PnP ACPI: found 6 devices
[    4.329950] NET: Registered protocol family 2
[    4.333440] IP idents hash table entries: 16384 (order: 5, 131072 bytes, linear)
[    4.371506] tcp_listen_portaddr_hash hash table entries: 512 (order: 1, 8192 bytes, linear)
[    4.372487] TCP established hash table entries: 8192 (order: 4, 65536 bytes, linear)
[    4.379294] TCP bind hash table entries: 8192 (order: 5, 131072 bytes, linear)
[    4.380027] TCP: Hash tables configured (established 8192 bind 8192)
[    4.384260] UDP hash table entries: 512 (order: 2, 16384 bytes, linear)
[    4.385219] UDP-Lite hash table entries: 512 (order: 2, 16384 bytes, linear)
[    4.390732] NET: Registered protocol family 1
[    4.400350] RPC: Registered named UNIX socket transport module.
[    4.400746] RPC: Registered udp transport module.
[    4.400963] RPC: Registered tcp transport module.
[    4.401244] RPC: Registered tcp NFSv4.1 backchannel transport module.
[    4.401612] NET: Registered protocol family 44
[    4.406669] pci_bus 0000:00: resource 4 [io  0x0000-0x0cf7 window]
[    4.406973] pci_bus 0000:00: resource 5 [io  0x0d00-0xffff window]
[    4.407384] pci_bus 0000:00: resource 6 [mem 0x000a0000-0x000bffff window]
[    4.407640] pci_bus 0000:00: resource 7 [mem 0x40000000-0xfebfffff window]
[    4.407897] pci_bus 0000:00: resource 8 [mem 0x100000000-0x17fffffff window]
[    4.409940] pci 0000:00:01.0: PIIX3: Enabling Passive Release
[    4.410673] pci 0000:00:00.0: Limiting direct PCI/PCI transfers
[    4.411324] pci 0000:00:01.0: Activating ISA DMA hang workarounds
[    4.412200] pci 0000:00:02.0: Video device with shadowed ROM at [mem 0x000c0000-0x000dffff]
[    4.412606] PCI: CLS 0 bytes, default 64
[    4.424835] Trying to unpack rootfs image as initramfs...
[    4.886243] Freeing initrd memory: 2548K
[    4.889342] kvm: no hardware support
[    4.897499] kvm: Nested Virtualization enabled
[    4.898374] SVM: kvm: Nested Paging disabled
[    4.914312] check: Scanning for low memory corruption every 60 seconds
[    4.925713] Initialise system trusted keyrings
[    4.931839] Key type blacklist registered
[    4.934517] workingset: timestamp_bits=40 max_order=18 bucket_order=0
[    4.976835] squashfs: version 4.0 (2009/01/31) Phillip Lougher
[    4.981469] FS-Cache: Netfs 'nfs' registered for caching
[    4.987964] NFS: Registering the id_resolver key type
[    4.988868] Key type id_resolver registered
[    4.989184] Key type id_legacy registered
[    4.990468] nfs4filelayout_init: NFSv4 File Layout Driver Registering...
[    4.991686] nfs4flexfilelayout_init: NFSv4 Flexfile Layout Driver Registering...
[    4.991993] Installing knfsd (copyright (C) 1996 okir@monad.swb.de).
[    5.009377] Key type cifs.spnego registered
[    5.009945] Key type cifs.idmap registered
[    5.010439] ntfs: driver 2.1.32 [Flags: R/O].
[    5.014247] fuse: init (API version 7.32)
[    5.017773] SGI XFS with ACLs, security attributes, quota, no debug enabled
[    5.029371] 9p: Installing v9fs 9p2000 file system support
[    5.034477] integrity: Platform Keyring initialized
[    5.082974] NET: Registered protocol family 38
[    5.083975] xor: measuring software checksum speed
[    5.108367]    prefetch64-sse  :   475 MB/sec
[    5.133997]    generic_sse     :   424 MB/sec
[    5.134448] xor: using function: prefetch64-sse (475 MB/sec)
[    5.134880] Key type asymmetric registered
[    5.135855] Asymmetric key parser 'x509' registered
[    5.136740] Block layer SCSI generic (bsg) driver version 0.4 loaded (major 248)
[    5.138751] io scheduler mq-deadline registered
[    5.139268] io scheduler kyber registered
[    5.140657] io scheduler bfq registered
[    5.153547] input: Power Button as /devices/LNXSYSTM:00/LNXPWRBN:00/input/input0
[    5.163714] bad_dst_dbg slub __slab_free_state cache=kmalloc-256 page=ffffea0000184900 pfn=6124 head=ffff888006124300 cnt=1 prior=0000000000000000 old_inuse=16 new_inuse=15 was_frozen=1 new_frozen=1 objects=16 cpu=1
[    5.165251] bad_dst_dbg slub __slab_free_state cache=kmalloc-256 page=ffffea0000184900 pfn=6124 head=ffff888006124800 cnt=1 prior=ffff888006124300 old_inuse=15 new_inuse=14 was_frozen=1 new_frozen=1 objects=16 cpu=1
[    5.165931] ACPI: Power Button [PWRF]
[    5.182274] Serial: 8250/16550 driver, 4 ports, IRQ sharing disabled
[    5.190653] 00:04: ttyS0 at I/O 0x3f8 (irq = 4, base_baud = 115200) is a 16550A
[    5.204287] Non-volatile memory driver v1.3
[    5.206599] AMD-Vi: AMD IOMMUv2 functionality not available on this system - This is not a bug.
[    5.306877] brd: module loaded
[    5.409865] loop: module loaded
[    5.416059] zram: Added device: zram0
[    5.417278] Guest personality initialized and is inactive
[    5.419335] VMCI host device registered (name=vmci, major=10, minor=62)
[    5.419698] Initialized host personality
[    5.421293] Loading iSCSI transport class v2.0-870.
[    5.427360] iscsi: registered transport (tcp)
[    5.428532] VMware PVSCSI driver - version 1.0.7.0-k
[    5.429340] hv_vmbus: registering driver hv_storvsc
[    5.464358] scsi host0: ata_piix
[    5.472439] scsi host1: ata_piix
[    5.473961] ata1: PATA max MWDMA2 cmd 0x1f0 ctl 0x3f6 bmdma 0xc000 irq 14
[    5.474412] ata2: PATA max MWDMA2 cmd 0x170 ctl 0x376 bmdma 0xc008 irq 15
[    5.490530] Rounding down aligned max_sectors from 4294967295 to 4294967288
[    5.494298] db_root: cannot open: /etc/target
[    5.544855] wireguard: WireGuard 1.0.0 loaded. See www.wireguard.com for information.
[    5.545305] wireguard: Copyright (C) 2015-2019 Jason A. Donenfeld <Jason@zx2c4.com>. All Rights Reserved.
[    5.557262] tun: Universal TUN/TAP device driver, 1.6
[    5.563479] ixgbevf: Intel(R) 10 Gigabit PCI Express Virtual Function Network Driver
[    5.563823] ixgbevf: Copyright (c) 2009 - 2018 Intel Corporation.
[    5.565951] PPP generic driver version 2.4.2
[    5.568350] VMware vmxnet3 virtual NIC driver - version 1.5.0.0-k-NAPI
[    5.569291] hv_vmbus: registering driver hv_netvsc
[    5.572667] VFIO - User Level meta-driver version: 0.3
[    5.582340] i8042: PNP: PS/2 Controller [PNP0303:KBD,PNP0f13:MOU] at 0x60,0x64 irq 1,12
[    5.592674] serio: i8042 KBD port at 0x60,0x64 irq 1
[    5.594680] serio: i8042 AUX port at 0x60,0x64 irq 12
[    5.596552] hv_vmbus: registering driver hyperv_keyboard
[    5.603959] rtc_cmos 00:05: RTC can wake from S4
[    5.607483] input: AT Translated Set 2 keyboard as /devices/platform/i8042/serio0/input/input1
[    5.617227] rtc_cmos 00:05: registered as rtc0
[    5.619485] rtc_cmos 00:05: alarms up to one day, y3k, 242 bytes nvram, hpet irqs
[    5.620408] iTCO_wdt: Intel TCO WatchDog Timer Driver v1.11
[    5.620792] iTCO_vendor_support: vendor-support=0
[    5.632511] device-mapper: ioctl: 4.43.0-ioctl (2020-10-01) initialised: dm-devel@redhat.com
[    5.639051] device-mapper: multipath round-robin: version 1.2.0 loaded
[    5.639652] device-mapper: multipath queue-length: version 0.2.0 loaded
[    5.640014] device-mapper: multipath service-time: version 0.3.0 loaded
[    5.640473] device-mapper: multipath historical-service-time: version 0.1.1 loaded
[    5.642956] device-mapper: raid: Loading target version 1.15.1
[    5.656421] ata2.00: ATAPI: QEMU DVD-ROM, 2.5+, max UDMA/100
[    5.657627] hv_utils: Registering HyperV Utility Driver
[    5.657929] hv_vmbus: registering driver hv_utils
[    5.658287] hv_vmbus: registering driver hv_balloon
[    5.661274] GACT probability NOT on
[    5.662379] Mirror/redirect action on
[    5.667373] netem: version 1.3
[    5.668290] u32 classifier
[    5.668467]     input device check on
[    5.668723]     Actions configured
[    5.680659] bad_dst_dbg slub __slab_free_state cache=kmalloc-256 page=ffffea0000192900 pfn=64a4 head=ffff8880064a4200 cnt=1 prior=0000000000000000 old_inuse=16 new_inuse=15 was_frozen=0 new_frozen=1 objects=16 cpu=1
[    5.681723] bad_dst_dbg slub put_cpu_partial cache=kmalloc-256 page=ffffea0000192900 pfn=64a4 drain=1 pages=1 pobjects=1 inuse=15 objects=16 cpu=1
[    5.682358] bad_dst_dbg slub __slab_free_state cache=kmalloc-256 page=ffffea0000ffbc00 pfn=3fef0 head=ffff88803fef0600 cnt=1 prior=0000000000000000 old_inuse=16 new_inuse=15 was_frozen=0 new_frozen=1 objects=16 cpu=1
[    5.682968] bad_dst_dbg slub put_cpu_partial cache=kmalloc-256 page=ffffea0000ffbc00 pfn=3fef0 drain=1 pages=2 pobjects=2 inuse=15 objects=16 cpu=1
[    5.698433] bad_dst_dbg slub __slab_free_state cache=kmalloc-256 page=ffffea0000190bc0 pfn=642f head=ffff88800642f200 cnt=1 prior=0000000000000000 old_inuse=16 new_inuse=15 was_frozen=1 new_frozen=1 objects=16 cpu=1
[    5.703338] bad_dst_dbg slub __slab_free_state cache=kmalloc-256 page=ffffea0000193080 pfn=64c2 head=ffff8880064c2900 cnt=4 prior=0000000000000000 old_inuse=16 new_inuse=12 was_frozen=0 new_frozen=1 objects=16 cpu=1
[    5.703601] scsi 1:0:0:0: CD-ROM            QEMU     QEMU DVD-ROM     2.5+ PQ: 0 ANSI: 5
[    5.704271] bad_dst_dbg slub put_cpu_partial cache=kmalloc-256 page=ffffea0000193080 pfn=64c2 drain=1 pages=1 pobjects=4 inuse=12 objects=16 cpu=1
[    5.709751] bad_dst_dbg slub __slab_free_state cache=kmalloc-256 page=ffffea0000190bc0 pfn=642f head=ffff88800642f100 cnt=1 prior=ffff88800642f200 old_inuse=15 new_inuse=14 was_frozen=1 new_frozen=1 objects=16 cpu=1
[    5.711415] xt_time: kernel timezone is -0000
[    5.711979] bad_dst_dbg slub __slab_free_state cache=kmalloc-256 page=ffffea0000190bc0 pfn=642f head=ffff88800642ff00 cnt=1 prior=ffff88800642f100 old_inuse=14 new_inuse=13 was_frozen=1 new_frozen=1 objects=16 cpu=1
[    5.713407] bad_dst_dbg slub __slab_free_state cache=kmalloc-256 page=ffffea0000190bc0 pfn=642f head=ffff88800642f400 cnt=1 prior=ffff88800642ff00 old_inuse=13 new_inuse=12 was_frozen=1 new_frozen=1 objects=16 cpu=1
[    5.715764] IPVS: Registered protocols (TCP, UDP, SCTP, AH, ESP)
[    5.716895] IPVS: Connection hash table configured (size=4096, memory=64Kbytes)
[    5.722799] IPVS: ipvs loaded.
[    5.723624] IPVS: [rr] scheduler registered.
[    5.723873] IPVS: [wrr] scheduler registered.
[    5.724026] IPVS: [lc] scheduler registered.
[    5.724390] IPVS: [wlc] scheduler registered.
[    5.724544] IPVS: [fo] scheduler registered.
[    5.724705] IPVS: [ovf] scheduler registered.
[    5.725271] IPVS: [lblc] scheduler registered.
[    5.725683] IPVS: [lblcr] scheduler registered.
[    5.725909] IPVS: [dh] scheduler registered.
[    5.726244] bad_dst_dbg slub __slab_free_state cache=kmalloc-256 page=ffffea0000193080 pfn=64c2 head=ffff8880064c2500 cnt=1 prior=ffff8880064c2900 old_inuse=12 new_inuse=11 was_frozen=1 new_frozen=1 objects=16 cpu=0
[    5.726866] IPVS: [sh] scheduler registered.
[    5.727029] IPVS: [sed] scheduler registered.
[    5.727401] IPVS: [nq] scheduler registered.
[    5.728416] bad_dst_dbg slub put_cpu_partial cache=kmalloc-256 page=ffffea0000192900 pfn=64a4 drain=1 pages=2 pobjects=5 inuse=15 objects=16 cpu=1
[    5.728645] IPVS: ftp: loaded support on port[0] = 21
[    5.729583] IPVS: [sip] pe registered.
[    5.730589] ipip: IPv4 and MPLS over IPv4 tunneling driver
[    5.737035] gre: GRE over IPv4 demultiplexor driver
[    5.737445] ip_gre: GRE over IPv4 tunneling driver
[    5.743074] sr 1:0:0:0: [sr0] scsi3-mmc drive: 4x/4x cd/rw xa/form2 tray
[    5.743950] cdrom: Uniform CD-ROM driver Revision: 3.20
[    5.760509] ipt_CLUSTERIP: ClusterIP Version 0.8 loaded successfully
[    5.766336] Initializing XFRM netlink socket
[    5.767258] IPsec XFRM device driver
[    5.772407] NET: Registered protocol family 10
[    5.773561] bad_dst_dbg slub put_cpu_partial cache=kmalloc-256 page=ffffea0000190bc0 pfn=642f drain=1 pages=1 pobjects=1 inuse=15 objects=16 cpu=0
[    5.775610] bad_dst_dbg slub put_cpu_partial cache=kmalloc-256 page=ffffea0000191a80 pfn=646a drain=1 pages=3 pobjects=6 inuse=15 objects=16 cpu=1
[    5.801306] Segment Routing with IPv6
[    5.818728] ip6_gre: GRE over IPv6 tunneling driver
[    5.823950] NET: Registered protocol family 17
[    5.825063] NET: Registered protocol family 15
[    5.827409] Bridge firewalling registered
[    5.833357] RPC: Registered rdma transport module.
[    5.833638] RPC: Registered rdma backchannel transport module.
[    5.835588] 8021q: 802.1Q VLAN Support v1.8
[    5.838896] 9pnet: Installing 9P2000 support
[    5.840000] Key type dns_resolver registered
[    5.842550] NET: Registered protocol family 40
[    5.850539] IPI shorthand broadcast: enabled
[    5.853348] registered taskstats version 1
[    5.853780] Loading compiled-in X.509 certificates
[    5.860087] rmqueue_pcplist: 4760 callbacks suppressed
[    5.860087] bad_dst_dbg page_alloc pcp_alloc page=ffffea0000198100 pfn=6604 mt=0 pcp_count=83 zone=DMA32 cpu=0
[    5.877441] bad_dst_dbg page_alloc pcp_alloc page=ffffea0000196340 pfn=658d mt=0 pcp_count=164 zone=DMA32 cpu=1
[    5.877889] bad_dst_dbg page_alloc pcp_alloc page=ffffea0000196380 pfn=658e mt=0 pcp_count=163 zone=DMA32 cpu=1
[    5.878398] bad_dst_dbg page_alloc pcp_alloc page=ffffea00001963c0 pfn=658f mt=0 pcp_count=162 zone=DMA32 cpu=1
[    5.878801] bad_dst_dbg page_alloc pcp_alloc page=ffffea0000196400 pfn=6590 mt=0 pcp_count=161 zone=DMA32 cpu=1
[    5.883446] bad_dst_dbg page_alloc pcp_alloc page=ffffea0000196440 pfn=6591 mt=0 pcp_count=160 zone=DMA32 cpu=1
[    5.883930] bad_dst_dbg page_alloc pcp_alloc page=ffffea0000196480 pfn=6592 mt=0 pcp_count=159 zone=DMA32 cpu=1
[    5.884445] bad_dst_dbg page_alloc pcp_alloc page=ffffea00001964c0 pfn=6593 mt=0 pcp_count=158 zone=DMA32 cpu=1
[    5.884823] bad_dst_dbg page_alloc pcp_alloc page=ffffea0000196500 pfn=6594 mt=0 pcp_count=157 zone=DMA32 cpu=1
[    5.908988] Loaded X.509 cert 'Build time autogenerated kernel key: 4504323df522a808911f4e0c6cd5fa52b82306a3'
[    5.912804] AppArmor: AppArmor sha1 policy hashing enabled
[    5.914695] ima: No TPM chip found, activating TPM-bypass!
[    5.918339] bad_dst_dbg page_alloc pcp_alloc page=ffffea0000198140 pfn=6605 mt=0 pcp_count=82 zone=DMA32 cpu=0
[    5.918903] ima: Allocated hash algorithm: sha256
[    5.925183] ima: No architecture policies found
[    5.935506] PM:   Magic number: 10:514:271
[    5.939757] Unstable clock detected, switching default tracing clock to "global"
[    5.939757] If you want to keep using the local clock, then add:
[    5.939757]   "trace_clock=local"
[    5.939757] on the kernel command line
[    5.955554] integrity: Unable to open file: /etc/ima/pubkey.x509 (-2)
[    5.976013] free_unref_page_commit: 866 callbacks suppressed
[    5.976082] bad_dst_dbg page_alloc pcp_free page=ffffea000019a080 pfn=6682 mt=0 pcp_count=139 pcp_high=378 zone=DMA32 cpu=1
[    5.976091] bad_dst_dbg page_alloc pcp_free page=ffffea000019a040 pfn=6681 mt=0 pcp_count=140 pcp_high=378 zone=DMA32 cpu=1
[    5.976091] bad_dst_dbg page_alloc pcp_free page=ffffea000019a000 pfn=6680 mt=0 pcp_count=141 pcp_high=378 zone=DMA32 cpu=1
[    5.976091] bad_dst_dbg page_alloc pcp_free page=ffffea0000199fc0 pfn=667f mt=0 pcp_count=142 pcp_high=378 zone=DMA32 cpu=1
[    5.976091] bad_dst_dbg page_alloc pcp_free page=ffffea0000199f80 pfn=667e mt=0 pcp_count=143 pcp_high=378 zone=DMA32 cpu=1
[    5.976091] bad_dst_dbg page_alloc pcp_free page=ffffea0000199f40 pfn=667d mt=0 pcp_count=144 pcp_high=378 zone=DMA32 cpu=1
[    5.976091] bad_dst_dbg page_alloc pcp_free page=ffffea0000199f00 pfn=667c mt=0 pcp_count=145 pcp_high=378 zone=DMA32 cpu=1
[    5.976091] bad_dst_dbg page_alloc pcp_free page=ffffea0000199ec0 pfn=667b mt=0 pcp_count=146 pcp_high=378 zone=DMA32 cpu=1
[    5.976091] bad_dst_dbg page_alloc pcp_free page=ffffea0000199e80 pfn=667a mt=0 pcp_count=147 pcp_high=378 zone=DMA32 cpu=1
[    5.976091] bad_dst_dbg page_alloc pcp_free page=ffffea0000199e40 pfn=6679 mt=0 pcp_count=148 pcp_high=378 zone=DMA32 cpu=1
[    5.989049] Freeing unused decrypted memory: 2036K
[    6.174268] Freeing unused kernel image (initmem) memory: 1904K
[    6.175270] Write protecting the kernel read-only data: 36864k
[    6.185251] Freeing unused kernel image (text/rodata gap) memory: 2024K
[    6.188687] Freeing unused kernel image (rodata/data gap) memory: 916K
[    6.189670] Run /init as init process
testvm busybox initrd ready
Starting static exploit...
root payload: local shell
SYSCHK(open(driver ? driver : BINDER_DEVICE, O_RDONLY)) = -1

errno: 2

B: listening for next command...
SYSCHK(open(driver ? driver : BINDER_DEVICE, O_RDONLY)) = -1

errno: 2

qemu-system-x86_64: terminating on signal 15 from pid 272499 ()
