c[?7l[2J[0mSeaBIOS (version rel-1.17.0-0-gb52ca86e094d-prebuilt.qemu.org)
Booting from ROM..c[?7l[2J[0m.[    0.000000] Linux version 5.10.107+ (jack@bd5f2b454abc) (gcc (Ubuntu 10.5.0-1ubuntu1~20.04) 10.5.0, GNU ld (GNU Binutils for Ubuntu) 2.34) #1 SMP PREEMPT Tue May 26 07:46:52 UTC 2026
[    0.000000] Command line: console=ttyS0 rdinit=/init testvm_autorun=/run_badnode.sh nokaslr panic=-1
[    0.000000] x86/fpu: x87 FPU will use FXSAVE
[    0.000000] BIOS-provided physical RAM map:
[    0.000000] BIOS-e820: [mem 0x0000000000000000-0x000000000009fbff] usable
[    0.000000] BIOS-e820: [mem 0x000000000009fc00-0x000000000009ffff] reserved
[    0.000000] BIOS-e820: [mem 0x00000000000f0000-0x00000000000fffff] reserved
[    0.000000] BIOS-e820: [mem 0x0000000000100000-0x000000003ffdffff] usable
[    0.000000] BIOS-e820: [mem 0x000000003ffe0000-0x000000003fffffff] reserved
[    0.000000] BIOS-e820: [mem 0x00000000fffc0000-0x00000000ffffffff] reserved
[    0.000000] BIOS-e820: [mem 0x000000fd00000000-0x000000ffffffffff] reserved
[    0.000000] NX (Execute Disable) protection: active
[    0.000000] SMBIOS 2.8 present.
[    0.000000] DMI: QEMU Standard PC (i440FX + PIIX, 1996), BIOS rel-1.17.0-0-gb52ca86e094d-prebuilt.qemu.org 04/01/2014
[    0.000000] tsc: Fast TSC calibration using PIT
[    0.000000] tsc: Detected 2304.012 MHz processor
[    0.028370] AGP: No AGP bridge found
[    0.029118] last_pfn = 0x3ffe0 max_arch_pfn = 0x400000000
[    0.032827] x86/PAT: Configuration [0-7]: WB  WC  UC- UC  WB  WP  UC- WT  
[    0.093003] found SMP MP-table at [mem 0x000f54c0-0x000f54cf]
[    0.097716] check: Scanning 1 areas for low memory corruption
[    0.112220] RAMDISK: [mem 0x3fd63000-0x3ffdffff]
[    0.113054] ACPI: Early table checksum verification disabled
[    0.114382] ACPI: RSDP 0x00000000000F52E0 000014 (v00 BOCHS )
[    0.115146] ACPI: RSDT 0x000000003FFE238A 000034 (v01 BOCHS  BXPC     00000001 BXPC 00000001)
[    0.117057] ACPI: FACP 0x000000003FFE2236 000074 (v01 BOCHS  BXPC     00000001 BXPC 00000001)
[    0.118623] ACPI: DSDT 0x000000003FFE0040 0021F6 (v01 BOCHS  BXPC     00000001 BXPC 00000001)
[    0.118914] ACPI: FACS 0x000000003FFE0000 000040
[    0.119111] ACPI: APIC 0x000000003FFE22AA 000080 (v03 BOCHS  BXPC     00000001 BXPC 00000001)
[    0.119221] ACPI: HPET 0x000000003FFE232A 000038 (v01 BOCHS  BXPC     00000001 BXPC 00000001)
[    0.119318] ACPI: WAET 0x000000003FFE2362 000028 (v01 BOCHS  BXPC     00000001 BXPC 00000001)
[    0.119585] ACPI: Reserving FACP table memory at [mem 0x3ffe2236-0x3ffe22a9]
[    0.119681] ACPI: Reserving DSDT table memory at [mem 0x3ffe0040-0x3ffe2235]
[    0.119723] ACPI: Reserving FACS table memory at [mem 0x3ffe0000-0x3ffe003f]
[    0.119758] ACPI: Reserving APIC table memory at [mem 0x3ffe22aa-0x3ffe2329]
[    0.119791] ACPI: Reserving HPET table memory at [mem 0x3ffe232a-0x3ffe2361]
[    0.119822] ACPI: Reserving WAET table memory at [mem 0x3ffe2362-0x3ffe2389]
[    0.125636] No NUMA configuration found
[    0.125732] Faking a node at [mem 0x0000000000000000-0x000000003ffdffff]
[    0.128126] NODE_DATA(0) allocated [mem 0x3fd5e000-0x3fd62fff]
[    0.135994] Zone ranges:
[    0.136207]   DMA      [mem 0x0000000000001000-0x0000000000ffffff]
[    0.136368]   DMA32    [mem 0x0000000001000000-0x000000003ffdffff]
[    0.136424]   Normal   empty
[    0.136492]   Device   empty
[    0.136547] Movable zone start for each node
[    0.136652] Early memory node ranges
[    0.136760]   node   0: [mem 0x0000000000001000-0x000000000009efff]
[    0.137143]   node   0: [mem 0x0000000000100000-0x000000003ffdffff]
[    0.137739] Initmem setup node 0 [mem 0x0000000000001000-0x000000003ffdffff]
[    0.140695] On node 0, zone DMA: 1 pages in unavailable ranges
[    0.141480] On node 0, zone DMA: 97 pages in unavailable ranges
[    0.174706] On node 0, zone DMA32: 32 pages in unavailable ranges
[    0.177358] ACPI: LAPIC_NMI (acpi_id[0xff] dfl dfl lint[0x1])
[    0.178605] IOAPIC[0]: apic_id 0, version 32, address 0xfec00000, GSI 0-23
[    0.179016] ACPI: INT_SRC_OVR (bus 0 bus_irq 0 global_irq 2 dfl dfl)
[    0.179953] ACPI: INT_SRC_OVR (bus 0 bus_irq 5 global_irq 5 high level)
[    0.180067] ACPI: INT_SRC_OVR (bus 0 bus_irq 9 global_irq 9 high level)
[    0.180448] ACPI: INT_SRC_OVR (bus 0 bus_irq 10 global_irq 10 high level)
[    0.180498] ACPI: INT_SRC_OVR (bus 0 bus_irq 11 global_irq 11 high level)
[    0.181236] Using ACPI (MADT) for SMP configuration information
[    0.181418] ACPI: HPET id: 0x8086a201 base: 0xfed00000
[    0.182379] smpboot: Allowing 2 CPUs, 0 hotplug CPUs
[    0.184572] [mem 0x40000000-0xfffbffff] available for PCI devices
[    0.184687] Booting paravirtualized kernel on bare hardware
[    0.185865] clocksource: refined-jiffies: mask: 0xffffffff max_cycles: 0xffffffff, max_idle_ns: 1910969940391419 ns
[    0.216687] setup_percpu: NR_CPUS:512 nr_cpumask_bits:512 nr_cpu_ids:2 nr_node_ids:1
[    0.230858] percpu: Embedded 63 pages/cpu s221184 r8192 d28672 u1048576
[    0.236347] Built 1 zonelists, mobility grouping on.  Total pages: 257897
[    0.236434] Policy zone: DMA32
[    0.237026] Kernel command line: console=ttyS0 rdinit=/init testvm_autorun=/run_badnode.sh nokaslr panic=-1
[    0.245431] Dentry cache hash table entries: 131072 (order: 8, 1048576 bytes, linear)
[    0.247801] Inode-cache hash table entries: 65536 (order: 7, 524288 bytes, linear)
[    0.252780] mem auto-init: stack:off, heap alloc:off, heap free:off
[    0.253845] AGP: Checking aperture...
[    0.257938] AGP: No AGP bridge found
[    0.289166] bad_dst_dbg page_alloc pcp_alloc page=ffffea0000120000 pfn=4800 mt=0 pcp_count=0 zone=DMA32 cpu=0
[    0.290129] bad_dst_dbg page_alloc pcp_alloc page=ffffea0000120040 pfn=4801 mt=0 pcp_count=0 zone=DMA32 cpu=0
[    0.290198] bad_dst_dbg page_alloc pcp_alloc page=ffffea0000120080 pfn=4802 mt=0 pcp_count=0 zone=DMA32 cpu=0
[    0.290253] bad_dst_dbg page_alloc pcp_alloc page=ffffea00001200c0 pfn=4803 mt=0 pcp_count=0 zone=DMA32 cpu=0
[    0.290302] bad_dst_dbg page_alloc pcp_alloc page=ffffea0000120100 pfn=4804 mt=0 pcp_count=0 zone=DMA32 cpu=0
[    0.290350] bad_dst_dbg page_alloc pcp_alloc page=ffffea0000120140 pfn=4805 mt=0 pcp_count=0 zone=DMA32 cpu=0
[    0.290397] bad_dst_dbg page_alloc pcp_alloc page=ffffea0000120180 pfn=4806 mt=0 pcp_count=0 zone=DMA32 cpu=0
[    0.290443] bad_dst_dbg page_alloc pcp_alloc page=ffffea00001201c0 pfn=4807 mt=0 pcp_count=0 zone=DMA32 cpu=0
[    0.290488] bad_dst_dbg page_alloc pcp_alloc page=ffffea0000120200 pfn=4808 mt=0 pcp_count=0 zone=DMA32 cpu=0
[    0.290532] bad_dst_dbg page_alloc pcp_alloc page=ffffea0000120240 pfn=4809 mt=0 pcp_count=0 zone=DMA32 cpu=0
[    0.291451] Memory: 208112K/1048056K available (18452K kernel code, 3390K rwdata, 15468K rodata, 1904K init, 4920K bss, 74424K reserved, 0K cma-reserved)
[    0.293448] random: get_random_u64 called from __kmem_cache_create+0x2a/0x4d0 with crng_init=0
[    0.308404] SLUB: HWalign=64, Order=0-3, MinObjects=0, CPUs=2, Nodes=1
[    0.312251] ftrace: allocating 57808 entries in 226 pages
[    0.555643] ftrace: allocated 226 pages with 4 groups
[    0.578636] rcu: Preemptible hierarchical RCU implementation.
[    0.578759] rcu: 	RCU restricting CPUs from NR_CPUS=512 to nr_cpu_ids=2.
[    0.579080] 	Trampoline variant of Tasks RCU enabled.
[    0.579120] 	Rude variant of Tasks RCU enabled.
[    0.579149] 	Tracing variant of Tasks RCU enabled.
[    0.579416] rcu: RCU calculated value of scheduler-enlistment delay is 100 jiffies.
[    0.579513] rcu: Adjusting geometry for rcu_fanout_leaf=16, nr_cpu_ids=2
[    0.647755] NR_IRQS: 33024, nr_irqs: 440, preallocated irqs: 16
[    0.685703] Console: colour VGA+ 80x25
[    0.710158] printk: console [ttyS0] enabled
[    0.712818] ACPI: Core revision 20200925
[    0.727162] clocksource: hpet: mask: 0xffffffff max_cycles: 0xffffffff, max_idle_ns: 19112604467 ns
[    0.739462] APIC: Switch to symmetric I/O mode setup
[    0.752168] ..TIMER: vector=0x30 apic1=0 pin1=2 apic2=-1 pin2=-1
[    0.759490] tsc: Marking TSC unstable due to TSCs unsynchronized
[    0.760587] Calibrating delay loop (skipped), value calculated using timer frequency.. 4608.02 BogoMIPS (lpj=2304012)
[    0.762206] pid_max: default: 32768 minimum: 301
[    0.764700] LSM: Security Framework initializing
[    0.767266] Yama: becoming mindful.
[    0.769765] LoadPin: ready to pin (currently enforcing)
[    0.775261] AppArmor: AppArmor initialized
[    0.775535] LSM support for eBPF active
[    0.777024] Mount-cache hash table entries: 2048 (order: 2, 16384 bytes, linear)
[    0.777226] Mountpoint-cache hash table entries: 2048 (order: 2, 16384 bytes, linear)
[    0.839564] process: using AMD E400 aware idle routine
[    0.840590] Last level iTLB entries: 4KB 512, 2MB 255, 4MB 127
[    0.840940] Last level dTLB entries: 4KB 512, 2MB 255, 4MB 127, 1GB 0
[    0.841636] Spectre V1 : Mitigation: usercopy/swapgs barriers and __user pointer sanitization
[    0.842400] Spectre V2 : Mitigation: Retpolines
[    0.842683] Spectre V2 : Spectre v2 / SpectreRSB mitigation: Filling RSB on context switch
[    0.852085] bad_dst_dbg page_alloc pcp_free page=ffffea00000fc8c0 pfn=3f23 mt=1 pcp_count=20 pcp_high=90 zone=DMA32 cpu=0
[    0.852270] bad_dst_dbg page_alloc pcp_free page=ffffea00000fc900 pfn=3f24 mt=1 pcp_count=21 pcp_high=90 zone=DMA32 cpu=0
[    0.853161] bad_dst_dbg page_alloc pcp_free page=ffffea00000fc940 pfn=3f25 mt=1 pcp_count=22 pcp_high=90 zone=DMA32 cpu=0
[    0.853546] bad_dst_dbg page_alloc pcp_free page=ffffea00000fc980 pfn=3f26 mt=1 pcp_count=23 pcp_high=90 zone=DMA32 cpu=0
[    0.854155] bad_dst_dbg page_alloc pcp_free page=ffffea00000fc9c0 pfn=3f27 mt=1 pcp_count=24 pcp_high=90 zone=DMA32 cpu=0
[    0.854513] bad_dst_dbg page_alloc pcp_free page=ffffea00000fca00 pfn=3f28 mt=1 pcp_count=25 pcp_high=90 zone=DMA32 cpu=0
[    0.854899] bad_dst_dbg page_alloc pcp_free page=ffffea00000fca40 pfn=3f29 mt=1 pcp_count=26 pcp_high=90 zone=DMA32 cpu=0
[    0.855160] bad_dst_dbg page_alloc pcp_free page=ffffea00000fca80 pfn=3f2a mt=1 pcp_count=27 pcp_high=90 zone=DMA32 cpu=0
[    0.855553] bad_dst_dbg page_alloc pcp_free page=ffffea00000fcac0 pfn=3f2b mt=1 pcp_count=28 pcp_high=90 zone=DMA32 cpu=0
[    0.856272] bad_dst_dbg page_alloc pcp_free page=ffffea00000fcb00 pfn=3f2c mt=1 pcp_count=29 pcp_high=90 zone=DMA32 cpu=0
[    0.857184] Freeing SMP alternatives memory: 60K
[    0.998627] random: fast init done
[    1.137116] smpboot: CPU0: AMD QEMU Virtual CPU version 2.5+ (family: 0xf, model: 0x6b, stepping: 0x1)
[    1.154552] Performance Events: PMU not available due to virtualization, using software events only.
[    1.160806] rcu: Hierarchical SRCU implementation.
[    1.179558] NMI watchdog: Perf NMI watchdog permanently disabled
[    1.189320] smp: Bringing up secondary CPUs ...
[    1.200012] x86: Booting SMP configuration:
[    1.200496] .... node  #0, CPUs:      #1
[    1.284428] smp: Brought up 1 node, 2 CPUs
[    1.284897] smpboot: Max logical packages: 1
[    1.285329] smpboot: Total of 2 processors activated (9221.05 BogoMIPS)
[    1.328525] node 0 deferred pages initialised in 24ms
[    1.352779] devtmpfs: initialized
[    1.363275] x86/mm: Memory block size: 128MB
[    1.382908] clocksource: jiffies: mask: 0xffffffff max_cycles: 0xffffffff, max_idle_ns: 1911260446275000 ns
[    1.383590] futex hash table entries: 512 (order: 3, 32768 bytes, linear)
[    1.396116] PM: RTC time: 08:17:40, date: 2026-05-26
[    1.417374] NET: Registered protocol family 16
[    1.427116] DMA: preallocated 128 KiB GFP_KERNEL pool for atomic allocations
[    1.427761] DMA: preallocated 128 KiB GFP_KERNEL|GFP_DMA pool for atomic allocations
[    1.428241] DMA: preallocated 128 KiB GFP_KERNEL|GFP_DMA32 pool for atomic allocations
[    1.429514] audit: initializing netlink subsys (disabled)
[    1.435961] audit: type=2000 audit(1779783459.691:1): state=initialized audit_enabled=0 res=1
[    1.443807] thermal_sys: Registered thermal governor 'step_wise'
[    1.443929] thermal_sys: Registered thermal governor 'user_space'
[    1.447555] cpuidle: using governor ladder
[    1.448742] cpuidle: using governor menu
[    1.452215] ACPI: bus type PCI registered
[    1.452685] acpiphp: ACPI Hot Plug PCI Controller Driver version: 0.5
[    1.458764] PCI: Using configuration type 1 for base access
[    1.464998] mtrr: your CPUs had inconsistent fixed MTRR settings
[    1.465508] mtrr: your CPUs had inconsistent variable MTRR settings
[    1.465737] mtrr: your CPUs had inconsistent MTRRdefType settings
[    1.465935] mtrr: probably your BIOS does not setup all CPUs.
[    1.466170] mtrr: corrected configuration.
[    1.524392] Kprobes globally optimized
[    1.535982] HugeTLB registered 2.00 MiB page size, pre-allocated 0 pages
[    1.566761] cryptd: max_cpu_qlen set to 1000
[    1.622196] raid6: sse2x4   gen()   648 MB/s
[    1.639182] raid6: sse2x4   xor()   415 MB/s
[    1.656046] raid6: sse2x2   gen()   681 MB/s
[    1.673050] raid6: sse2x2   xor()   391 MB/s
[    1.690282] raid6: sse2x1   gen()   626 MB/s
[    1.707009] raid6: sse2x1   xor()   334 MB/s
[    1.707226] raid6: using algorithm sse2x2 gen() 681 MB/s
[    1.707459] raid6: .... xor() 391 MB/s, rmw enabled
[    1.708177] raid6: using intx1 recovery algorithm
[    1.709976] ACPI: Added _OSI(Module Device)
[    1.710212] ACPI: Added _OSI(Processor Device)
[    1.710370] ACPI: Added _OSI(3.0 _SCP Extensions)
[    1.710540] ACPI: Added _OSI(Processor Aggregator Device)
[    1.710894] ACPI: Added _OSI(Linux-Dell-Video)
[    1.711207] ACPI: Added _OSI(Linux-Lenovo-NV-HDMI-Audio)
[    1.711391] ACPI: Added _OSI(Linux-HPI-Hybrid-Graphics)
[    1.752719] ACPI: 1 ACPI AML tables successfully acquired and loaded
[    1.794179] ACPI: Interpreter enabled
[    1.797352] ACPI: (supports S0 S3 S5)
[    1.797645] ACPI: Using IOAPIC for interrupt routing
[    1.799458] PCI: Using host bridge windows from ACPI; if necessary, use "pci=nocrs" and report a bug
[    1.804034] ACPI: Enabled 2 GPEs in block 00 to 0F
[    1.893116] ACPI: PCI Root Bridge [PCI0] (domain 0000 [bus 00-ff])
[    1.895653] acpi PNP0A03:00: _OSC: OS supports [ASPM ClockPM Segments MSI HPX-Type3]
[    1.897928] acpi PNP0A03:00: fail to add MMCONFIG information, can't access extended PCI configuration space under this bridge.
[    1.909212] acpiphp: Slot [3] registered
[    1.909970] acpiphp: Slot [4] registered
[    1.910511] acpiphp: Slot [5] registered
[    1.910922] acpiphp: Slot [6] registered
[    1.911429] acpiphp: Slot [7] registered
[    1.911869] acpiphp: Slot [8] registered
[    1.912471] acpiphp: Slot [9] registered
[    1.912948] acpiphp: Slot [10] registered
[    1.913600] acpiphp: Slot [11] registered
[    1.914296] acpiphp: Slot [12] registered
[    1.914749] acpiphp: Slot [13] registered
[    1.915368] acpiphp: Slot [14] registered
[    1.915938] acpiphp: Slot [15] registered
[    1.916480] acpiphp: Slot [16] registered
[    1.916898] acpiphp: Slot [17] registered
[    1.917430] acpiphp: Slot [18] registered
[    1.917947] acpiphp: Slot [19] registered
[    1.918527] acpiphp: Slot [20] registered
[    1.918947] acpiphp: Slot [21] registered
[    1.919473] acpiphp: Slot [22] registered
[    1.919888] acpiphp: Slot [23] registered
[    1.920453] acpiphp: Slot [24] registered
[    1.920904] acpiphp: Slot [25] registered
[    1.921671] acpiphp: Slot [26] registered
[    1.922387] acpiphp: Slot [27] registered
[    1.922888] acpiphp: Slot [28] registered
[    1.923524] acpiphp: Slot [29] registered
[    1.924026] acpiphp: Slot [30] registered
[    1.924587] acpiphp: Slot [31] registered
[    1.925787] PCI host bridge to bus 0000:00
[    1.926783] pci_bus 0000:00: root bus resource [io  0x0000-0x0cf7 window]
[    1.927195] pci_bus 0000:00: root bus resource [io  0x0d00-0xffff window]
[    1.927559] pci_bus 0000:00: root bus resource [mem 0x000a0000-0x000bffff window]
[    1.927787] pci_bus 0000:00: root bus resource [mem 0x40000000-0xfebfffff window]
[    1.928062] pci_bus 0000:00: root bus resource [mem 0x100000000-0x17fffffff window]
[    1.928558] pci_bus 0000:00: root bus resource [bus 00-ff]
[    1.932349] pci 0000:00:00.0: [8086:1237] type 00 class 0x060000
[    1.944258] pci 0000:00:01.0: [8086:7000] type 00 class 0x060100
[    1.946938] pci 0000:00:01.1: [8086:7010] type 00 class 0x010180
[    1.949634] pci 0000:00:01.1: reg 0x20: [io  0xc000-0xc00f]
[    1.952231] pci 0000:00:01.1: legacy IDE quirk: reg 0x10: [io  0x01f0-0x01f7]
[    1.953244] pci 0000:00:01.1: legacy IDE quirk: reg 0x14: [io  0x03f6]
[    1.953536] pci 0000:00:01.1: legacy IDE quirk: reg 0x18: [io  0x0170-0x0177]
[    1.953820] pci 0000:00:01.1: legacy IDE quirk: reg 0x1c: [io  0x0376]
[    1.957369] pci 0000:00:01.3: [8086:7113] type 00 class 0x068000
[    1.959219] pci 0000:00:01.3: quirk: [io  0x0600-0x063f] claimed by PIIX4 ACPI
[    1.959616] pci 0000:00:01.3: quirk: [io  0x0700-0x070f] claimed by PIIX4 SMB
[    1.961961] pci 0000:00:02.0: [1234:1111] type 00 class 0x030000
[    1.963116] pci 0000:00:02.0: reg 0x10: [mem 0xfd000000-0xfdffffff pref]
[    1.966271] pci 0000:00:02.0: reg 0x18: [mem 0xfebf0000-0xfebf0fff]
[    1.968116] pci 0000:00:02.0: reg 0x30: [mem 0xfebe0000-0xfebeffff pref]
[    1.983075] ACPI: PCI Interrupt Link [LNKA] (IRQs 5 *10 11)
[    1.985603] ACPI: PCI Interrupt Link [LNKB] (IRQs 5 *10 11)
[    1.986910] ACPI: PCI Interrupt Link [LNKC] (IRQs 5 10 *11)
[    1.988387] ACPI: PCI Interrupt Link [LNKD] (IRQs 5 10 *11)
[    1.989192] ACPI: PCI Interrupt Link [LNKS] (IRQs *9)
[    2.003487] iommu: Default domain type: Translated 
[    2.007978] SCSI subsystem initialized
[    2.013443] pps_core: LinuxPPS API ver. 1 registered
[    2.013680] pps_core: Software ver. 5.3.6 - Copyright 2005-2007 Rodolfo Giometti <giometti@linux.it>
[    2.014221] PTP clock support registered
[    2.042106] PCI: Using ACPI for IRQ routing
[    2.048219] hpet: 3 channels of 0 reserved for per-cpu timers
[    2.049116] hpet0: at MMIO 0xfed00000, IRQs 2, 8, 0
[    2.049519] hpet0: 3 comparators, 64-bit 100.000000 MHz counter
[    2.058018] clocksource: Switched to clocksource hpet
[    4.029209] VFS: Disk quotas dquot_6.6.0
[    4.030082] VFS: Dquot-cache hash table entries: 512 (order 0, 4096 bytes)
[    4.034806] FS-Cache: Loaded
[    4.046933] CacheFiles: Loaded
[    4.052836] AppArmor: AppArmor Filesystem Enabled
[    4.055945] pnp: PnP ACPI init
[    4.069892] pnp: PnP ACPI: found 6 devices
[    4.174645] NET: Registered protocol family 2
[    4.177643] IP idents hash table entries: 16384 (order: 5, 131072 bytes, linear)
[    4.207872] tcp_listen_portaddr_hash hash table entries: 512 (order: 1, 8192 bytes, linear)
[    4.208657] TCP established hash table entries: 8192 (order: 4, 65536 bytes, linear)
[    4.209498] TCP bind hash table entries: 8192 (order: 5, 131072 bytes, linear)
[    4.210648] TCP: Hash tables configured (established 8192 bind 8192)
[    4.214480] UDP hash table entries: 512 (order: 2, 16384 bytes, linear)
[    4.215738] UDP-Lite hash table entries: 512 (order: 2, 16384 bytes, linear)
[    4.220089] NET: Registered protocol family 1
[    4.229579] RPC: Registered named UNIX socket transport module.
[    4.229953] RPC: Registered udp transport module.
[    4.230258] RPC: Registered tcp transport module.
[    4.230431] RPC: Registered tcp NFSv4.1 backchannel transport module.
[    4.230760] NET: Registered protocol family 44
[    4.233803] pci_bus 0000:00: resource 4 [io  0x0000-0x0cf7 window]
[    4.234133] pci_bus 0000:00: resource 5 [io  0x0d00-0xffff window]
[    4.234457] pci_bus 0000:00: resource 6 [mem 0x000a0000-0x000bffff window]
[    4.234716] pci_bus 0000:00: resource 7 [mem 0x40000000-0xfebfffff window]
[    4.234944] pci_bus 0000:00: resource 8 [mem 0x100000000-0x17fffffff window]
[    4.236807] pci 0000:00:01.0: PIIX3: Enabling Passive Release
[    4.237416] pci 0000:00:00.0: Limiting direct PCI/PCI transfers
[    4.237816] pci 0000:00:01.0: Activating ISA DMA hang workarounds
[    4.238655] pci 0000:00:02.0: Video device with shadowed ROM at [mem 0x000c0000-0x000dffff]
[    4.239044] PCI: CLS 0 bytes, default 64
[    4.252299] Trying to unpack rootfs image as initramfs...
[    4.675655] Freeing initrd memory: 2548K
[    4.678384] kvm: no hardware support
[    4.683354] kvm: Nested Virtualization enabled
[    4.684000] SVM: kvm: Nested Paging disabled
[    4.699829] check: Scanning for low memory corruption every 60 seconds
[    4.712349] Initialise system trusted keyrings
[    4.717801] Key type blacklist registered
[    4.720848] workingset: timestamp_bits=40 max_order=18 bucket_order=0
[    4.764089] squashfs: version 4.0 (2009/01/31) Phillip Lougher
[    4.768634] FS-Cache: Netfs 'nfs' registered for caching
[    4.774522] NFS: Registering the id_resolver key type
[    4.775378] Key type id_resolver registered
[    4.775566] Key type id_legacy registered
[    4.776777] nfs4filelayout_init: NFSv4 File Layout Driver Registering...
[    4.777881] nfs4flexfilelayout_init: NFSv4 Flexfile Layout Driver Registering...
[    4.778255] Installing knfsd (copyright (C) 1996 okir@monad.swb.de).
[    4.794592] Key type cifs.spnego registered
[    4.795110] Key type cifs.idmap registered
[    4.795571] ntfs: driver 2.1.32 [Flags: R/O].
[    4.799350] fuse: init (API version 7.32)
[    4.803544] SGI XFS with ACLs, security attributes, quota, no debug enabled
[    4.815714] 9p: Installing v9fs 9p2000 file system support
[    4.821509] integrity: Platform Keyring initialized
[    4.870779] NET: Registered protocol family 38
[    4.871677] xor: measuring software checksum speed
[    4.893726]    prefetch64-sse  :   479 MB/sec
[    4.918743]    generic_sse     :   401 MB/sec
[    4.919179] xor: using function: prefetch64-sse (479 MB/sec)
[    4.919856] Key type asymmetric registered
[    4.920493] Asymmetric key parser 'x509' registered
[    4.921475] Block layer SCSI generic (bsg) driver version 0.4 loaded (major 248)
[    4.923803] io scheduler mq-deadline registered
[    4.924269] io scheduler kyber registered
[    4.925939] io scheduler bfq registered
[    4.938485] input: Power Button as /devices/LNXSYSTM:00/LNXPWRBN:00/input/input0
[    4.949657] bad_dst_dbg slub __slab_free_state cache=kmalloc-256 page=ffffea0000ffaf40 pfn=3febd head=ffff88803febd500 cnt=1 prior=0000000000000000 old_inuse=16 new_inuse=15 was_frozen=1 new_frozen=1 objects=16 cpu=1
[    4.950853] bad_dst_dbg slub __slab_free_state cache=kmalloc-256 page=ffffea0000ffaf40 pfn=3febd head=ffff88803febd400 cnt=1 prior=ffff88803febd500 old_inuse=15 new_inuse=14 was_frozen=1 new_frozen=1 objects=16 cpu=1
[    4.951594] ACPI: Power Button [PWRF]
[    4.964341] Serial: 8250/16550 driver, 4 ports, IRQ sharing disabled
[    4.970512] 00:04: ttyS0 at I/O 0x3f8 (irq = 4, base_baud = 115200) is a 16550A
[    4.984471] Non-volatile memory driver v1.3
[    4.986722] AMD-Vi: AMD IOMMUv2 functionality not available on this system - This is not a bug.
[    5.081799] brd: module loaded
[    5.183782] loop: module loaded
[    5.189721] zram: Added device: zram0
[    5.190923] Guest personality initialized and is inactive
[    5.193357] VMCI host device registered (name=vmci, major=10, minor=62)
[    5.193703] Initialized host personality
[    5.195472] Loading iSCSI transport class v2.0-870.
[    5.201973] iscsi: registered transport (tcp)
[    5.203559] VMware PVSCSI driver - version 1.0.7.0-k
[    5.204448] hv_vmbus: registering driver hv_storvsc
[    5.245579] scsi host0: ata_piix
[    5.255995] scsi host1: ata_piix
[    5.258641] ata1: PATA max MWDMA2 cmd 0x1f0 ctl 0x3f6 bmdma 0xc000 irq 14
[    5.259100] ata2: PATA max MWDMA2 cmd 0x170 ctl 0x376 bmdma 0xc008 irq 15
[    5.281867] Rounding down aligned max_sectors from 4294967295 to 4294967288
[    5.287061] db_root: cannot open: /etc/target
[    5.348655] wireguard: WireGuard 1.0.0 loaded. See www.wireguard.com for information.
[    5.349086] wireguard: Copyright (C) 2015-2019 Jason A. Donenfeld <Jason@zx2c4.com>. All Rights Reserved.
[    5.372541] tun: Universal TUN/TAP device driver, 1.6
[    5.380844] ixgbevf: Intel(R) 10 Gigabit PCI Express Virtual Function Network Driver
[    5.381358] ixgbevf: Copyright (c) 2009 - 2018 Intel Corporation.
[    5.384460] PPP generic driver version 2.4.2
[    5.387689] VMware vmxnet3 virtual NIC driver - version 1.5.0.0-k-NAPI
[    5.388801] hv_vmbus: registering driver hv_netvsc
[    5.391817] VFIO - User Level meta-driver version: 0.3
[    5.398943] i8042: PNP: PS/2 Controller [PNP0303:KBD,PNP0f13:MOU] at 0x60,0x64 irq 1,12
[    5.408862] serio: i8042 KBD port at 0x60,0x64 irq 1
[    5.410687] serio: i8042 AUX port at 0x60,0x64 irq 12
[    5.412693] hv_vmbus: registering driver hyperv_keyboard
[    5.420972] rtc_cmos 00:05: RTC can wake from S4
[    5.425810] input: AT Translated Set 2 keyboard as /devices/platform/i8042/serio0/input/input1
[    5.431662] rtc_cmos 00:05: registered as rtc0
[    5.433637] rtc_cmos 00:05: alarms up to one day, y3k, 242 bytes nvram, hpet irqs
[    5.434652] iTCO_wdt: Intel TCO WatchDog Timer Driver v1.11
[    5.435028] iTCO_vendor_support: vendor-support=0
[    5.444956] device-mapper: ioctl: 4.43.0-ioctl (2020-10-01) initialised: dm-devel@redhat.com
[    5.449071] ata2.00: ATAPI: QEMU DVD-ROM, 2.5+, max UDMA/100
[    5.454310] device-mapper: multipath round-robin: version 1.2.0 loaded
[    5.454719] device-mapper: multipath queue-length: version 0.2.0 loaded
[    5.455107] device-mapper: multipath service-time: version 0.3.0 loaded
[    5.455558] device-mapper: multipath historical-service-time: version 0.1.1 loaded
[    5.458316] device-mapper: raid: Loading target version 1.15.1
[    5.470514] hv_utils: Registering HyperV Utility Driver
[    5.470801] hv_vmbus: registering driver hv_utils
[    5.470987] hv_vmbus: registering driver hv_balloon
[    5.474343] GACT probability NOT on
[    5.475108] Mirror/redirect action on
[    5.478740] netem: version 1.3
[    5.479749] u32 classifier
[    5.479931]     input device check on
[    5.480095]     Actions configured
[    5.490628] bad_dst_dbg slub __slab_free_state cache=kmalloc-256 page=ffffea0000191e40 pfn=6479 head=ffff888006479a00 cnt=1 prior=0000000000000000 old_inuse=16 new_inuse=15 was_frozen=1 new_frozen=1 objects=16 cpu=1
[    5.493540] bad_dst_dbg slub __slab_free_state cache=kmalloc-256 page=ffffea0000191200 pfn=6448 head=ffff888006448800 cnt=5 prior=0000000000000000 old_inuse=16 new_inuse=11 was_frozen=0 new_frozen=1 objects=16 cpu=1
[    5.494494] bad_dst_dbg slub put_cpu_partial cache=kmalloc-256 page=ffffea0000191200 pfn=6448 drain=1 pages=1 pobjects=5 inuse=11 objects=16 cpu=1
[    5.494966] bad_dst_dbg slub __slab_free_state cache=kmalloc-256 page=ffffea0000190980 pfn=6426 head=ffff888006426300 cnt=1 prior=0000000000000000 old_inuse=16 new_inuse=15 was_frozen=0 new_frozen=1 objects=16 cpu=1
[    5.495767] bad_dst_dbg slub put_cpu_partial cache=kmalloc-256 page=ffffea0000190980 pfn=6426 drain=1 pages=2 pobjects=6 inuse=15 objects=16 cpu=1
[    5.496321] bad_dst_dbg slub __slab_free_state cache=kmalloc-256 page=ffffea000018fc00 pfn=63f0 head=ffff8880063f0b00 cnt=1 prior=0000000000000000 old_inuse=16 new_inuse=15 was_frozen=0 new_frozen=1 objects=16 cpu=1
[    5.496914] bad_dst_dbg slub put_cpu_partial cache=kmalloc-256 page=ffffea000018fc00 pfn=63f0 drain=1 pages=3 pobjects=7 inuse=15 objects=16 cpu=1
[    5.500373] scsi 1:0:0:0: CD-ROM            QEMU     QEMU DVD-ROM     2.5+ PQ: 0 ANSI: 5
[    5.509949] xt_time: kernel timezone is -0000
[    5.512051] IPVS: Registered protocols (TCP, UDP, SCTP, AH, ESP)
[    5.513557] IPVS: Connection hash table configured (size=4096, memory=64Kbytes)
[    5.517152] IPVS: ipvs loaded.
[    5.517685] IPVS: [rr] scheduler registered.
[    5.517918] IPVS: [wrr] scheduler registered.
[    5.518088] IPVS: [lc] scheduler registered.
[    5.518614] bad_dst_dbg slub __slab_free_state cache=kmalloc-256 page=ffffea0000191e40 pfn=6479 head=ffff888006479000 cnt=5 prior=0000000000000000 old_inuse=16 new_inuse=11 was_frozen=0 new_frozen=1 objects=16 cpu=0
[    5.519827] bad_dst_dbg slub put_cpu_partial cache=kmalloc-256 page=ffffea0000191e40 pfn=6479 drain=1 pages=1 pobjects=5 inuse=11 objects=16 cpu=0
[    5.520817] bad_dst_dbg slub __slab_free_state cache=kmalloc-256 page=ffffea00001931c0 pfn=64c7 head=ffff8880064c7a00 cnt=1 prior=0000000000000000 old_inuse=16 new_inuse=15 was_frozen=1 new_frozen=1 objects=16 cpu=0
[    5.522436] IPVS: [wlc] scheduler registered.
[    5.522845] IPVS: [fo] scheduler registered.
[    5.523507] IPVS: [ovf] scheduler registered.
[    5.524423] IPVS: [lblc] scheduler registered.
[    5.524827] IPVS: [lblcr] scheduler registered.
[    5.525049] IPVS: [dh] scheduler registered.
[    5.525402] IPVS: [sh] scheduler registered.
[    5.525590] IPVS: [sed] scheduler registered.
[    5.525770] IPVS: [nq] scheduler registered.
[    5.527177] IPVS: ftp: loaded support on port[0] = 21
[    5.527708] IPVS: [sip] pe registered.
[    5.528694] ipip: IPv4 and MPLS over IPv4 tunneling driver
[    5.534323] sr 1:0:0:0: [sr0] scsi3-mmc drive: 4x/4x cd/rw xa/form2 tray
[    5.534721] gre: GRE over IPv4 demultiplexor driver
[    5.535028] ip_gre: GRE over IPv4 tunneling driver
[    5.535077] cdrom: Uniform CD-ROM driver Revision: 3.20
[    5.544433] bad_dst_dbg slub __slab_free_state cache=kmalloc-256 page=ffffea0000192280 pfn=648a head=ffff88800648ae00 cnt=1 prior=0000000000000000 old_inuse=16 new_inuse=15 was_frozen=0 new_frozen=1 objects=16 cpu=0
[    5.545055] bad_dst_dbg slub put_cpu_partial cache=kmalloc-256 page=ffffea0000192280 pfn=648a drain=1 pages=1 pobjects=1 inuse=15 objects=16 cpu=0
[    5.563128] ipt_CLUSTERIP: ClusterIP Version 0.8 loaded successfully
[    5.564906] bad_dst_dbg slub __slab_free_state cache=kmalloc-256 page=ffffea0000191e40 pfn=6479 head=ffff888006479e00 cnt=1 prior=0000000000000000 old_inuse=16 new_inuse=15 was_frozen=0 new_frozen=1 objects=16 cpu=1
[    5.565865] bad_dst_dbg slub put_cpu_partial cache=kmalloc-256 page=ffffea0000191e40 pfn=6479 drain=1 pages=4 pobjects=8 inuse=15 objects=16 cpu=1
[    5.568810] Initializing XFRM netlink socket
[    5.570147] IPsec XFRM device driver
[    5.576316] NET: Registered protocol family 10
[    5.601682] Segment Routing with IPv6
[    5.617881] ip6_gre: GRE over IPv6 tunneling driver
[    5.624298] NET: Registered protocol family 17
[    5.625382] NET: Registered protocol family 15
[    5.627826] Bridge firewalling registered
[    5.633880] RPC: Registered rdma transport module.
[    5.634280] RPC: Registered rdma backchannel transport module.
[    5.636079] 8021q: 802.1Q VLAN Support v1.8
[    5.640362] 9pnet: Installing 9P2000 support
[    5.641383] Key type dns_resolver registered
[    5.643662] NET: Registered protocol family 40
[    5.651887] IPI shorthand broadcast: enabled
[    5.656114] registered taskstats version 1
[    5.656763] Loading compiled-in X.509 certificates
[    5.712368] Loaded X.509 cert 'Build time autogenerated kernel key: 4504323df522a808911f4e0c6cd5fa52b82306a3'
[    5.716932] AppArmor: AppArmor sha1 policy hashing enabled
[    5.718690] ima: No TPM chip found, activating TPM-bypass!
[    5.719415] ima: Allocated hash algorithm: sha256
[    5.725683] ima: No architecture policies found
[    5.735361] PM:   Magic number: 10:514:271
[    5.739952] Unstable clock detected, switching default tracing clock to "global"
[    5.739952] If you want to keep using the local clock, then add:
[    5.739952]   "trace_clock=local"
[    5.739952] on the kernel command line
[    5.748226] rmqueue_pcplist: 4793 callbacks suppressed
[    5.748256] bad_dst_dbg page_alloc pcp_alloc page=ffffea00001991c0 pfn=6647 mt=0 pcp_count=152 zone=DMA32 cpu=0
[    5.749005] bad_dst_dbg page_alloc pcp_alloc page=ffffea0000199200 pfn=6648 mt=0 pcp_count=151 zone=DMA32 cpu=0
[    5.749462] bad_dst_dbg page_alloc pcp_alloc page=ffffea0000199240 pfn=6649 mt=0 pcp_count=150 zone=DMA32 cpu=0
[    5.751701] bad_dst_dbg page_alloc pcp_alloc page=ffffea0000199280 pfn=664a mt=0 pcp_count=149 zone=DMA32 cpu=0
[    5.757692] integrity: Unable to open file: /etc/ima/pubkey.x509 (-2)
[    5.759038] bad_dst_dbg page_alloc pcp_alloc page=ffffea00001992c0 pfn=664b mt=0 pcp_count=148 zone=DMA32 cpu=0
[    5.760361] bad_dst_dbg page_alloc pcp_alloc page=ffffea0000199300 pfn=664c mt=0 pcp_count=147 zone=DMA32 cpu=0
[    5.761048] bad_dst_dbg page_alloc pcp_alloc page=ffffea0000199340 pfn=664d mt=0 pcp_count=146 zone=DMA32 cpu=0
[    5.761816] bad_dst_dbg page_alloc pcp_alloc page=ffffea0000199380 pfn=664e mt=0 pcp_count=145 zone=DMA32 cpu=0
[    5.762657] bad_dst_dbg page_alloc pcp_alloc page=ffffea00001993c0 pfn=664f mt=0 pcp_count=144 zone=DMA32 cpu=0
[    5.763556] bad_dst_dbg page_alloc pcp_alloc page=ffffea0000199400 pfn=6650 mt=0 pcp_count=143 zone=DMA32 cpu=0
[    5.792792] Freeing unused decrypted memory: 2036K
[    5.854201] free_unref_page_commit: 1516 callbacks suppressed
[    5.854255] bad_dst_dbg page_alloc pcp_free page=ffffea00000f6a00 pfn=3da8 mt=1 pcp_count=355 pcp_high=378 zone=DMA32 cpu=0
[    5.857558] bad_dst_dbg page_alloc pcp_free page=ffffea00000f6a40 pfn=3da9 mt=1 pcp_count=356 pcp_high=378 zone=DMA32 cpu=0
[    5.860215] bad_dst_dbg page_alloc pcp_free page=ffffea00000f6a80 pfn=3daa mt=1 pcp_count=357 pcp_high=378 zone=DMA32 cpu=0
[    5.863594] bad_dst_dbg page_alloc pcp_free page=ffffea00000f6ac0 pfn=3dab mt=1 pcp_count=358 pcp_high=378 zone=DMA32 cpu=0
[    5.866652] bad_dst_dbg page_alloc pcp_free page=ffffea00000f6b00 pfn=3dac mt=1 pcp_count=359 pcp_high=378 zone=DMA32 cpu=0
[    5.868819] bad_dst_dbg page_alloc pcp_free page=ffffea00000f6b40 pfn=3dad mt=1 pcp_count=360 pcp_high=378 zone=DMA32 cpu=0
[    5.871025] bad_dst_dbg page_alloc pcp_free page=ffffea00000f6b80 pfn=3dae mt=1 pcp_count=361 pcp_high=378 zone=DMA32 cpu=0
[    5.873911] bad_dst_dbg page_alloc pcp_free page=ffffea00000f6bc0 pfn=3daf mt=1 pcp_count=362 pcp_high=378 zone=DMA32 cpu=0
[    5.876615] bad_dst_dbg page_alloc pcp_free page=ffffea00000f6c00 pfn=3db0 mt=1 pcp_count=363 pcp_high=378 zone=DMA32 cpu=0
[    5.878267] bad_dst_dbg page_alloc pcp_free page=ffffea00000f6c40 pfn=3db1 mt=1 pcp_count=364 pcp_high=378 zone=DMA32 cpu=0
[    5.982477] Freeing unused kernel image (initmem) memory: 1904K
[    5.983495] Write protecting the kernel read-only data: 36864k
[    5.995579] Freeing unused kernel image (text/rodata gap) memory: 2024K
[    5.999114] Freeing unused kernel image (rodata/data gap) memory: 916K
[    6.000383] Run /init as init process
testvm busybox initrd ready
+ mkdir -p /dev/binderfs
+ mount -t binder binder /dev/binderfs
+ ln -sf /dev/binderfs/binder /dev/binder
+ ln -sf /dev/binderfs/hwbinder /dev/hwbinder
+ ln -sf /dev/binderfs/vndbinder /dev/vndbinder
+ exec /badnode
Starting static exploit...
root payload: local shell
test context manager: ready
[    6.832808] bad_dst_dbg slub put_cpu_partial cache=kmalloc-256 page=ffffea0000197680 pfn=65da drain=1 pages=1 pobjects=1 inuse=15 objects=16 cpu=0
Binder context created
Token manager found
B: listening for next command...
test context manager: registered handle 1
Binder node registered in token manager
C: reacquired context
A: received C's handle
C: reacquired context
A: received C's handle
SYSCHK(dup(files_to_leak[i])) = -1

errno: 24

[    6.905193] bad_dst_dbg slub put_cpu_partial cache=kmalloc-256 page=ffffea000019ca40 pfn=6729 drain=1 pages=1 pobjects=1 inuse=15 objects=16 cpu=0
[    6.931428] bad_dst_dbg slub put_cpu_partial cache=kmalloc-256 page=ffffea000019c500 pfn=6714 drain=1 pages=2 pobjects=2 inuse=15 objects=16 cpu=0
[    6.952493] bad_dst_dbg slub put_cpu_partial cache=kmalloc-256 page=ffffea0000197680 pfn=65da drain=1 pages=3 pobjects=3 inuse=15 objects=16 cpu=0
[    6.953190] bad_dst_dbg slub unfreeze_empty_retained cache=kmalloc-256 page=ffffea000019c740 pfn=671d nr_partial=0 min_partial=5 objects=16 cpu=0
[    6.953289] bad_dst_dbg slub unfreeze_empty_retained cache=kmalloc-256 page=ffffea000019c500 pfn=6714 nr_partial=2 min_partial=5 objects=16 cpu=0
[    6.954264] bad_dst_dbg slub unfreeze_empty_retained cache=kmalloc-256 page=ffffea000019c7c0 pfn=671f nr_partial=4 min_partial=5 objects=16 cpu=0
[    6.954877] bad_dst_dbg slub unfreeze_empty_discard cache=kmalloc-256 size=256 page=ffffea000019c840 pfn=6721 inuse=0 objects=16 frozen=0 freelist=ffff888006721500 cpu=0
[    6.955503] bad_dst_dbg slub unfreeze_empty_discard cache=kmalloc-256 size=256 page=ffffea000019c8c0 pfn=6723 inuse=0 objects=16 frozen=0 freelist=ffff888006723c00 cpu=0
[    6.955971] bad_dst_dbg slub unfreeze_empty_discard cache=kmalloc-256 size=256 page=ffffea000019c940 pfn=6725 inuse=0 objects=16 frozen=0 freelist=ffff888006725e00 cpu=0
[    6.956804] bad_dst_dbg slub __slab_free_discard cache=kmalloc-256 size=256 page=ffffea000019ca40 pfn=6729 inuse=0 objects=16 frozen=0 freelist=ffff888006729700 cpu=0
[    6.957468] bad_dst_dbg slub unfreeze_empty_retained cache=kmalloc-256 page=ffffea000019c9c0 pfn=6727 nr_partial=4 min_partial=5 objects=16 cpu=0
[    6.957920] bad_dst_dbg slub unfreeze_empty_discard cache=kmalloc-256 size=256 page=ffffea000019cac0 pfn=672b inuse=0 objects=16 frozen=0 freelist=ffff88800672b700 cpu=0
[    6.958493] bad_dst_dbg slub unfreeze_empty_discard cache=kmalloc-256 size=256 page=ffffea000019cb40 pfn=672d inuse=0 objects=16 frozen=0 freelist=ffff88800672d900 cpu=0
[    6.958980] bad_dst_dbg slub unfreeze_empty_discard cache=kmalloc-256 size=256 page=ffffea000019cbc0 pfn=672f inuse=0 objects=16 frozen=0 freelist=ffff88800672f700 cpu=0
[    6.959591] bad_dst_dbg slub unfreeze_empty_discard cache=kmalloc-256 size=256 page=ffffea000019d780 pfn=675e inuse=0 objects=16 frozen=0 freelist=ffff88800675ec00 cpu=0
[    6.960106] bad_dst_dbg slub unfreeze_empty_discard cache=kmalloc-256 size=256 page=ffffea000019de00 pfn=6778 inuse=0 objects=16 frozen=0 freelist=ffff888006778000 cpu=0
[    6.960664] bad_dst_dbg slub unfreeze_empty_discard cache=kmalloc-256 size=256 page=ffffea000019de80 pfn=677a inuse=0 objects=16 frozen=0 freelist=ffff88800677ae00 cpu=0
qemu-system-x86_64: terminating on signal 15 from pid 272914 (timeout)
