c[?7l[2J[0mSeaBIOS (version rel-1.17.0-0-gb52ca86e094d-prebuilt.qemu.org)
Booting from ROM..c[?7l[2J[0m.[    0.000000] Linux version 5.10.107+ (jack@bd5f2b454abc) (gcc (Ubuntu 10.5.0-1ubuntu1~20.04) 10.5.0, GNU ld (GNU Binutils for Ubuntu) 2.34) #1 SMP PREEMPT Tue May 26 07:46:52 UTC 2026
[    0.000000] Command line: console=ttyS0 rdinit=/init testvm_autorun=/binder_diag.sh nokaslr panic=-1
[    0.000000] x86/fpu: x87 FPU will use FXSAVE
[    0.000000] BIOS-provided physical RAM map:
[    0.000000] BIOS-e820: [mem 0x0000000000000000-0x000000000009fbff] usable
[    0.000000] BIOS-e820: [mem 0x000000000009fc00-0x000000000009ffff] reserved
[    0.000000] BIOS-e820: [mem 0x00000000000f0000-0x00000000000fffff] reserved
[    0.000000] BIOS-e820: [mem 0x0000000000100000-0x000000003ffdffff] usable
[    0.000000] BIOS-e820: [mem 0x000000003ffe0000-0x000000003fffffff] reserved
[    0.000000] BIOS-e820: [mem 0x00000000fffc0000-0x00000000ffffffff] reserved
[    0.000000] BIOS-e820: [mem 0x000000fd00000000-0x000000ffffffffff] reserved
[    0.000000] NX (Execute Disable) protection: active
[    0.000000] SMBIOS 2.8 present.
[    0.000000] DMI: QEMU Standard PC (i440FX + PIIX, 1996), BIOS rel-1.17.0-0-gb52ca86e094d-prebuilt.qemu.org 04/01/2014
[    0.000000] tsc: Fast TSC calibration using PIT
[    0.000000] tsc: Detected 2303.999 MHz processor
[    0.029484] AGP: No AGP bridge found
[    0.030195] last_pfn = 0x3ffe0 max_arch_pfn = 0x400000000
[    0.033528] x86/PAT: Configuration [0-7]: WB  WC  UC- UC  WB  WP  UC- WT  
[    0.087455] found SMP MP-table at [mem 0x000f54c0-0x000f54cf]
[    0.091735] check: Scanning 1 areas for low memory corruption
[    0.105083] RAMDISK: [mem 0x3fd63000-0x3ffdffff]
[    0.105895] ACPI: Early table checksum verification disabled
[    0.107006] ACPI: RSDP 0x00000000000F52E0 000014 (v00 BOCHS )
[    0.107718] ACPI: RSDT 0x000000003FFE238A 000034 (v01 BOCHS  BXPC     00000001 BXPC 00000001)
[    0.109423] ACPI: FACP 0x000000003FFE2236 000074 (v01 BOCHS  BXPC     00000001 BXPC 00000001)
[    0.110919] ACPI: DSDT 0x000000003FFE0040 0021F6 (v01 BOCHS  BXPC     00000001 BXPC 00000001)
[    0.111201] ACPI: FACS 0x000000003FFE0000 000040
[    0.111384] ACPI: APIC 0x000000003FFE22AA 000080 (v03 BOCHS  BXPC     00000001 BXPC 00000001)
[    0.111488] ACPI: HPET 0x000000003FFE232A 000038 (v01 BOCHS  BXPC     00000001 BXPC 00000001)
[    0.111585] ACPI: WAET 0x000000003FFE2362 000028 (v01 BOCHS  BXPC     00000001 BXPC 00000001)
[    0.111834] ACPI: Reserving FACP table memory at [mem 0x3ffe2236-0x3ffe22a9]
[    0.111925] ACPI: Reserving DSDT table memory at [mem 0x3ffe0040-0x3ffe2235]
[    0.111963] ACPI: Reserving FACS table memory at [mem 0x3ffe0000-0x3ffe003f]
[    0.111996] ACPI: Reserving APIC table memory at [mem 0x3ffe22aa-0x3ffe2329]
[    0.112026] ACPI: Reserving HPET table memory at [mem 0x3ffe232a-0x3ffe2361]
[    0.112056] ACPI: Reserving WAET table memory at [mem 0x3ffe2362-0x3ffe2389]
[    0.117272] No NUMA configuration found
[    0.117369] Faking a node at [mem 0x0000000000000000-0x000000003ffdffff]
[    0.119803] NODE_DATA(0) allocated [mem 0x3fd5e000-0x3fd62fff]
[    0.126351] Zone ranges:
[    0.126561]   DMA      [mem 0x0000000000001000-0x0000000000ffffff]
[    0.126759]   DMA32    [mem 0x0000000001000000-0x000000003ffdffff]
[    0.126863]   Normal   empty
[    0.126976]   Device   empty
[    0.127074] Movable zone start for each node
[    0.127263] Early memory node ranges
[    0.127448]   node   0: [mem 0x0000000000001000-0x000000000009efff]
[    0.127970]   node   0: [mem 0x0000000000100000-0x000000003ffdffff]
[    0.128631] Initmem setup node 0 [mem 0x0000000000001000-0x000000003ffdffff]
[    0.131530] On node 0, zone DMA: 1 pages in unavailable ranges
[    0.132320] On node 0, zone DMA: 97 pages in unavailable ranges
[    0.164586] On node 0, zone DMA32: 32 pages in unavailable ranges
[    0.167135] ACPI: LAPIC_NMI (acpi_id[0xff] dfl dfl lint[0x1])
[    0.168255] IOAPIC[0]: apic_id 0, version 32, address 0xfec00000, GSI 0-23
[    0.168615] ACPI: INT_SRC_OVR (bus 0 bus_irq 0 global_irq 2 dfl dfl)
[    0.169416] ACPI: INT_SRC_OVR (bus 0 bus_irq 5 global_irq 5 high level)
[    0.169529] ACPI: INT_SRC_OVR (bus 0 bus_irq 9 global_irq 9 high level)
[    0.169819] ACPI: INT_SRC_OVR (bus 0 bus_irq 10 global_irq 10 high level)
[    0.169863] ACPI: INT_SRC_OVR (bus 0 bus_irq 11 global_irq 11 high level)
[    0.170452] Using ACPI (MADT) for SMP configuration information
[    0.170608] ACPI: HPET id: 0x8086a201 base: 0xfed00000
[    0.171500] smpboot: Allowing 2 CPUs, 0 hotplug CPUs
[    0.173669] [mem 0x40000000-0xfffbffff] available for PCI devices
[    0.173825] Booting paravirtualized kernel on bare hardware
[    0.175032] clocksource: refined-jiffies: mask: 0xffffffff max_cycles: 0xffffffff, max_idle_ns: 1910969940391419 ns
[    0.204543] setup_percpu: NR_CPUS:512 nr_cpumask_bits:512 nr_cpu_ids:2 nr_node_ids:1
[    0.219606] percpu: Embedded 63 pages/cpu s221184 r8192 d28672 u1048576
[    0.225560] Built 1 zonelists, mobility grouping on.  Total pages: 257897
[    0.225633] Policy zone: DMA32
[    0.226252] Kernel command line: console=ttyS0 rdinit=/init testvm_autorun=/binder_diag.sh nokaslr panic=-1
[    0.234547] Dentry cache hash table entries: 131072 (order: 8, 1048576 bytes, linear)
[    0.236895] Inode-cache hash table entries: 65536 (order: 7, 524288 bytes, linear)
[    0.241724] mem auto-init: stack:off, heap alloc:off, heap free:off
[    0.242752] AGP: Checking aperture...
[    0.246407] AGP: No AGP bridge found
[    0.279198] bad_dst_dbg page_alloc pcp_alloc page=ffffea0000120000 pfn=4800 mt=0 pcp_count=0 zone=DMA32 cpu=0
[    0.280142] bad_dst_dbg page_alloc pcp_alloc page=ffffea0000120040 pfn=4801 mt=0 pcp_count=0 zone=DMA32 cpu=0
[    0.280219] bad_dst_dbg page_alloc pcp_alloc page=ffffea0000120080 pfn=4802 mt=0 pcp_count=0 zone=DMA32 cpu=0
[    0.280276] bad_dst_dbg page_alloc pcp_alloc page=ffffea00001200c0 pfn=4803 mt=0 pcp_count=0 zone=DMA32 cpu=0
[    0.280329] bad_dst_dbg page_alloc pcp_alloc page=ffffea0000120100 pfn=4804 mt=0 pcp_count=0 zone=DMA32 cpu=0
[    0.280377] bad_dst_dbg page_alloc pcp_alloc page=ffffea0000120140 pfn=4805 mt=0 pcp_count=0 zone=DMA32 cpu=0
[    0.280423] bad_dst_dbg page_alloc pcp_alloc page=ffffea0000120180 pfn=4806 mt=0 pcp_count=0 zone=DMA32 cpu=0
[    0.280467] bad_dst_dbg page_alloc pcp_alloc page=ffffea00001201c0 pfn=4807 mt=0 pcp_count=0 zone=DMA32 cpu=0
[    0.280512] bad_dst_dbg page_alloc pcp_alloc page=ffffea0000120200 pfn=4808 mt=0 pcp_count=0 zone=DMA32 cpu=0
[    0.280556] bad_dst_dbg page_alloc pcp_alloc page=ffffea0000120240 pfn=4809 mt=0 pcp_count=0 zone=DMA32 cpu=0
[    0.281494] Memory: 208112K/1048056K available (18452K kernel code, 3390K rwdata, 15468K rodata, 1904K init, 4920K bss, 74424K reserved, 0K cma-reserved)
[    0.283456] random: get_random_u64 called from __kmem_cache_create+0x2a/0x4d0 with crng_init=0
[    0.298445] SLUB: HWalign=64, Order=0-3, MinObjects=0, CPUs=2, Nodes=1
[    0.302133] ftrace: allocating 57808 entries in 226 pages
[    0.560354] ftrace: allocated 226 pages with 4 groups
[    0.583730] rcu: Preemptible hierarchical RCU implementation.
[    0.583849] rcu: 	RCU restricting CPUs from NR_CPUS=512 to nr_cpu_ids=2.
[    0.584102] 	Trampoline variant of Tasks RCU enabled.
[    0.584136] 	Rude variant of Tasks RCU enabled.
[    0.584174] 	Tracing variant of Tasks RCU enabled.
[    0.584446] rcu: RCU calculated value of scheduler-enlistment delay is 100 jiffies.
[    0.584551] rcu: Adjusting geometry for rcu_fanout_leaf=16, nr_cpu_ids=2
[    0.661326] NR_IRQS: 33024, nr_irqs: 440, preallocated irqs: 16
[    0.701511] Console: colour VGA+ 80x25
[    0.739785] printk: console [ttyS0] enabled
[    0.744324] ACPI: Core revision 20200925
[    0.759753] clocksource: hpet: mask: 0xffffffff max_cycles: 0xffffffff, max_idle_ns: 19112604467 ns
[    0.772152] APIC: Switch to symmetric I/O mode setup
[    0.785273] ..TIMER: vector=0x30 apic1=0 pin1=2 apic2=-1 pin2=-1
[    0.792010] tsc: Marking TSC unstable due to TSCs unsynchronized
[    0.793093] Calibrating delay loop (skipped), value calculated using timer frequency.. 4607.99 BogoMIPS (lpj=2303999)
[    0.794837] pid_max: default: 32768 minimum: 301
[    0.797424] LSM: Security Framework initializing
[    0.800074] Yama: becoming mindful.
[    0.802354] LoadPin: ready to pin (currently enforcing)
[    0.807875] AppArmor: AppArmor initialized
[    0.808129] LSM support for eBPF active
[    0.809561] Mount-cache hash table entries: 2048 (order: 2, 16384 bytes, linear)
[    0.809800] Mountpoint-cache hash table entries: 2048 (order: 2, 16384 bytes, linear)
[    0.869524] process: using AMD E400 aware idle routine
[    0.870314] Last level iTLB entries: 4KB 512, 2MB 255, 4MB 127
[    0.870722] Last level dTLB entries: 4KB 512, 2MB 255, 4MB 127, 1GB 0
[    0.871371] Spectre V1 : Mitigation: usercopy/swapgs barriers and __user pointer sanitization
[    0.871962] Spectre V2 : Mitigation: Retpolines
[    0.872166] Spectre V2 : Spectre v2 / SpectreRSB mitigation: Filling RSB on context switch
[    0.881106] bad_dst_dbg page_alloc pcp_free page=ffffea00000fc8c0 pfn=3f23 mt=1 pcp_count=20 pcp_high=90 zone=DMA32 cpu=0
[    0.881798] bad_dst_dbg page_alloc pcp_free page=ffffea00000fc900 pfn=3f24 mt=1 pcp_count=21 pcp_high=90 zone=DMA32 cpu=0
[    0.882177] bad_dst_dbg page_alloc pcp_free page=ffffea00000fc940 pfn=3f25 mt=1 pcp_count=22 pcp_high=90 zone=DMA32 cpu=0
[    0.882524] bad_dst_dbg page_alloc pcp_free page=ffffea00000fc980 pfn=3f26 mt=1 pcp_count=23 pcp_high=90 zone=DMA32 cpu=0
[    0.882688] bad_dst_dbg page_alloc pcp_free page=ffffea00000fc9c0 pfn=3f27 mt=1 pcp_count=24 pcp_high=90 zone=DMA32 cpu=0
[    0.883036] bad_dst_dbg page_alloc pcp_free page=ffffea00000fca00 pfn=3f28 mt=1 pcp_count=25 pcp_high=90 zone=DMA32 cpu=0
[    0.883689] bad_dst_dbg page_alloc pcp_free page=ffffea00000fca40 pfn=3f29 mt=1 pcp_count=26 pcp_high=90 zone=DMA32 cpu=0
[    0.884018] bad_dst_dbg page_alloc pcp_free page=ffffea00000fca80 pfn=3f2a mt=1 pcp_count=27 pcp_high=90 zone=DMA32 cpu=0
[    0.884345] bad_dst_dbg page_alloc pcp_free page=ffffea00000fcac0 pfn=3f2b mt=1 pcp_count=28 pcp_high=90 zone=DMA32 cpu=0
[    0.884683] bad_dst_dbg page_alloc pcp_free page=ffffea00000fcb00 pfn=3f2c mt=1 pcp_count=29 pcp_high=90 zone=DMA32 cpu=0
[    0.885108] Freeing SMP alternatives memory: 60K
[    1.029018] random: fast init done
[    1.151648] smpboot: CPU0: AMD QEMU Virtual CPU version 2.5+ (family: 0xf, model: 0x6b, stepping: 0x1)
[    1.168409] Performance Events: PMU not available due to virtualization, using software events only.
[    1.174710] rcu: Hierarchical SRCU implementation.
[    1.195114] NMI watchdog: Perf NMI watchdog permanently disabled
[    1.206580] smp: Bringing up secondary CPUs ...
[    1.217140] x86: Booting SMP configuration:
[    1.217466] .... node  #0, CPUs:      #1
[    1.302237] smp: Brought up 1 node, 2 CPUs
[    1.302835] smpboot: Max logical packages: 1
[    1.303181] smpboot: Total of 2 processors activated (9228.24 BogoMIPS)
[    1.351826] node 0 deferred pages initialised in 29ms
[    1.374900] devtmpfs: initialized
[    1.385803] x86/mm: Memory block size: 128MB
[    1.407816] clocksource: jiffies: mask: 0xffffffff max_cycles: 0xffffffff, max_idle_ns: 1911260446275000 ns
[    1.409036] futex hash table entries: 512 (order: 3, 32768 bytes, linear)
[    1.422529] PM: RTC time: 08:16:54, date: 2026-05-26
[    1.444032] NET: Registered protocol family 16
[    1.454648] DMA: preallocated 128 KiB GFP_KERNEL pool for atomic allocations
[    1.455356] DMA: preallocated 128 KiB GFP_KERNEL|GFP_DMA pool for atomic allocations
[    1.455791] DMA: preallocated 128 KiB GFP_KERNEL|GFP_DMA32 pool for atomic allocations
[    1.457298] audit: initializing netlink subsys (disabled)
[    1.463522] audit: type=2000 audit(1779783413.688:1): state=initialized audit_enabled=0 res=1
[    1.470307] thermal_sys: Registered thermal governor 'step_wise'
[    1.470423] thermal_sys: Registered thermal governor 'user_space'
[    1.473854] cpuidle: using governor ladder
[    1.474792] cpuidle: using governor menu
[    1.479310] ACPI: bus type PCI registered
[    1.479921] acpiphp: ACPI Hot Plug PCI Controller Driver version: 0.5
[    1.485891] PCI: Using configuration type 1 for base access
[    1.492133] mtrr: your CPUs had inconsistent fixed MTRR settings
[    1.492461] mtrr: your CPUs had inconsistent variable MTRR settings
[    1.492711] mtrr: your CPUs had inconsistent MTRRdefType settings
[    1.492976] mtrr: probably your BIOS does not setup all CPUs.
[    1.493218] mtrr: corrected configuration.
[    1.552523] Kprobes globally optimized
[    1.562811] HugeTLB registered 2.00 MiB page size, pre-allocated 0 pages
[    1.592124] cryptd: max_cpu_qlen set to 1000
[    1.649850] raid6: sse2x4   gen()   603 MB/s
[    1.666771] raid6: sse2x4   xor()   366 MB/s
[    1.683709] raid6: sse2x2   gen()   675 MB/s
[    1.700686] raid6: sse2x2   xor()   368 MB/s
[    1.717739] raid6: sse2x1   gen()   628 MB/s
[    1.734711] raid6: sse2x1   xor()   338 MB/s
[    1.734999] raid6: using algorithm sse2x2 gen() 675 MB/s
[    1.735329] raid6: .... xor() 368 MB/s, rmw enabled
[    1.735869] raid6: using intx1 recovery algorithm
[    1.737787] ACPI: Added _OSI(Module Device)
[    1.738038] ACPI: Added _OSI(Processor Device)
[    1.738249] ACPI: Added _OSI(3.0 _SCP Extensions)
[    1.738400] ACPI: Added _OSI(Processor Aggregator Device)
[    1.738806] ACPI: Added _OSI(Linux-Dell-Video)
[    1.738984] ACPI: Added _OSI(Linux-Lenovo-NV-HDMI-Audio)
[    1.739232] ACPI: Added _OSI(Linux-HPI-Hybrid-Graphics)
[    1.783147] ACPI: 1 ACPI AML tables successfully acquired and loaded
[    1.824060] ACPI: Interpreter enabled
[    1.827065] ACPI: (supports S0 S3 S5)
[    1.827342] ACPI: Using IOAPIC for interrupt routing
[    1.828774] PCI: Using host bridge windows from ACPI; if necessary, use "pci=nocrs" and report a bug
[    1.832648] ACPI: Enabled 2 GPEs in block 00 to 0F
[    1.918648] ACPI: PCI Root Bridge [PCI0] (domain 0000 [bus 00-ff])
[    1.920535] acpi PNP0A03:00: _OSC: OS supports [ASPM ClockPM Segments MSI HPX-Type3]
[    1.922911] acpi PNP0A03:00: fail to add MMCONFIG information, can't access extended PCI configuration space under this bridge.
[    1.935115] acpiphp: Slot [3] registered
[    1.935822] acpiphp: Slot [4] registered
[    1.936274] acpiphp: Slot [5] registered
[    1.936883] acpiphp: Slot [6] registered
[    1.937361] acpiphp: Slot [7] registered
[    1.937837] acpiphp: Slot [8] registered
[    1.938401] acpiphp: Slot [9] registered
[    1.938928] acpiphp: Slot [10] registered
[    1.939413] acpiphp: Slot [11] registered
[    1.939938] acpiphp: Slot [12] registered
[    1.940483] acpiphp: Slot [13] registered
[    1.940937] acpiphp: Slot [14] registered
[    1.941389] acpiphp: Slot [15] registered
[    1.941959] acpiphp: Slot [16] registered
[    1.942455] acpiphp: Slot [17] registered
[    1.942976] acpiphp: Slot [18] registered
[    1.943491] acpiphp: Slot [19] registered
[    1.944058] acpiphp: Slot [20] registered
[    1.944477] acpiphp: Slot [21] registered
[    1.944936] acpiphp: Slot [22] registered
[    1.945414] acpiphp: Slot [23] registered
[    1.945936] acpiphp: Slot [24] registered
[    1.946386] acpiphp: Slot [25] registered
[    1.946938] acpiphp: Slot [26] registered
[    1.947521] acpiphp: Slot [27] registered
[    1.947921] acpiphp: Slot [28] registered
[    1.948392] acpiphp: Slot [29] registered
[    1.948921] acpiphp: Slot [30] registered
[    1.949459] acpiphp: Slot [31] registered
[    1.950483] PCI host bridge to bus 0000:00
[    1.951407] pci_bus 0000:00: root bus resource [io  0x0000-0x0cf7 window]
[    1.951740] pci_bus 0000:00: root bus resource [io  0x0d00-0xffff window]
[    1.952233] pci_bus 0000:00: root bus resource [mem 0x000a0000-0x000bffff window]
[    1.952478] pci_bus 0000:00: root bus resource [mem 0x40000000-0xfebfffff window]
[    1.952706] pci_bus 0000:00: root bus resource [mem 0x100000000-0x17fffffff window]
[    1.953727] pci_bus 0000:00: root bus resource [bus 00-ff]
[    1.957050] pci 0000:00:00.0: [8086:1237] type 00 class 0x060000
[    1.968981] pci 0000:00:01.0: [8086:7000] type 00 class 0x060100
[    1.971601] pci 0000:00:01.1: [8086:7010] type 00 class 0x010180
[    1.975803] pci 0000:00:01.1: reg 0x20: [io  0xc000-0xc00f]
[    1.977944] pci 0000:00:01.1: legacy IDE quirk: reg 0x10: [io  0x01f0-0x01f7]
[    1.978279] pci 0000:00:01.1: legacy IDE quirk: reg 0x14: [io  0x03f6]
[    1.978943] pci 0000:00:01.1: legacy IDE quirk: reg 0x18: [io  0x0170-0x0177]
[    1.979422] pci 0000:00:01.1: legacy IDE quirk: reg 0x1c: [io  0x0376]
[    1.982488] pci 0000:00:01.3: [8086:7113] type 00 class 0x068000
[    1.984032] pci 0000:00:01.3: quirk: [io  0x0600-0x063f] claimed by PIIX4 ACPI
[    1.984553] pci 0000:00:01.3: quirk: [io  0x0700-0x070f] claimed by PIIX4 SMB
[    1.986968] pci 0000:00:02.0: [1234:1111] type 00 class 0x030000
[    1.987648] pci 0000:00:02.0: reg 0x10: [mem 0xfd000000-0xfdffffff pref]
[    1.989648] pci 0000:00:02.0: reg 0x18: [mem 0xfebf0000-0xfebf0fff]
[    1.993648] pci 0000:00:02.0: reg 0x30: [mem 0xfebe0000-0xfebeffff pref]
[    2.007424] ACPI: PCI Interrupt Link [LNKA] (IRQs 5 *10 11)
[    2.009886] ACPI: PCI Interrupt Link [LNKB] (IRQs 5 *10 11)
[    2.011538] ACPI: PCI Interrupt Link [LNKC] (IRQs 5 10 *11)
[    2.013353] ACPI: PCI Interrupt Link [LNKD] (IRQs 5 10 *11)
[    2.014261] ACPI: PCI Interrupt Link [LNKS] (IRQs *9)
[    2.028030] iommu: Default domain type: Translated 
[    2.033104] SCSI subsystem initialized
[    2.039977] pps_core: LinuxPPS API ver. 1 registered
[    2.040335] pps_core: Software ver. 5.3.6 - Copyright 2005-2007 Rodolfo Giometti <giometti@linux.it>
[    2.040860] PTP clock support registered
[    2.069553] PCI: Using ACPI for IRQ routing
[    2.075781] hpet: 3 channels of 0 reserved for per-cpu timers
[    2.076845] hpet0: at MMIO 0xfed00000, IRQs 2, 8, 0
[    2.077337] hpet0: 3 comparators, 64-bit 100.000000 MHz counter
[    2.084154] clocksource: Switched to clocksource hpet
[    3.994296] VFS: Disk quotas dquot_6.6.0
[    3.995050] VFS: Dquot-cache hash table entries: 512 (order 0, 4096 bytes)
[    4.002844] FS-Cache: Loaded
[    4.013879] CacheFiles: Loaded
[    4.019690] AppArmor: AppArmor Filesystem Enabled
[    4.022903] pnp: PnP ACPI init
[    4.036448] pnp: PnP ACPI: found 6 devices
[    4.130267] NET: Registered protocol family 2
[    4.134261] IP idents hash table entries: 16384 (order: 5, 131072 bytes, linear)
[    4.163153] tcp_listen_portaddr_hash hash table entries: 512 (order: 1, 8192 bytes, linear)
[    4.163859] TCP established hash table entries: 8192 (order: 4, 65536 bytes, linear)
[    4.164549] TCP bind hash table entries: 8192 (order: 5, 131072 bytes, linear)
[    4.165870] TCP: Hash tables configured (established 8192 bind 8192)
[    4.176126] UDP hash table entries: 512 (order: 2, 16384 bytes, linear)
[    4.177410] UDP-Lite hash table entries: 512 (order: 2, 16384 bytes, linear)
[    4.183493] NET: Registered protocol family 1
[    4.194583] RPC: Registered named UNIX socket transport module.
[    4.195125] RPC: Registered udp transport module.
[    4.195336] RPC: Registered tcp transport module.
[    4.195504] RPC: Registered tcp NFSv4.1 backchannel transport module.
[    4.195937] NET: Registered protocol family 44
[    4.198506] pci_bus 0000:00: resource 4 [io  0x0000-0x0cf7 window]
[    4.198915] pci_bus 0000:00: resource 5 [io  0x0d00-0xffff window]
[    4.199155] pci_bus 0000:00: resource 6 [mem 0x000a0000-0x000bffff window]
[    4.199388] pci_bus 0000:00: resource 7 [mem 0x40000000-0xfebfffff window]
[    4.199614] pci_bus 0000:00: resource 8 [mem 0x100000000-0x17fffffff window]
[    4.201448] pci 0000:00:01.0: PIIX3: Enabling Passive Release
[    4.202005] pci 0000:00:00.0: Limiting direct PCI/PCI transfers
[    4.202457] pci 0000:00:01.0: Activating ISA DMA hang workarounds
[    4.203284] pci 0000:00:02.0: Video device with shadowed ROM at [mem 0x000c0000-0x000dffff]
[    4.203651] PCI: CLS 0 bytes, default 64
[    4.216115] Trying to unpack rootfs image as initramfs...
[    4.602994] Freeing initrd memory: 2548K
[    4.605692] kvm: no hardware support
[    4.610949] kvm: Nested Virtualization enabled
[    4.611857] SVM: kvm: Nested Paging disabled
[    4.626453] check: Scanning for low memory corruption every 60 seconds
[    4.638072] Initialise system trusted keyrings
[    4.644116] Key type blacklist registered
[    4.646549] workingset: timestamp_bits=40 max_order=18 bucket_order=0
[    4.689400] squashfs: version 4.0 (2009/01/31) Phillip Lougher
[    4.693968] FS-Cache: Netfs 'nfs' registered for caching
[    4.699378] NFS: Registering the id_resolver key type
[    4.700213] Key type id_resolver registered
[    4.700417] Key type id_legacy registered
[    4.701596] nfs4filelayout_init: NFSv4 File Layout Driver Registering...
[    4.703110] nfs4flexfilelayout_init: NFSv4 Flexfile Layout Driver Registering...
[    4.703414] Installing knfsd (copyright (C) 1996 okir@monad.swb.de).
[    4.719333] Key type cifs.spnego registered
[    4.720010] Key type cifs.idmap registered
[    4.720370] ntfs: driver 2.1.32 [Flags: R/O].
[    4.723939] fuse: init (API version 7.32)
[    4.728072] SGI XFS with ACLs, security attributes, quota, no debug enabled
[    4.741347] 9p: Installing v9fs 9p2000 file system support
[    4.746364] integrity: Platform Keyring initialized
[    4.794369] NET: Registered protocol family 38
[    4.795258] xor: measuring software checksum speed
[    4.816912]    prefetch64-sse  :   501 MB/sec
[    4.840954]    generic_sse     :   443 MB/sec
[    4.841303] xor: using function: prefetch64-sse (501 MB/sec)
[    4.841637] Key type asymmetric registered
[    4.842250] Asymmetric key parser 'x509' registered
[    4.843160] Block layer SCSI generic (bsg) driver version 0.4 loaded (major 248)
[    4.845137] io scheduler mq-deadline registered
[    4.845453] io scheduler kyber registered
[    4.847182] io scheduler bfq registered
[    4.858555] input: Power Button as /devices/LNXSYSTM:00/LNXPWRBN:00/input/input0
[    4.867515] bad_dst_dbg slub __slab_free_state cache=kmalloc-256 page=ffffea0000183cc0 pfn=60f3 head=ffff8880060f3800 cnt=1 prior=0000000000000000 old_inuse=16 new_inuse=15 was_frozen=1 new_frozen=1 objects=16 cpu=1
[    4.868696] bad_dst_dbg slub __slab_free_state cache=kmalloc-256 page=ffffea0000183cc0 pfn=60f3 head=ffff8880060f3600 cnt=1 prior=ffff8880060f3800 old_inuse=15 new_inuse=14 was_frozen=1 new_frozen=1 objects=16 cpu=1
[    4.869394] ACPI: Power Button [PWRF]
[    4.881372] Serial: 8250/16550 driver, 4 ports, IRQ sharing disabled
[    4.886419] 00:04: ttyS0 at I/O 0x3f8 (irq = 4, base_baud = 115200) is a 16550A
[    4.900029] Non-volatile memory driver v1.3
[    4.902111] AMD-Vi: AMD IOMMUv2 functionality not available on this system - This is not a bug.
[    4.990178] brd: module loaded
[    5.078228] loop: module loaded
[    5.082498] zram: Added device: zram0
[    5.083491] Guest personality initialized and is inactive
[    5.085353] VMCI host device registered (name=vmci, major=10, minor=62)
[    5.085623] Initialized host personality
[    5.087572] Loading iSCSI transport class v2.0-870.
[    5.093824] iscsi: registered transport (tcp)
[    5.094996] VMware PVSCSI driver - version 1.0.7.0-k
[    5.095654] hv_vmbus: registering driver hv_storvsc
[    5.130865] scsi host0: ata_piix
[    5.139202] scsi host1: ata_piix
[    5.140987] ata1: PATA max MWDMA2 cmd 0x1f0 ctl 0x3f6 bmdma 0xc000 irq 14
[    5.141337] ata2: PATA max MWDMA2 cmd 0x170 ctl 0x376 bmdma 0xc008 irq 15
[    5.161662] Rounding down aligned max_sectors from 4294967295 to 4294967288
[    5.165321] db_root: cannot open: /etc/target
[    5.212065] wireguard: WireGuard 1.0.0 loaded. See www.wireguard.com for information.
[    5.212429] wireguard: Copyright (C) 2015-2019 Jason A. Donenfeld <Jason@zx2c4.com>. All Rights Reserved.
[    5.223948] tun: Universal TUN/TAP device driver, 1.6
[    5.229036] ixgbevf: Intel(R) 10 Gigabit PCI Express Virtual Function Network Driver
[    5.229348] ixgbevf: Copyright (c) 2009 - 2018 Intel Corporation.
[    5.231159] PPP generic driver version 2.4.2
[    5.233131] VMware vmxnet3 virtual NIC driver - version 1.5.0.0-k-NAPI
[    5.233858] hv_vmbus: registering driver hv_netvsc
[    5.236093] VFIO - User Level meta-driver version: 0.3
[    5.242201] i8042: PNP: PS/2 Controller [PNP0303:KBD,PNP0f13:MOU] at 0x60,0x64 irq 1,12
[    5.251393] serio: i8042 KBD port at 0x60,0x64 irq 1
[    5.254155] serio: i8042 AUX port at 0x60,0x64 irq 12
[    5.256039] hv_vmbus: registering driver hyperv_keyboard
[    5.264372] rtc_cmos 00:05: RTC can wake from S4
[    5.266994] input: AT Translated Set 2 keyboard as /devices/platform/i8042/serio0/input/input1
[    5.274285] rtc_cmos 00:05: registered as rtc0
[    5.276209] rtc_cmos 00:05: alarms up to one day, y3k, 242 bytes nvram, hpet irqs
[    5.277179] iTCO_wdt: Intel TCO WatchDog Timer Driver v1.11
[    5.277586] iTCO_vendor_support: vendor-support=0
[    5.287298] device-mapper: ioctl: 4.43.0-ioctl (2020-10-01) initialised: dm-devel@redhat.com
[    5.294024] device-mapper: multipath round-robin: version 1.2.0 loaded
[    5.294418] device-mapper: multipath queue-length: version 0.2.0 loaded
[    5.294690] device-mapper: multipath service-time: version 0.3.0 loaded
[    5.295036] device-mapper: multipath historical-service-time: version 0.1.1 loaded
[    5.297291] device-mapper: raid: Loading target version 1.15.1
[    5.308273] hv_utils: Registering HyperV Utility Driver
[    5.308520] hv_vmbus: registering driver hv_utils
[    5.308840] hv_vmbus: registering driver hv_balloon
[    5.316362] GACT probability NOT on
[    5.317301] Mirror/redirect action on
[    5.320963] netem: version 1.3
[    5.321785] u32 classifier
[    5.321918]     input device check on
[    5.322067]     Actions configured
[    5.322494] ata2.00: ATAPI: QEMU DVD-ROM, 2.5+, max UDMA/100
[    5.327882] bad_dst_dbg slub __slab_free_state cache=kmalloc-256 page=ffffea00001900c0 pfn=6403 head=ffff888006403400 cnt=1 prior=0000000000000000 old_inuse=16 new_inuse=15 was_frozen=0 new_frozen=1 objects=16 cpu=0
[    5.328637] bad_dst_dbg slub put_cpu_partial cache=kmalloc-256 page=ffffea00001900c0 pfn=6403 drain=1 pages=1 pobjects=1 inuse=15 objects=16 cpu=0
[    5.347944] xt_time: kernel timezone is -0000
[    5.350064] bad_dst_dbg slub __slab_free_state cache=kmalloc-256 page=ffffea0000192880 pfn=64a2 head=ffff8880064a2400 cnt=6 prior=0000000000000000 old_inuse=16 new_inuse=10 was_frozen=0 new_frozen=1 objects=16 cpu=1
[    5.350635] bad_dst_dbg slub put_cpu_partial cache=kmalloc-256 page=ffffea0000192880 pfn=64a2 drain=1 pages=1 pobjects=6 inuse=10 objects=16 cpu=1
[    5.351303] bad_dst_dbg slub __slab_free_state cache=kmalloc-256 page=ffffea00001915c0 pfn=6457 head=ffff888006457c00 cnt=1 prior=0000000000000000 old_inuse=16 new_inuse=15 was_frozen=1 new_frozen=1 objects=16 cpu=1
[    5.352155] IPVS: Registered protocols (TCP, UDP, SCTP, AH, ESP)
[    5.352997] IPVS: Connection hash table configured (size=4096, memory=64Kbytes)
[    5.357006] IPVS: ipvs loaded.
[    5.357413] IPVS: [rr] scheduler registered.
[    5.357643] IPVS: [wrr] scheduler registered.
[    5.367258] bad_dst_dbg slub __slab_free_state cache=kmalloc-256 page=ffffea00001915c0 pfn=6457 head=ffff888006457100 cnt=1 prior=ffff888006457c00 old_inuse=15 new_inuse=14 was_frozen=1 new_frozen=1 objects=16 cpu=1
[    5.369701] IPVS: [lc] scheduler registered.
[    5.370191] IPVS: [wlc] scheduler registered.
[    5.370353] IPVS: [fo] scheduler registered.
[    5.370535] IPVS: [ovf] scheduler registered.
[    5.371223] IPVS: [lblc] scheduler registered.
[    5.371619] IPVS: [lblcr] scheduler registered.
[    5.372160] IPVS: [dh] scheduler registered.
[    5.372357] IPVS: [sh] scheduler registered.
[    5.372522] IPVS: [sed] scheduler registered.
[    5.373047] bad_dst_dbg slub __slab_free_state cache=kmalloc-256 page=ffffea0000192880 pfn=64a2 head=ffff8880064a2500 cnt=1 prior=ffff8880064a2400 old_inuse=10 new_inuse=9 was_frozen=1 new_frozen=1 objects=16 cpu=1
[    5.373812] IPVS: [nq] scheduler registered.
[    5.374020] scsi 1:0:0:0: CD-ROM            QEMU     QEMU DVD-ROM     2.5+ PQ: 0 ANSI: 5
[    5.375672] IPVS: ftp: loaded support on port[0] = 21
[    5.376226] IPVS: [sip] pe registered.
[    5.377250] ipip: IPv4 and MPLS over IPv4 tunneling driver
[    5.379106] bad_dst_dbg slub __slab_free_state cache=kmalloc-256 page=ffffea00001915c0 pfn=6457 head=ffff888006457f00 cnt=1 prior=ffff888006457100 old_inuse=14 new_inuse=13 was_frozen=1 new_frozen=1 objects=16 cpu=1
[    5.380701] bad_dst_dbg slub __slab_free_state cache=kmalloc-256 page=ffffea00001915c0 pfn=6457 head=ffff888006457400 cnt=1 prior=ffff888006457f00 old_inuse=13 new_inuse=12 was_frozen=1 new_frozen=1 objects=16 cpu=1
[    5.382313] bad_dst_dbg slub __slab_free_state cache=kmalloc-256 page=ffffea00001915c0 pfn=6457 head=ffff888006457500 cnt=1 prior=ffff888006457400 old_inuse=12 new_inuse=11 was_frozen=1 new_frozen=1 objects=16 cpu=1
[    5.387230] gre: GRE over IPv4 demultiplexor driver
[    5.387499] ip_gre: GRE over IPv4 tunneling driver
[    5.411266] ipt_CLUSTERIP: ClusterIP Version 0.8 loaded successfully
[    5.417135] Initializing XFRM netlink socket
[    5.417531] sr 1:0:0:0: [sr0] scsi3-mmc drive: 4x/4x cd/rw xa/form2 tray
[    5.418203] IPsec XFRM device driver
[    5.419135] cdrom: Uniform CD-ROM driver Revision: 3.20
[    5.422865] NET: Registered protocol family 10
[    5.450041] Segment Routing with IPv6
[    5.474913] bad_dst_dbg slub put_cpu_partial cache=kmalloc-256 page=ffffea00001915c0 pfn=6457 drain=1 pages=1 pobjects=1 inuse=15 objects=16 cpu=0
[    5.481804] ip6_gre: GRE over IPv6 tunneling driver
[    5.486715] NET: Registered protocol family 17
[    5.488089] NET: Registered protocol family 15
[    5.491224] Bridge firewalling registered
[    5.498667] RPC: Registered rdma transport module.
[    5.499076] RPC: Registered rdma backchannel transport module.
[    5.501119] 8021q: 802.1Q VLAN Support v1.8
[    5.504585] 9pnet: Installing 9P2000 support
[    5.505667] Key type dns_resolver registered
[    5.508004] NET: Registered protocol family 40
[    5.516149] IPI shorthand broadcast: enabled
[    5.518876] registered taskstats version 1
[    5.519349] Loading compiled-in X.509 certificates
[    5.578466] bad_dst_dbg slub put_cpu_partial cache=kmalloc-256 page=ffffea0000196400 pfn=6590 drain=1 pages=1 pobjects=1 inuse=15 objects=16 cpu=1
[    5.581097] Loaded X.509 cert 'Build time autogenerated kernel key: 4504323df522a808911f4e0c6cd5fa52b82306a3'
[    5.585608] AppArmor: AppArmor sha1 policy hashing enabled
[    5.587664] ima: No TPM chip found, activating TPM-bypass!
[    5.588444] ima: Allocated hash algorithm: sha256
[    5.595394] ima: No architecture policies found
[    5.605203] PM:   Magic number: 10:514:271
[    5.610080] Unstable clock detected, switching default tracing clock to "global"
[    5.610080] If you want to keep using the local clock, then add:
[    5.610080]   "trace_clock=local"
[    5.610080] on the kernel command line
[    5.627044] integrity: Unable to open file: /etc/ima/pubkey.x509 (-2)
[    5.656376] Freeing unused decrypted memory: 2036K
[    5.835540] Freeing unused kernel image (initmem) memory: 1904K
[    5.836534] Write protecting the kernel read-only data: 36864k
[    5.837779] rmqueue_pcplist: 4918 callbacks suppressed
[    5.837779] bad_dst_dbg page_alloc pcp_alloc page=ffffea000019aa40 pfn=66a9 mt=0 pcp_count=436 zone=DMA32 cpu=1
[    5.842493] bad_dst_dbg page_alloc pcp_alloc page=ffffea000019a200 pfn=6688 mt=0 pcp_count=435 zone=DMA32 cpu=1
[    5.848503] Freeing unused kernel image (text/rodata gap) memory: 2024K
[    5.849076] bad_dst_dbg page_alloc pcp_alloc page=ffffea000019a240 pfn=6689 mt=0 pcp_count=436 zone=DMA32 cpu=1
[    5.849718] bad_dst_dbg page_alloc pcp_alloc page=ffffea0000121280 pfn=484a mt=0 pcp_count=435 zone=DMA32 cpu=1
[    5.853209] Freeing unused kernel image (rodata/data gap) memory: 916K
[    5.854297] Run /init as init process
[    5.855985] bad_dst_dbg page_alloc pcp_alloc page=ffffea00001212c0 pfn=484b mt=0 pcp_count=411 zone=DMA32 cpu=1
[    5.860309] bad_dst_dbg page_alloc pcp_alloc page=ffffea000019ab00 pfn=66ac mt=0 pcp_count=410 zone=DMA32 cpu=1
[    5.861127] bad_dst_dbg page_alloc pcp_alloc page=ffffea000019ab40 pfn=66ad mt=0 pcp_count=409 zone=DMA32 cpu=1
[    5.862135] bad_dst_dbg page_alloc pcp_alloc page=ffffea000019ab80 pfn=66ae mt=0 pcp_count=408 zone=DMA32 cpu=1
[    5.862878] bad_dst_dbg page_alloc pcp_alloc page=ffffea000019abc0 pfn=66af mt=0 pcp_count=407 zone=DMA32 cpu=1
[    5.863506] bad_dst_dbg page_alloc pcp_alloc page=ffffea000019a000 pfn=6680 mt=0 pcp_count=406 zone=DMA32 cpu=1
[    5.897505] free_unref_page_commit: 2674 callbacks suppressed
[    5.897557] bad_dst_dbg page_alloc pcp_free page=ffffea000019ab40 pfn=66ad mt=0 pcp_count=404 pcp_high=378 zone=DMA32 cpu=1
[    5.897706] bad_dst_dbg page_alloc pcp_free page=ffffea000019ab80 pfn=66ae mt=0 pcp_count=342 pcp_high=378 zone=DMA32 cpu=1
[    6.061406] bad_dst_dbg page_alloc pcp_free page=ffffea000019a8c0 pfn=66a3 mt=0 pcp_count=69 pcp_high=378 zone=DMA32 cpu=0
[    6.061730] bad_dst_dbg page_alloc pcp_free page=ffffea000019a900 pfn=66a4 mt=0 pcp_count=70 pcp_high=378 zone=DMA32 cpu=0
[    6.061730] bad_dst_dbg page_alloc pcp_free page=ffffea000019a940 pfn=66a5 mt=0 pcp_count=71 pcp_high=378 zone=DMA32 cpu=0
[    6.061730] bad_dst_dbg page_alloc pcp_free page=ffffea000019a1c0 pfn=6687 mt=0 pcp_count=72 pcp_high=378 zone=DMA32 cpu=0
[    6.061730] bad_dst_dbg page_alloc pcp_free page=ffffea000019a800 pfn=66a0 mt=0 pcp_count=73 pcp_high=378 zone=DMA32 cpu=0
[    6.061730] bad_dst_dbg page_alloc pcp_free page=ffffea000019a880 pfn=66a2 mt=0 pcp_count=74 pcp_high=378 zone=DMA32 cpu=0
[    6.061730] bad_dst_dbg page_alloc pcp_free page=ffffea000019a840 pfn=66a1 mt=0 pcp_count=75 pcp_high=378 zone=DMA32 cpu=0
[    6.061730] bad_dst_dbg page_alloc pcp_free page=ffffea0000197cc0 pfn=65f3 mt=0 pcp_count=76 pcp_high=378 zone=DMA32 cpu=0
testvm busybox initrd ready
+ echo '== uname =='
== uname ==
+ uname -a
Linux localhost 5.10.107+ #1 SMP PREEMPT Tue May 26 07:46:52 UTC 2026 x86_64 GNU/Linux
+ echo '== /dev binder nodes =='
== /dev binder nodes ==
+ ls -l /dev/binder /dev/hwbinder /dev/vndbinder /dev/binderfs
ls: /dev/binder: No such file or directory
ls: /dev/hwbinder: No such file or directory
ls: /dev/vndbinder: No such file or directory
ls: /dev/binderfs: No such file or directory
+ true
+ echo '== filesystems containing binder =='
== filesystems containing binder ==
+ grep binder
+ cat /proc/filesystems
nodev	binder
+ echo '== misc devices =='
== misc devices ==
+ cat /proc/misc
+ grep binder
+ true
+ echo '== try binderfs =='
== try binderfs ==
+ mkdir -p /dev/binderfs
+ mount -t binder binder /dev/binderfs
+ ls -l /dev/binderfs
total 0
crw-------    1 0        0         242,   1 May 26 08:16 [1;35mbinder[m
crw-------    1 0        0         242,   0 May 26 08:16 [1;35mbinder-control[m
crw-------    1 0        0         242,   2 May 26 08:16 [1;35mhwbinder[m
crw-------    1 0        0         242,   3 May 26 08:16 [1;35mvndbinder[m
+ cat /proc/misc
+ grep binder
+ true
+ echo '== done =='
== done ==
testvm autorun exited with status 0
/bin/sh: can't access tty; job control turned off
~ # qemu-system-x86_64: terminating on signal 15 from pid 272735 (timeout)
